Commit: ac5ce3effde5dec1922a0476f389f7d8b9fd059a
Compiler: IntelLLVM version 2024.0.2
Compiler flags: -O3 -fp-model=precise -fiopenmp
time input_parsing: 0.066011 s
Time to generate feat space: 7947.46 s
Projection time: 0.247169 s
Time to get best features on rank : 0.00066185 s
|---Complete final combination/selection from all ranks: 0.0218699 s
Time for SIS: 0.330192 s
Time for l0-norm: 0.0191119 s
Projection time: 0.267005 s
Time to get best features on rank : 0.000124216 s
|---Complete final combination/selection from all ranks: 0.0171251 s
Time for SIS: 0.338373 s
Time for l0-norm: 0.00824285 s
Projection time: 0.267618 s
Time to get best features on rank : 0.000123024 s
|---Complete final combination/selection from all ranks: 0.0159409 s
Time for SIS: 0.338337 s
Time for l0-norm: 0.00758505 s
Projection time: 0.268513 s
Time to get best features on rank : 0.000121117 s
|---Complete final combination/selection from all ranks: 0.015367 s
Time for SIS: 0.338818 s
Time for l0-norm: 0.167936 s
Projection time: 0.268325 s
Time to get best features on rank : 0.000117064 s
|---Complete final combination/selection from all ranks: 0.015626 s
Time for SIS: 0.339303 s
Time for l0-norm: 13.2328 s
Train RMSE: 3.36755 K; Test RMSE: 11.0065 K
c0 + a0 * ((((wtd_mean_at_rad+7.270566e-01) / (mean_at_mass-1.747472e+01))+3.220856e-02) * (((wtd_range_at_rad-4.572924e-01) / (L_avg-5.151502e+00))-1.011265e-01))

Train RMSE: 2.27369 K; Test RMSE: 1.85764 K
c0 + a0 * (((range_ThermalCond+2.295140e+01) / (lambda3-4.879962e-02)) + 9.392280e+04*((wtd_mean_EA-7.074708e-01) / (wtd_mean_at_mass-9.960019e+01))) + a1 * ((((lambda-7.201936e+00) / (wtd_mean_IP-3.983981e+00))+1.639838e+00) * (((wtd_std_at_mass-3.385007e+01) / (density-2.692148e+00))+1.102547e+01))

Train RMSE: 1.57229 K; Test RMSE: 7.12691 K
c0 + a0 * ((((std_PE+2.270020e-02) * (wtd_std_PE-1.615053e-01))+9.633309e-02) * (((std_EA-4.183801e-01) / (wtd_mean_EA-1.031947e+00))-1.242197e-01)) + a1 * (((wtd_std_ThermalCond-4.256397e+01) / (mean_IP-7.034393e+00)) + 1.752440e+00*((std_EA+3.492478e-01) / (lambda3-4.748189e-02))) + a2 * ((((lambda-7.201936e+00) / (wtd_mean_IP-3.983981e+00))+1.639838e+00) * (((wtd_std_at_mass-3.385007e+01) / (density-2.692148e+00))+1.102547e+01))

Train RMSE: 1.16169 K; Test RMSE: 7.48976 K
c0 + a0 * ((((wtd_std_at_mass+4.845377e+00) * (wtd_range_ThermalCond-1.103319e+01))+1.455134e+02) * (|wtd_range_EA - (3.353896e+00*std_IP-5.180837e+00)|-1.193420e-02)) + a1 * ((((wtd_std_PE-1.402491e-01) * (std_PE-6.788606e-03))+9.086691e-02) * (((std_EA-4.184785e-01) / (wtd_mean_EA-1.031883e+00))-1.229634e-01)) + a2 * (((wtd_std_ThermalCond-4.256397e+01) / (mean_IP-7.034393e+00)) + 1.752440e+00*((std_EA+3.492478e-01) / (lambda3-4.748189e-02))) + a3 * ((((lambda-7.201936e+00) / (wtd_mean_IP-3.983981e+00))+1.639838e+00) * (((wtd_std_at_mass-3.385007e+01) / (density-2.692148e+00))+1.102547e+01))

Train RMSE: 0.932537 K; Test RMSE: 7.6914 K
c0 + a0 * ((wtd_range_at_rad^3) / (wtd_mean_EA - wtd_std_IP)) + a1 * ((((wtd_std_at_mass+4.845377e+00) * (wtd_range_ThermalCond-1.103319e+01))+1.455134e+02) * (|wtd_range_EA - (3.353896e+00*std_IP-5.180837e+00)|-1.193420e-02)) + a2 * ((((wtd_std_PE-1.402491e-01) * (std_PE-6.788606e-03))+9.086691e-02) * (((std_EA-4.184785e-01) / (wtd_mean_EA-1.031883e+00))-1.229634e-01)) + a3 * (((wtd_std_ThermalCond-4.256397e+01) / (mean_IP-7.034393e+00)) + 1.752440e+00*((std_EA+3.492478e-01) / (lambda3-4.748189e-02))) + a4 * ((((lambda-7.201936e+00) / (wtd_mean_IP-3.983981e+00))+1.639838e+00) * (((wtd_std_at_mass-3.385007e+01) / (density-2.692148e+00))+1.102547e+01))

