Commit: ac5ce3effde5dec1922a0476f389f7d8b9fd059a
Compiler: IntelLLVM version 2024.0.2
Compiler flags: -O3 -fp-model=precise -fiopenmp
time input_parsing: 0.0490458 s
Time to generate feat space: 1.39323 s
Projection time: 0.149429 s
Time to get best features on rank : 0.000193834 s
|---Complete final combination/selection from all ranks: 0.012361 s
Time for SIS: 0.169149 s
Time for l0-norm: 0.0282769 s
Projection time: 0.00188708 s
Time to get best features on rank : 0.000282049 s
|---Complete final combination/selection from all ranks: 0.0532579 s
Time for SIS: 0.0564651 s
Time for l0-norm: 0.01144 s
Projection time: 0.00410509 s
Time to get best features on rank : 4.79221e-05 s
|---Complete final combination/selection from all ranks: 0.00834084 s
Time for SIS: 0.013593 s
Time for l0-norm: 0.00658488 s
Projection time: 0.00447011 s
Time to get best features on rank : 4.69685e-05 s
|---Complete final combination/selection from all ranks: 0.00858808 s
Time for SIS: 0.0142238 s
Time for l0-norm: 0.161576 s
Projection time: 0.00215101 s
Time to get best features on rank : 0.00105119 s
|---Complete final combination/selection from all ranks: 0.00874591 s
Time for SIS: 0.013123 s
Time for l0-norm: 12.9424 s
Train RMSE: 5.0951 K; Test RMSE: 4.52309 K
c0 + a0 * (lambda * w_log)

Train RMSE: 3.94976 K; Test RMSE: 3.83266 K
c0 + a0 * ln(lambda) + a1 * (w_log / mean_at_mass)

Train RMSE: 3.6368 K; Test RMSE: 3.97889 K
c0 + a0 * (wtd_mean_EA * wtd_range_at_mass) + a1 * cbrt(lambda) + a2 * (w_log / wtd_mean_at_mass)

Train RMSE: 3.26829 K; Test RMSE: 3.73116 K
c0 + a0 * (range_at_rad * wtd_mean_at_mass) + a1 * (|std_EA - wtd_mean_EA|) + a2 * cbrt(lambda) + a3 * (w_log / wtd_mean_at_mass)

Train RMSE: 2.98348 K; Test RMSE: 3.11906 K
c0 + a0 * (range_at_rad * density) + a1 * (|std_EA - wtd_mean_EA|) + a2 * (std_at_rad - (4.716188e-01*range_at_rad)) + a3 * cbrt(lambda) + a4 * (w_log / wtd_mean_at_mass)

