Commit: ac5ce3effde5dec1922a0476f389f7d8b9fd059a
Compiler: IntelLLVM version 2024.0.2
Compiler flags: -O3 -fp-model=precise -fiopenmp
time input_parsing: 0.0606949 s
Time to generate feat space: 1.07625 s
Projection time: 0.786475 s
Time to get best features on rank : 0.000982046 s
|---Complete final combination/selection from all ranks: 0.0116959 s
Time for SIS: 0.803929 s
Time for l0-norm: 0.035007 s
Projection time: 0.00656891 s
Time to get best features on rank : 5.19753e-05 s
|---Complete final combination/selection from all ranks: 0.00873208 s
Time for SIS: 0.0167692 s
Time for l0-norm: 0.00923777 s
Projection time: 0.00610685 s
Time to get best features on rank : 4.79221e-05 s
|---Complete final combination/selection from all ranks: 0.041429 s
Time for SIS: 0.0486219 s
Time for l0-norm: 0.00795913 s
Projection time: 0.00140595 s
Time to get best features on rank : 7.10487e-05 s
|---Complete final combination/selection from all ranks: 0.00762606 s
Time for SIS: 0.010051 s
Time for l0-norm: 0.163899 s
Projection time: 0.00140905 s
Time to get best features on rank : 0.000151873 s
|---Complete final combination/selection from all ranks: 0.00859094 s
Time for SIS: 0.012079 s
Time for l0-norm: 13.1769 s
Train RMSE: 5.02804 K
c0 + a0 * (lambda * w_log)

Train RMSE: 3.91922 K
c0 + a0 * ln(lambda) + a1 * (w_log / mean_at_mass)

Train RMSE: 3.64837 K
c0 + a0 * (wtd_mean_EA * wtd_range_at_mass) + a1 * cbrt(lambda) + a2 * (w_log / wtd_mean_at_mass)

Train RMSE: 3.29792 K
c0 + a0 * (range_at_rad * wtd_mean_at_mass) + a1 * (|std_EA - wtd_mean_EA|) + a2 * cbrt(lambda) + a3 * (w_log / wtd_mean_at_mass)

Train RMSE: 3.01882 K
c0 + a0 * (|std_EA - wtd_mean_EA|) + a1 * (range_at_rad * density) + a2 * (std_at_rad * density) + a3 * cbrt(lambda) + a4 * (w_log / wtd_mean_at_mass)

