Commit: ac5ce3effde5dec1922a0476f389f7d8b9fd059a
Compiler: IntelLLVM version 2024.0.2
Compiler flags: -O3 -fp-model=precise -fiopenmp
time input_parsing: 0.060111 s

Intel MKL ERROR: Parameter 5 was incorrect on entry to DGELS.

Intel MKL ERROR: Parameter 5 was incorrect on entry to DGELS.

Intel MKL ERROR: Parameter 5 was incorrect on entry to DGELS.

Intel MKL ERROR: Parameter 5 was incorrect on entry to DGELS.
Time to generate feat space: 13494.6 s
Projection time: 0.415037 s
Time to get best features on rank : 0.00128007 s
|---Complete final combination/selection from all ranks: 0.061626 s
Time for SIS: 0.580847 s
Time for l0-norm: 0.01774 s
Projection time: 0.460288 s
Time to get best features on rank : 0.00135493 s
|---Complete final combination/selection from all ranks: 0.0118599 s
Time for SIS: 0.57139 s
Time for l0-norm: 0.00944209 s
Projection time: 0.464226 s
Time to get best features on rank : 0.00149918 s
|---Complete final combination/selection from all ranks: 0.00936103 s
Time for SIS: 0.572925 s
Time for l0-norm: 0.00603509 s
Projection time: 0.465235 s
Time to get best features on rank : 0.00182199 s
|---Complete final combination/selection from all ranks: 0.0102341 s
Time for SIS: 0.575792 s
Time for l0-norm: 0.0156231 s
Projection time: 0.460255 s
Time to get best features on rank : 0.00168705 s
|---Complete final combination/selection from all ranks: 0.00867891 s
Time for SIS: 0.569716 s
Time for l0-norm: 0.400022 s
Train RMSE: 3.41886 K; Test RMSE: 5.26437 K
c0 + a0 * ((((std_EA+6.168401e-01) * (mean_IP-8.352492e+00))+2.779632e+00) * (((lambda-2.346256e-01) / (mean_at_mass-1.448730e+01))+1.698267e-02))

Train RMSE: 2.38375 K; Test RMSE: 7.89607 K
c0 + a0 * (((wtd_range_at_mass-5.637284e+01) / (wtd_mean_IP-8.355256e+00)) + 6.217082e-03*((mean_EA+8.613590e+04) / (wtd_mean_at_mass-1.000265e+02))) + a1 * ((((wtd_mean_IP-5.797014e+00) / (mean_at_mass-1.253521e+01))-1.063496e-05) * (((wtd_range_PE+2.225073e-01) * (lambda-6.461438e-01))+6.257678e-01))

Train RMSE: 1.62746 K; Test RMSE: 3.81662 K
c0 + a0 * ((((mean_EA-1.606239e-01) * (std_at_rad+1.515803e-02))-2.048394e-01) * (((mean_ThermalCond-1.054327e+02) / (wtd_mean_at_rad-8.664463e-01))+1.766652e+02)) + a1 * (((lambda4w_low+5.644151e+00) / (lambda3-4.776380e-02)) + 3.128977e+04*((wtd_mean_IP-7.092596e+00) / (lambda3-2.469087e+01))) + a2 * ((((wtd_range_at_mass-2.463768e+01) / (lambda-7.045328e-01))+8.449652e+01) * ((range_IP - (5.442407e+00*lambda))-1.911268e+00))

Train RMSE: 1.31621 K; Test RMSE: 3.41258 K
c0 + a0 * (((wtd_std_at_mass-8.506081e+01) / (wtd_mean_at_rad-1.210119e+00)) - (8.483243e+00*((mean_ThermalCond+1.056589e+01) * (mean_IP-5.380258e+00)))) + a1 * ((((mean_ThermalCond-1.051524e+02) / (wtd_mean_at_rad-8.715067e-01))+1.786943e+02) * (((std_at_rad+1.052412e-02) * (mean_EA-1.679483e-01))-2.000511e-01)) + a2 * (((lambda4w_low+5.644151e+00) / (lambda3-4.776380e-02)) + 3.128977e+04*((wtd_mean_IP-7.092596e+00) / (lambda3-2.469087e+01))) + a3 * ((((wtd_range_at_mass-2.463768e+01) / (lambda-7.045328e-01))+8.449652e+01) * ((range_IP - (5.442407e+00*lambda))-1.911268e+00))

Train RMSE: 1.09388 K; Test RMSE: 1.52012 K
c0 + a0 * ((wtd_range_EA * wtd_mean_at_mass) / (mean_at_rad + 3.563788e-01*wtd_range_at_mass)) + a1 * (((bulk_mod+1.465109e+02) / (mean_IP-1.028114e+01)) - (8.414365e+00*((range_IP-1.422305e+00) * (range_at_mass-1.344305e+02)))) + a2 * (((range_PE - (3.366190e+00*std_at_rad))-2.048763e-01) * (|std_EA - (-3.400439e+00*wtd_mean_EA+1.858868e+00)|-3.069836e-01)) + a3 * (((lambda4w_low+5.644151e+00) / (lambda3-4.776380e-02)) + 3.128977e+04*((wtd_mean_IP-7.092596e+00) / (lambda3-2.469087e+01))) + a4 * ((((wtd_range_at_mass-2.463768e+01) / (lambda-7.045328e-01))+8.449652e+01) * ((range_IP - (5.442407e+00*lambda))-1.911268e+00))

