Commit: ac5ce3effde5dec1922a0476f389f7d8b9fd059a
Compiler: IntelLLVM version 2024.0.2
Compiler flags: -O3 -fp-model=precise -fiopenmp
time input_parsing: 0.0667052 s
Time to generate feat space: 7771.58 s
Projection time: 0.240817 s
Time to get best features on rank : 0.00322819 s
|---Complete final combination/selection from all ranks: 0.0206671 s
Time for SIS: 0.317261 s
Time for l0-norm: 0.0187769 s
Projection time: 0.264431 s
Time to get best features on rank : 0.00225806 s
|---Complete final combination/selection from all ranks: 0.016422 s
Time for SIS: 0.330949 s
Time for l0-norm: 0.00845194 s
Projection time: 0.26468 s
Time to get best features on rank : 0.00280881 s
|---Complete final combination/selection from all ranks: 0.0172732 s
Time for SIS: 0.333015 s
Time for l0-norm: 0.00675988 s
Projection time: 0.266929 s
Time to get best features on rank : 0.00292802 s
|---Complete final combination/selection from all ranks: 0.016124 s
Time for SIS: 0.334958 s
Time for l0-norm: 0.168298 s
Projection time: 0.263742 s
Time to get best features on rank : 0.00204611 s
|---Complete final combination/selection from all ranks: 0.0168951 s
Time for SIS: 0.331822 s
Time for l0-norm: 13.3143 s
Train RMSE: 3.39406 K; Test RMSE: 2.58394 K
c0 + a0 * (((wtd_mean_IP+3.059111e+00) * (lambda+9.054718e+00)) - (1.055738e+00*((lambda-9.654979e-02) / (mean_at_rad-1.129108e+00))))

Train RMSE: 2.24148 K; Test RMSE: 4.72343 K
c0 + a0 * (((range_at_rad+7.849685e+00) / (lambda3-4.787876e-02)) - (6.255647e+02*((wtd_mean_EA-6.997190e-01) / (mean_IP-7.035498e+00)))) + a1 * ((((wtd_mean_IP-1.535692e+00) * (lambda+5.954285e+00))-4.516055e+01) * (((wtd_mean_ThermalCond-1.115931e+02) / (density-2.653867e+00))+4.177159e+01))

Train RMSE: 1.5652 K; Test RMSE: 2.35401 K
c0 + a0 * (((wtd_mean_at_rad+7.841458e+01) / (lambda-1.482323e+00)) - (4.961608e+01*((mean_ThermalCond-6.919237e+01) / (wtd_mean_IP-8.895880e+00)))) + a1 * (((range_at_rad+7.849685e+00) / (lambda3-4.787876e-02)) - (6.255647e+02*((wtd_mean_EA-6.997190e-01) / (mean_IP-7.035498e+00)))) + a2 * (((wtd_mean_IP+3.059111e+00) * (lambda+9.054718e+00)) - (1.055738e+00*((lambda-9.654979e-02) / (mean_at_rad-1.129108e+00))))

Train RMSE: 1.20195 K; Test RMSE: 3.01083 K
c0 + a0 * (((std_ThermalCond+3.773393e+01) / (lambda3-6.350463e-01)) - (4.946418e+02*(sin(-1.164107e+01*mean_PE-7.130774e-01)))) + a1 * (((wtd_mean_at_rad+7.841458e+01) / (lambda-1.482323e+00)) - (4.961608e+01*((mean_ThermalCond-6.919237e+01) / (wtd_mean_IP-8.895880e+00)))) + a2 * (((range_at_rad+7.849685e+00) / (lambda3-4.787876e-02)) - (6.255647e+02*((wtd_mean_EA-6.997190e-01) / (mean_IP-7.035498e+00)))) + a3 * (((wtd_mean_IP+3.059111e+00) * (lambda+9.054718e+00)) - (1.055738e+00*((lambda-9.654979e-02) / (mean_at_rad-1.129108e+00))))

Train RMSE: 0.935705 K; Test RMSE: 1.82135 K
c0 + a0 * (((density+9.534373e+01) * (wtd_range_at_rad-1.561069e+00)) - (1.367267e+04*((wtd_std_at_rad-1.209623e-01) / (w_log-6.614943e+01)))) + a1 * (((wtd_mean_at_rad+7.841458e+01) / (lambda-1.482323e+00)) - (4.961608e+01*((mean_ThermalCond-6.919237e+01) / (wtd_mean_IP-8.895880e+00)))) + a2 * ((((std_at_rad-4.741541e-01) / (wtd_mean_at_rad-1.152708e+00))-8.935472e-01) * (|wtd_std_at_mass - (1.595899e+00*range_at_mass-3.595454e+01)|+6.809636e+00)) + a3 * (((range_at_rad+7.849685e+00) / (lambda3-4.787876e-02)) - (6.255647e+02*((wtd_mean_EA-6.997190e-01) / (mean_IP-7.035498e+00)))) + a4 * (((wtd_mean_IP+3.059111e+00) * (lambda+9.054718e+00)) - (1.055738e+00*((lambda-9.654979e-02) / (mean_at_rad-1.129108e+00))))

