Commit: ac5ce3effde5dec1922a0476f389f7d8b9fd059a
Compiler: IntelLLVM version 2024.0.2
Compiler flags: -O3 -fp-model=precise -fiopenmp
time input_parsing: 0.0519772 s
Time to generate feat space: 1.11354 s
Projection time: 0.148176 s
Time to get best features on rank : 0.00103784 s
|---Complete final combination/selection from all ranks: 0.0131531 s
Time for SIS: 0.168469 s
Time for l0-norm: 0.0271091 s
Projection time: 0.00160408 s
Time to get best features on rank : 5.29289e-05 s
|---Complete final combination/selection from all ranks: 0.00872588 s
Time for SIS: 0.0115612 s
Time for l0-norm: 0.00531888 s
Projection time: 0.0044558 s
Time to get best features on rank : 4.60148e-05 s
|---Complete final combination/selection from all ranks: 0.0426011 s
Time for SIS: 0.0481651 s
Time for l0-norm: 0.00669289 s
Projection time: 0.00452805 s
Time to get best features on rank : 4.60148e-05 s
|---Complete final combination/selection from all ranks: 0.00760889 s
Time for SIS: 0.0131562 s
Time for l0-norm: 0.161627 s
Projection time: 0.0056181 s
Time to get best features on rank : 5.10216e-05 s
|---Complete final combination/selection from all ranks: 0.00831604 s
Time for SIS: 0.0150909 s
Time for l0-norm: 13.0579 s
Train RMSE: 5.12072 K; Test RMSE: 4.35138 K
c0 + a0 * (lambda * w_log)

Train RMSE: 3.97692 K; Test RMSE: 3.40801 K
c0 + a0 * ln(lambda) + a1 * (w_log / mean_at_mass)

Train RMSE: 3.71539 K; Test RMSE: 3.02979 K
c0 + a0 * (wtd_mean_EA * wtd_range_at_mass) + a1 * cbrt(lambda) + a2 * (w_log / wtd_mean_at_mass)

Train RMSE: 3.36918 K; Test RMSE: 2.9322 K
c0 + a0 * (|std_EA - wtd_mean_EA|) + a1 * (range_at_rad * density) + a2 * ln(lambda) + a3 * (w_log / wtd_mean_at_mass)

Train RMSE: 3.08748 K; Test RMSE: 2.77151 K
c0 + a0 * (wtd_mean_IP + 5.601685e-02*V_molar) + a1 * (wtd_range_PE * wtd_std_EA) + a2 * (wtd_mean_EA + 6.125868e-03*wtd_range_at_mass) + a3 * cbrt(lambda) + a4 * (w_log / wtd_mean_at_mass)

