Commit: ac5ce3effde5dec1922a0476f389f7d8b9fd059a
Compiler: IntelLLVM version 2024.0.2
Compiler flags: -O3 -fp-model=precise -fiopenmp
time input_parsing: 0.0782151 s
Time to generate feat space: 3118.73 s
Projection time: 0.167002 s
Time to get best features on rank : 0.00163698 s
|---Complete final combination/selection from all ranks: 0.0253789 s
Time for SIS: 0.227898 s
Time for l0-norm: 0.018132 s
Projection time: 0.1713 s
Time to get best features on rank : 0.001513 s
|---Complete final combination/selection from all ranks: 0.015599 s
Time for SIS: 0.218325 s
Time for l0-norm: 0.00820398 s
Projection time: 0.174151 s
Time to get best features on rank : 0.00160503 s
|---Complete final combination/selection from all ranks: 0.0151961 s
Time for SIS: 0.221774 s
Time for l0-norm: 0.00674915 s
Projection time: 0.176939 s
Time to get best features on rank : 0.002424 s
|---Complete final combination/selection from all ranks: 0.0159571 s
Time for SIS: 0.225817 s
Time for l0-norm: 0.168153 s
Projection time: 0.177606 s
Time to get best features on rank : 0.00170898 s
|---Complete final combination/selection from all ranks: 0.0156071 s
Time for SIS: 0.225822 s
Time for l0-norm: 13.3911 s
Train RMSE: 3.1821 K; Test RMSE: 5.38396 K
c0 + a0 * (((mean_EA-6.277414e-01) / (density-8.312608e+00)) + 7.386575e-01*((wtd_mean_PE-1.195235e+00) / (density-2.592407e+00)))

Train RMSE: 2.20759 K; Test RMSE: 4.13526 K
c0 + a0 * (((range_at_mass-6.656722e+01) / (wtd_mean_EA-1.050691e+00)) - (4.979773e+02*(cos(2.842635e+00*lambda3+2.804016e-01)))) + a1 * (((mean_EA-6.277414e-01) / (density-8.312608e+00)) + 7.386575e-01*((wtd_mean_PE-1.195235e+00) / (density-2.592407e+00)))

Train RMSE: 1.55148 K; Test RMSE: 3.78001 K
c0 + a0 * (((L_avg+1.951053e+00)^6) - (9.333779e+02*((std_ThermalCond-1.037274e+01) / (wtd_mean_at_rad-1.129620e+00)))) + a1 * (((mean_IP+6.847818e+01) / (lambda3-4.781981e-02)) - (5.713813e+00*((bulk_mod-1.328682e+02) / (mean_IP-7.049704e+00)))) + a2 * (((wtd_mean_IP+1.343292e+00) * (lambda+9.441798e+00)) - (1.937782e+00*((wtd_mean_at_rad-1.415355e+00) / (wtd_mean_EA-1.811332e-01))))

Train RMSE: 1.22068 K; Test RMSE: 7.05185 K
c0 + a0 * (((mean_at_rad-2.640174e+00) / (wtd_mean_ThermalCond-1.045400e+02)) + 4.430310e+00*((range_EA+2.325437e+00) / (bulk_mod+9.065392e+00))) + a1 * (((L_avg+1.951053e+00)^6) - (9.333779e+02*((std_ThermalCond-1.037274e+01) / (wtd_mean_at_rad-1.129620e+00)))) + a2 * (((wtd_std_ThermalCond-4.256397e+01) / (mean_IP-7.034393e+00)) + 1.752440e+00*((std_EA+3.492478e-01) / (lambda3-4.748189e-02))) + a3 * (((wtd_mean_IP+1.343292e+00) * (lambda+9.441798e+00)) - (1.937782e+00*((wtd_mean_at_rad-1.415355e+00) / (wtd_mean_EA-1.811332e-01))))

Train RMSE: 1.0009 K; Test RMSE: 8.01305 K
c0 + a0 * (((range_ThermalCond+8.370388e+01) / (density-1.147349e+01)) - (5.029869e-08*((range_ThermalCond+1.487214e+08) / (wtd_mean_EA-6.921394e-01)))) + a1 * (((V_molar+6.551619e+01) / (mean_at_rad-1.210606e+00)) + 7.021285e+00*((wtd_std_EA-3.985674e+00) * (bulk_mod+6.030628e+02))) + a2 * (((L_avg+1.951053e+00)^6) - (9.333779e+02*((std_ThermalCond-1.037274e+01) / (wtd_mean_at_rad-1.129620e+00)))) + a3 * (((mean_IP+6.847818e+01) / (lambda3-4.781981e-02)) - (5.713813e+00*((bulk_mod-1.328682e+02) / (mean_IP-7.049704e+00)))) + a4 * (((wtd_mean_IP+1.343292e+00) * (lambda+9.441798e+00)) - (1.937782e+00*((wtd_mean_at_rad-1.415355e+00) / (wtd_mean_EA-1.811332e-01))))

