Commit: ac5ce3effde5dec1922a0476f389f7d8b9fd059a
Compiler: IntelLLVM version 2024.0.2
Compiler flags: -O3 -fp-model=precise -fiopenmp
time input_parsing: 0.111729 s
Time to generate feat space: 0.750248 s
Projection time: 0.117616 s
Time to get best features on rank : 4.29153e-05 s
|---Complete final combination/selection from all ranks: 0.0119841 s
Time for SIS: 0.135939 s
Time for l0-norm: 0.0263491 s
Projection time: 0.00185704 s
Time to get best features on rank : 5.31673e-05 s
|---Complete final combination/selection from all ranks: 0.00807595 s
Time for SIS: 0.0111191 s
Time for l0-norm: 0.00670195 s
Projection time: 0.00190401 s
Time to get best features on rank : 0.00204587 s
|---Complete final combination/selection from all ranks: 0.0498049 s
Time for SIS: 0.0547831 s
Time for l0-norm: 0.00660801 s
Projection time: 0.00554609 s
Time to get best features on rank : 4.81606e-05 s
|---Complete final combination/selection from all ranks: 0.00797701 s
Time for SIS: 0.0236139 s
Time for l0-norm: 0.161054 s
Projection time: 0.00137687 s
Time to get best features on rank : 4.98295e-05 s
|---Complete final combination/selection from all ranks: 0.00822186 s
Time for SIS: 0.010751 s
Time for l0-norm: 13.281 s
Train RMSE: 5.15793 K; Test RMSE: 3.57177 K
c0 + a0 * (lambda * w_log)

Train RMSE: 4.0051 K; Test RMSE: 3.56887 K
c0 + a0 * ln(lambda) + a1 * (w_log^2)

Train RMSE: 3.65868 K; Test RMSE: 4.0723 K
c0 + a0 * (wtd_mean_EA * wtd_range_at_mass) + a1 * ln(lambda) + a2 * (w_log / wtd_mean_at_mass)

Train RMSE: 3.34736 K; Test RMSE: 6.10066 K
c0 + a0 * (|wtd_range_IP - range_IP|) + a1 * ln(lambda) + a2 * (w_log / density) + a3 * (wtd_mean_at_rad / wtd_mean_at_mass)

Train RMSE: 3.0148 K; Test RMSE: 3.10773 K
c0 + a0 * (wtd_range_PE * range_EA) + a1 * (wtd_mean_EA * V_molar) + a2 * (wtd_mean_IP + 2.291294e-01*density) + a3 * cbrt(lambda) + a4 * (w_log / wtd_mean_at_mass)

