Commit: ac5ce3effde5dec1922a0476f389f7d8b9fd059a
Compiler: IntelLLVM version 2024.0.2
Compiler flags: -O3 -fp-model=precise -fiopenmp
time input_parsing: 0.0557148 s
Time to generate feat space: 994.862 s
Projection time: 0.0722308 s
Time to get best features on rank : 0.000560999 s
|---Complete final combination/selection from all ranks: 0.0190399 s
Time for SIS: 0.111736 s
Time for l0-norm: 0.017318 s
Projection time: 0.0774369 s
Time to get best features on rank : 0.000612974 s
|---Complete final combination/selection from all ranks: 0.01688 s
Time for SIS: 0.107676 s
Time for l0-norm: 0.00852704 s
Projection time: 0.075242 s
Time to get best features on rank : 0.000794888 s
|---Complete final combination/selection from all ranks: 0.0166011 s
Time for SIS: 0.105244 s
Time for l0-norm: 0.00754094 s
Projection time: 0.0778089 s
Time to get best features on rank : 0.000602007 s
|---Complete final combination/selection from all ranks: 0.0178471 s
Time for SIS: 0.109185 s
Time for l0-norm: 0.166846 s
Projection time: 0.078856 s
Time to get best features on rank : 0.000417948 s
|---Complete final combination/selection from all ranks: 0.0166519 s
Time for SIS: 0.108951 s
Time for l0-norm: 13.2972 s
Train RMSE: 3.46535 K; Test RMSE: 2.81687 K
c0 + a0 * (((lambda-1.678014e+01) / (mean_IP+1.818957e+00)) - (1.804939e+01*((std_EA-2.397574e-01) / (mean_at_mass-1.693216e+01))))

Train RMSE: 2.60003 K; Test RMSE: 2.39828 K
c0 + a0 * (((wtd_range_IP+2.215383e+01) / (mean_IP-7.065893e+00)) - (1.200591e-05*((wtd_range_at_mass+1.453322e+05) / (mean_at_rad-1.282965e+00)))) + a1 * (((lambda-4.207973e+01) / (mean_IP+2.063917e+01)) - (4.587810e+00*((wtd_std_EA-1.424069e-01) / (mean_at_mass-1.743899e+01))))

Train RMSE: 1.85862 K; Test RMSE: 3.69884 K
c0 + a0 * (((V_molar+5.108110e+00) / (lambda3-4.755587e-02)) - (2.760587e+02*((wtd_range_at_rad-5.234988e+00) / (wtd_mean_PE-2.402977e+00)))) + a1 * (((wtd_range_IP+6.984225e+00) / (wtd_mean_at_mass-1.000927e+02)) - (9.047151e-01*((mean_EA-5.049559e-01) * (L_avg-5.703603e+00)))) + a2 * (((mean_IP+4.201881e+00) * (lambda+1.433746e+01)) - (3.058425e-01*((wtd_range_ThermalCond-1.182061e+02) / (density-2.576153e+00))))

Train RMSE: 1.46885 K; Test RMSE: 3.32188 K
c0 + a0 * (((range_at_rad-3.575208e+01) / (density-1.216035e+01)) - (3.573065e+00*((mean_ThermalCond-1.127561e+02) / (L_avg-8.690903e+00)))) + a1 * (((V_molar+5.108110e+00) / (lambda3-4.755587e-02)) - (2.760587e+02*((wtd_range_at_rad-5.234988e+00) / (wtd_mean_PE-2.402977e+00)))) + a2 * (((wtd_std_ThermalCond-4.679680e+01) * (mean_IP-5.558192e+00)) - (3.109052e+01*((wtd_std_ThermalCond+2.463488e+01) / (wtd_mean_at_mass-9.963506e+01)))) + a3 * (((mean_IP+4.201881e+00) * (lambda+1.433746e+01)) - (3.058425e-01*((wtd_range_ThermalCond-1.182061e+02) / (density-2.576153e+00))))

Train RMSE: 1.0533 K; Test RMSE: 2.51358 K
c0 + a0 * (((range_at_rad-3.575208e+01) / (density-1.216035e+01)) - (3.573065e+00*((mean_ThermalCond-1.127561e+02) / (L_avg-8.690903e+00)))) + a1 * ((range_PE - (1.166517e+00*wtd_range_at_rad)) / (|wtd_range_PE - lambda3|)) + a2 * (((V_molar+5.108110e+00) / (lambda3-4.755587e-02)) - (2.760587e+02*((wtd_range_at_rad-5.234988e+00) / (wtd_mean_PE-2.402977e+00)))) + a3 * (((w_log+1.918138e+02) / (mean_at_rad+1.580548e+14)) - (6.421913e+00*((range_ThermalCond+5.061397e+01) / (wtd_mean_at_mass-9.960388e+01)))) + a4 * (((mean_IP+8.969471e-01) * (lambda+4.830901e+00)) - (2.178462e-03*((mean_at_mass+8.807693e+01) / (L_avg-3.214197e+00))))

