Commit: ac5ce3effde5dec1922a0476f389f7d8b9fd059a
Compiler: IntelLLVM version 2024.0.2
Compiler flags: -O3 -fp-model=precise -fiopenmp
time input_parsing: 0.0496399 s
Time to generate feat space: 2981.25 s
Projection time: 0.152738 s
Time to get best features on rank : 0.00140786 s
|---Complete final combination/selection from all ranks: 0.022634 s
Time for SIS: 0.214744 s
Time for l0-norm: 0.0172 s
Projection time: 0.168024 s
Time to get best features on rank : 0.00243592 s
|---Complete final combination/selection from all ranks: 0.016068 s
Time for SIS: 0.215027 s
Time for l0-norm: 0.00774503 s
Projection time: 0.164414 s
Time to get best features on rank : 0.00146699 s
|---Complete final combination/selection from all ranks: 0.015733 s
Time for SIS: 0.210675 s
Time for l0-norm: 0.00725889 s
Projection time: 0.171307 s
Time to get best features on rank : 0.00246406 s
|---Complete final combination/selection from all ranks: 0.0158041 s
Time for SIS: 0.218594 s
Time for l0-norm: 0.16771 s
Projection time: 0.164817 s
Time to get best features on rank : 0.00172997 s
|---Complete final combination/selection from all ranks: 0.0153291 s
Time for SIS: 0.211166 s
Time for l0-norm: 13.3071 s
Train RMSE: 3.46783 K; Test RMSE: 2.20579 K
c0 + a0 * (((density+1.198039e+01) / (wtd_mean_at_mass-9.991131e+01)) - (1.055818e+00*((lambda3-3.033413e+01) / (mean_at_mass-1.790434e+01))))

Train RMSE: 2.25183 K; Test RMSE: 1.43407 K
c0 + a0 * (((range_at_rad+7.849685e+00) / (lambda3-4.787876e-02)) - (6.255647e+02*((wtd_mean_EA-6.997190e-01) / (mean_IP-7.035498e+00)))) + a1 * ((wtd_mean_IP + 5.689527e-01*lambda) - (4.515426e+01*((mean_PE-1.543549e+00) / (mean_at_mass-1.797472e+01))))

Train RMSE: 1.72171 K; Test RMSE: 1.59547 K
c0 + a0 * (((density-5.605267e+00) / (wtd_mean_at_rad-1.142812e+00)) - (2.929366e+00*((wtd_mean_ThermalCond-4.888864e+01) / (L_avg-8.278966e+00)))) + a1 * (((range_at_rad+7.849685e+00) / (lambda3-4.787876e-02)) - (6.255647e+02*((wtd_mean_EA-6.997190e-01) / (mean_IP-7.035498e+00)))) + a2 * ((wtd_mean_IP + 5.689527e-01*lambda) - (4.515426e+01*((mean_PE-1.543549e+00) / (mean_at_mass-1.797472e+01))))

Train RMSE: 1.34763 K; Test RMSE: 1.74872 K
c0 + a0 * ((1.0 / (density-7.058575e+00)) - (1.690978e-01*((range_ThermalCond-2.037335e+01) / (wtd_mean_IP-8.908645e+00)))) + a1 * (((density-5.605267e+00) / (wtd_mean_at_rad-1.142812e+00)) - (2.929366e+00*((wtd_mean_ThermalCond-4.888864e+01) / (L_avg-8.278966e+00)))) + a2 * (((range_at_rad+7.849685e+00) / (lambda3-4.787876e-02)) - (6.255647e+02*((wtd_mean_EA-6.997190e-01) / (mean_IP-7.035498e+00)))) + a3 * ((wtd_mean_IP + 5.689527e-01*lambda) - (4.515426e+01*((mean_PE-1.543549e+00) / (mean_at_mass-1.797472e+01))))

Train RMSE: 1.09465 K; Test RMSE: 1.64777 K
c0 + a0 * ((wtd_range_ThermalCond / bulk_mod) / (mean_ThermalCond - (9.167706e+01*std_EA))) + a1 * (((wtd_range_ThermalCond-1.443412e+00) / (wtd_mean_at_rad-1.126555e+00)) + 2.697170e+00*((std_IP+4.261770e+00) * (wtd_range_at_mass-8.646440e+01))) + a2 * (((wtd_mean_at_rad+7.841458e+01) / (lambda-1.482323e+00)) - (4.961608e+01*((mean_ThermalCond-6.919237e+01) / (wtd_mean_IP-8.895880e+00)))) + a3 * (((range_at_rad+7.849685e+00) / (lambda3-4.787876e-02)) - (6.255647e+02*((wtd_mean_EA-6.997190e-01) / (mean_IP-7.035498e+00)))) + a4 * ((wtd_mean_IP + 5.689527e-01*lambda) - (4.515426e+01*((mean_PE-1.543549e+00) / (mean_at_mass-1.797472e+01))))

