Commit: ac5ce3effde5dec1922a0476f389f7d8b9fd059a
Compiler: IntelLLVM version 2024.0.2
Compiler flags: -O3 -fp-model=precise -fiopenmp
time input_parsing: 0.0814412 s
Time to generate feat space: 13580.7 s
Projection time: 0.420669 s
Time to get best features on rank : 0.00201488 s
|---Complete final combination/selection from all ranks: 0.013025 s
Time for SIS: 0.549198 s
Time for l0-norm: 0.0194118 s
Projection time: 0.465917 s
Time to get best features on rank : 0.00105214 s
|---Complete final combination/selection from all ranks: 0.0114441 s
Time for SIS: 0.582003 s
Time for l0-norm: 0.01018 s
Projection time: 0.473036 s
Time to get best features on rank : 0.00109291 s
|---Complete final combination/selection from all ranks: 0.00921321 s
Time for SIS: 0.586122 s
Time for l0-norm: 0.00811887 s
Projection time: 0.473416 s
Time to get best features on rank : 0.000339985 s
|---Complete final combination/selection from all ranks: 0.0095551 s
Time for SIS: 0.587611 s
Time for l0-norm: 0.0304329 s
Projection time: 0.541267 s
Time to get best features on rank : 0.000610113 s
|---Complete final combination/selection from all ranks: 0.053879 s
Time for SIS: 0.697771 s
Time for l0-norm: 0.400302 s
Train RMSE: 3.49003 K; Test RMSE: 1.91814 K
c0 + a0 * ((wtd_mean_IP + 5.569206e-01*lambda) - (4.838148e+01*((mean_PE-1.595066e+00) / (mean_at_mass-1.783072e+01))))

Train RMSE: 2.33744 K; Test RMSE: 1.56689 K
c0 + a0 * ((((range_at_rad-6.184223e+01) / (lambda3-4.812370e-02))+5.017829e+02) * (((w_log-4.737960e+01) / (mean_IP-7.052171e+00))-1.267419e+01)) + a1 * (((wtd_std_PE-6.791406e-01) / (mean_at_rad-1.123476e+00)) - (1.464086e+00*((wtd_mean_IP-3.776981e-01) * (lambda+8.062296e+00))))

Train RMSE: 1.77093 K; Test RMSE: 1.68044 K
c0 + a0 * ((((wtd_mean_EA+2.109592e-01) * (range_at_rad+5.289560e-01))-1.045131e+00) * (((mean_ThermalCond+2.149814e+01) / (wtd_mean_PE-1.685534e-01))-3.673174e+01)) + a1 * (((std_at_rad-3.058198e-01) / (wtd_mean_at_mass-9.985190e+01)) - (3.871051e-02*((std_at_rad-2.860294e-01) / (V_molar-2.190366e+01)))) + a2 * ((wtd_mean_IP + 5.569206e-01*lambda) - (4.838148e+01*((mean_PE-1.595066e+00) / (mean_at_mass-1.783072e+01))))

Train RMSE: 1.36557 K; Test RMSE: 2.23308 K
c0 + a0 * ((((L_avg-4.638589e+00) / (wtd_mean_PE-1.727618e+00))+2.751518e+01) * (((V_molar-3.283049e+01) * (wtd_mean_at_mass-9.418721e+01))+8.362098e+02)) + a1 * ((((range_at_rad+7.093822e-01) * (wtd_mean_EA+2.837127e-01))-1.322336e+00) * (((mean_ThermalCond-1.121557e+02) / (L_avg-3.833008e-01))+1.613141e+01)) + a2 * (((std_at_rad-3.058198e-01) / (wtd_mean_at_mass-9.985190e+01)) - (3.871051e-02*((std_at_rad-2.860294e-01) / (V_molar-2.190366e+01)))) + a3 * ((((wtd_mean_IP+6.980361e-01) * (lambda+9.916445e+00))-9.413114e+01) * (((mean_at_mass-4.102091e+01) / (wtd_mean_at_mass-1.521577e+01))+7.700133e-01))

Train RMSE: 1.07777 K; Test RMSE: 4.56133 K
c0 + a0 * ((((wtd_range_at_mass-3.488474e+01) * (range_ThermalCond-2.568620e+01))+5.487499e+01) * (((wtd_mean_EA+5.654849e+00) / (density-7.649347e+00))+1.542660e+00)) + a1 * ((((std_EA-1.183049e-01) / (bulk_mod-1.437824e+01))-4.927794e-04) * (((wtd_mean_PE-1.323520e+01) / (lambda4w_low-1.474563e+01))-1.542322e-02)) + a2 * ((((bulk_mod-5.370438e+01) / (lambda3-3.249304e+00))+6.606586e+01) * (((mean_ThermalCond+4.713303e+01) / (wtd_mean_at_rad-1.111153e+00))-3.311008e+02)) + a3 * (((std_at_rad-3.058198e-01) / (wtd_mean_at_mass-9.985190e+01)) - (3.871051e-02*((std_at_rad-2.860294e-01) / (V_molar-2.190366e+01)))) + a4 * ((wtd_mean_IP + 5.569206e-01*lambda) - (4.838148e+01*((mean_PE-1.595066e+00) / (mean_at_mass-1.783072e+01))))

