Commit: ac5ce3effde5dec1922a0476f389f7d8b9fd059a
Compiler: IntelLLVM version 2024.0.2
Compiler flags: -O3 -fp-model=precise -fiopenmp
time input_parsing: 0.0638142 s
Time to generate feat space: 1.24919 s
Projection time: 0.0327511 s
Time to get best features on rank : 7.29561e-05 s
|---Complete final combination/selection from all ranks: 0.014807 s
Time for SIS: 0.0570419 s
Time for l0-norm: 0.0171618 s
Projection time: 0.0215719 s
Time to get best features on rank : 6.29425e-05 s
|---Complete final combination/selection from all ranks: 0.0145628 s
Time for SIS: 0.0406408 s
Time for l0-norm: 0.006181 s
Projection time: 0.0277979 s
Time to get best features on rank : 6.79493e-05 s
|---Complete final combination/selection from all ranks: 0.014734 s
Time for SIS: 0.046926 s
Time for l0-norm: 0.00749087 s
Projection time: 0.0307851 s
Time to get best features on rank : 6.48499e-05 s
|---Complete final combination/selection from all ranks: 0.0140221 s
Time for SIS: 0.0494671 s
Time for l0-norm: 0.164226 s
Projection time: 0.026629 s
Time to get best features on rank : 6.48499e-05 s
|---Complete final combination/selection from all ranks: 0.013149 s
Time for SIS: 0.0444 s
Time for l0-norm: 12.9876 s
Train RMSE: 3.65565 K; Test RMSE: 5.28881 K
c0 + a0 * ((w_log^2) * (wtd_range_EA * lambda4w_low))

Train RMSE: 2.98674 K; Test RMSE: 4.81715 K
c0 + a0 * ((wtd_mean_EA * lambda) + (|wtd_range_IP - range_IP|)) + a1 * ((w_log^2) * (wtd_range_EA * lambda4w_low))

Train RMSE: 2.36724 K; Test RMSE: 47.1407 K
c0 + a0 * ((wtd_range_IP - range_IP) / (wtd_range_PE + lambda3)) + a1 * ((|std_IP - wtd_range_IP|) * (wtd_range_EA * lambda)) + a2 * ((w_log^2) * (range_at_rad * lambda4w_low))

Train RMSE: 1.86073 K; Test RMSE: 40.283 K
c0 + a0 * ((lambda4w_low / lambda3) * (|range_at_mass - mean_at_mass|)) + a1 * ((range_ThermalCond / lambda3) / (wtd_range_PE - lambda3)) + a2 * ((lambda * V_molar) * (wtd_range_EA * wtd_range_IP)) + a3 * ((lambda4w_low * w_log) * (wtd_std_PE * w_log))

Train RMSE: 1.54602 K; Test RMSE: 38.1482 K
c0 + a0 * ((range_ThermalCond * bulk_mod) / (wtd_range_at_rad - mean_at_rad)) + a1 * (|(|wtd_std_at_mass - wtd_mean_at_mass|) - (std_PE * range_at_mass)|) + a2 * ((range_ThermalCond / lambda3) / (|wtd_range_PE - lambda3|)) + a3 * (cbrt(lambda4w_low) * (wtd_range_EA * wtd_range_IP)) + a4 * ((wtd_std_at_rad * w_log) * (lambda4w_low * w_log))

