Commit: ac5ce3effde5dec1922a0476f389f7d8b9fd059a
Compiler: IntelLLVM version 2024.0.2
Compiler flags: -O3 -fp-model=precise -fiopenmp
time input_parsing: 0.065412 s
Time to generate feat space: 0.179892 s
Projection time: 0.141781 s
Time to get best features on rank : 8.39233e-05 s
|---Complete final combination/selection from all ranks: 0.0126331 s
Time for SIS: 0.162319 s
Time for l0-norm: 0.0236809 s
Projection time: 0.00453806 s
Time to get best features on rank : 0.00458813 s
|---Complete final combination/selection from all ranks: 0.00784707 s
Time for SIS: 0.0180571 s
Time for l0-norm: 0.00674605 s
Projection time: 0.00327921 s
Time to get best features on rank : 6.50883e-05 s
|---Complete final combination/selection from all ranks: 0.042207 s
Time for SIS: 0.0466189 s
Time for l0-norm: 0.00572085 s
Projection time: 0.00517583 s
Time to get best features on rank : 5.81741e-05 s
|---Complete final combination/selection from all ranks: 0.00805092 s
Time for SIS: 0.014236 s
Time for l0-norm: 0.164989 s
Projection time: 0.00503683 s
Time to get best features on rank : 5.19753e-05 s
|---Complete final combination/selection from all ranks: 0.00773406 s
Time for SIS: 0.0138741 s
Time for l0-norm: 13.7614 s
Train RMSE: 5.14845 K; Test RMSE: 3.98093 K
c0 + a0 * (lambda * w_log)

Train RMSE: 4.04198 K; Test RMSE: 2.70571 K
c0 + a0 * ln(lambda) + a1 * (w_log / mean_at_mass)

Train RMSE: 3.79327 K; Test RMSE: 6.23555 K
c0 + a0 * ln(lambda3) + a1 * (w_log / density) + a2 * (mean_at_rad / wtd_mean_at_mass)

Train RMSE: 3.3982 K; Test RMSE: 2.64396 K
c0 + a0 * (range_at_rad * wtd_range_at_mass) + a1 * (|std_EA - wtd_mean_EA|) + a2 * ln(lambda) + a3 * (w_log / wtd_mean_at_mass)

Train RMSE: 2.97216 K; Test RMSE: 4.54413 K
c0 + a0 * (wtd_mean_EA * V_molar) + a1 * (wtd_range_PE * wtd_std_EA) + a2 * (|std_EA - wtd_mean_IP|) + a3 * cbrt(lambda) + a4 * (w_log / wtd_mean_at_mass)

