Commit: ac5ce3effde5dec1922a0476f389f7d8b9fd059a
Compiler: IntelLLVM version 2024.0.2
Compiler flags: -O3 -fp-model=precise -fiopenmp
time input_parsing: 0.0600691 s
Time to generate feat space: 3842.89 s
Projection time: 0.116831 s
Time to get best features on rank : 0.00122285 s
|---Complete final combination/selection from all ranks: 0.018038 s
Time for SIS: 0.168973 s
Time for l0-norm: 0.018501 s
Projection time: 0.127346 s
Time to get best features on rank : 0.00146079 s
|---Complete final combination/selection from all ranks: 0.0160899 s
Time for SIS: 0.167262 s
Time for l0-norm: 0.010483 s
Projection time: 0.127835 s
Time to get best features on rank : 0.00102806 s
|---Complete final combination/selection from all ranks: 0.0163569 s
Time for SIS: 0.168035 s
Time for l0-norm: 0.00654292 s
Projection time: 0.127876 s
Time to get best features on rank : 0.00131893 s
|---Complete final combination/selection from all ranks: 0.0165138 s
Time for SIS: 0.168164 s
Time for l0-norm: 0.166728 s
Projection time: 0.134887 s
Time to get best features on rank : 0.00114012 s
|---Complete final combination/selection from all ranks: 0.0146759 s
Time for SIS: 0.173326 s
Time for l0-norm: 13.2973 s
Train RMSE: 3.45996 K; Test RMSE: 4.14069 K
c0 + a0 * ((((lambda+8.961840e-01) * (mean_IP-5.057089e+00))-2.094409e+00) * (((wtd_range_at_mass-1.763067e+01) / (mean_at_mass-1.835169e+01))+9.747611e-01))

Train RMSE: 2.27805 K; Test RMSE: 4.78405 K
c0 + a0 * ((((range_at_mass-6.751466e+01) / (mean_IP-7.044310e+00))+8.787366e+01) * (((mean_IP-4.514074e+00) / (lambda3-4.810566e-02))+5.807196e+01)) + a1 * ((((wtd_mean_IP-1.535692e+00) * (lambda+5.954285e+00))-4.516055e+01) * (((wtd_mean_ThermalCond-1.115931e+02) / (density-2.653867e+00))+4.177159e+01))

Train RMSE: 1.6173 K; Test RMSE: 4.85513 K
c0 + a0 * ((((wtd_range_PE-8.057632e-01) * (range_IP-2.039544e+00))+8.813217e-01) * (((wtd_range_at_rad+7.166398e-01) * (wtd_range_ThermalCond+1.999440e+01))-7.116446e+00)) + a1 * ((((range_at_mass-6.751466e+01) / (mean_IP-7.044310e+00))+8.787366e+01) * (((mean_IP-4.514074e+00) / (lambda3-4.810566e-02))+5.807196e+01)) + a2 * ((((mean_IP-5.051269e+00) * (lambda+9.153956e-01))-2.055537e+00) * (((wtd_range_at_mass-1.796304e+01) / (mean_at_mass-1.839113e+01))+9.875326e-01))

Train RMSE: 1.26922 K; Test RMSE: 4.7014 K
c0 + a0 * ((((wtd_range_at_rad-1.967048e-01) / (V_molar+5.029589e+00))+1.070879e-03) * ((sin(2.576345e+01*wtd_mean_PE+1.443358e-01))+8.447555e-03)) + a1 * ((((wtd_range_PE-8.057632e-01) * (range_IP-2.039544e+00))+8.813217e-01) * (((wtd_range_at_rad+7.166398e-01) * (wtd_range_ThermalCond+1.999440e+01))-7.116446e+00)) + a2 * ((((range_at_mass-6.751466e+01) / (mean_IP-7.044310e+00))+8.787366e+01) * (((mean_IP-4.514074e+00) / (lambda3-4.810566e-02))+5.807196e+01)) + a3 * ((((lambda+8.961840e-01) * (mean_IP-5.057089e+00))-2.094409e+00) * (((wtd_range_at_mass-1.763067e+01) / (mean_at_mass-1.835169e+01))+9.747611e-01))

Train RMSE: 0.986583 K; Test RMSE: 2.41919 K
c0 + a0 * (((sin(3.492570e+01*wtd_range_PE+6.878747e-02))-2.292306e-01) * (((wtd_range_IP+1.150956e+01) * (wtd_std_at_rad-1.084427e-01))-2.082388e+00)) + a1 * ((((wtd_range_PE-8.057632e-01) * (range_IP-2.039544e+00))+8.813217e-01) * (((wtd_range_at_rad+7.166398e-01) * (wtd_range_ThermalCond+1.999440e+01))-7.116446e+00)) + a2 * ((((wtd_std_EA+1.658184e+00) / (mean_PE-2.394311e+00))+3.594746e+01) * (((range_at_mass-8.675701e+01) / (lambda3-2.995463e+00))+9.226150e+01)) + a3 * ((((range_at_mass-6.751466e+01) / (mean_IP-7.044310e+00))+8.787366e+01) * (((mean_IP-4.514074e+00) / (lambda3-4.810566e-02))+5.807196e+01)) + a4 * ((((range_at_mass-9.245110e+01) / (density-2.644487e+00))+4.284575e+01) * (((wtd_mean_IP-1.517455e+00) * (lambda+2.357959e+00))-2.137409e+01))

