Commit: ac5ce3effde5dec1922a0476f389f7d8b9fd059a
Compiler: IntelLLVM version 2024.0.2
Compiler flags: -O3 -fp-model=precise -fiopenmp
time input_parsing: 0.048372 s
Time to generate feat space: 2.57265 s
Projection time: 0.198134 s
Time to get best features on rank : 0.00066185 s
|---Complete final combination/selection from all ranks: 0.0462141 s
Time for SIS: 0.247369 s
Time for l0-norm: 0.0286601 s
Projection time: 0.00359511 s
Time to get best features on rank : 7.10487e-05 s
|---Complete final combination/selection from all ranks: 0.00883913 s
Time for SIS: 0.013921 s
Time for l0-norm: 0.00627398 s
Projection time: 0.00286913 s
Time to get best features on rank : 6.22272e-05 s
|---Complete final combination/selection from all ranks: 0.00874305 s
Time for SIS: 0.013242 s
Time for l0-norm: 0.00661397 s
Projection time: 0.0059669 s
Time to get best features on rank : 6.79493e-05 s
|---Complete final combination/selection from all ranks: 0.00818515 s
Time for SIS: 0.0154979 s
Time for l0-norm: 0.161901 s
Projection time: 0.0049839 s
Time to get best features on rank : 5.29289e-05 s
|---Complete final combination/selection from all ranks: 0.00813699 s
Time for SIS: 0.0144811 s
Time for l0-norm: 13.7644 s
Train RMSE: 5.14845 K; Test RMSE: 3.98093 K
c0 + a0 * (lambda * w_log)

Train RMSE: 3.90547 K; Test RMSE: 2.80506 K
c0 + a0 * (w_log / mean_at_mass) + a1 * ((lambda-2.606461e-01) * (w_log+5.718208e+01))

Train RMSE: 3.68283 K; Test RMSE: 3.04743 K
c0 + a0 * ((wtd_mean_at_mass+2.420534e+01) * (wtd_mean_IP-4.810704e+00)) + a1 * (w_log / mean_at_mass) + a2 * ((lambda-2.606461e-01) * (w_log+5.718208e+01))

Train RMSE: 3.30722 K; Test RMSE: 2.84813 K
c0 + a0 * ((range_at_rad-2.905475e-01) * (range_at_mass-3.950827e+01)) + a1 * (|std_EA - wtd_mean_EA|) + a2 * ln(lambda3) + a3 * (w_log / mean_at_mass)

Train RMSE: 2.95746 K; Test RMSE: 5.56762 K
c0 + a0 * (wtd_mean_PE * V_molar) + a1 * (wtd_range_PE * std_EA) + a2 * (wtd_mean_IP + 3.907686e+00*mean_at_rad) + a3 * (w_log / wtd_mean_at_mass) + a4 * ((w_log-4.274972e+00) * (lambda4w_low-2.705437e+01))

