Commit: ac5ce3effde5dec1922a0476f389f7d8b9fd059a
Compiler: IntelLLVM version 2024.0.2
Compiler flags: -O3 -fp-model=precise -fiopenmp
time input_parsing: 0.050457 s

Intel MKL ERROR: Parameter 5 was incorrect on entry to DGELS.

Intel MKL ERROR: Parameter 5 was incorrect on entry to DGELS.

Intel MKL ERROR: Parameter 5 was incorrect on entry to DGELS.

Intel MKL ERROR: Parameter 5 was incorrect on entry to DGELS.
Time to generate feat space: 13545.4 s
Projection time: 0.410932 s
Time to get best features on rank : 0.00216508 s
|---Complete final combination/selection from all ranks: 0.064364 s
Time for SIS: 0.583339 s
Time for l0-norm: 0.018209 s
Projection time: 0.449987 s
Time to get best features on rank : 0.00182605 s
|---Complete final combination/selection from all ranks: 0.010869 s
Time for SIS: 0.561633 s
Time for l0-norm: 0.009094 s
Projection time: 0.45203 s
Time to get best features on rank : 0.00186896 s
|---Complete final combination/selection from all ranks: 0.01001 s
Time for SIS: 0.563497 s
Time for l0-norm: 0.00489092 s
Projection time: 0.451588 s
Time to get best features on rank : 0.00179791 s
|---Complete final combination/selection from all ranks: 0.0101531 s
Time for SIS: 0.564659 s
Time for l0-norm: 0.0163991 s
Projection time: 0.450919 s
Time to get best features on rank : 0.00197101 s
|---Complete final combination/selection from all ranks: 0.010191 s
Time for SIS: 0.56387 s
Time for l0-norm: 0.399298 s
Train RMSE: 3.39406 K; Test RMSE: 2.58394 K
c0 + a0 * (((wtd_mean_IP+3.059111e+00) * (lambda+9.054718e+00)) - (1.055738e+00*((lambda-9.654979e-02) / (mean_at_rad-1.129108e+00))))

Train RMSE: 2.25183 K; Test RMSE: 1.43407 K
c0 + a0 * (((range_at_rad+7.849685e+00) / (lambda3-4.787876e-02)) - (6.255647e+02*((wtd_mean_EA-6.997190e-01) / (mean_IP-7.035498e+00)))) + a1 * ((wtd_mean_IP + 5.689527e-01*lambda) - (4.515426e+01*((mean_PE-1.543549e+00) / (mean_at_mass-1.797472e+01))))

Train RMSE: 1.5652 K; Test RMSE: 2.35401 K
c0 + a0 * (((wtd_mean_at_rad+7.841458e+01) / (lambda-1.482323e+00)) - (4.961608e+01*((mean_ThermalCond-6.919237e+01) / (wtd_mean_IP-8.895880e+00)))) + a1 * (((range_at_rad+7.849685e+00) / (lambda3-4.787876e-02)) - (6.255647e+02*((wtd_mean_EA-6.997190e-01) / (mean_IP-7.035498e+00)))) + a2 * (((wtd_mean_IP+3.059111e+00) * (lambda+9.054718e+00)) - (1.055738e+00*((lambda-9.654979e-02) / (mean_at_rad-1.129108e+00))))

Train RMSE: 1.20195 K; Test RMSE: 3.01083 K
c0 + a0 * (((std_ThermalCond+3.773393e+01) / (lambda3-6.350463e-01)) - (4.946418e+02*(sin(-1.164107e+01*mean_PE-7.130774e-01)))) + a1 * (((wtd_mean_at_rad+7.841458e+01) / (lambda-1.482323e+00)) - (4.961608e+01*((mean_ThermalCond-6.919237e+01) / (wtd_mean_IP-8.895880e+00)))) + a2 * (((range_at_rad+7.849685e+00) / (lambda3-4.787876e-02)) - (6.255647e+02*((wtd_mean_EA-6.997190e-01) / (mean_IP-7.035498e+00)))) + a3 * (((wtd_mean_IP+3.059111e+00) * (lambda+9.054718e+00)) - (1.055738e+00*((lambda-9.654979e-02) / (mean_at_rad-1.129108e+00))))

Train RMSE: 0.935262 K; Test RMSE: 2.60604 K
c0 + a0 * ((((wtd_mean_ThermalCond-5.344166e+00) * (mean_at_mass+4.183055e+01))-3.710812e+02) * (((density+1.030411e+00) / (wtd_mean_PE-2.489238e+00))+4.512265e+01)) + a1 * (((mean_at_mass-7.880265e+01) * (wtd_range_IP-8.790640e-01)) + 2.334116e-04*((L_avg-9.241914e+04) / (lambda3-6.365272e-01))) + a2 * (((wtd_mean_at_rad+7.841458e+01) / (lambda-1.482323e+00)) - (4.961608e+01*((mean_ThermalCond-6.919237e+01) / (wtd_mean_IP-8.895880e+00)))) + a3 * (((range_at_rad+7.849685e+00) / (lambda3-4.787876e-02)) - (6.255647e+02*((wtd_mean_EA-6.997190e-01) / (mean_IP-7.035498e+00)))) + a4 * (((wtd_mean_IP+3.059111e+00) * (lambda+9.054718e+00)) - (1.055738e+00*((lambda-9.654979e-02) / (mean_at_rad-1.129108e+00))))

