Commit: ac5ce3effde5dec1922a0476f389f7d8b9fd059a
Compiler: IntelLLVM version 2024.0.2
Compiler flags: -O3 -fp-model=precise -fiopenmp
time input_parsing: 0.066673 s
Time to generate feat space: 7908.36 s
Projection time: 0.250253 s
Time to get best features on rank : 0.00119996 s
|---Complete final combination/selection from all ranks: 0.019057 s
Time for SIS: 0.380232 s
Time for l0-norm: 0.0182772 s
Projection time: 0.280426 s
Time to get best features on rank : 0.00174403 s
|---Complete final combination/selection from all ranks: 0.0148509 s
Time for SIS: 0.348689 s
Time for l0-norm: 0.00754595 s
Projection time: 0.280013 s
Time to get best features on rank : 0.000973225 s
|---Complete final combination/selection from all ranks: 0.017138 s
Time for SIS: 0.350244 s
Time for l0-norm: 0.00790286 s
Projection time: 0.281261 s
Time to get best features on rank : 0.00192118 s
|---Complete final combination/selection from all ranks: 0.0163851 s
Time for SIS: 0.351692 s
Time for l0-norm: 0.169346 s
Projection time: 0.28093 s
Time to get best features on rank : 0.00154185 s
|---Complete final combination/selection from all ranks: 0.0159369 s
Time for SIS: 0.351086 s
Time for l0-norm: 13.4474 s
Train RMSE: 2.77684 K; Test RMSE: 6.80206 K
c0 + a0 * (((wtd_mean_IP-9.372062e-01) * (lambda+7.374787e+00)) - (1.139639e+00*((wtd_mean_PE-2.330574e+00) / (mean_at_rad-1.120901e+00))))

Train RMSE: 1.8638 K; Test RMSE: 6.81205 K
c0 + a0 * (((mean_PE-1.004905e+02) / (lambda3-4.735865e-02)) - (1.699495e+00*((wtd_std_EA+4.218715e+03) / (wtd_mean_PE-2.399677e+00)))) + a1 * ((((mean_PE-1.764867e+00) / (wtd_mean_at_mass-1.493987e+01))+6.084472e-02) * (((lambda-1.403642e+01) / (mean_IP+4.098343e-01))+6.907916e-01))

Train RMSE: 1.32913 K; Test RMSE: 7.24191 K
c0 + a0 * (((range_ThermalCond-3.430092e+02) * (std_ThermalCond+5.545540e+01)) - (1.446737e+03*((L_avg-4.139812e+00) / (density-7.625210e+00)))) + a1 * (((wtd_mean_at_rad-4.299198e+01) / (lambda3-4.782046e-02)) - (7.438928e+00*((wtd_range_ThermalCond-1.336274e+00) / (wtd_mean_at_rad-1.126580e+00)))) + a2 * ((((wtd_mean_at_mass-4.504374e+01) / (mean_at_mass-1.697956e+01))+1.166378e+00) * (((wtd_mean_IP-1.379367e+00) * (lambda+6.884316e+00))-5.543081e+01))

Train RMSE: 1.05148 K; Test RMSE: 9.05103 K
c0 + a0 * ((((mean_ThermalCond-7.629940e+01) * (wtd_mean_PE-1.633567e+00))+1.169499e+01) * (((wtd_mean_PE-2.362721e+00) * (wtd_std_ThermalCond+5.817098e+04))+6.824948e+03)) + a1 * (((range_ThermalCond-3.430092e+02) * (std_ThermalCond+5.545540e+01)) - (1.446737e+03*((L_avg-4.139812e+00) / (density-7.625210e+00)))) + a2 * (((wtd_mean_at_rad-4.299198e+01) / (lambda3-4.782046e-02)) - (7.438928e+00*((wtd_range_ThermalCond-1.336274e+00) / (wtd_mean_at_rad-1.126580e+00)))) + a3 * ((((range_PE-4.806713e+00) / (mean_at_mass-1.674588e+01))+2.814054e-01) * (((lambda-9.915634e+00) / (mean_IP-1.283473e+00))+1.169700e+00))

Train RMSE: 0.860083 K; Test RMSE: 7.82954 K
c0 + a0 * ((|wtd_range_at_rad - (2.132610e+00*range_at_rad-6.593794e-01)|-6.464535e-01) * ((std_EA - (1.515181e+00*mean_EA))+7.567855e-01)) + a1 * ((|wtd_mean_PE - (2.463869e-01*mean_PE+1.338561e+00)|-2.737087e-01) * (((std_PE+1.279439e+00) * (mean_ThermalCond-2.562385e+02))+3.899767e+02)) + a2 * (((range_ThermalCond-3.430092e+02) * (std_ThermalCond+5.545540e+01)) - (1.446737e+03*((L_avg-4.139812e+00) / (density-7.625210e+00)))) + a3 * (((wtd_mean_at_rad-4.299198e+01) / (lambda3-4.782046e-02)) - (7.438928e+00*((wtd_range_ThermalCond-1.336274e+00) / (wtd_mean_at_rad-1.126580e+00)))) + a4 * ((((range_PE-4.806713e+00) / (mean_at_mass-1.674588e+01))+2.814054e-01) * (((lambda-9.915634e+00) / (mean_IP-1.283473e+00))+1.169700e+00))

