Commit: ac5ce3effde5dec1922a0476f389f7d8b9fd059a
Compiler: IntelLLVM version 2024.0.2
Compiler flags: -O3 -fp-model=precise -fiopenmp
time input_parsing: 0.0663199 s
Time to generate feat space: 1.9457 s
Projection time: 0.092294 s
Time to get best features on rank : 5.6982e-05 s
|---Complete final combination/selection from all ranks: 0.013093 s
Time for SIS: 0.111423 s
Time for l0-norm: 0.023941 s
Projection time: 0.00339699 s
Time to get best features on rank : 5.6982e-05 s
|---Complete final combination/selection from all ranks: 0.042249 s
Time for SIS: 0.047003 s
Time for l0-norm: 0.00617194 s
Projection time: 0.002141 s
Time to get best features on rank : 0.000501871 s
|---Complete final combination/selection from all ranks: 0.00839686 s
Time for SIS: 0.012181 s
Time for l0-norm: 0.00545502 s
Projection time: 0.0064218 s
Time to get best features on rank : 5.6982e-05 s
|---Complete final combination/selection from all ranks: 0.00927305 s
Time for SIS: 0.0169709 s
Time for l0-norm: 0.164435 s
Projection time: 0.00568104 s
Time to get best features on rank : 5.81741e-05 s
|---Complete final combination/selection from all ranks: 0.00797105 s
Time for SIS: 0.014914 s
Time for l0-norm: 13.6146 s
Train RMSE: 4.91366 K; Test RMSE: 6.85452 K
c0 + a0 * ((w_log-4.299936e+00) * (lambda4w_low-2.020694e+01))

Train RMSE: 3.47457 K; Test RMSE: 5.92559 K
c0 + a0 * ((w_log+4.738563e+01) * (lambda-2.641453e-01)) + a1 * (w_log^2)

Train RMSE: 3.14565 K; Test RMSE: 6.12841 K
c0 + a0 * (|range_EA - mean_EA|) + a1 * ((w_log+4.738563e+01) * (lambda-2.641453e-01)) + a2 * (w_log^2)

Train RMSE: 2.81496 K; Test RMSE: 7.80678 K
c0 + a0 * (|range_at_mass - mean_at_mass|) + a1 * ((range_EA-3.003350e-01) * (wtd_range_IP-2.263473e+00)) + a2 * ((w_log-4.299936e+00) * (lambda4w_low-2.020694e+01)) + a3 * (w_log / mean_at_mass)

Train RMSE: 2.54046 K; Test RMSE: 6.96288 K
c0 + a0 * (mean_EA * V_molar) + a1 * (|range_at_mass - mean_at_mass|) + a2 * ((range_EA-3.003350e-01) * (wtd_range_IP-2.263473e+00)) + a3 * ((w_log+4.738563e+01) * (lambda-2.641453e-01)) + a4 * (w_log^2)

