Commit: ac5ce3effde5dec1922a0476f389f7d8b9fd059a
Compiler: IntelLLVM version 2024.0.2
Compiler flags: -O3 -fp-model=precise -fiopenmp
time input_parsing: 0.189472 s
Time to generate feat space: 1030.09 s
Projection time: 0.0753801 s
Time to get best features on rank : 0.00011301 s
|---Complete final combination/selection from all ranks: 0.019052 s
Time for SIS: 0.112612 s
Time for l0-norm: 0.0190899 s
Projection time: 0.072387 s
Time to get best features on rank : 0.000302076 s
|---Complete final combination/selection from all ranks: 0.0167489 s
Time for SIS: 0.10253 s
Time for l0-norm: 0.00896406 s
Projection time: 0.072072 s
Time to get best features on rank : 0.000105143 s
|---Complete final combination/selection from all ranks: 0.016047 s
Time for SIS: 0.101374 s
Time for l0-norm: 0.00688505 s
Projection time: 0.0722361 s
Time to get best features on rank : 0.000247002 s
|---Complete final combination/selection from all ranks: 0.0156682 s
Time for SIS: 0.101999 s
Time for l0-norm: 0.170123 s
Projection time: 0.0800719 s
Time to get best features on rank : 0.000159979 s
|---Complete final combination/selection from all ranks: 0.0167341 s
Time for SIS: 0.110255 s
Time for l0-norm: 13.4701 s
Train RMSE: 3.35249 K
c0 + a0 * (((lambda-2.142274e+01) / (mean_IP+2.981637e+00)) - (1.017308e+01*((mean_PE-1.787970e+00) / (wtd_mean_at_mass-1.486209e+01))))

Train RMSE: 2.27001 K
c0 + a0 * (((range_at_mass-6.115136e+03) / (wtd_mean_at_mass-9.990643e+01)) - (4.059527e-04*((wtd_std_PE+1.664335e+04) / (lambda3-4.769498e-02)))) + a1 * (((lambda-2.142274e+01) / (mean_IP+2.981637e+00)) - (1.017308e+01*((mean_PE-1.787970e+00) / (wtd_mean_at_mass-1.486209e+01))))

Train RMSE: 1.81826 K
c0 + a0 * (|wtd_range_at_rad - (-9.733252e-01*L_avg+5.287228e+00)| - (3.366115e-01*((wtd_mean_EA-2.062432e+00) / (wtd_mean_IP-8.928796e+00)))) + a1 * (((range_at_mass-6.115136e+03) / (wtd_mean_at_mass-9.990643e+01)) - (4.059527e-04*((wtd_std_PE+1.664335e+04) / (lambda3-4.769498e-02)))) + a2 * (((lambda-2.142274e+01) / (mean_IP+2.981637e+00)) - (1.017308e+01*((mean_PE-1.787970e+00) / (wtd_mean_at_mass-1.486209e+01))))

Train RMSE: 1.47198 K
c0 + a0 * ((wtd_range_ThermalCond * std_at_mass) / (wtd_std_PE - (9.323871e-01*wtd_mean_at_rad))) + a1 * (|wtd_range_at_rad - (-9.733252e-01*L_avg+5.287228e+00)| - (3.366115e-01*((wtd_mean_EA-2.062432e+00) / (wtd_mean_IP-8.928796e+00)))) + a2 * (((range_at_mass-6.115136e+03) / (wtd_mean_at_mass-9.990643e+01)) - (4.059527e-04*((wtd_std_PE+1.664335e+04) / (lambda3-4.769498e-02)))) + a3 * (((lambda-4.225569e+01) / (wtd_mean_IP+1.233582e+01)) - (5.727613e+00*((mean_PE-1.752653e+00) / (mean_at_mass-1.721312e+01))))

Train RMSE: 1.20834 K
c0 + a0 * (((density-9.642640e+01) / (V_molar-3.541619e+01)) - (5.006793e+01*((wtd_range_ThermalCond+2.354014e+01) / (V_molar-5.122107e+00)))) + a1 * (((wtd_mean_IP+7.503069e+01) / (lambda3-3.604490e+00)) - (6.464108e+01*((std_ThermalCond+3.266283e+01) / (wtd_mean_IP-1.027887e+01)))) + a2 * (|wtd_range_at_rad - (-9.733252e-01*L_avg+5.287228e+00)| - (3.366115e-01*((wtd_mean_EA-2.062432e+00) / (wtd_mean_IP-8.928796e+00)))) + a3 * (((range_at_mass-6.115136e+03) / (wtd_mean_at_mass-9.990643e+01)) - (4.059527e-04*((wtd_std_PE+1.664335e+04) / (lambda3-4.769498e-02)))) + a4 * (((lambda-2.142274e+01) / (mean_IP+2.981637e+00)) - (1.017308e+01*((mean_PE-1.787970e+00) / (wtd_mean_at_mass-1.486209e+01))))

