Commit: ac5ce3effde5dec1922a0476f389f7d8b9fd059a
Compiler: IntelLLVM version 2024.0.2
Compiler flags: -O3 -fp-model=precise -fiopenmp
time input_parsing: 0.061882 s
Time to generate feat space: 3.07766 s
Projection time: 0.093142 s
Time to get best features on rank : 5.48363e-05 s
|---Complete final combination/selection from all ranks: 0.0122921 s
Time for SIS: 0.111807 s
Time for l0-norm: 0.0262861 s
Projection time: 0.00341511 s
Time to get best features on rank : 6.00815e-05 s
|---Complete final combination/selection from all ranks: 0.049335 s
Time for SIS: 0.054287 s
Time for l0-norm: 0.00771403 s
Projection time: 0.00718904 s
Time to get best features on rank : 5.00679e-05 s
|---Complete final combination/selection from all ranks: 0.00837994 s
Time for SIS: 0.016891 s
Time for l0-norm: 0.006109 s
Projection time: 0.00525308 s
Time to get best features on rank : 6.8903e-05 s
|---Complete final combination/selection from all ranks: 0.00843883 s
Time for SIS: 0.0151072 s
Time for l0-norm: 0.163341 s
Projection time: 0.00835109 s
Time to get best features on rank : 5.29289e-05 s
|---Complete final combination/selection from all ranks: 0.00814795 s
Time for SIS: 0.017849 s
Time for l0-norm: 13.8609 s
Train RMSE: 4.91366 K; Test RMSE: 6.85452 K
c0 + a0 * ((lambda4w_low-2.020694e+01) * (w_log-4.299936e+00))

Train RMSE: 3.47457 K; Test RMSE: 5.92559 K
c0 + a0 * ((w_log+4.738563e+01) * (lambda-2.641453e-01)) + a1 * (w_log^2)

Train RMSE: 3.14565 K; Test RMSE: 6.12841 K
c0 + a0 * (|range_EA - mean_EA|) + a1 * ((w_log+4.738563e+01) * (lambda-2.641453e-01)) + a2 * (w_log^2)

Train RMSE: 2.81496 K; Test RMSE: 7.80678 K
c0 + a0 * (|range_at_mass - mean_at_mass|) + a1 * ((wtd_range_IP-2.263473e+00) * (range_EA-3.003350e-01)) + a2 * ((lambda4w_low-2.020694e+01) * (w_log-4.299936e+00)) + a3 * (w_log / mean_at_mass)

Train RMSE: 2.52375 K; Test RMSE: 6.72828 K
c0 + a0 * (std_ThermalCond - (2.542402e+00*V_molar)) + a1 * (|range_EA - mean_EA|) + a2 * (wtd_range_at_mass * bulk_mod) + a3 * ((w_log+4.738563e+01) * (lambda-2.641453e-01)) + a4 * (w_log / wtd_mean_at_mass)

