Commit: ac5ce3effde5dec1922a0476f389f7d8b9fd059a
Compiler: IntelLLVM version 2024.0.2
Compiler flags: -O3 -fp-model=precise -fiopenmp
time input_parsing: 0.0555401 s
Time to generate feat space: 1.91993 s
Projection time: 0.133432 s
Time to get best features on rank : 9.91821e-05 s
|---Complete final combination/selection from all ranks: 0.053174 s
Time for SIS: 0.19106 s
Time for l0-norm: 0.0328691 s
Projection time: 0.002069 s
Time to get best features on rank : 6.98566e-05 s
|---Complete final combination/selection from all ranks: 0.0107551 s
Time for SIS: 0.014117 s
Time for l0-norm: 0.0072248 s
Projection time: 0.00680494 s
Time to get best features on rank : 0.000325918 s
|---Complete final combination/selection from all ranks: 0.00871491 s
Time for SIS: 0.016989 s
Time for l0-norm: 0.0056901 s
Projection time: 0.00491905 s
Time to get best features on rank : 0.000363111 s
|---Complete final combination/selection from all ranks: 0.00901008 s
Time for SIS: 0.0155089 s
Time for l0-norm: 0.162787 s
Projection time: 0.00575614 s
Time to get best features on rank : 5.38826e-05 s
|---Complete final combination/selection from all ranks: 0.0081749 s
Time for SIS: 0.0151391 s
Time for l0-norm: 13.8087 s
Train RMSE: 5.14845 K; Test RMSE: 3.98093 K
c0 + a0 * (lambda * w_log)

Train RMSE: 3.90547 K; Test RMSE: 2.80506 K
c0 + a0 * (w_log / mean_at_mass) + a1 * ((lambda-2.606461e-01) * (w_log+5.718208e+01))

Train RMSE: 3.68283 K; Test RMSE: 3.04743 K
c0 + a0 * ((wtd_mean_at_mass+2.420534e+01) * (wtd_mean_IP-4.810704e+00)) + a1 * (w_log / mean_at_mass) + a2 * ((lambda-2.606461e-01) * (w_log+5.718208e+01))

Train RMSE: 3.30722 K; Test RMSE: 2.84813 K
c0 + a0 * ((range_at_rad-2.905475e-01) * (range_at_mass-3.950827e+01)) + a1 * (|std_EA - wtd_mean_EA|) + a2 * ln(lambda3) + a3 * (w_log / mean_at_mass)

Train RMSE: 3.03413 K; Test RMSE: 3.90961 K
c0 + a0 * (wtd_mean_EA / V_molar) + a1 * ((range_at_rad-2.905475e-01) * (range_at_mass-3.950827e+01)) + a2 * (|std_EA - wtd_mean_EA|) + a3 * cbrt(lambda) + a4 * (w_log / mean_at_mass)

