Commit: ac5ce3effde5dec1922a0476f389f7d8b9fd059a
Compiler: IntelLLVM version 2024.0.2
Compiler flags: -O3 -fp-model=precise -fiopenmp
time input_parsing: 0.0588481 s
Time to generate feat space: 2936.8 s
Projection time: 0.151446 s
Time to get best features on rank : 0.000756979 s
|---Complete final combination/selection from all ranks: 0.018168 s
Time for SIS: 0.203233 s
Time for l0-norm: 0.015806 s
Projection time: 0.157234 s
Time to get best features on rank : 0.00174904 s
|---Complete final combination/selection from all ranks: 0.016166 s
Time for SIS: 0.202394 s
Time for l0-norm: 0.00652504 s
Projection time: 0.162152 s
Time to get best features on rank : 0.00172019 s
|---Complete final combination/selection from all ranks: 0.0142829 s
Time for SIS: 0.205813 s
Time for l0-norm: 0.006984 s
Projection time: 0.157244 s
Time to get best features on rank : 0.00202703 s
|---Complete final combination/selection from all ranks: 0.0170069 s
Time for SIS: 0.203868 s
Time for l0-norm: 0.166879 s
Projection time: 0.162559 s
Time to get best features on rank : 0.00171089 s
|---Complete final combination/selection from all ranks: 0.0153501 s
Time for SIS: 0.207185 s
Time for l0-norm: 13.2963 s
Train RMSE: 3.34966 K; Test RMSE: 6.15886 K
c0 + a0 * (((std_at_rad-4.149627e-02) / (mean_at_mass-1.604805e+01)) + 1.787498e-02*(sin(-5.197047e+00*lambda3-8.736381e-01)))

Train RMSE: 2.33208 K; Test RMSE: 7.43788 K
c0 + a0 * (((wtd_std_at_mass+1.560476e+02) / (lambda3-4.762086e-02)) + 3.300079e+02*((range_at_mass-6.412010e+01) / (mean_IP-6.982237e+00))) + a1 * (((mean_IP-1.041432e+01) / (lambda4w_low+6.880904e+01)) + 1.218885e-01*((std_PE-2.801618e-01) / (density-2.630252e+00)))

Train RMSE: 1.74203 K; Test RMSE: 6.80421 K
c0 + a0 * (((std_at_rad+2.552906e-01) * (mean_at_mass+1.693206e+01)) + 5.379895e-01*((w_log-2.660933e+02) / (V_molar-6.211054e+00))) + a1 * (((wtd_std_at_mass+1.560476e+02) / (lambda3-4.762086e-02)) + 3.300079e+02*((range_at_mass-6.412010e+01) / (mean_IP-6.982237e+00))) + a2 * (((wtd_mean_IP-6.240760e+00) / (density-2.468670e+00)) - (5.065335e+01*((wtd_range_PE+2.170762e+00) / (lambda4w_low+9.242594e+01))))

Train RMSE: 1.36192 K; Test RMSE: 7.20875 K
c0 + a0 * (|wtd_std_at_rad - (1.078189e+00*L_avg+2.588473e+00)| - (3.368742e-01*((mean_at_mass-6.844184e+01) / (wtd_mean_at_mass-5.296739e+01)))) + a1 * (((range_at_rad+8.462888e-01) * (mean_at_mass+2.778009e+01)) + 9.912035e+00*((L_avg-5.132758e+00)^2)) + a2 * (((wtd_std_at_mass+1.560476e+02) / (lambda3-4.762086e-02)) + 3.300079e+02*((range_at_mass-6.412010e+01) / (mean_IP-6.982237e+00))) + a3 * (((wtd_mean_IP-6.240760e+00) / (density-2.468670e+00)) - (5.065335e+01*((wtd_range_PE+2.170762e+00) / (lambda4w_low+9.242594e+01))))

Train RMSE: 1.06146 K; Test RMSE: 6.68422 K
c0 + a0 * (|(wtd_mean_at_rad - (1.984763e-01*L_avg)) - (wtd_range_PE * wtd_range_at_rad)|) + a1 * (((wtd_mean_IP-8.565566e+00) / (wtd_mean_at_rad-1.178177e+00)) + 1.179109e-04*((std_EA-1.626547e+04) / (L_avg-8.614677e+00))) + a2 * (((std_at_rad+2.552906e-01) * (mean_at_mass+1.693206e+01)) + 5.379895e-01*((w_log-2.660933e+02) / (V_molar-6.211054e+00))) + a3 * (((wtd_std_at_mass+1.560476e+02) / (lambda3-4.762086e-02)) + 3.300079e+02*((range_at_mass-6.412010e+01) / (mean_IP-6.982237e+00))) + a4 * (((wtd_mean_IP-6.240760e+00) / (density-2.468670e+00)) - (5.065335e+01*((wtd_range_PE+2.170762e+00) / (lambda4w_low+9.242594e+01))))

