Commit: ac5ce3effde5dec1922a0476f389f7d8b9fd059a
Compiler: IntelLLVM version 2024.0.2
Compiler flags: -O3 -fp-model=precise -fiopenmp
time input_parsing: 0.044955 s
Time to generate feat space: 7411.25 s
Projection time: 0.228428 s
Time to get best features on rank : 0.00250411 s
|---Complete final combination/selection from all ranks: 0.0181 s
Time for SIS: 0.30437 s
Time for l0-norm: 0.0187619 s
Projection time: 0.252411 s
Time to get best features on rank : 0.00290608 s
|---Complete final combination/selection from all ranks: 0.0157838 s
Time for SIS: 0.31804 s
Time for l0-norm: 0.00733614 s
Projection time: 0.256558 s
Time to get best features on rank : 0.00283694 s
|---Complete final combination/selection from all ranks: 0.0157709 s
Time for SIS: 0.322951 s
Time for l0-norm: 0.00654292 s
Projection time: 0.254165 s
Time to get best features on rank : 0.00258183 s
|---Complete final combination/selection from all ranks: 0.0170372 s
Time for SIS: 0.321924 s
Time for l0-norm: 0.166471 s
Projection time: 0.25506 s
Time to get best features on rank : 0.00173903 s
|---Complete final combination/selection from all ranks: 0.0162921 s
Time for SIS: 0.321714 s
Time for l0-norm: 13.148 s
Train RMSE: 3.2299 K; Test RMSE: 7.72281 K
c0 + a0 * ((((lambda-1.687240e-01) / (mean_at_mass-1.668695e+01))-1.579902e-03) * (((std_EA+4.823516e+01) / (lambda4w_low-5.264143e+00))-1.317123e+00))

Train RMSE: 2.21773 K; Test RMSE: 6.54913 K
c0 + a0 * (((wtd_mean_IP-7.893826e+00) * (mean_ThermalCond+9.283943e+01)) + 4.957202e+01*((wtd_mean_EA-6.697010e-01) / (mean_IP-7.036730e+00))) + a1 * ((((lambda-1.687240e-01) / (mean_at_mass-1.668695e+01))-1.579902e-03) * (((std_EA+4.823516e+01) / (lambda4w_low-5.264143e+00))-1.317123e+00))

Train RMSE: 1.70716 K; Test RMSE: 5.15743 K
c0 + a0 * ((((range_EA-8.517857e-01) / (wtd_mean_at_rad-1.143254e+00))+1.708185e+02) * (((mean_IP-2.622967e+01) / (L_avg+1.981157e+01))+1.503190e+00)) + a1 * (((density-2.313273e+02) * (range_IP-6.561286e+01)) + 3.999000e+03*((wtd_range_EA-1.489127e-01) / (wtd_mean_at_mass-9.955090e+01))) + a2 * ((((density+1.454668e+01) / (lambda4w_low-5.046263e+00))-1.793774e+00) * (((lambda-3.000511e-01) / (wtd_mean_at_mass-1.441285e+01))+3.157501e-03))

Train RMSE: 1.21511 K; Test RMSE: 7.74878 K
c0 + a0 * ((((density-6.139623e+00) * (wtd_mean_at_mass-1.275379e+02))+2.485985e+01) * (((wtd_std_at_mass+4.173833e+01) / (L_avg-2.710988e+00))-8.068866e+01)) + a1 * ((((L_avg+4.341146e-02)^6)+1.268277e+04) * (((range_IP-2.891924e+00) / (wtd_mean_at_rad-1.176781e+00))+1.282330e+01)) + a2 * (((wtd_mean_at_mass-4.455646e+02) * (mean_IP-9.940422e+00)) + 8.716082e+00*((bulk_mod-1.105655e+01) / (wtd_mean_at_mass-9.961240e+01))) + a3 * ((((lambda-2.078112e-01) / (wtd_mean_at_mass-1.419024e+01))+5.146643e-03) * (((std_IP-1.764974e+01) / (lambda4w_low-5.092559e+00))+2.121572e+00))

Train RMSE: 0.947007 K; Test RMSE: 7.50309 K
c0 + a0 * (((mean_at_mass-8.260075e+01)^2) + 1.397967e+02*((wtd_mean_IP-8.679054e+00) / (density-1.124213e+01))) + a1 * ((((w_log+9.640913e+02) / (lambda3-6.164866e-01))-7.578521e+02) * (((wtd_mean_PE+2.333297e+01) / (mean_PE-2.403051e+00))+1.133511e+02)) + a2 * ((((L_avg+4.341146e-02)^6)+1.268277e+04) * (((range_IP-2.891924e+00) / (wtd_mean_at_rad-1.176781e+00))+1.282330e+01)) + a3 * (((wtd_mean_at_mass-4.455646e+02) * (mean_IP-9.940422e+00)) + 8.716082e+00*((bulk_mod-1.105655e+01) / (wtd_mean_at_mass-9.961240e+01))) + a4 * ((((lambda-2.078112e-01) / (wtd_mean_at_mass-1.419024e+01))+5.146643e-03) * (((std_IP-1.764974e+01) / (lambda4w_low-5.092559e+00))+2.121572e+00))

