Commit: ac5ce3effde5dec1922a0476f389f7d8b9fd059a
Compiler: IntelLLVM version 2024.0.2
Compiler flags: -O3 -fp-model=precise -fiopenmp
time input_parsing: 0.0510559 s
Time to generate feat space: 2883.57 s
Projection time: 0.138076 s
Time to get best features on rank : 0.00135016 s
|---Complete final combination/selection from all ranks: 0.019927 s
Time for SIS: 0.222441 s
Time for l0-norm: 0.020664 s
Projection time: 0.15148 s
Time to get best features on rank : 0.00129795 s
|---Complete final combination/selection from all ranks: 0.0164971 s
Time for SIS: 0.195969 s
Time for l0-norm: 0.00721693 s
Projection time: 0.152636 s
Time to get best features on rank : 0.00160408 s
|---Complete final combination/selection from all ranks: 0.0173221 s
Time for SIS: 0.198688 s
Time for l0-norm: 0.00750589 s
Projection time: 0.153912 s
Time to get best features on rank : 0.001436 s
|---Complete final combination/selection from all ranks: 0.016434 s
Time for SIS: 0.199155 s
Time for l0-norm: 0.167803 s
Projection time: 0.152871 s
Time to get best features on rank : 0.00121713 s
|---Complete final combination/selection from all ranks: 0.016006 s
Time for SIS: 0.197374 s
Time for l0-norm: 13.3107 s
Train RMSE: 3.36347 K; Test RMSE: 49.7346 K
c0 + a0 * (((wtd_std_at_mass-3.470087e+01) / (density-8.339583e+00)) + 2.228618e+00*((std_ThermalCond-3.028615e+01) / (mean_at_mass-1.794997e+01)))

Train RMSE: 2.24854 K; Test RMSE: 5.96683 K
c0 + a0 * (((range_IP-1.362241e+03) / (wtd_mean_at_mass-1.002656e+02)) + 2.078379e+00*((wtd_std_PE-9.728042e-01) / (lambda3-4.834391e-02))) + a1 * (((wtd_mean_IP-6.240760e+00) / (density-2.468670e+00)) - (5.065335e+01*((wtd_range_PE+2.170762e+00) / (lambda4w_low+9.242594e+01))))

Train RMSE: 1.69185 K; Test RMSE: 6.49892 K
c0 + a0 * ((wtd_mean_EA + 3.252154e+00*mean_EA) - (3.982885e-07*((range_PE+4.953180e+05) / (wtd_mean_at_rad-1.141515e+00)))) + a1 * (((range_IP-1.362241e+03) / (wtd_mean_at_mass-1.002656e+02)) + 2.078379e+00*((wtd_std_PE-9.728042e-01) / (lambda3-4.834391e-02))) + a2 * (((wtd_mean_IP+1.829135e+00) * (lambda+1.306771e+01)) - (8.371085e-05*((wtd_std_at_mass-9.198203e+02) / (wtd_mean_PE-1.796397e+00))))

Train RMSE: 1.2226 K; Test RMSE: 9.64154 K
c0 + a0 * (((wtd_range_at_mass-1.357157e+01) / (density-7.749722e+00)) - (1.487283e+00*((range_at_rad-3.567841e-01) * (V_molar-4.591392e+01)))) + a1 * ((wtd_mean_EA + 1.369031e+00*mean_at_rad) - (4.902965e-02*((L_avg-2.307466e+00) / (wtd_mean_at_rad-1.132714e+00)))) + a2 * (((range_IP-1.362241e+03) / (wtd_mean_at_mass-1.002656e+02)) + 2.078379e+00*((wtd_std_PE-9.728042e-01) / (lambda3-4.834391e-02))) + a3 * (((wtd_mean_IP+1.829135e+00) * (lambda+1.306771e+01)) - (8.371085e-05*((wtd_std_at_mass-9.198203e+02) / (wtd_mean_PE-1.796397e+00))))

Train RMSE: 0.980018 K; Test RMSE: 5.73774 K
c0 + a0 * ((std_PE + 3.364055e+05*mean_at_rad) - (1.312560e+02*((std_at_mass-6.199794e+01) / (lambda3-2.065756e-01)))) + a1 * (((wtd_range_at_mass-1.753843e+01) / (density-7.780555e+00)) - (3.954374e-01*((range_ThermalCond-2.865916e+01) * (range_at_rad-1.130908e+00)))) + a2 * ((wtd_mean_EA + 3.252154e+00*mean_EA) - (3.982885e-07*((range_PE+4.953180e+05) / (wtd_mean_at_rad-1.141515e+00)))) + a3 * (((range_IP-1.362241e+03) / (wtd_mean_at_mass-1.002656e+02)) + 2.078379e+00*((wtd_std_PE-9.728042e-01) / (lambda3-4.834391e-02))) + a4 * (((wtd_mean_IP+1.829135e+00) * (lambda+1.306771e+01)) - (8.371085e-05*((wtd_std_at_mass-9.198203e+02) / (wtd_mean_PE-1.796397e+00))))

