Commit: ac5ce3effde5dec1922a0476f389f7d8b9fd059a
Compiler: IntelLLVM version 2024.0.2
Compiler flags: -O3 -fp-model=precise -fiopenmp
time input_parsing: 0.0556531 s
Time to generate feat space: 0.765424 s
Projection time: 0.10105 s
Time to get best features on rank : 5.4121e-05 s
|---Complete final combination/selection from all ranks: 0.0129008 s
Time for SIS: 0.120103 s
Time for l0-norm: 0.029588 s
Projection time: 0.00210285 s
Time to get best features on rank : 5.00679e-05 s
|---Complete final combination/selection from all ranks: 0.00887012 s
Time for SIS: 0.012233 s
Time for l0-norm: 0.00771594 s
Projection time: 0.00342798 s
Time to get best features on rank : 4.50611e-05 s
|---Complete final combination/selection from all ranks: 0.048449 s
Time for SIS: 0.052973 s
Time for l0-norm: 0.00707889 s
Projection time: 0.00435805 s
Time to get best features on rank : 5.29289e-05 s
|---Complete final combination/selection from all ranks: 0.00847411 s
Time for SIS: 0.0139802 s
Time for l0-norm: 0.165756 s
Projection time: 0.004287 s
Time to get best features on rank : 5.50747e-05 s
|---Complete final combination/selection from all ranks: 0.00850296 s
Time for SIS: 0.0140748 s
Time for l0-norm: 13.2725 s
Train RMSE: 4.72075 K; Test RMSE: 7.69482 K
c0 + a0 * (w_log / wtd_mean_at_mass)

Train RMSE: 3.47233 K; Test RMSE: 6.87207 K
c0 + a0 * cbrt(lambda) + a1 * (w_log / wtd_mean_at_mass)

Train RMSE: 3.18306 K; Test RMSE: 7.35122 K
c0 + a0 * (wtd_range_PE / lambda) + a1 * (mean_IP * lambda) + a2 * (w_log / wtd_mean_at_mass)

Train RMSE: 2.94213 K; Test RMSE: 7.16861 K
c0 + a0 * (wtd_mean_IP * wtd_mean_at_rad) + a1 * (wtd_range_PE / lambda) + a2 * (wtd_std_EA - (3.541834e-01*lambda)) + a3 * (w_log / wtd_mean_at_mass)

Train RMSE: 2.68198 K; Test RMSE: 6.14701 K
c0 + a0 * (std_at_rad * density) + a1 * (range_EA / wtd_mean_at_mass) + a2 * (range_at_rad * density) + a3 * cbrt(lambda) + a4 * (w_log / density)

