Commit: ac5ce3effde5dec1922a0476f389f7d8b9fd059a
Compiler: IntelLLVM version 2024.0.2
Compiler flags: -O3 -fp-model=precise -fiopenmp
time input_parsing: 0.0527861 s
Time to generate feat space: 0.784641 s
Projection time: 0.135755 s
Time to get best features on rank : 7.29561e-05 s
|---Complete final combination/selection from all ranks: 0.0524299 s
Time for SIS: 0.193581 s
Time for l0-norm: 0.025141 s
Projection time: 0.00443006 s
Time to get best features on rank : 5.6982e-05 s
|---Complete final combination/selection from all ranks: 0.00889111 s
Time for SIS: 0.0144789 s
Time for l0-norm: 0.00642991 s
Projection time: 0.0032742 s
Time to get best features on rank : 4.69685e-05 s
|---Complete final combination/selection from all ranks: 0.00820208 s
Time for SIS: 0.0126929 s
Time for l0-norm: 0.00646687 s
Projection time: 0.00519896 s
Time to get best features on rank : 6.38962e-05 s
|---Complete final combination/selection from all ranks: 0.00833702 s
Time for SIS: 0.01477 s
Time for l0-norm: 0.162489 s
Projection time: 0.0014019 s
Time to get best features on rank : 5.29289e-05 s
|---Complete final combination/selection from all ranks: 0.0086441 s
Time for SIS: 0.01125 s
Time for l0-norm: 13.0412 s
Train RMSE: 4.63881 K; Test RMSE: 8.45681 K
c0 + a0 * (w_log / wtd_mean_at_mass)

Train RMSE: 3.81397 K; Test RMSE: 6.35236 K
c0 + a0 * (exp(-1.0 * lambda)) + a1 * (w_log / mean_at_mass)

Train RMSE: 3.58846 K; Test RMSE: 5.6922 K
c0 + a0 * (wtd_mean_EA * wtd_range_at_mass) + a1 * (exp(-1.0 * lambda)) + a2 * (w_log / wtd_mean_at_mass)

Train RMSE: 3.14275 K; Test RMSE: 7.85065 K
c0 + a0 * (|range_EA - mean_EA|) + a1 * (wtd_mean_IP * density) + a2 * (exp(-1.0 * lambda)) + a3 * (w_log / density)

Train RMSE: 2.97762 K; Test RMSE: 16.4366 K
c0 + a0 * (|wtd_range_IP - range_IP|) + a1 * (|range_EA - mean_EA|) + a2 * (w_log / mean_at_mass) + a3 * (lambda4w_low * w_log) + a4 * (mean_PE / mean_at_mass)

