Commit: ac5ce3effde5dec1922a0476f389f7d8b9fd059a
Compiler: IntelLLVM version 2024.0.2
Compiler flags: -O3 -fp-model=precise -fiopenmp
time input_parsing: 0.0597911 s
Time to generate feat space: 7817.67 s
Projection time: 0.242405 s
Time to get best features on rank : 0.00216317 s
|---Complete final combination/selection from all ranks: 0.018755 s
Time for SIS: 0.373729 s
Time for l0-norm: 0.0206201 s
Projection time: 0.261649 s
Time to get best features on rank : 0.0026319 s
|---Complete final combination/selection from all ranks: 0.0172541 s
Time for SIS: 0.331836 s
Time for l0-norm: 0.0052979 s
Projection time: 0.260135 s
Time to get best features on rank : 0.00205612 s
|---Complete final combination/selection from all ranks: 0.0160968 s
Time for SIS: 0.328711 s
Time for l0-norm: 0.00816178 s
Projection time: 0.262124 s
Time to get best features on rank : 0.0018599 s
|---Complete final combination/selection from all ranks: 0.0153439 s
Time for SIS: 0.330581 s
Time for l0-norm: 0.167595 s
Projection time: 0.262472 s
Time to get best features on rank : 0.00303197 s
|---Complete final combination/selection from all ranks: 0.0135882 s
Time for SIS: 0.329776 s
Time for l0-norm: 13.2997 s
Train RMSE: 3.30781 K; Test RMSE: 8.76689 K
c0 + a0 * ((((lambda3+5.022621e+01) / (wtd_mean_at_mass-1.508518e+01))-8.401522e+00) * (((mean_IP-1.010692e+01) / (lambda4w_low+3.576989e+02))+2.415996e-03))

Train RMSE: 2.35335 K; Test RMSE: 19.0189 K
c0 + a0 * ((((wtd_std_IP-3.985383e-01) / (wtd_mean_PE-2.052449e+00))-5.573606e+00) * (((density+2.936457e+02) / (lambda4w_low+3.469773e+01))-6.829850e-01)) + a1 * ((((wtd_range_at_mass-1.232907e+01) / (wtd_mean_at_rad-1.038486e+00))+5.099903e+01) * (((lambda3+1.187014e-01) * (w_log-7.050916e+00))-7.852228e+01))

Train RMSE: 1.6803 K; Test RMSE: 19.5237 K
c0 + a0 * ((range_IP / bulk_mod) / (wtd_mean_at_mass - (3.871892e-02*lambda4w_low))) + a1 * ((((wtd_std_IP-3.985383e-01) / (wtd_mean_PE-2.052449e+00))-5.573606e+00) * (((density+2.936457e+02) / (lambda4w_low+3.469773e+01))-6.829850e-01)) + a2 * ((((wtd_range_at_mass-1.232907e+01) / (wtd_mean_at_rad-1.038486e+00))+5.099903e+01) * (((lambda3+1.187014e-01) * (w_log-7.050916e+00))-7.852228e+01))

Train RMSE: 1.34776 K; Test RMSE: 20.3149 K
c0 + a0 * ((((wtd_range_ThermalCond+9.871872e+01) * (std_at_mass-8.178518e+01))+6.357346e+03) * (((range_PE-2.622462e-01) * (wtd_mean_ThermalCond-1.229161e+01))-8.194026e+00)) + a1 * (((range_at_mass+8.157334e+01) / (wtd_mean_PE-2.087969e+00)) - (5.179556e+01*((mean_IP-8.492076e+00) / (lambda3-1.002558e-01)))) + a2 * (((range_ThermalCond+9.245406e+01) * (mean_IP-7.036466e+00)) - (8.933838e+01*((wtd_mean_at_rad-1.465258e+00) / (mean_IP-7.064470e+00)))) + a3 * ((((wtd_range_at_mass-1.232907e+01) / (wtd_mean_at_rad-1.038486e+00))+5.099903e+01) * (((lambda3+1.187014e-01) * (w_log-7.050916e+00))-7.852228e+01))

Train RMSE: 1.03126 K; Test RMSE: 20.1994 K
c0 + a0 * ((((range_at_mass-1.302612e+02) / (density+4.027002e+00))+9.727303e+00) * (((wtd_range_at_rad+6.837811e-01) * (wtd_range_ThermalCond+3.614995e+01))-4.776089e+01)) + a1 * ((((bulk_mod+7.312836e+02) * (wtd_range_IP+9.651371e+01))-8.758155e+04) * ((sin(-3.544454e+01*lambda+6.251709e-01))+1.009169e+00)) + a2 * ((((range_at_mass+7.951466e+00) / (lambda3-4.881931e-02))-1.167933e+02) * (((wtd_std_PE-2.682386e-01) / (wtd_mean_at_rad-1.174276e+00))-1.900602e+00)) + a3 * (((range_ThermalCond+9.245406e+01) * (mean_IP-7.036466e+00)) - (8.933838e+01*((wtd_mean_at_rad-1.465258e+00) / (mean_IP-7.064470e+00)))) + a4 * ((((wtd_range_at_mass-1.232907e+01) / (wtd_mean_at_rad-1.038486e+00))+5.099903e+01) * (((lambda3+1.187014e-01) * (w_log-7.050916e+00))-7.852228e+01))

