Commit: ac5ce3effde5dec1922a0476f389f7d8b9fd059a
Compiler: IntelLLVM version 2024.0.2
Compiler flags: -O3 -fp-model=precise -fiopenmp
time input_parsing: 0.0674851 s
Time to generate feat space: 1.00548 s
Projection time: 0.869488 s
Time to get best features on rank : 0.000360966 s
|---Complete final combination/selection from all ranks: 0.01246 s
Time for SIS: 0.88684 s
Time for l0-norm: 0.0341599 s
Projection time: 0.00486207 s
Time to get best features on rank : 5.10216e-05 s
|---Complete final combination/selection from all ranks: 0.0433249 s
Time for SIS: 0.0497611 s
Time for l0-norm: 0.00850677 s
Projection time: 0.00723791 s
Time to get best features on rank : 5.10216e-05 s
|---Complete final combination/selection from all ranks: 0.00934696 s
Time for SIS: 0.017699 s
Time for l0-norm: 0.00563598 s
Projection time: 0.00145793 s
Time to get best features on rank : 0.000134945 s
|---Complete final combination/selection from all ranks: 0.00868917 s
Time for SIS: 0.0112669 s
Time for l0-norm: 0.163846 s
Projection time: 0.00219393 s
Time to get best features on rank : 0.000128984 s
|---Complete final combination/selection from all ranks: 0.00959301 s
Time for SIS: 0.0130291 s
Time for l0-norm: 13.4717 s
Train RMSE: 5.14845 K; Test RMSE: 3.98093 K
c0 + a0 * (lambda * w_log)

Train RMSE: 4.04198 K; Test RMSE: 2.70571 K
c0 + a0 * ln(lambda) + a1 * (w_log / mean_at_mass)

Train RMSE: 3.79327 K; Test RMSE: 6.23555 K
c0 + a0 * ln(lambda3) + a1 * (w_log / density) + a2 * (mean_at_rad / wtd_mean_at_mass)

Train RMSE: 3.3982 K; Test RMSE: 2.64396 K
c0 + a0 * (range_at_rad * wtd_range_at_mass) + a1 * (|std_EA - wtd_mean_EA|) + a2 * ln(lambda) + a3 * (w_log / wtd_mean_at_mass)

Train RMSE: 2.97216 K; Test RMSE: 4.54413 K
c0 + a0 * (wtd_mean_EA * V_molar) + a1 * (wtd_range_PE * wtd_std_EA) + a2 * (|std_EA - wtd_mean_IP|) + a3 * cbrt(lambda) + a4 * (w_log / wtd_mean_at_mass)

