Commit: ac5ce3effde5dec1922a0476f389f7d8b9fd059a
Compiler: IntelLLVM version 2024.0.2
Compiler flags: -O3 -fp-model=precise -fiopenmp
time input_parsing: 0.0759459 s
Time to generate feat space: 2.71 s
Projection time: 0.951285 s
Time to get best features on rank : 0.000838995 s
|---Complete final combination/selection from all ranks: 0.017606 s
Time for SIS: 0.977254 s
Time for l0-norm: 0.035223 s
Projection time: 0.00249505 s
Time to get best features on rank : 5.4121e-05 s
|---Complete final combination/selection from all ranks: 0.048929 s
Time for SIS: 0.052814 s
Time for l0-norm: 0.00622606 s
Projection time: 0.00742602 s
Time to get best features on rank : 5.10216e-05 s
|---Complete final combination/selection from all ranks: 0.00801516 s
Time for SIS: 0.01671 s
Time for l0-norm: 0.00664115 s
Projection time: 0.00491786 s
Time to get best features on rank : 5.48363e-05 s
|---Complete final combination/selection from all ranks: 0.00810504 s
Time for SIS: 0.0143878 s
Time for l0-norm: 0.16213 s
Projection time: 0.0119979 s
Time to get best features on rank : 6.31809e-05 s
|---Complete final combination/selection from all ranks: 0.00868011 s
Time for SIS: 0.0220132 s
Time for l0-norm: 13.0706 s
Train RMSE: 4.58917 K; Test RMSE: 7.42169 K
c0 + a0 * ((w_log-9.971599e+01) * (wtd_mean_at_rad-1.225902e+00))

Train RMSE: 3.30795 K; Test RMSE: 6.93898 K
c0 + a0 * (w_log / wtd_mean_at_mass) + a1 * ((lambda-2.176712e-01) * (w_log+5.660591e+01))

Train RMSE: 2.97382 K; Test RMSE: 7.73416 K
c0 + a0 * ((density-4.558620e+00) * (wtd_mean_IP-6.639097e+00)) + a1 * (w_log / density) + a2 * ((lambda4w_low-2.329548e+01) * (w_log-4.272643e+00))

Train RMSE: 2.75722 K; Test RMSE: 6.78951 K
c0 + a0 * ((lambda-2.176712e-01) * (w_log+5.660591e+01)) + a1 * (w_log^2) + a2 * ((range_ThermalCond-1.651043e+01) * (w_log-5.595315e+01)) + a3 * ((w_log-1.657201e+01) * (std_ThermalCond+5.725789e+00))

Train RMSE: 2.4476 K; Test RMSE: 6.44663 K
c0 + a0 * (range_ThermalCond + 4.395740e+01*wtd_mean_IP) + a1 * ((lambda-2.176712e-01) * (w_log+5.660591e+01)) + a2 * (w_log^2) + a3 * ((range_ThermalCond-1.651043e+01) * (w_log-5.595315e+01)) + a4 * ((w_log-1.657201e+01) * (std_ThermalCond+5.725789e+00))

