Commit: ac5ce3effde5dec1922a0476f389f7d8b9fd059a
Compiler: IntelLLVM version 2024.0.2
Compiler flags: -O3 -fp-model=precise -fiopenmp
time input_parsing: 0.0640409 s
Time to generate feat space: 1022.22 s
Projection time: 0.0762131 s
Time to get best features on rank : 0.000756025 s
|---Complete final combination/selection from all ranks: 0.0578561 s
Time for SIS: 0.153855 s
Time for l0-norm: 0.019454 s
Projection time: 0.076823 s
Time to get best features on rank : 0.000670195 s
|---Complete final combination/selection from all ranks: 0.0154569 s
Time for SIS: 0.105653 s
Time for l0-norm: 0.005126 s
Projection time: 0.082588 s
Time to get best features on rank : 0.000679016 s
|---Complete final combination/selection from all ranks: 0.0142961 s
Time for SIS: 0.110177 s
Time for l0-norm: 0.00793386 s
Projection time: 0.0810649 s
Time to get best features on rank : 0.000430107 s
|---Complete final combination/selection from all ranks: 0.017045 s
Time for SIS: 0.111536 s
Time for l0-norm: 0.16803 s
Projection time: 0.080987 s
Time to get best features on rank : 0.00059104 s
|---Complete final combination/selection from all ranks: 0.0154588 s
Time for SIS: 0.11 s
Time for l0-norm: 13.5262 s
Train RMSE: 3.37467 K
c0 + a0 * ((wtd_mean_IP + 8.485931e-01*lambda) + 4.975471e-01*((V_molar-6.507277e+01) / (mean_at_mass-1.859275e+01)))

Train RMSE: 2.6004 K
c0 + a0 * (((std_ThermalCond-2.268146e+02) / (wtd_mean_at_mass-1.006767e+02)) + 7.083041e-01*((std_EA-6.230481e+00) / (wtd_mean_PE-2.408414e+00))) + a1 * ((wtd_mean_IP + 8.485931e-01*lambda) + 4.975471e-01*((V_molar-6.507277e+01) / (mean_at_mass-1.859275e+01)))

Train RMSE: 1.76875 K
c0 + a0 * (((wtd_std_ThermalCond+2.039335e+01) / (lambda3-4.833531e-02)) + 8.083566e+00*((wtd_mean_at_mass+1.242904e+02) / (wtd_mean_PE-2.396091e+00))) + a1 * (((wtd_range_at_mass+6.633209e+02) / (wtd_mean_ThermalCond-1.050822e+02)) + 2.581488e+02*((wtd_std_EA-4.851481e-01) / (lambda3-2.488335e+01))) + a2 * ((wtd_mean_IP + 1.116665e+00*lambda) + 5.159499e-01*((range_at_mass-5.756907e+01) / (wtd_mean_at_mass-1.607266e+01)))

Train RMSE: 1.46197 K
c0 + a0 * (((wtd_std_ThermalCond-1.536658e+01) * (density-2.575427e-01)) + 2.394334e+01*((range_at_mass-3.512779e+01) / (wtd_mean_at_mass-7.740237e+01))) + a1 * (((std_ThermalCond+2.396440e+01) / (lambda3-4.841116e-02)) + 9.325576e+00*((mean_ThermalCond+1.127193e+02) / (wtd_mean_PE-2.427126e+00))) + a2 * (((wtd_range_at_mass+6.633209e+02) / (wtd_mean_ThermalCond-1.050822e+02)) + 2.581488e+02*((wtd_std_EA-4.851481e-01) / (lambda3-2.488335e+01))) + a3 * ((wtd_mean_IP + 1.116665e+00*lambda) + 5.159499e-01*((range_at_mass-5.756907e+01) / (wtd_mean_at_mass-1.607266e+01)))

Train RMSE: 1.1506 K
c0 + a0 * (((std_ThermalCond+4.161781e+01) * (range_at_mass-3.089910e+01)) + 8.974769e+00*((mean_at_mass-1.077096e+02) / (lambda3-1.630704e-01))) + a1 * (((mean_at_mass-9.752247e+00) / (L_avg-8.476599e+00)) + 2.197349e+01*((wtd_std_EA+8.652435e-01) / (lambda3-6.575924e-01))) + a2 * (((wtd_std_ThermalCond+6.123610e+01) / (lambda3-4.816267e-02)) + 1.539715e+01*((std_at_mass+1.618981e+02) / (wtd_mean_PE-2.410212e+00))) + a3 * (((wtd_range_at_mass+3.066245e+02) / (wtd_mean_ThermalCond-1.052025e+02)) + 1.583764e+02*((std_EA-1.159121e-01) / (lambda3-2.506228e+01))) + a4 * ((wtd_mean_IP + 1.116665e+00*lambda) + 5.159499e-01*((range_at_mass-5.756907e+01) / (wtd_mean_at_mass-1.607266e+01)))

