Commit: ac5ce3effde5dec1922a0476f389f7d8b9fd059a
Compiler: IntelLLVM version 2024.0.2
Compiler flags: -O3 -fp-model=precise -fiopenmp
time input_parsing: 0.058248 s
Time to generate feat space: 0.76819 s
Projection time: 0.097723 s
Time to get best features on rank : 0.000140905 s
|---Complete final combination/selection from all ranks: 0.062953 s
Time for SIS: 0.161859 s
Time for l0-norm: 0.040617 s
Projection time: 0.00379801 s
Time to get best features on rank : 6.29425e-05 s
|---Complete final combination/selection from all ranks: 0.00939488 s
Time for SIS: 0.014663 s
Time for l0-norm: 0.00637603 s
Projection time: 0.00575185 s
Time to get best features on rank : 5.48363e-05 s
|---Complete final combination/selection from all ranks: 0.0088799 s
Time for SIS: 0.0157099 s
Time for l0-norm: 0.00904393 s
Projection time: 0.00173211 s
Time to get best features on rank : 0.000159979 s
|---Complete final combination/selection from all ranks: 0.00885797 s
Time for SIS: 0.011795 s
Time for l0-norm: 0.164906 s
Projection time: 0.00546384 s
Time to get best features on rank : 5.19753e-05 s
|---Complete final combination/selection from all ranks: 0.00883818 s
Time for SIS: 0.0157561 s
Time for l0-norm: 13.235 s
Train RMSE: 4.98589 K; Test RMSE: 5.419 K
c0 + a0 * (lambda * w_log)

Train RMSE: 3.58678 K; Test RMSE: 6.41164 K
c0 + a0 * ln(lambda) + a1 * (w_log^2)

Train RMSE: 3.3404 K; Test RMSE: 5.82093 K
c0 + a0 * (wtd_mean_EA * wtd_range_at_mass) + a1 * ln(lambda) + a2 * (w_log / wtd_mean_at_mass)

Train RMSE: 2.99053 K; Test RMSE: 6.97788 K
c0 + a0 * (|range_EA - mean_EA|) + a1 * (wtd_range_at_mass / V_molar) + a2 * ln(lambda) + a3 * (w_log / wtd_mean_at_mass)

Train RMSE: 2.55308 K; Test RMSE: 7.8036 K
c0 + a0 * (std_ThermalCond - (2.542402e+00*V_molar)) + a1 * (|range_EA - mean_EA|) + a2 * (wtd_range_at_mass / V_molar) + a3 * ln(lambda) + a4 * (w_log / wtd_mean_at_mass)

