Commit: ac5ce3effde5dec1922a0476f389f7d8b9fd059a
Compiler: IntelLLVM version 2024.0.2
Compiler flags: -O3 -fp-model=precise -fiopenmp
time input_parsing: 0.0541689 s
Time to generate feat space: 0.783636 s
Projection time: 0.970198 s
Time to get best features on rank : 0.000459909 s
|---Complete final combination/selection from all ranks: 0.0494339 s
Time for SIS: 1.02072 s
Time for l0-norm: 0.0359311 s
Projection time: 0.00142503 s
Time to get best features on rank : 5.6982e-05 s
|---Complete final combination/selection from all ranks: 0.0102429 s
Time for SIS: 0.0128901 s
Time for l0-norm: 0.016516 s
Projection time: 0.00429416 s
Time to get best features on rank : 5.4121e-05 s
|---Complete final combination/selection from all ranks: 0.00866914 s
Time for SIS: 0.0140388 s
Time for l0-norm: 0.00601387 s
Projection time: 0.00142097 s
Time to get best features on rank : 0.000112057 s
|---Complete final combination/selection from all ranks: 0.00854206 s
Time for SIS: 0.011234 s
Time for l0-norm: 0.164501 s
Projection time: 0.00141001 s
Time to get best features on rank : 5.91278e-05 s
|---Complete final combination/selection from all ranks: 0.00803399 s
Time for SIS: 0.0106981 s
Time for l0-norm: 13.2409 s
Train RMSE: 3.65213 K; Test RMSE: 14.4023 K
c0 + a0 * (wtd_mean_EA * lambda)

Train RMSE: 3.23907 K; Test RMSE: 14.1387 K
c0 + a0 * (range_EA - wtd_mean_IP) + a1 * (wtd_mean_EA * lambda)

Train RMSE: 2.95664 K; Test RMSE: 13.5716 K
c0 + a0 * (wtd_range_PE * wtd_std_IP) + a1 * (|std_EA - wtd_mean_IP|) + a2 * (wtd_mean_EA * lambda)

Train RMSE: 2.69452 K; Test RMSE: 13.4861 K
c0 + a0 * (V_molar / mean_PE) + a1 * (wtd_range_PE * std_IP) + a2 * (|std_EA - wtd_mean_IP|) + a3 * (wtd_mean_EA * lambda)

Train RMSE: 2.51913 K; Test RMSE: 14.0205 K
c0 + a0 * (|range_EA - wtd_mean_EA|) + a1 * (wtd_range_PE * std_IP) + a2 * (range_EA - wtd_mean_IP) + a3 * (|wtd_range_IP - range_IP|) + a4 * (mean_EA * lambda)

