Commit: ac5ce3effde5dec1922a0476f389f7d8b9fd059a
Compiler: IntelLLVM version 2024.0.2
Compiler flags: -O3 -fp-model=precise -fiopenmp
time input_parsing: 0.0605431 s
Time to generate feat space: 7472.37 s
Projection time: 0.231538 s
Time to get best features on rank : 0.000124216 s
|---Complete final combination/selection from all ranks: 0.0683579 s
Time for SIS: 0.3574 s
Time for l0-norm: 0.018575 s
Projection time: 0.254296 s
Time to get best features on rank : 0.000108004 s
|---Complete final combination/selection from all ranks: 0.016144 s
Time for SIS: 0.321867 s
Time for l0-norm: 0.00835514 s
Projection time: 0.25586 s
Time to get best features on rank : 0.000114918 s
|---Complete final combination/selection from all ranks: 0.0152628 s
Time for SIS: 0.323307 s
Time for l0-norm: 0.00908613 s
Projection time: 0.256476 s
Time to get best features on rank : 0.000110149 s
|---Complete final combination/selection from all ranks: 0.017359 s
Time for SIS: 0.325276 s
Time for l0-norm: 0.167417 s
Projection time: 0.252955 s
Time to get best features on rank : 0.000229836 s
|---Complete final combination/selection from all ranks: 0.016988 s
Time for SIS: 0.3218 s
Time for l0-norm: 13.2746 s
Train RMSE: 3.34294 K; Test RMSE: 3.57398 K
c0 + a0 * ((((mean_PE-1.627864e+00) / (wtd_mean_at_mass-1.557657e+01))+4.423042e-02) * (((lambda-1.298641e+01) / (wtd_mean_IP-2.789275e+00))+6.736632e-01))

Train RMSE: 2.13164 K; Test RMSE: 3.44244 K
c0 + a0 * (((density+6.673039e+01) / (lambda3-4.791485e-02)) + 1.623033e+03*((wtd_range_at_mass-3.672798e+01) / (wtd_mean_at_mass-9.941565e+01))) + a1 * (((wtd_mean_IP + 7.821399e-01*lambda)-8.891167e+00) * (((wtd_range_at_mass-1.945915e+02) / (wtd_mean_at_mass-1.508382e+01))+1.329803e+01))

Train RMSE: 1.53742 K; Test RMSE: 3.53423 K
c0 + a0 * ((((wtd_mean_EA-2.580825e-01) * (std_PE-8.494195e-01))-2.950838e-02) * (((wtd_std_IP+1.573647e+00)^6)-1.218827e+02)) + a1 * (((density+6.673039e+01) / (lambda3-4.791485e-02)) + 1.623033e+03*((wtd_range_at_mass-3.672798e+01) / (wtd_mean_at_mass-9.941565e+01))) + a2 * ((((mean_at_mass-3.115918e+01) / (wtd_mean_at_mass-1.531779e+01))+9.260313e-01) * ((wtd_mean_IP + 1.253199e+00*lambda)-8.900867e+00))

Train RMSE: 1.16959 K; Test RMSE: 1.90491 K
c0 + a0 * ((wtd_range_ThermalCond * mean_IP) / (wtd_range_ThermalCond + 1.203062e+01*mean_EA)) + a1 * (((wtd_mean_EA-5.736100e-01) * (wtd_range_at_mass-2.650563e+01)) + 1.317985e-01*((wtd_mean_ThermalCond-1.109429e+00) / (mean_IP-1.024391e+01))) + a2 * (((density+6.673039e+01) / (lambda3-4.791485e-02)) + 1.623033e+03*((wtd_range_at_mass-3.672798e+01) / (wtd_mean_at_mass-9.941565e+01))) + a3 * ((((range_at_mass-9.227906e+01) / (density-2.705978e+00))+5.618763e+01) * (((lambda-2.047948e+01) / (wtd_mean_IP+2.747961e+00))+1.880145e+00))

Train RMSE: 0.884099 K; Test RMSE: 1.90514 K
c0 + a0 * ((((L_avg+7.476113e+00) * (bulk_mod+9.127428e+01))-8.758599e+02) * (((std_IP-4.955289e-01) / (wtd_mean_PE-2.054646e+00))-1.786146e+01)) + a1 * ((wtd_range_ThermalCond * mean_IP) / (wtd_range_ThermalCond + 1.203062e+01*mean_EA)) + a2 * (((wtd_mean_EA-5.736100e-01) * (wtd_range_at_mass-2.650563e+01)) + 1.317985e-01*((wtd_mean_ThermalCond-1.109429e+00) / (mean_IP-1.024391e+01))) + a3 * (((density+6.673039e+01) / (lambda3-4.791485e-02)) + 1.623033e+03*((wtd_range_at_mass-3.672798e+01) / (wtd_mean_at_mass-9.941565e+01))) + a4 * ((((range_at_mass-9.227906e+01) / (density-2.705978e+00))+5.618763e+01) * (((lambda-2.047948e+01) / (wtd_mean_IP+2.747961e+00))+1.880145e+00))

