Commit: ac5ce3effde5dec1922a0476f389f7d8b9fd059a
Compiler: IntelLLVM version 2024.0.2
Compiler flags: -O3 -fp-model=precise -fiopenmp
time input_parsing: 0.062077 s
Time to generate feat space: 975.068 s
Projection time: 0.0721741 s
Time to get best features on rank : 0.000976086 s
|---Complete final combination/selection from all ranks: 0.0182631 s
Time for SIS: 0.11164 s
Time for l0-norm: 0.0207241 s
Projection time: 0.0747931 s
Time to get best features on rank : 0.000362158 s
|---Complete final combination/selection from all ranks: 0.0155611 s
Time for SIS: 0.103128 s
Time for l0-norm: 0.00673604 s
Projection time: 0.071336 s
Time to get best features on rank : 0.000705957 s
|---Complete final combination/selection from all ranks: 0.0169299 s
Time for SIS: 0.101447 s
Time for l0-norm: 0.00708914 s
Projection time: 0.073524 s
Time to get best features on rank : 0.000497818 s
|---Complete final combination/selection from all ranks: 0.0177591 s
Time for SIS: 0.104647 s
Time for l0-norm: 0.167013 s
Projection time: 0.0724571 s
Time to get best features on rank : 0.000451088 s
|---Complete final combination/selection from all ranks: 0.0161231 s
Time for SIS: 0.101735 s
Time for l0-norm: 13.2584 s
Train RMSE: 3.3293 K; Test RMSE: 6.22915 K
c0 + a0 * (((wtd_std_IP+8.997472e+01) / (mean_at_mass-1.762654e+01)) - (1.294893e+04*((mean_IP-9.646432e+00) / (lambda4w_low+1.641250e+02))))

Train RMSE: 2.26349 K; Test RMSE: 3.78006 K
c0 + a0 * (((mean_ThermalCond-5.889029e+01) / (wtd_mean_ThermalCond-7.674087e+01)) - (2.686255e+01*((wtd_range_ThermalCond-7.139457e+01) / (wtd_mean_at_mass-9.907137e+01)))) + a1 * (((wtd_mean_IP+4.702232e+00) * (lambda+1.403235e+01)) - (5.743220e+00*((wtd_range_ThermalCond-3.559297e+01) / (wtd_mean_at_mass-1.529986e+01))))

Train RMSE: 1.81257 K; Test RMSE: 3.58561 K
c0 + a0 * (((lambda4w_low+1.039866e+01) / (lambda3+5.255397e-01)) - (3.806052e+01*(sin(3.542077e+01*lambda+2.527705e+00)))) + a1 * (((mean_ThermalCond-5.889029e+01) / (wtd_mean_ThermalCond-7.674087e+01)) - (2.686255e+01*((wtd_range_ThermalCond-7.139457e+01) / (wtd_mean_at_mass-9.907137e+01)))) + a2 * (((wtd_mean_IP+1.829135e+00) * (lambda+1.306771e+01)) - (8.371085e-05*((wtd_std_at_mass-9.198203e+02) / (wtd_mean_PE-1.796397e+00))))

Train RMSE: 1.42169 K; Test RMSE: 6.05503 K
c0 + a0 * (((wtd_std_at_rad-1.017830e+02) / (density-7.609061e+00)) - (3.759517e+02*((w_log-1.704117e+02) / (lambda3-3.379186e+00)))) + a1 * (((wtd_range_ThermalCond-8.352673e+03) * (wtd_mean_EA+1.370554e+02)) - (1.870513e+02*((range_PE-3.893278e+00) / (wtd_mean_at_rad-1.141100e+00)))) + a2 * (((mean_IP-4.015237e+02) * (lambda-6.666209e+02)) - (8.108234e+00*((range_at_rad-1.091164e+00) / (lambda3-4.822565e-02)))) + a3 * (((wtd_std_IP-2.017940e+01) / (mean_at_mass-1.684459e+01)) - (1.377968e-07*((bulk_mod-5.124058e+07) / (wtd_mean_at_mass-1.000440e+02))))

Train RMSE: 1.1387 K; Test RMSE: 12.8939 K
c0 + a0 * (((std_ThermalCond-3.851326e+01) * (wtd_range_at_mass+4.980477e+01)) - (4.158815e+03*(sin(9.989152e+01*mean_PE-2.617768e+00)))) + a1 * (((wtd_std_at_rad-1.017830e+02) / (density-7.609061e+00)) - (3.759517e+02*((w_log-1.704117e+02) / (lambda3-3.379186e+00)))) + a2 * (((std_at_rad+4.656895e+00) / (wtd_mean_at_rad-1.137371e+00)) - (5.436152e+00*((wtd_mean_EA-1.313369e+00) * (density+1.097612e+01)))) + a3 * (((mean_IP-2.460888e+01) / (lambda3-4.752665e-02)) - (4.739588e+01*((wtd_mean_IP-8.683032e+01) * (lambda-1.083536e+02)))) + a4 * (((wtd_std_IP-2.017940e+01) / (mean_at_mass-1.684459e+01)) - (1.377968e-07*((bulk_mod-5.124058e+07) / (wtd_mean_at_mass-1.000440e+02))))

