Commit: ac5ce3effde5dec1922a0476f389f7d8b9fd059a
Compiler: IntelLLVM version 2024.0.2
Compiler flags: -O3 -fp-model=precise -fiopenmp
time input_parsing: 0.044673 s
Time to generate feat space: 2.73789 s
Projection time: 0.905032 s
Time to get best features on rank : 0.00229406 s
|---Complete final combination/selection from all ranks: 0.0112388 s
Time for SIS: 0.924356 s
Time for l0-norm: 0.037554 s
Projection time: 0.00256991 s
Time to get best features on rank : 5.4121e-05 s
|---Complete final combination/selection from all ranks: 0.0086019 s
Time for SIS: 0.0126059 s
Time for l0-norm: 0.00653505 s
Projection time: 0.0055511 s
Time to get best features on rank : 0.000798941 s
|---Complete final combination/selection from all ranks: 0.0427358 s
Time for SIS: 0.0503299 s
Time for l0-norm: 0.00640702 s
Projection time: 0.00319123 s
Time to get best features on rank : 6.69956e-05 s
|---Complete final combination/selection from all ranks: 0.00879097 s
Time for SIS: 0.01337 s
Time for l0-norm: 0.161152 s
Projection time: 0.00546598 s
Time to get best features on rank : 5.4121e-05 s
|---Complete final combination/selection from all ranks: 0.0081358 s
Time for SIS: 0.0149381 s
Time for l0-norm: 13.0687 s
Train RMSE: 4.63881 K; Test RMSE: 8.45681 K
c0 + a0 * (w_log / wtd_mean_at_mass)

Train RMSE: 3.80717 K; Test RMSE: 4.301 K
c0 + a0 * (w_log / mean_at_mass) + a1 * ((w_log+2.559610e+01) * (lambda-3.177754e-01))

Train RMSE: 3.55276 K; Test RMSE: 3.29579 K
c0 + a0 * (wtd_mean_IP * V_molar) + a1 * (w_log^2) + a2 * ((w_log+2.559610e+01) * (lambda-3.177754e-01))

Train RMSE: 3.14275 K; Test RMSE: 7.85065 K
c0 + a0 * (|range_EA - mean_EA|) + a1 * (wtd_mean_IP * density) + a2 * (exp(-1.0 * lambda)) + a3 * (w_log / density)

Train RMSE: 2.99215 K; Test RMSE: 7.76142 K
c0 + a0 * (mean_ThermalCond * std_EA) + a1 * (|range_EA - mean_EA|) + a2 * (wtd_mean_IP * density) + a3 * (exp(-1.0 * lambda)) + a4 * (w_log / density)

