Commit: ac5ce3effde5dec1922a0476f389f7d8b9fd059a
Compiler: IntelLLVM version 2024.0.2
Compiler flags: -O3 -fp-model=precise -fiopenmp
time input_parsing: 0.055845 s

Intel MKL ERROR: Parameter 5 was incorrect on entry to DGELS.

Intel MKL ERROR: Parameter 5 was incorrect on entry to DGELS.

Intel MKL ERROR: Parameter 5 was incorrect on entry to DGELS.

Intel MKL ERROR: Parameter 5 was incorrect on entry to DGELS.

Intel MKL ERROR: Parameter 5 was incorrect on entry to DGELS.

Intel MKL ERROR: Parameter 5 was incorrect on entry to DGELS.
Time to generate feat space: 7569.98 s
Projection time: 0.23986 s
Time to get best features on rank : 0.00246215 s
|---Complete final combination/selection from all ranks: 0.0210171 s
Time for SIS: 0.314505 s
Time for l0-norm: 0.0183039 s
Projection time: 0.262972 s
Time to get best features on rank : 0.00297999 s
|---Complete final combination/selection from all ranks: 0.0159152 s
Time for SIS: 0.329471 s
Time for l0-norm: 0.00785494 s
Projection time: 0.265263 s
Time to get best features on rank : 0.00268316 s
|---Complete final combination/selection from all ranks: 0.01671 s
Time for SIS: 0.333091 s
Time for l0-norm: 0.00850105 s
Projection time: 0.260047 s
Time to get best features on rank : 0.00358701 s
|---Complete final combination/selection from all ranks: 0.016861 s
Time for SIS: 0.328582 s
Time for l0-norm: 0.168237 s
Projection time: 0.26603 s
Time to get best features on rank : 0.00331211 s
|---Complete final combination/selection from all ranks: 0.0162511 s
Time for SIS: 0.333925 s
Time for l0-norm: 13.2798 s
Train RMSE: 3.2299 K; Test RMSE: 7.72281 K
c0 + a0 * ((((lambda-1.687240e-01) / (mean_at_mass-1.668695e+01))-1.579902e-03) * (((std_EA+4.823516e+01) / (lambda4w_low-5.264143e+00))-1.317123e+00))

Train RMSE: 2.21773 K; Test RMSE: 6.54913 K
c0 + a0 * (((wtd_mean_IP-7.893826e+00) * (mean_ThermalCond+9.283943e+01)) + 4.957202e+01*((wtd_mean_EA-6.697010e-01) / (mean_IP-7.036730e+00))) + a1 * ((((lambda-1.687240e-01) / (mean_at_mass-1.668695e+01))-1.579902e-03) * (((std_EA+4.823516e+01) / (lambda4w_low-5.264143e+00))-1.317123e+00))

Train RMSE: 1.67913 K; Test RMSE: 8.34963 K
c0 + a0 * (((wtd_range_PE-2.814410e-01) / (mean_at_rad-1.175943e+00)) + 3.016082e-02*((mean_ThermalCond-5.163343e+00) / (L_avg-2.687342e+00))) + a1 * (((mean_IP-2.686227e+01) * (wtd_range_ThermalCond+1.270689e+03)) + 5.676708e+04*((wtd_mean_at_rad-1.234409e+00) / (wtd_mean_at_mass-9.759050e+01))) + a2 * ((((lambda-2.227279e-01) / (mean_at_mass-1.672062e+01))-5.806032e-05) * (((mean_IP+8.385770e+01) / (lambda4w_low-5.151064e+00))-3.445879e+00))

Train RMSE: 1.21511 K; Test RMSE: 7.74878 K
c0 + a0 * ((((density-6.139623e+00) * (wtd_mean_at_mass-1.275379e+02))+2.485985e+01) * (((wtd_std_at_mass+4.173833e+01) / (L_avg-2.710988e+00))-8.068866e+01)) + a1 * ((((L_avg+4.341146e-02)^6)+1.268277e+04) * (((range_IP-2.891924e+00) / (wtd_mean_at_rad-1.176781e+00))+1.282330e+01)) + a2 * (((wtd_mean_at_mass-4.455646e+02) * (mean_IP-9.940422e+00)) + 8.716082e+00*((bulk_mod-1.105655e+01) / (wtd_mean_at_mass-9.961240e+01))) + a3 * ((((lambda-2.078112e-01) / (wtd_mean_at_mass-1.419024e+01))+5.146643e-03) * (((std_IP-1.764974e+01) / (lambda4w_low-5.092559e+00))+2.121572e+00))

Train RMSE: 0.947007 K; Test RMSE: 7.50309 K
c0 + a0 * (((mean_at_mass-8.260075e+01)^2) + 1.397967e+02*((wtd_mean_IP-8.679054e+00) / (density-1.124213e+01))) + a1 * ((((w_log+9.640913e+02) / (lambda3-6.164866e-01))-7.578521e+02) * (((wtd_mean_PE+2.333297e+01) / (mean_PE-2.403051e+00))+1.133511e+02)) + a2 * ((((L_avg+4.341146e-02)^6)+1.268277e+04) * (((range_IP-2.891924e+00) / (wtd_mean_at_rad-1.176781e+00))+1.282330e+01)) + a3 * (((wtd_mean_at_mass-4.455646e+02) * (mean_IP-9.940422e+00)) + 8.716082e+00*((bulk_mod-1.105655e+01) / (wtd_mean_at_mass-9.961240e+01))) + a4 * ((((lambda-2.078112e-01) / (wtd_mean_at_mass-1.419024e+01))+5.146643e-03) * (((std_IP-1.764974e+01) / (lambda4w_low-5.092559e+00))+2.121572e+00))

