Commit: ac5ce3effde5dec1922a0476f389f7d8b9fd059a
Compiler: IntelLLVM version 2024.0.2
Compiler flags: -O3 -fp-model=precise -fiopenmp
time input_parsing: 0.084511 s
Time to generate feat space: 7739.57 s
Projection time: 0.248957 s
Time to get best features on rank : 0.0028038 s
|---Complete final combination/selection from all ranks: 0.018981 s
Time for SIS: 0.320144 s
Time for l0-norm: 0.0191922 s
Projection time: 0.25843 s
Time to get best features on rank : 0.00253916 s
|---Complete final combination/selection from all ranks: 0.0160551 s
Time for SIS: 0.327004 s
Time for l0-norm: 0.00837016 s
Projection time: 0.258664 s
Time to get best features on rank : 0.002527 s
|---Complete final combination/selection from all ranks: 0.016294 s
Time for SIS: 0.327258 s
Time for l0-norm: 0.00645804 s
Projection time: 0.260188 s
Time to get best features on rank : 0.00343895 s
|---Complete final combination/selection from all ranks: 0.0164011 s
Time for SIS: 0.330256 s
Time for l0-norm: 0.169265 s
Projection time: 0.260132 s
Time to get best features on rank : 0.00337911 s
|---Complete final combination/selection from all ranks: 0.0162599 s
Time for SIS: 0.329464 s
Time for l0-norm: 13.2195 s
Train RMSE: 3.03307 K; Test RMSE: 6.62422 K
c0 + a0 * ((((wtd_range_at_mass+8.119308e+01) * (w_log-5.033621e+00))+1.244886e+02) * (((w_log+1.744217e+01) * (lambda3+3.148794e-01))-1.281732e+02))

Train RMSE: 2.00918 K; Test RMSE: 6.82618 K
c0 + a0 * (((wtd_range_at_mass+4.823919e+01) / (mean_PE-2.394398e+00)) + 1.135413e+01*((std_ThermalCond+8.517534e+01) / (wtd_mean_at_mass-9.982244e+01))) + a1 * ((((range_EA-1.369989e+00) * (std_ThermalCond-4.513571e+00))-1.651370e+01) * (((lambda4w_low+1.345808e+01) * (w_log-4.543189e+00))-2.568939e+04))

Train RMSE: 1.43759 K; Test RMSE: 7.34251 K
c0 + a0 * ((((wtd_range_IP-6.151547e+01) * (wtd_std_PE-9.791907e+00))-5.211996e+02) * (((range_PE-1.534449e+02) / (lambda3-3.974631e+00))+4.862102e+01)) + a1 * (((wtd_range_at_mass+4.823919e+01) / (mean_PE-2.394398e+00)) + 1.135413e+01*((std_ThermalCond+8.517534e+01) / (wtd_mean_at_mass-9.982244e+01))) + a2 * ((((range_EA-1.369989e+00) * (std_ThermalCond-4.513571e+00))-1.651370e+01) * (((lambda4w_low+1.345808e+01) * (w_log-4.543189e+00))-2.568939e+04))

Train RMSE: 1.12584 K; Test RMSE: 6.89513 K
c0 + a0 * ((((mean_PE+3.980079e+00) * (V_molar-1.667745e+02))+8.294980e+02) * ((sin(9.956205e+01*wtd_range_PE+1.897766e+00))-2.488781e-01)) + a1 * ((((wtd_range_IP-6.151547e+01) * (wtd_std_PE-9.791907e+00))-5.211996e+02) * (((range_PE-1.534449e+02) / (lambda3-3.974631e+00))+4.862102e+01)) + a2 * (((wtd_range_at_mass+4.823919e+01) / (mean_PE-2.394398e+00)) + 1.135413e+01*((std_ThermalCond+8.517534e+01) / (wtd_mean_at_mass-9.982244e+01))) + a3 * ((((range_EA-1.369989e+00) * (std_ThermalCond-4.513571e+00))-1.651370e+01) * (((lambda4w_low+1.345808e+01) * (w_log-4.543189e+00))-2.568939e+04))

Train RMSE: 0.864875 K; Test RMSE: 6.95858 K
c0 + a0 * (((range_EA - (1.026697e+00*mean_EA))-4.443874e-01) * (((wtd_std_EA-2.304161e-01) * (wtd_range_PE+5.063758e-01))+5.480327e-02)) + a1 * (((sin(9.960032e+01*wtd_range_PE+1.864802e+00))-2.521849e-01) * (((mean_PE+8.847706e-01) * (V_molar-8.807683e+01))+1.740427e+02)) + a2 * ((((wtd_range_IP-6.151547e+01) * (wtd_std_PE-9.791907e+00))-5.211996e+02) * (((range_PE-1.534449e+02) / (lambda3-3.974631e+00))+4.862102e+01)) + a3 * (((wtd_range_at_mass+4.823919e+01) / (mean_PE-2.394398e+00)) + 1.135413e+01*((std_ThermalCond+8.517534e+01) / (wtd_mean_at_mass-9.982244e+01))) + a4 * ((((range_EA-1.369989e+00) * (std_ThermalCond-4.513571e+00))-1.651370e+01) * (((lambda4w_low+1.345808e+01) * (w_log-4.543189e+00))-2.568939e+04))

