Commit: ac5ce3effde5dec1922a0476f389f7d8b9fd059a
Compiler: IntelLLVM version 2024.0.2
Compiler flags: -O3 -fp-model=precise -fiopenmp
time input_parsing: 0.0821519 s
Time to generate feat space: 0.738542 s
Projection time: 0.130543 s
Time to get best features on rank : 5.19753e-05 s
|---Complete final combination/selection from all ranks: 0.0123739 s
Time for SIS: 0.149058 s
Time for l0-norm: 0.0280709 s
Projection time: 0.00352502 s
Time to get best features on rank : 5.48363e-05 s
|---Complete final combination/selection from all ranks: 0.042587 s
Time for SIS: 0.0473082 s
Time for l0-norm: 0.00511789 s
Projection time: 0.00395989 s
Time to get best features on rank : 4.3869e-05 s
|---Complete final combination/selection from all ranks: 0.00756693 s
Time for SIS: 0.0125542 s
Time for l0-norm: 0.0052259 s
Projection time: 0.00313783 s
Time to get best features on rank : 6.19888e-05 s
|---Complete final combination/selection from all ranks: 0.00851011 s
Time for SIS: 0.01267 s
Time for l0-norm: 0.162332 s
Projection time: 0.00145006 s
Time to get best features on rank : 6.19888e-05 s
|---Complete final combination/selection from all ranks: 0.00842714 s
Time for SIS: 0.0109999 s
Time for l0-norm: 13.7219 s
Train RMSE: 5.1067 K; Test RMSE: 4.34466 K
c0 + a0 * (lambda * w_log)

Train RMSE: 4.04137 K; Test RMSE: 3.47702 K
c0 + a0 * ln(lambda) + a1 * (w_log / density)

Train RMSE: 3.73366 K; Test RMSE: 5.51355 K
c0 + a0 * (std_EA / wtd_mean_at_mass) + a1 * (mean_EA * lambda) + a2 * (w_log / density)

Train RMSE: 3.36631 K; Test RMSE: 3.17754 K
c0 + a0 * (range_at_rad * wtd_mean_at_mass) + a1 * (std_EA - (7.367719e-01*wtd_mean_EA)) + a2 * cbrt(lambda) + a3 * (w_log / wtd_mean_at_mass)

Train RMSE: 3.03667 K; Test RMSE: 3.20054 K
c0 + a0 * (std_at_rad * density) + a1 * (std_EA - (7.367719e-01*wtd_mean_EA)) + a2 * (range_at_rad * density) + a3 * cbrt(lambda) + a4 * (w_log / wtd_mean_at_mass)

