Commit: ac5ce3effde5dec1922a0476f389f7d8b9fd059a
Compiler: IntelLLVM version 2024.0.2
Compiler flags: -O3 -fp-model=precise -fiopenmp
time input_parsing: 0.0633991 s

Intel MKL ERROR: Parameter 5 was incorrect on entry to DGELS.

Intel MKL ERROR: Parameter 5 was incorrect on entry to DGELS.
Time to generate feat space: 7816.07 s
Projection time: 0.254888 s
Time to get best features on rank : 0.0040462 s
|---Complete final combination/selection from all ranks: 0.018867 s
Time for SIS: 0.327 s
Time for l0-norm: 0.01913 s
Projection time: 0.273821 s
Time to get best features on rank : 0.00349808 s
|---Complete final combination/selection from all ranks: 0.0162661 s
Time for SIS: 0.343469 s
Time for l0-norm: 0.0112071 s
Projection time: 0.272456 s
Time to get best features on rank : 0.0027101 s
|---Complete final combination/selection from all ranks: 0.016777 s
Time for SIS: 0.342181 s
Time for l0-norm: 0.00676417 s
Projection time: 0.273002 s
Time to get best features on rank : 0.00316596 s
|---Complete final combination/selection from all ranks: 0.0179679 s
Time for SIS: 0.344598 s
Time for l0-norm: 0.167022 s
Projection time: 0.270665 s
Time to get best features on rank : 0.0030179 s
|---Complete final combination/selection from all ranks: 0.0161021 s
Time for SIS: 0.340371 s
Time for l0-norm: 13.2839 s
Train RMSE: 3.52977 K; Test RMSE: 6.77091 K
c0 + a0 * ((((wtd_mean_IP-6.774937e+00) / (mean_at_mass-1.665248e+01))+2.194667e-02) * (((lambda-3.567595e-01) * (mean_EA-1.411210e-01))+1.662472e-01))

Train RMSE: 2.44047 K; Test RMSE: 1.87561 K
c0 + a0 * ((((range_at_rad-6.184223e+01) / (lambda3-4.812370e-02))+5.017829e+02) * (((w_log-4.737960e+01) / (mean_IP-7.052171e+00))-1.267419e+01)) + a1 * ((((lambda4w_low-1.875258e+01) / (lambda-5.414296e-01))+5.955012e+01) * ((wtd_mean_at_mass + 1.745945e+00*w_log)-4.693694e+01))

Train RMSE: 1.74731 K; Test RMSE: 2.86106 K
c0 + a0 * (((wtd_mean_ThermalCond-3.500256e+01) / (wtd_mean_PE-1.692984e+00)) + 3.484949e+01*((range_EA+3.625930e+00) / (wtd_mean_PE-2.390785e+00))) + a1 * (((std_ThermalCond-2.115853e+03) / (wtd_mean_ThermalCond-1.050062e+02)) + 2.271161e+00*((wtd_range_EA-1.164524e+00) / (lambda3-4.844712e-02))) + a2 * ((((wtd_mean_at_mass-2.987715e+01) / (mean_at_mass-1.761881e+01))+3.406640e-01) * ((wtd_mean_IP + 1.016876e+00*lambda)-8.636752e+00))

Train RMSE: 1.31022 K; Test RMSE: 2.94532 K
c0 + a0 * ((((range_IP-4.868433e+01) / (lambda3-6.247614e-01))+3.063703e+01) * (((wtd_range_IP-3.173355e+01) / (wtd_mean_at_mass-5.303145e+01))-1.548166e+01)) + a1 * (((wtd_mean_ThermalCond-3.500256e+01) / (wtd_mean_PE-1.692984e+00)) + 3.484949e+01*((range_EA+3.625930e+00) / (wtd_mean_PE-2.390785e+00))) + a2 * (((std_ThermalCond-2.115853e+03) / (wtd_mean_ThermalCond-1.050062e+02)) + 2.271161e+00*((wtd_range_EA-1.164524e+00) / (lambda3-4.844712e-02))) + a3 * ((((wtd_mean_at_mass-2.987715e+01) / (mean_at_mass-1.761881e+01))+3.406640e-01) * ((wtd_mean_IP + 1.016876e+00*lambda)-8.636752e+00))

Train RMSE: 0.993756 K; Test RMSE: 2.33403 K
c0 + a0 * (((std_at_rad-9.707620e+01) / (mean_PE-2.075290e+00)) + 9.400425e-05*((bulk_mod+1.372923e+08) / (lambda3-6.299419e-01))) + a1 * ((((wtd_mean_at_rad-3.135619e-01) * (wtd_mean_at_mass-2.224909e+00))-1.075970e+02) * (((wtd_mean_EA+1.007230e+01) / (lambda3-1.639995e-01))+9.681359e+00)) + a2 * (((wtd_mean_ThermalCond-3.500256e+01) / (wtd_mean_PE-1.692984e+00)) + 3.484949e+01*((range_EA+3.625930e+00) / (wtd_mean_PE-2.390785e+00))) + a3 * (((range_ThermalCond+2.477689e+03) / (wtd_mean_ThermalCond-1.050344e+02)) + 1.290709e+00*((wtd_mean_EA+6.415588e-02) / (lambda3-4.763201e-02))) + a4 * ((((wtd_mean_at_mass-2.987715e+01) / (mean_at_mass-1.761881e+01))+3.406640e-01) * ((wtd_mean_IP + 1.016876e+00*lambda)-8.636752e+00))

