Commit: ac5ce3effde5dec1922a0476f389f7d8b9fd059a
Compiler: IntelLLVM version 2024.0.2
Compiler flags: -O3 -fp-model=precise -fiopenmp
time input_parsing: 0.0620801 s
Time to generate feat space: 1044.64 s
Projection time: 0.0807371 s
Time to get best features on rank : 0.00011301 s
|---Complete final combination/selection from all ranks: 0.0219691 s
Time for SIS: 0.117858 s
Time for l0-norm: 0.0255542 s
Projection time: 0.0757742 s
Time to get best features on rank : 8.89301e-05 s
|---Complete final combination/selection from all ranks: 0.016701 s
Time for SIS: 0.106024 s
Time for l0-norm: 0.010967 s
Projection time: 0.088732 s
Time to get best features on rank : 0.00125003 s
|---Complete final combination/selection from all ranks: 0.0160611 s
Time for SIS: 0.119489 s
Time for l0-norm: 0.00914001 s
Projection time: 0.0769489 s
Time to get best features on rank : 9.39369e-05 s
|---Complete final combination/selection from all ranks: 0.0169299 s
Time for SIS: 0.107854 s
Time for l0-norm: 0.164019 s
Projection time: 0.081512 s
Time to get best features on rank : 0.000101089 s
|---Complete final combination/selection from all ranks: 0.0166109 s
Time for SIS: 0.111996 s
Time for l0-norm: 13.3776 s
Train RMSE: 3.41966 K; Test RMSE: 2.79109 K
c0 + a0 * (((lambda-1.332056e+01) / (mean_IP+1.592771e+00)) - (7.900491e+00*((std_EA+2.700508e-01) / (mean_at_mass-1.858745e+01))))

Train RMSE: 2.25907 K; Test RMSE: 3.07337 K
c0 + a0 * (((mean_IP+6.847818e+01) / (lambda3-4.781981e-02)) - (5.713813e+00*((bulk_mod-1.328682e+02) / (mean_IP-7.049704e+00)))) + a1 * (((wtd_mean_IP+3.676246e+00) * (lambda+1.475015e+01)) - (7.848035e-01*((wtd_std_PE-6.938023e-01) / (mean_at_rad-1.123885e+00))))

Train RMSE: 1.55148 K; Test RMSE: 3.78001 K
c0 + a0 * (((L_avg+1.951053e+00)^6) - (9.333779e+02*((std_ThermalCond-1.037274e+01) / (wtd_mean_at_rad-1.129620e+00)))) + a1 * (((mean_IP+6.847818e+01) / (lambda3-4.781981e-02)) - (5.713813e+00*((bulk_mod-1.328682e+02) / (mean_IP-7.049704e+00)))) + a2 * (((wtd_mean_IP+1.343292e+00) * (lambda+9.441798e+00)) - (1.937782e+00*((wtd_mean_at_rad-1.415355e+00) / (wtd_mean_EA-1.811332e-01))))

Train RMSE: 1.24066 K; Test RMSE: 4.13668 K
c0 + a0 * (((range_at_rad-1.239575e+01) / (mean_PE-2.019051e+00)) - (4.572264e+00*((mean_at_rad-2.133766e+00) * (bulk_mod-4.051335e+01)))) + a1 * (((L_avg+1.951053e+00)^6) - (9.333779e+02*((std_ThermalCond-1.037274e+01) / (wtd_mean_at_rad-1.129620e+00)))) + a2 * (((mean_IP+6.847818e+01) / (lambda3-4.781981e-02)) - (5.713813e+00*((bulk_mod-1.328682e+02) / (mean_IP-7.049704e+00)))) + a3 * (((wtd_mean_IP+1.343292e+00) * (lambda+9.441798e+00)) - (1.937782e+00*((wtd_mean_at_rad-1.415355e+00) / (wtd_mean_EA-1.811332e-01))))

Train RMSE: 0.955041 K; Test RMSE: 4.53272 K
c0 + a0 * ((range_PE - (1.742938e+00*wtd_range_at_rad)) * cos(lambda3)) + a1 * ((mean_at_mass - (2.544151e+00*bulk_mod)) - (1.821987e+00*((wtd_std_ThermalCond-9.939931e+00) / (wtd_mean_at_rad-1.128978e+00)))) + a2 * (((range_IP+6.655424e+01) / (mean_EA-1.126208e+00)) - (1.032284e+01*((wtd_range_ThermalCond+1.331598e+02) / (mean_IP-9.894945e+00)))) + a3 * (((mean_IP+6.847818e+01) / (lambda3-4.781981e-02)) - (5.713813e+00*((bulk_mod-1.328682e+02) / (mean_IP-7.049704e+00)))) + a4 * (((wtd_mean_IP+1.343292e+00) * (lambda+9.441798e+00)) - (1.937782e+00*((wtd_mean_at_rad-1.415355e+00) / (wtd_mean_EA-1.811332e-01))))

