Commit: ac5ce3effde5dec1922a0476f389f7d8b9fd059a
Compiler: IntelLLVM version 2024.0.2
Compiler flags: -O3 -fp-model=precise -fiopenmp
time input_parsing: 0.054708 s
Time to generate feat space: 0.720621 s
Projection time: 0.134855 s
Time to get best features on rank : 0.000784874 s
|---Complete final combination/selection from all ranks: 0.012723 s
Time for SIS: 0.156222 s
Time for l0-norm: 0.0224869 s
Projection time: 0.00146103 s
Time to get best features on rank : 0.000197172 s
|---Complete final combination/selection from all ranks: 0.0088892 s
Time for SIS: 0.0118201 s
Time for l0-norm: 0.00678515 s
Projection time: 0.002038 s
Time to get best features on rank : 5.10216e-05 s
|---Complete final combination/selection from all ranks: 0.048346 s
Time for SIS: 0.051544 s
Time for l0-norm: 0.00564814 s
Projection time: 0.00511718 s
Time to get best features on rank : 5.79357e-05 s
|---Complete final combination/selection from all ranks: 0.00770807 s
Time for SIS: 0.0139852 s
Time for l0-norm: 0.162336 s
Projection time: 0.00364399 s
Time to get best features on rank : 5.19753e-05 s
|---Complete final combination/selection from all ranks: 0.00804186 s
Time for SIS: 0.0129628 s
Time for l0-norm: 13.605 s
Train RMSE: 5.14845 K; Test RMSE: 3.98093 K
c0 + a0 * (lambda * w_log)

Train RMSE: 4.04198 K; Test RMSE: 2.70571 K
c0 + a0 * ln(lambda) + a1 * (w_log / mean_at_mass)

Train RMSE: 3.79327 K; Test RMSE: 6.23555 K
c0 + a0 * ln(lambda3) + a1 * (w_log / density) + a2 * (mean_at_rad / wtd_mean_at_mass)

Train RMSE: 3.3982 K; Test RMSE: 2.64396 K
c0 + a0 * (range_at_rad * wtd_range_at_mass) + a1 * (|std_EA - wtd_mean_EA|) + a2 * ln(lambda) + a3 * (w_log / wtd_mean_at_mass)

Train RMSE: 2.97216 K; Test RMSE: 4.54413 K
c0 + a0 * (wtd_mean_EA * V_molar) + a1 * (wtd_range_PE * wtd_std_EA) + a2 * (|std_EA - wtd_mean_IP|) + a3 * cbrt(lambda) + a4 * (w_log / wtd_mean_at_mass)

