Commit: ac5ce3effde5dec1922a0476f389f7d8b9fd059a
Compiler: IntelLLVM version 2024.0.2
Compiler flags: -O3 -fp-model=precise -fiopenmp
time input_parsing: 0.05337 s
Time to generate feat space: 0.814784 s
Projection time: 0.117077 s
Time to get best features on rank : 0.000214815 s
|---Complete final combination/selection from all ranks: 0.0135908 s
Time for SIS: 0.136556 s
Time for l0-norm: 0.029249 s
Projection time: 0.00137901 s
Time to get best features on rank : 8.91685e-05 s
|---Complete final combination/selection from all ranks: 0.00913095 s
Time for SIS: 0.0126801 s
Time for l0-norm: 0.00925899 s
Projection time: 0.004246 s
Time to get best features on rank : 4.29153e-05 s
|---Complete final combination/selection from all ranks: 0.0507941 s
Time for SIS: 0.056113 s
Time for l0-norm: 0.00807309 s
Projection time: 0.00632691 s
Time to get best features on rank : 4.69685e-05 s
|---Complete final combination/selection from all ranks: 0.00755501 s
Time for SIS: 0.0149901 s
Time for l0-norm: 0.161613 s
Projection time: 0.00303102 s
Time to get best features on rank : 4.91142e-05 s
|---Complete final combination/selection from all ranks: 0.00916195 s
Time for SIS: 0.0133159 s
Time for l0-norm: 13.0358 s
Train RMSE: 5.12072 K; Test RMSE: 4.35138 K
c0 + a0 * (lambda * w_log)

Train RMSE: 3.97692 K; Test RMSE: 3.40801 K
c0 + a0 * ln(lambda) + a1 * (w_log / mean_at_mass)

Train RMSE: 3.71539 K; Test RMSE: 3.02979 K
c0 + a0 * (wtd_mean_EA * wtd_range_at_mass) + a1 * cbrt(lambda) + a2 * (w_log / wtd_mean_at_mass)

Train RMSE: 3.36918 K; Test RMSE: 2.9322 K
c0 + a0 * (|std_EA - wtd_mean_EA|) + a1 * (range_at_rad * density) + a2 * ln(lambda) + a3 * (w_log / wtd_mean_at_mass)

Train RMSE: 3.08748 K; Test RMSE: 2.77151 K
c0 + a0 * (wtd_mean_IP + 5.601685e-02*V_molar) + a1 * (wtd_range_PE * wtd_std_EA) + a2 * (wtd_mean_EA + 6.125868e-03*wtd_range_at_mass) + a3 * cbrt(lambda) + a4 * (w_log / wtd_mean_at_mass)

