Commit: ac5ce3effde5dec1922a0476f389f7d8b9fd059a
Compiler: IntelLLVM version 2024.0.2
Compiler flags: -O3 -fp-model=precise -fiopenmp
time input_parsing: 0.0453699 s
Time to generate feat space: 3056.2 s
Projection time: 0.157366 s
Time to get best features on rank : 0.00226998 s
|---Complete final combination/selection from all ranks: 0.0168231 s
Time for SIS: 0.211757 s
Time for l0-norm: 0.0176589 s
Projection time: 0.170214 s
Time to get best features on rank : 0.000226021 s
|---Complete final combination/selection from all ranks: 0.0149431 s
Time for SIS: 0.216885 s
Time for l0-norm: 0.00605106 s
Projection time: 0.176672 s
Time to get best features on rank : 0.000298977 s
|---Complete final combination/selection from all ranks: 0.0162499 s
Time for SIS: 0.224529 s
Time for l0-norm: 0.00746393 s
Projection time: 0.170535 s
Time to get best features on rank : 0.000354052 s
|---Complete final combination/selection from all ranks: 0.0167639 s
Time for SIS: 0.219265 s
Time for l0-norm: 0.166862 s
Projection time: 0.168786 s
Time to get best features on rank : 0.000112057 s
|---Complete final combination/selection from all ranks: 0.0154841 s
Time for SIS: 0.216354 s
Time for l0-norm: 13.257 s
Train RMSE: 2.77684 K; Test RMSE: 6.80206 K
c0 + a0 * (((wtd_mean_IP-9.372062e-01) * (lambda+7.374787e+00)) - (1.139639e+00*((wtd_mean_PE-2.330574e+00) / (mean_at_rad-1.120901e+00))))

Train RMSE: 1.79882 K; Test RMSE: 6.84236 K
c0 + a0 * (((range_IP-5.906885e+01) / (lambda3-4.781428e-02)) + 3.408964e+02*((std_PE-1.183378e+00) / (wtd_mean_at_rad-1.145840e+00))) + a1 * (((wtd_mean_IP-9.372062e-01) * (lambda+7.374787e+00)) - (1.139639e+00*((wtd_mean_PE-2.330574e+00) / (mean_at_rad-1.120901e+00))))

Train RMSE: 1.32185 K; Test RMSE: 7.45198 K
c0 + a0 * ((range_ThermalCond + 1.541764e+02*wtd_mean_EA) + 3.450711e+01*((L_avg-4.031956e+00) / (density-7.630320e+00))) + a1 * (((wtd_range_IP-1.741451e+01) / (lambda3-4.779395e-02)) - (9.293232e+01*((L_avg-3.076744e+00) / (wtd_mean_at_rad-1.132970e+00)))) + a2 * (((lambda-2.208962e+01) / (mean_IP+3.569261e+00)) - (4.073666e-01*((std_PE-8.321793e-01) / (density-2.594500e+00))))

Train RMSE: 1.04049 K; Test RMSE: 7.41291 K
c0 + a0 * ((1.0 / (density-1.198205e+01)) + 1.553978e+00*((range_EA-3.828347e-01) * (L_avg-4.506093e+00))) + a1 * ((range_ThermalCond + 1.541764e+02*wtd_mean_EA) + 3.450711e+01*((L_avg-4.031956e+00) / (density-7.630320e+00))) + a2 * (((wtd_range_IP-1.741451e+01) / (lambda3-4.779395e-02)) - (9.293232e+01*((L_avg-3.076744e+00) / (wtd_mean_at_rad-1.132970e+00)))) + a3 * (((lambda-2.208962e+01) / (mean_IP+3.569261e+00)) - (4.073666e-01*((std_PE-8.321793e-01) / (density-2.594500e+00))))

Train RMSE: 0.820992 K; Test RMSE: 6.75429 K
c0 + a0 * (((wtd_range_ThermalCond+9.088343e+00) * (range_at_mass-2.349548e+01)) - (4.600646e-02*((wtd_range_ThermalCond-4.310957e+03) / (density-1.123728e+01)))) + a1 * (((range_IP+1.021915e+01) / (density-1.204398e+01)) + 5.300187e-06*((wtd_std_ThermalCond-3.903023e+05) / (L_avg-2.758635e+00))) + a2 * ((range_ThermalCond + 1.541764e+02*wtd_mean_EA) + 3.450711e+01*((L_avg-4.031956e+00) / (density-7.630320e+00))) + a3 * (((wtd_range_IP-1.741451e+01) / (lambda3-4.779395e-02)) - (9.293232e+01*((L_avg-3.076744e+00) / (wtd_mean_at_rad-1.132970e+00)))) + a4 * (((lambda-1.123488e+01) / (mean_IP-2.104874e+00)) + 4.599985e-05*((range_EA+7.517861e+03) / (density-2.610128e+00)))

