Commit: ac5ce3effde5dec1922a0476f389f7d8b9fd059a
Compiler: IntelLLVM version 2024.0.2
Compiler flags: -O3 -fp-model=precise -fiopenmp
time input_parsing: 0.0570769 s
Time to generate feat space: 954.7 s
Projection time: 0.0720642 s
Time to get best features on rank : 0.000279903 s
|---Complete final combination/selection from all ranks: 0.019119 s
Time for SIS: 0.109787 s
Time for l0-norm: 0.0185411 s
Projection time: 0.0721159 s
Time to get best features on rank : 0.000486851 s
|---Complete final combination/selection from all ranks: 0.0165639 s
Time for SIS: 0.101144 s
Time for l0-norm: 0.00718212 s
Projection time: 0.0799029 s
Time to get best features on rank : 0.000469923 s
|---Complete final combination/selection from all ranks: 0.0152061 s
Time for SIS: 0.107785 s
Time for l0-norm: 0.0077219 s
Projection time: 0.074939 s
Time to get best features on rank : 0.00050807 s
|---Complete final combination/selection from all ranks: 0.0165949 s
Time for SIS: 0.104431 s
Time for l0-norm: 0.16659 s
Projection time: 0.077673 s
Time to get best features on rank : 0.000290871 s
|---Complete final combination/selection from all ranks: 0.0155952 s
Time for SIS: 0.106002 s
Time for l0-norm: 13.2662 s
Train RMSE: 3.34432 K; Test RMSE: 3.65323 K
c0 + a0 * ((wtd_mean_IP + 8.397652e-01*lambda) + 1.098555e+00*((V_molar-3.775207e+01) / (wtd_mean_at_mass-1.627784e+01)))

Train RMSE: 2.22833 K; Test RMSE: 3.10437 K
c0 + a0 * ((1.0 / (lambda3-4.737230e-02)) + 1.203699e+01*((wtd_range_ThermalCond+1.877778e+00) / (wtd_mean_at_mass-9.945989e+01))) + a1 * ((mean_IP + 7.260373e-01*lambda) + 1.891562e+00*((V_molar-1.975241e+01) / (mean_at_mass-1.778935e+01)))

Train RMSE: 1.60701 K; Test RMSE: 3.07856 K
c0 + a0 * (((w_log+3.631204e+03) / (lambda4w_low-1.186626e+02)) + 2.980162e-02*((range_ThermalCond-6.629146e+02) / (mean_PE-2.410375e+00))) + a1 * ((1.0 / (lambda3-4.737230e-02)) + 1.203699e+01*((wtd_range_ThermalCond+1.877778e+00) / (wtd_mean_at_mass-9.945989e+01))) + a2 * ((mean_IP + 7.260373e-01*lambda) + 1.891562e+00*((V_molar-1.975241e+01) / (mean_at_mass-1.778935e+01)))

Train RMSE: 1.25395 K; Test RMSE: 3.3336 K
c0 + a0 * ((exp(1.018885e+00*L_avg)) + 1.002115e+02*((range_PE-4.306187e-01) / (wtd_mean_at_rad-1.178141e+00))) + a1 * (((std_at_mass+1.189046e+02) / (wtd_mean_PE-2.406135e+00)) + 2.475316e-04*((V_molar-6.071995e+05) / (lambda3-6.218404e-01))) + a2 * ((1.0 / (lambda3-4.737230e-02)) + 1.203699e+01*((wtd_range_ThermalCond+1.877778e+00) / (wtd_mean_at_mass-9.945989e+01))) + a3 * ((wtd_mean_IP + 1.504381e+00*lambda) + 2.927370e-05*((bulk_mod+5.542078e+05) / (wtd_mean_at_mass-1.492351e+01)))

Train RMSE: 0.963044 K; Test RMSE: 2.95985 K
c0 + a0 * ((wtd_range_at_rad / w_log) / (std_at_rad + 8.382062e-01*lambda3)) + a1 * ((exp(1.018885e+00*L_avg)) + 1.002115e+02*((range_PE-4.306187e-01) / (wtd_mean_at_rad-1.178141e+00))) + a2 * (((std_ThermalCond-1.143750e+02) / (wtd_mean_PE-2.410253e+00)) + 3.042595e+00*(1.0 / (wtd_mean_PE-1.858134e+00))) + a3 * ((1.0 / (lambda3-4.737230e-02)) + 1.203699e+01*((wtd_range_ThermalCond+1.877778e+00) / (wtd_mean_at_mass-9.945989e+01))) + a4 * ((mean_IP + 7.260373e-01*lambda) + 1.891562e+00*((V_molar-1.975241e+01) / (mean_at_mass-1.778935e+01)))

