Commit: ac5ce3effde5dec1922a0476f389f7d8b9fd059a
Compiler: IntelLLVM version 2024.0.2
Compiler flags: -O3 -fp-model=precise -fiopenmp
time input_parsing: 0.0989609 s
Time to generate feat space: 960.309 s
Projection time: 0.06775 s
Time to get best features on rank : 0.000672102 s
|---Complete final combination/selection from all ranks: 0.0179291 s
Time for SIS: 0.110822 s
Time for l0-norm: 0.0265601 s
Projection time: 0.0764041 s
Time to get best features on rank : 0.000643969 s
|---Complete final combination/selection from all ranks: 0.016515 s
Time for SIS: 0.105826 s
Time for l0-norm: 0.00916505 s
Projection time: 0.077389 s
Time to get best features on rank : 0.000560045 s
|---Complete final combination/selection from all ranks: 0.0179021 s
Time for SIS: 0.108108 s
Time for l0-norm: 0.00753379 s
Projection time: 0.074883 s
Time to get best features on rank : 0.000531197 s
|---Complete final combination/selection from all ranks: 0.0161569 s
Time for SIS: 0.104105 s
Time for l0-norm: 0.167847 s
Projection time: 0.07284 s
Time to get best features on rank : 0.000478029 s
|---Complete final combination/selection from all ranks: 0.015568 s
Time for SIS: 0.101393 s
Time for l0-norm: 13.3435 s
Train RMSE: 3.11606 K; Test RMSE: 14.0857 K
c0 + a0 * (((wtd_mean_IP+2.184174e+00) * (lambda+1.232341e+01)) - (8.076369e+00*(1.0 / (w_log-3.480113e+01))))

Train RMSE: 2.11884 K; Test RMSE: 14.1003 K
c0 + a0 * (((L_avg+7.584232e+01) / (mean_IP-1.004652e+01)) - (6.028876e+02*((wtd_range_at_rad-2.280610e+00) / (wtd_mean_at_mass-9.996144e+01)))) + a1 * (((std_IP-1.929980e+01) / (lambda3-4.756278e-02)) - (1.700216e+02*((mean_IP-2.900202e+01) * (lambda-3.139448e+01))))

Train RMSE: 1.61424 K; Test RMSE: 13.4849 K
c0 + a0 * (((wtd_std_at_rad-2.932437e-02) / (lambda3-1.970631e-01)) - (3.596597e+02*(sin(1.538990e+02*wtd_std_PE+1.286189e-01)))) + a1 * (((range_at_rad-5.208280e+00) / (wtd_mean_at_mass-1.000672e+02)) - (1.246566e+00*((wtd_std_EA-3.486120e-01) / (L_avg-2.648484e+00)))) + a2 * (((wtd_mean_IP+3.249827e+02) * (lambda+4.236413e+02)) - (5.412103e-01*((lambda4w_low+1.065699e+00) / (lambda3-4.811595e-02))))

Train RMSE: 1.30275 K; Test RMSE: 13.7006 K
c0 + a0 * ((1.0 / (density-1.187484e+01)) - (1.235066e+01*((mean_EA+2.666990e-01) / (L_avg-1.041923e+01)))) + a1 * (((wtd_std_at_rad-2.932437e-02) / (lambda3-1.970631e-01)) - (3.596597e+02*(sin(1.538990e+02*wtd_std_PE+1.286189e-01)))) + a2 * (((range_at_rad-5.208280e+00) / (wtd_mean_at_mass-1.000672e+02)) - (1.246566e+00*((wtd_std_EA-3.486120e-01) / (L_avg-2.648484e+00)))) + a3 * (((std_IP-1.929980e+01) / (lambda3-4.756278e-02)) - (1.700216e+02*((mean_IP-2.900202e+01) * (lambda-3.139448e+01))))

Train RMSE: 1.01559 K; Test RMSE: 14.1926 K
c0 + a0 * (((w_log+1.341535e+02) / (V_molar-5.076133e+00)) - (8.171532e+01*(sin(-6.456262e+01*wtd_range_PE+1.904218e+00)))) + a1 * ((1.0 / (density-1.187484e+01)) - (1.235066e+01*((mean_EA+2.666990e-01) / (L_avg-1.041923e+01)))) + a2 * (((wtd_std_at_rad-2.932437e-02) / (lambda3-1.970631e-01)) - (3.596597e+02*(sin(1.538990e+02*wtd_std_PE+1.286189e-01)))) + a3 * (((range_at_rad-5.208280e+00) / (wtd_mean_at_mass-1.000672e+02)) - (1.246566e+00*((wtd_std_EA-3.486120e-01) / (L_avg-2.648484e+00)))) + a4 * (((std_IP-1.929980e+01) / (lambda3-4.756278e-02)) - (1.700216e+02*((mean_IP-2.900202e+01) * (lambda-3.139448e+01))))

