Commit: ac5ce3effde5dec1922a0476f389f7d8b9fd059a
Compiler: IntelLLVM version 2024.0.2
Compiler flags: -O3 -fp-model=precise -fiopenmp
time input_parsing: 0.0545759 s
Time to generate feat space: 1019.15 s
Projection time: 0.0796869 s
Time to get best features on rank : 0.000799179 s
|---Complete final combination/selection from all ranks: 0.0168061 s
Time for SIS: 0.114596 s
Time for l0-norm: 0.018292 s
Projection time: 0.0854151 s
Time to get best features on rank : 0.000491858 s
|---Complete final combination/selection from all ranks: 0.0158541 s
Time for SIS: 0.115037 s
Time for l0-norm: 0.00691605 s
Projection time: 0.0843232 s
Time to get best features on rank : 0.000670195 s
|---Complete final combination/selection from all ranks: 0.0133829 s
Time for SIS: 0.111587 s
Time for l0-norm: 0.00859785 s
Projection time: 0.081707 s
Time to get best features on rank : 0.000626087 s
|---Complete final combination/selection from all ranks: 0.0161719 s
Time for SIS: 0.112007 s
Time for l0-norm: 0.166284 s
Projection time: 0.0806091 s
Time to get best features on rank : 0.000347853 s
|---Complete final combination/selection from all ranks: 0.015682 s
Time for SIS: 0.110269 s
Time for l0-norm: 13.2214 s
Train RMSE: 2.77684 K; Test RMSE: 6.80206 K
c0 + a0 * (((wtd_mean_IP-9.372062e-01) * (lambda+7.374787e+00)) - (1.139639e+00*((wtd_mean_PE-2.330574e+00) / (mean_at_rad-1.120901e+00))))

Train RMSE: 1.90522 K; Test RMSE: 6.5951 K
c0 + a0 * (((wtd_mean_IP+5.925972e+01) / (lambda3-4.803434e-02)) - (6.216695e+01*((mean_ThermalCond-2.266980e+01) / (wtd_mean_IP-8.845491e+00)))) + a1 * (((wtd_mean_IP+3.901520e+00) * (lambda+1.686163e+01)) - (1.110130e+03*((wtd_mean_PE-1.812385e+00) / (mean_at_mass-1.749069e+01))))

Train RMSE: 1.38033 K; Test RMSE: 7.29143 K
c0 + a0 * ((range_PE - (3.825167e+00*wtd_std_at_rad)) * (mean_EA^3)) + a1 * (((wtd_mean_at_rad-4.299198e+01) / (lambda3-4.782046e-02)) - (7.438928e+00*((wtd_range_ThermalCond-1.336274e+00) / (wtd_mean_at_rad-1.126580e+00)))) + a2 * (((wtd_mean_IP+3.901520e+00) * (lambda+1.686163e+01)) - (1.110130e+03*((wtd_mean_PE-1.812385e+00) / (mean_at_mass-1.749069e+01))))

Train RMSE: 1.0994 K; Test RMSE: 8.06114 K
c0 + a0 * (((wtd_range_at_mass-2.480024e+01) / (lambda3-4.782577e-01)) - (3.764662e+02*(cbrt(wtd_range_ThermalCond+1.158329e+02)))) + a1 * ((range_PE - (3.825167e+00*wtd_std_at_rad)) * (mean_ThermalCond * wtd_range_at_rad)) + a2 * (((wtd_mean_at_rad-4.299198e+01) / (lambda3-4.782046e-02)) - (7.438928e+00*((wtd_range_ThermalCond-1.336274e+00) / (wtd_mean_at_rad-1.126580e+00)))) + a3 * (((wtd_mean_IP+3.901520e+00) * (lambda+1.686163e+01)) - (1.110130e+03*((wtd_mean_PE-1.812385e+00) / (mean_at_mass-1.749069e+01))))

Train RMSE: 0.89029 K; Test RMSE: 7.40041 K
c0 + a0 * (((wtd_mean_at_rad+8.664830e+01) * (range_at_mass-4.025486e+04)) - (4.352910e+01*((wtd_range_at_mass-3.692733e+01) / (lambda3-4.963414e-01)))) + a1 * (((wtd_range_PE-1.503899e-01) * (wtd_mean_at_mass-9.972409e+01)) - (7.245559e-01*((wtd_range_ThermalCond-2.436884e+01) / (mean_PE-2.540090e+00)))) + a2 * ((range_PE - (3.825167e+00*wtd_std_at_rad)) * (mean_ThermalCond * wtd_range_at_rad)) + a3 * (((wtd_mean_at_rad-4.299198e+01) / (lambda3-4.782046e-02)) - (7.438928e+00*((wtd_range_ThermalCond-1.336274e+00) / (wtd_mean_at_rad-1.126580e+00)))) + a4 * (((wtd_mean_IP+3.901520e+00) * (lambda+1.686163e+01)) - (1.110130e+03*((wtd_mean_PE-1.812385e+00) / (mean_at_mass-1.749069e+01))))

