Commit: ac5ce3effde5dec1922a0476f389f7d8b9fd059a
Compiler: IntelLLVM version 2024.0.2
Compiler flags: -O3 -fp-model=precise -fiopenmp
time input_parsing: 0.079601 s
Time to generate feat space: 2.54917 s
Projection time: 0.124854 s
Time to get best features on rank : 6.00815e-05 s
|---Complete final combination/selection from all ranks: 0.011976 s
Time for SIS: 0.146137 s
Time for l0-norm: 0.034255 s
Projection time: 0.004884 s
Time to get best features on rank : 6.19888e-05 s
|---Complete final combination/selection from all ranks: 0.050091 s
Time for SIS: 0.05651 s
Time for l0-norm: 0.00536299 s
Projection time: 0.00644088 s
Time to get best features on rank : 5.29289e-05 s
|---Complete final combination/selection from all ranks: 0.00871801 s
Time for SIS: 0.0164979 s
Time for l0-norm: 0.00764394 s
Projection time: 0.00645804 s
Time to get best features on rank : 6.98566e-05 s
|---Complete final combination/selection from all ranks: 0.00868487 s
Time for SIS: 0.0165908 s
Time for l0-norm: 0.162808 s
Projection time: 0.012785 s
Time to get best features on rank : 5.60284e-05 s
|---Complete final combination/selection from all ranks: 0.00795412 s
Time for SIS: 0.0221 s
Time for l0-norm: 13.5453 s
Train RMSE: 4.91366 K; Test RMSE: 6.85452 K
c0 + a0 * ((w_log-4.299936e+00) * (lambda4w_low-2.020694e+01))

Train RMSE: 3.47457 K; Test RMSE: 5.92559 K
c0 + a0 * ((w_log+4.738563e+01) * (lambda-2.641453e-01)) + a1 * (w_log^2)

Train RMSE: 3.14565 K; Test RMSE: 6.12841 K
c0 + a0 * (|range_EA - mean_EA|) + a1 * ((w_log+4.738563e+01) * (lambda-2.641453e-01)) + a2 * (w_log^2)

Train RMSE: 2.81496 K; Test RMSE: 7.80678 K
c0 + a0 * (|range_at_mass - mean_at_mass|) + a1 * ((range_EA-3.003350e-01) * (wtd_range_IP-2.263473e+00)) + a2 * ((w_log-4.299936e+00) * (lambda4w_low-2.020694e+01)) + a3 * (w_log / mean_at_mass)

Train RMSE: 2.52375 K; Test RMSE: 6.72828 K
c0 + a0 * (std_ThermalCond - (2.542402e+00*V_molar)) + a1 * (|range_EA - mean_EA|) + a2 * (wtd_range_at_mass * bulk_mod) + a3 * ((w_log+4.738563e+01) * (lambda-2.641453e-01)) + a4 * (w_log / wtd_mean_at_mass)

