Commit: ac5ce3effde5dec1922a0476f389f7d8b9fd059a
Compiler: IntelLLVM version 2024.0.2
Compiler flags: -O3 -fp-model=precise -fiopenmp
time input_parsing: 0.0587051 s
Time to generate feat space: 3035.8 s
Projection time: 0.157442 s
Time to get best features on rank : 0.00162792 s
|---Complete final combination/selection from all ranks: 0.01899 s
Time for SIS: 0.215932 s
Time for l0-norm: 0.0259471 s
Projection time: 0.168254 s
Time to get best features on rank : 0.0014801 s
|---Complete final combination/selection from all ranks: 0.016644 s
Time for SIS: 0.216107 s
Time for l0-norm: 0.00692105 s
Projection time: 0.172065 s
Time to get best features on rank : 0.00153112 s
|---Complete final combination/selection from all ranks: 0.017293 s
Time for SIS: 0.220734 s
Time for l0-norm: 0.009619 s
Projection time: 0.168706 s
Time to get best features on rank : 0.00134015 s
|---Complete final combination/selection from all ranks: 0.016701 s
Time for SIS: 0.217131 s
Time for l0-norm: 0.167966 s
Projection time: 0.169196 s
Time to get best features on rank : 0.00175285 s
|---Complete final combination/selection from all ranks: 0.0146179 s
Time for SIS: 0.215185 s
Time for l0-norm: 13.2974 s
Train RMSE: 3.49003 K; Test RMSE: 1.91814 K
c0 + a0 * ((wtd_mean_IP + 5.569206e-01*lambda) - (4.838148e+01*((mean_PE-1.595066e+00) / (mean_at_mass-1.783072e+01))))

Train RMSE: 2.38021 K; Test RMSE: 1.79714 K
c0 + a0 * (((std_at_rad-3.058198e-01) / (wtd_mean_at_mass-9.985190e+01)) - (3.871051e-02*((std_at_rad-2.860294e-01) / (V_molar-2.190366e+01)))) + a1 * ((wtd_mean_IP + 5.569206e-01*lambda) - (4.838148e+01*((mean_PE-1.595066e+00) / (mean_at_mass-1.783072e+01))))

Train RMSE: 1.84878 K; Test RMSE: 1.91519 K
c0 + a0 * (((wtd_mean_ThermalCond-1.000814e+02) / (mean_at_rad-1.404271e+00)) + 1.416138e+00*((range_ThermalCond-1.507793e+02) / (wtd_mean_PE-2.390707e+00))) + a1 * (((std_at_rad-3.058198e-01) / (wtd_mean_at_mass-9.985190e+01)) - (3.871051e-02*((std_at_rad-2.860294e-01) / (V_molar-2.190366e+01)))) + a2 * (((wtd_mean_IP+3.420071e+01) / (lambda-7.926604e+01)) + 8.303522e-01*((wtd_mean_PE-1.830528e+00) / (mean_at_mass-1.741863e+01)))

Train RMSE: 1.39201 K; Test RMSE: 1.16687 K
c0 + a0 * ((1.0 / (lambda3-5.115033e-01)) + 9.612290e+01*(cos(5.036035e+00*lambda3-7.598983e-01))) + a1 * (((wtd_mean_ThermalCond-1.000814e+02) / (mean_at_rad-1.404271e+00)) + 1.416138e+00*((range_ThermalCond-1.507793e+02) / (wtd_mean_PE-2.390707e+00))) + a2 * (((std_at_rad-3.058198e-01) / (wtd_mean_at_mass-9.985190e+01)) - (3.871051e-02*((std_at_rad-2.860294e-01) / (V_molar-2.190366e+01)))) + a3 * (((wtd_mean_IP+3.420071e+01) / (lambda-7.926604e+01)) + 8.303522e-01*((wtd_mean_PE-1.830528e+00) / (mean_at_mass-1.741863e+01)))

Train RMSE: 0.96174 K; Test RMSE: 3.75216 K
c0 + a0 * ((wtd_mean_EA - (2.551694e-02*wtd_std_at_mass)) * (std_at_rad - wtd_range_at_rad)) + a1 * (((L_avg+2.248731e+01) / (mean_PE-2.402293e+00)) + 6.958148e+00*((range_PE+2.627200e+00) / (wtd_mean_IP-7.161504e+00))) + a2 * (((std_PE-3.268040e-01) / (mean_at_rad-1.177643e+00)) + 6.190616e-01*((range_ThermalCond-3.596336e+00) * (std_at_rad-3.934769e-01))) + a3 * (((w_log+5.265042e+01) / (lambda3-4.802172e-02)) - (1.842651e+02*((range_EA+5.602279e+02) / (wtd_mean_at_mass-9.862142e+01)))) + a4 * (((wtd_mean_IP+3.420071e+01) / (lambda-7.926604e+01)) + 8.303522e-01*((wtd_mean_PE-1.830528e+00) / (mean_at_mass-1.741863e+01)))

