Commit: ac5ce3effde5dec1922a0476f389f7d8b9fd059a
Compiler: IntelLLVM version 2024.0.2
Compiler flags: -O3 -fp-model=precise -fiopenmp
time input_parsing: 0.0517271 s
Time to generate feat space: 2.53001 s
Projection time: 0.153984 s
Time to get best features on rank : 5.50747e-05 s
|---Complete final combination/selection from all ranks: 0.0581331 s
Time for SIS: 0.214666 s
Time for l0-norm: 0.029882 s
Projection time: 0.00493002 s
Time to get best features on rank : 0.00159001 s
|---Complete final combination/selection from all ranks: 0.00911808 s
Time for SIS: 0.016923 s
Time for l0-norm: 0.00787783 s
Projection time: 0.00874901 s
Time to get best features on rank : 5.29289e-05 s
|---Complete final combination/selection from all ranks: 0.00855899 s
Time for SIS: 0.0185871 s
Time for l0-norm: 0.006675 s
Projection time: 0.00508618 s
Time to get best features on rank : 6.48499e-05 s
|---Complete final combination/selection from all ranks: 0.00882983 s
Time for SIS: 0.0153491 s
Time for l0-norm: 0.16275 s
Projection time: 0.00695515 s
Time to get best features on rank : 5.29289e-05 s
|---Complete final combination/selection from all ranks: 0.00843406 s
Time for SIS: 0.016753 s
Time for l0-norm: 13.2024 s
Train RMSE: 5.14845 K; Test RMSE: 3.98093 K
c0 + a0 * (lambda * w_log)

Train RMSE: 3.90547 K; Test RMSE: 2.80506 K
c0 + a0 * (w_log / mean_at_mass) + a1 * ((lambda-2.606461e-01) * (w_log+5.718208e+01))

Train RMSE: 3.68283 K; Test RMSE: 3.04743 K
c0 + a0 * ((wtd_mean_at_mass+2.420534e+01) * (wtd_mean_IP-4.810704e+00)) + a1 * (w_log / mean_at_mass) + a2 * ((lambda-2.606461e-01) * (w_log+5.718208e+01))

Train RMSE: 3.30722 K; Test RMSE: 2.84813 K
c0 + a0 * ((range_at_rad-2.905475e-01) * (range_at_mass-3.950827e+01)) + a1 * (|std_EA - wtd_mean_EA|) + a2 * ln(lambda3) + a3 * (w_log / mean_at_mass)

Train RMSE: 3.01568 K; Test RMSE: 2.53158 K
c0 + a0 * ((mean_at_mass-2.873911e+01) * (wtd_mean_IP-5.893660e+00)) + a1 * (std_at_rad - (5.107109e-01*range_at_rad)) + a2 * (std_EA - (5.736019e-01*wtd_mean_EA)) + a3 * (w_log / mean_at_mass) + a4 * ((lambda-2.606461e-01) * (w_log+5.718208e+01))

