Commit: ac5ce3effde5dec1922a0476f389f7d8b9fd059a
Compiler: IntelLLVM version 2024.0.2
Compiler flags: -O3 -fp-model=precise -fiopenmp
time input_parsing: 0.133246 s
Time to generate feat space: 1.2673 s
Projection time: 0.0901361 s
Time to get best features on rank : 0.00100112 s
|---Complete final combination/selection from all ranks: 0.01227 s
Time for SIS: 0.109618 s
Time for l0-norm: 0.0285609 s
Projection time: 0.00393701 s
Time to get best features on rank : 4.88758e-05 s
|---Complete final combination/selection from all ranks: 0.049144 s
Time for SIS: 0.0543451 s
Time for l0-norm: 0.005862 s
Projection time: 0.00468302 s
Time to get best features on rank : 4.50611e-05 s
|---Complete final combination/selection from all ranks: 0.00782585 s
Time for SIS: 0.0136189 s
Time for l0-norm: 0.00581002 s
Projection time: 0.00346422 s
Time to get best features on rank : 5.4121e-05 s
|---Complete final combination/selection from all ranks: 0.0076468 s
Time for SIS: 0.0121999 s
Time for l0-norm: 0.162861 s
Projection time: 0.004848 s
Time to get best features on rank : 5.00679e-05 s
|---Complete final combination/selection from all ranks: 0.0086441 s
Time for SIS: 0.014751 s
Time for l0-norm: 12.9648 s
Train RMSE: 5.1067 K; Test RMSE: 4.34466 K
c0 + a0 * (lambda * w_log)

Train RMSE: 4.04137 K; Test RMSE: 3.47702 K
c0 + a0 * ln(lambda) + a1 * (w_log / density)

Train RMSE: 3.73366 K; Test RMSE: 5.51355 K
c0 + a0 * (std_EA / wtd_mean_at_mass) + a1 * (mean_EA * lambda) + a2 * (w_log / density)

Train RMSE: 3.36631 K; Test RMSE: 3.17754 K
c0 + a0 * (range_at_rad * wtd_mean_at_mass) + a1 * (std_EA - (7.367719e-01*wtd_mean_EA)) + a2 * cbrt(lambda) + a3 * (w_log / wtd_mean_at_mass)

Train RMSE: 3.03667 K; Test RMSE: 3.20054 K
c0 + a0 * (std_at_rad * density) + a1 * (std_EA - (7.367719e-01*wtd_mean_EA)) + a2 * (range_at_rad * density) + a3 * cbrt(lambda) + a4 * (w_log / wtd_mean_at_mass)

