Commit: ac5ce3effde5dec1922a0476f389f7d8b9fd059a
Compiler: IntelLLVM version 2024.0.2
Compiler flags: -O3 -fp-model=precise -fiopenmp
time input_parsing: 0.0606561 s
Time to generate feat space: 1.83642 s
Projection time: 0.094892 s
Time to get best features on rank : 5.6982e-05 s
|---Complete final combination/selection from all ranks: 0.0125699 s
Time for SIS: 0.113474 s
Time for l0-norm: 0.029691 s
Projection time: 0.012068 s
Time to get best features on rank : 5.38826e-05 s
|---Complete final combination/selection from all ranks: 0.00854802 s
Time for SIS: 0.021867 s
Time for l0-norm: 0.00609303 s
Projection time: 0.00571394 s
Time to get best features on rank : 0.00101304 s
|---Complete final combination/selection from all ranks: 0.0414901 s
Time for SIS: 0.0493391 s
Time for l0-norm: 0.00718284 s
Projection time: 0.00679684 s
Time to get best features on rank : 8.79765e-05 s
|---Complete final combination/selection from all ranks: 0.00824594 s
Time for SIS: 0.016283 s
Time for l0-norm: 0.162951 s
Projection time: 0.00457907 s
Time to get best features on rank : 6.19888e-05 s
|---Complete final combination/selection from all ranks: 0.00896215 s
Time for SIS: 0.014751 s
Time for l0-norm: 12.9741 s
Train RMSE: 4.58917 K; Test RMSE: 7.42169 K
c0 + a0 * ((w_log-9.971599e+01) * (wtd_mean_at_rad-1.225902e+00))

Train RMSE: 3.30795 K; Test RMSE: 6.93898 K
c0 + a0 * (w_log / wtd_mean_at_mass) + a1 * ((lambda-2.176712e-01) * (w_log+5.660591e+01))

Train RMSE: 2.97382 K; Test RMSE: 7.73416 K
c0 + a0 * ((density-4.558620e+00) * (wtd_mean_IP-6.639097e+00)) + a1 * (w_log / density) + a2 * ((lambda4w_low-2.329548e+01) * (w_log-4.272643e+00))

Train RMSE: 2.75722 K; Test RMSE: 6.78951 K
c0 + a0 * ((lambda-2.176712e-01) * (w_log+5.660591e+01)) + a1 * (w_log^2) + a2 * ((range_ThermalCond-1.651043e+01) * (w_log-5.595315e+01)) + a3 * ((w_log-1.657201e+01) * (std_ThermalCond+5.725789e+00))

Train RMSE: 2.47882 K; Test RMSE: 6.83626 K
c0 + a0 * ((wtd_range_PE-9.287086e-01) * (wtd_std_IP-3.460278e-02)) + a1 * ((range_EA+2.358211e+00) * (V_molar-5.813187e+01)) + a2 * ((density-4.558620e+00) * (wtd_mean_IP-6.639097e+00)) + a3 * (w_log / density) + a4 * ((lambda4w_low-2.329548e+01) * (w_log-4.272643e+00))

