Commit: ac5ce3effde5dec1922a0476f389f7d8b9fd059a
Compiler: IntelLLVM version 2024.0.2
Compiler flags: -O3 -fp-model=precise -fiopenmp
time input_parsing: 0.100415 s
Time to generate feat space: 1036.67 s
Projection time: 0.0793219 s
Time to get best features on rank : 0.000113964 s
|---Complete final combination/selection from all ranks: 0.019603 s
Time for SIS: 0.116406 s
Time for l0-norm: 0.01847 s
Projection time: 0.0875471 s
Time to get best features on rank : 0.000109911 s
|---Complete final combination/selection from all ranks: 0.0179219 s
Time for SIS: 0.119821 s
Time for l0-norm: 0.0069952 s
Projection time: 0.0812452 s
Time to get best features on rank : 0.000100851 s
|---Complete final combination/selection from all ranks: 0.015928 s
Time for SIS: 0.111995 s
Time for l0-norm: 0.00675797 s
Projection time: 0.079257 s
Time to get best features on rank : 9.01222e-05 s
|---Complete final combination/selection from all ranks: 0.015275 s
Time for SIS: 0.109644 s
Time for l0-norm: 0.167622 s
Projection time: 0.0815339 s
Time to get best features on rank : 9.58443e-05 s
|---Complete final combination/selection from all ranks: 0.0169861 s
Time for SIS: 0.113262 s
Time for l0-norm: 13.3361 s
Train RMSE: 3.35821 K; Test RMSE: 7.07454 K
c0 + a0 * (((wtd_mean_EA-5.502563e-01) / (density-8.165405e+00)) + 2.715092e-02*((range_ThermalCond-9.386275e+01) / (mean_at_mass-1.725162e+01)))

Train RMSE: 2.37936 K; Test RMSE: 3.20049 K
c0 + a0 * (((lambda+9.770017e+01) / (wtd_mean_at_rad-1.284057e+00)) + 5.419961e+01*((mean_at_mass-5.481728e+01) / (mean_IP-7.081631e+00))) + a1 * (((std_at_rad-8.659532e-01) / (L_avg-3.215343e+00)) + 1.171724e+00*((mean_IP+1.661845e+00) * (lambda+5.338613e+00)))

Train RMSE: 1.76147 K; Test RMSE: 4.67732 K
c0 + a0 * (((wtd_range_at_rad+9.580287e+01) / (wtd_mean_PE-2.399553e+00)) + 1.336946e+02*((mean_at_rad-2.312805e+00) / (lambda3-6.284250e-01))) + a1 * (((lambda+9.770017e+01) / (wtd_mean_at_rad-1.284057e+00)) + 5.419961e+01*((mean_at_mass-5.481728e+01) / (mean_IP-7.081631e+00))) + a2 * (((wtd_range_at_rad-2.901461e-01) / (wtd_mean_EA-1.872572e-01)) + 3.382892e+00*((lambda-3.647826e+00) / (mean_IP-5.122187e+00)))

Train RMSE: 1.34357 K; Test RMSE: 5.03196 K
c0 + a0 * (((wtd_range_ThermalCond-4.063048e+01) / (wtd_mean_PE-2.413092e+00)) + 1.348405e-01*((wtd_mean_ThermalCond+6.026299e+02) / (density-1.210506e+01))) + a1 * (((std_ThermalCond-6.445891e+01) / (mean_IP-7.022190e+00)) + 3.379302e+02*((wtd_mean_at_rad-1.945284e+00) / (L_avg-7.049699e+00))) + a2 * (((range_IP+1.031947e+02) / (lambda3-4.786824e-02)) + 1.360001e+00*((bulk_mod-2.671881e+02) / (wtd_mean_at_rad-1.505049e+00))) + a3 * ((mean_IP + 1.158287e+00*lambda) + 6.664749e-02*((mean_at_mass-2.031141e+01) / (density-2.675859e+00)))

Train RMSE: 1.04784 K; Test RMSE: 4.95459 K
c0 + a0 * (((std_ThermalCond-9.462828e+01) / (mean_at_rad-1.208536e+00)) + 1.378808e+01*((range_ThermalCond-1.040486e+02) * (wtd_mean_EA+1.721207e-01))) + a1 * (((L_avg-1.080551e+01) / (density-1.201916e+01)) + 3.823253e-01*((wtd_std_PE+3.640832e+00) / (wtd_mean_PE-2.392690e+00))) + a2 * (((std_ThermalCond-6.445891e+01) / (mean_IP-7.022190e+00)) + 3.379302e+02*((wtd_mean_at_rad-1.945284e+00) / (L_avg-7.049699e+00))) + a3 * (((range_IP+1.031947e+02) / (lambda3-4.786824e-02)) + 1.360001e+00*((bulk_mod-2.671881e+02) / (wtd_mean_at_rad-1.505049e+00))) + a4 * ((mean_IP + 1.158287e+00*lambda) + 6.664749e-02*((mean_at_mass-2.031141e+01) / (density-2.675859e+00)))

