Commit: ac5ce3effde5dec1922a0476f389f7d8b9fd059a
Compiler: IntelLLVM version 2024.0.2
Compiler flags: -O3 -fp-model=precise -fiopenmp
time input_parsing: 0.0590351 s
Time to generate feat space: 2844.91 s
Projection time: 0.149888 s
Time to get best features on rank : 0.00177312 s
|---Complete final combination/selection from all ranks: 0.0674059 s
Time for SIS: 0.252342 s
Time for l0-norm: 0.0178211 s
Projection time: 0.160343 s
Time to get best features on rank : 0.000984192 s
|---Complete final combination/selection from all ranks: 0.0157881 s
Time for SIS: 0.205204 s
Time for l0-norm: 0.00720286 s
Projection time: 0.16504 s
Time to get best features on rank : 0.00203705 s
|---Complete final combination/selection from all ranks: 0.0150659 s
Time for SIS: 0.209646 s
Time for l0-norm: 0.00784183 s
Projection time: 0.158462 s
Time to get best features on rank : 0.001513 s
|---Complete final combination/selection from all ranks: 0.016362 s
Time for SIS: 0.20412 s
Time for l0-norm: 0.166855 s
Projection time: 0.160237 s
Time to get best features on rank : 0.00177693 s
|---Complete final combination/selection from all ranks: 0.0177071 s
Time for SIS: 0.20743 s
Time for l0-norm: 13.3181 s
Train RMSE: 3.28398 K; Test RMSE: 3.56 K
c0 + a0 * (((wtd_mean_IP-1.448789e+00) * (lambda+7.988651e+00)) - (3.808897e-01*((L_avg-2.570127e+00) / (mean_at_rad-1.126964e+00))))

Train RMSE: 2.11703 K; Test RMSE: 3.3294 K
c0 + a0 * (((density+6.673039e+01) / (lambda3-4.791485e-02)) + 1.623033e+03*((wtd_range_at_mass-3.672798e+01) / (wtd_mean_at_mass-9.941565e+01))) + a1 * ((wtd_mean_IP + 6.180404e-01*lambda) - (6.177765e+01*((mean_PE-1.777621e+00) / (mean_at_mass-1.715717e+01))))

Train RMSE: 1.58433 K; Test RMSE: 3.01992 K
c0 + a0 * ((mean_EA - (8.357830e-03*wtd_mean_at_mass)) * (mean_ThermalCond * wtd_std_at_rad)) + a1 * (((density+6.673039e+01) / (lambda3-4.791485e-02)) + 1.623033e+03*((wtd_range_at_mass-3.672798e+01) / (wtd_mean_at_mass-9.941565e+01))) + a2 * (((wtd_mean_IP-1.448789e+00) * (lambda+7.988651e+00)) - (3.808897e-01*((L_avg-2.570127e+00) / (mean_at_rad-1.126964e+00))))

Train RMSE: 1.25067 K; Test RMSE: 50.7069 K
c0 + a0 * (((std_ThermalCond-4.716447e+00) / (wtd_mean_at_rad-1.106937e+00)) + 4.327661e-01*((wtd_range_IP+6.618513e+00) * (mean_at_mass+1.266304e+02))) + a1 * ((mean_EA - (8.357830e-03*wtd_mean_at_mass)) * (wtd_mean_ThermalCond * wtd_std_at_rad)) + a2 * (((density+6.673039e+01) / (lambda3-4.791485e-02)) + 1.623033e+03*((wtd_range_at_mass-3.672798e+01) / (wtd_mean_at_mass-9.941565e+01))) + a3 * (((wtd_mean_IP-1.448789e+00) * (lambda+7.988651e+00)) - (3.808897e-01*((L_avg-2.570127e+00) / (mean_at_rad-1.126964e+00))))

Train RMSE: 1.03153 K; Test RMSE: 53.0313 K
c0 + a0 * (((mean_IP-7.193022e+00) / (wtd_mean_IP-7.123002e+00)) - (9.532349e-01*((wtd_mean_PE+2.881500e+00) * (mean_at_rad+8.875801e-01)))) + a1 * (((std_ThermalCond-4.716447e+00) / (wtd_mean_at_rad-1.106937e+00)) + 4.327661e-01*((wtd_range_IP+6.618513e+00) * (mean_at_mass+1.266304e+02))) + a2 * ((mean_EA - (8.357830e-03*wtd_mean_at_mass)) * (wtd_mean_ThermalCond * wtd_std_at_rad)) + a3 * (((density+6.673039e+01) / (lambda3-4.791485e-02)) + 1.623033e+03*((wtd_range_at_mass-3.672798e+01) / (wtd_mean_at_mass-9.941565e+01))) + a4 * (((wtd_mean_IP-1.448789e+00) * (lambda+7.988651e+00)) - (3.808897e-01*((L_avg-2.570127e+00) / (mean_at_rad-1.126964e+00))))

