Commit: ac5ce3effde5dec1922a0476f389f7d8b9fd059a
Compiler: IntelLLVM version 2024.0.2
Compiler flags: -O3 -fp-model=precise -fiopenmp
time input_parsing: 0.0441952 s
Time to generate feat space: 7600.72 s
Projection time: 0.244601 s
Time to get best features on rank : 0.00311589 s
|---Complete final combination/selection from all ranks: 0.0198941 s
Time for SIS: 0.31898 s
Time for l0-norm: 0.023773 s
Projection time: 0.260927 s
Time to get best features on rank : 0.00349808 s
|---Complete final combination/selection from all ranks: 0.0162921 s
Time for SIS: 0.32963 s
Time for l0-norm: 0.00700688 s
Projection time: 0.265754 s
Time to get best features on rank : 0.00338006 s
|---Complete final combination/selection from all ranks: 0.0167682 s
Time for SIS: 0.335052 s
Time for l0-norm: 0.00682306 s
Projection time: 0.261229 s
Time to get best features on rank : 0.00342488 s
|---Complete final combination/selection from all ranks: 0.0181239 s
Time for SIS: 0.332191 s
Time for l0-norm: 0.167847 s
Projection time: 0.25631 s
Time to get best features on rank : 0.000118017 s
|---Complete final combination/selection from all ranks: 0.0143671 s
Time for SIS: 0.320421 s
Time for l0-norm: 12.9651 s
Train RMSE: 3.2299 K; Test RMSE: 7.72281 K
c0 + a0 * ((((lambda-1.687240e-01) / (mean_at_mass-1.668695e+01))-1.579902e-03) * (((std_EA+4.823516e+01) / (lambda4w_low-5.264143e+00))-1.317123e+00))

Train RMSE: 2.1712 K; Test RMSE: 4.88532 K
c0 + a0 * (((mean_ThermalCond+4.772804e+01) * (mean_IP-7.808613e+00)) - (1.836979e+00*((bulk_mod-2.262238e+02) / (wtd_mean_at_mass-9.918721e+01)))) + a1 * (((lambda-1.803362e-01) / (lambda4w_low-5.098696e+00)) - (2.765111e+00*((lambda-3.916732e-01) / (wtd_mean_at_mass-1.459442e+01))))

Train RMSE: 1.57491 K; Test RMSE: 4.73601 K
c0 + a0 * (((wtd_range_ThermalCond+1.334375e+03) * (wtd_mean_IP-1.782001e+01)) - (2.457105e+03*(cos(5.196980e+00*lambda3-8.230093e-01)))) + a1 * (((wtd_range_at_mass+3.708944e+01) / (wtd_mean_PE-2.419373e+00)) - (1.717001e+02*((lambda-6.568251e+00) / (wtd_mean_at_mass-9.960458e+01)))) + a2 * (((wtd_std_at_mass-3.295590e+02) / (density-2.661278e+00)) - (1.057179e+00*((lambda4w_low-3.925920e+01) / (lambda-3.645603e-01))))

Train RMSE: 1.0654 K; Test RMSE: 4.52364 K
c0 + a0 * (((range_EA-1.921366e+00) * (bulk_mod-6.791724e+02)) - (5.032484e+03*((L_avg-4.511139e+00) / (wtd_mean_at_mass-6.963293e+01)))) + a1 * ((((wtd_mean_at_mass+4.538983e+01) * (wtd_range_ThermalCond+4.757508e+01))-3.047344e+03) * (((w_log-1.288544e+02) / (L_avg-4.658900e+00))-1.308785e+02)) + a2 * (((wtd_range_at_mass+3.708944e+01) / (wtd_mean_PE-2.419373e+00)) - (1.717001e+02*((lambda-6.568251e+00) / (wtd_mean_at_mass-9.960458e+01)))) + a3 * (((wtd_std_at_mass-3.295590e+02) / (density-2.661278e+00)) - (1.057179e+00*((lambda4w_low-3.925920e+01) / (lambda-3.645603e-01))))

Train RMSE: 0.712701 K; Test RMSE: 3.53746 K
c0 + a0 * (((wtd_std_at_rad + 2.655750e+00*wtd_mean_at_rad)-3.738673e+00) * (((wtd_std_EA-4.823099e+00) * (L_avg-2.610158e+01))-9.543190e+01)) + a1 * ((((wtd_std_IP-3.162614e+01) / (lambda3-6.163835e-01))-1.054303e+02) * (((bulk_mod-4.183118e+01) / (mean_at_mass-5.917745e+01))+2.498775e+01)) + a2 * ((((wtd_mean_at_mass+4.538983e+01) * (wtd_range_ThermalCond+4.757508e+01))-3.047344e+03) * (((w_log-1.288544e+02) / (L_avg-4.658900e+00))-1.308785e+02)) + a3 * (((wtd_range_at_mass+3.708944e+01) / (wtd_mean_PE-2.419373e+00)) - (1.717001e+02*((lambda-6.568251e+00) / (wtd_mean_at_mass-9.960458e+01)))) + a4 * (((L_avg-9.605638e+01) / (density-2.667345e+00)) - (9.904154e-01*((lambda4w_low-4.033867e+01) / (lambda-3.646587e-01))))

