Commit: ac5ce3effde5dec1922a0476f389f7d8b9fd059a
Compiler: IntelLLVM version 2024.0.2
Compiler flags: -O3 -fp-model=precise -fiopenmp
time input_parsing: 0.0865788 s
Time to generate feat space: 0.78179 s
Projection time: 0.126166 s
Time to get best features on rank : 4.88758e-05 s
|---Complete final combination/selection from all ranks: 0.0118449 s
Time for SIS: 0.14599 s
Time for l0-norm: 0.0447581 s
Projection time: 0.00146079 s
Time to get best features on rank : 5.6982e-05 s
|---Complete final combination/selection from all ranks: 0.00899911 s
Time for SIS: 0.0116789 s
Time for l0-norm: 0.00822401 s
Projection time: 0.0040431 s
Time to get best features on rank : 5.10216e-05 s
|---Complete final combination/selection from all ranks: 0.050962 s
Time for SIS: 0.0560791 s
Time for l0-norm: 0.00633502 s
Projection time: 0.00274491 s
Time to get best features on rank : 4.79221e-05 s
|---Complete final combination/selection from all ranks: 0.00806189 s
Time for SIS: 0.0122101 s
Time for l0-norm: 0.163381 s
Projection time: 0.00299501 s
Time to get best features on rank : 5.38826e-05 s
|---Complete final combination/selection from all ranks: 0.0080812 s
Time for SIS: 0.0121551 s
Time for l0-norm: 12.9621 s
Train RMSE: 5.15793 K; Test RMSE: 3.57177 K
c0 + a0 * (lambda * w_log)

Train RMSE: 4.0051 K; Test RMSE: 3.56887 K
c0 + a0 * ln(lambda) + a1 * (w_log^2)

Train RMSE: 3.65868 K; Test RMSE: 4.0723 K
c0 + a0 * (wtd_mean_EA * wtd_range_at_mass) + a1 * ln(lambda) + a2 * (w_log / wtd_mean_at_mass)

Train RMSE: 3.34736 K; Test RMSE: 6.10066 K
c0 + a0 * (|wtd_range_IP - range_IP|) + a1 * ln(lambda) + a2 * (w_log / density) + a3 * (wtd_mean_at_rad / wtd_mean_at_mass)

Train RMSE: 3.07487 K; Test RMSE: 5.00009 K
c0 + a0 * (std_EA / V_molar) + a1 * (wtd_mean_IP * mean_at_rad) + a2 * (wtd_mean_EA * wtd_range_at_mass) + a3 * cbrt(lambda) + a4 * (w_log / wtd_mean_at_mass)

