Commit: ac5ce3effde5dec1922a0476f389f7d8b9fd059a
Compiler: IntelLLVM version 2024.0.2
Compiler flags: -O3 -fp-model=precise -fiopenmp
time input_parsing: 0.05338 s
Time to generate feat space: 2.69963 s
Projection time: 0.985228 s
Time to get best features on rank : 0.000490189 s
|---Complete final combination/selection from all ranks: 0.010555 s
Time for SIS: 1.00529 s
Time for l0-norm: 0.03023 s
Projection time: 0.00371909 s
Time to get best features on rank : 5.31673e-05 s
|---Complete final combination/selection from all ranks: 0.00850797 s
Time for SIS: 0.013592 s
Time for l0-norm: 0.00517511 s
Projection time: 0.00500417 s
Time to get best features on rank : 4.69685e-05 s
|---Complete final combination/selection from all ranks: 0.0418348 s
Time for SIS: 0.0480759 s
Time for l0-norm: 0.00586486 s
Projection time: 0.00637197 s
Time to get best features on rank : 6.50883e-05 s
|---Complete final combination/selection from all ranks: 0.00866795 s
Time for SIS: 0.0164089 s
Time for l0-norm: 0.161737 s
Projection time: 0.00585508 s
Time to get best features on rank : 5.29289e-05 s
|---Complete final combination/selection from all ranks: 0.00847006 s
Time for SIS: 0.015651 s
Time for l0-norm: 12.9736 s
Train RMSE: 4.63881 K; Test RMSE: 8.45681 K
c0 + a0 * (w_log / wtd_mean_at_mass)

Train RMSE: 3.80717 K; Test RMSE: 4.301 K
c0 + a0 * (w_log / mean_at_mass) + a1 * ((w_log+2.559610e+01) * (lambda-3.177754e-01))

Train RMSE: 3.52974 K; Test RMSE: 3.4066 K
c0 + a0 * (wtd_mean_IP + 2.246424e-01*V_molar) + a1 * (w_log^2) + a2 * ((w_log+2.559610e+01) * (lambda-3.177754e-01))

Train RMSE: 3.14275 K; Test RMSE: 7.85065 K
c0 + a0 * (|range_EA - mean_EA|) + a1 * (wtd_mean_IP * density) + a2 * (exp(-1.0 * lambda)) + a3 * (w_log / density)

Train RMSE: 2.94668 K; Test RMSE: 5.53557 K
c0 + a0 * (range_EA - wtd_mean_EA) + a1 * ((mean_at_mass+1.406328e+02) * (range_at_rad+2.054709e+00)) + a2 * ((mean_at_mass+1.486910e+02) * (std_at_rad+1.048188e+00)) + a3 * (exp(-1.0 * lambda)) + a4 * (w_log / mean_at_mass)

