Commit: ac5ce3effde5dec1922a0476f389f7d8b9fd059a
Compiler: IntelLLVM version 2024.0.2
Compiler flags: -O3 -fp-model=precise -fiopenmp
time input_parsing: 0.0647049 s
Time to generate feat space: 2.52115 s
Projection time: 0.1438 s
Time to get best features on rank : 0.000225067 s
|---Complete final combination/selection from all ranks: 0.013 s
Time for SIS: 0.165428 s
Time for l0-norm: 0.026221 s
Projection time: 0.00433588 s
Time to get best features on rank : 6.10352e-05 s
|---Complete final combination/selection from all ranks: 0.0425551 s
Time for SIS: 0.04848 s
Time for l0-norm: 0.00774002 s
Projection time: 0.00569582 s
Time to get best features on rank : 5.31673e-05 s
|---Complete final combination/selection from all ranks: 0.00821614 s
Time for SIS: 0.0152881 s
Time for l0-norm: 0.00684905 s
Projection time: 0.00596499 s
Time to get best features on rank : 6.69956e-05 s
|---Complete final combination/selection from all ranks: 0.00865412 s
Time for SIS: 0.016089 s
Time for l0-norm: 0.161778 s
Projection time: 0.00568914 s
Time to get best features on rank : 5.60284e-05 s
|---Complete final combination/selection from all ranks: 0.00800085 s
Time for SIS: 0.0151539 s
Time for l0-norm: 12.9214 s
Train RMSE: 4.91366 K; Test RMSE: 6.85452 K
c0 + a0 * ((lambda4w_low-2.020694e+01) * (w_log-4.299936e+00))

Train RMSE: 3.47457 K; Test RMSE: 5.92559 K
c0 + a0 * ((w_log+4.738563e+01) * (lambda-2.641453e-01)) + a1 * (w_log^2)

Train RMSE: 3.14565 K; Test RMSE: 6.12841 K
c0 + a0 * (|range_EA - mean_EA|) + a1 * ((w_log+4.738563e+01) * (lambda-2.641453e-01)) + a2 * (w_log^2)

Train RMSE: 2.81496 K; Test RMSE: 7.80678 K
c0 + a0 * (|range_at_mass - mean_at_mass|) + a1 * ((wtd_range_IP-2.263473e+00) * (range_EA-3.003350e-01)) + a2 * ((lambda4w_low-2.020694e+01) * (w_log-4.299936e+00)) + a3 * (w_log / mean_at_mass)

Train RMSE: 2.58272 K; Test RMSE: 6.84675 K
c0 + a0 * ((V_molar+1.226364e+02) * (std_ThermalCond-1.092122e+02)) + a1 * (|range_EA - mean_EA|) + a2 * (wtd_mean_PE * wtd_range_at_mass) + a3 * ((w_log+4.738563e+01) * (lambda-2.641453e-01)) + a4 * (w_log / wtd_mean_at_mass)

