Commit: ac5ce3effde5dec1922a0476f389f7d8b9fd059a
Compiler: IntelLLVM version 2024.0.2
Compiler flags: -O3 -fp-model=precise -fiopenmp
time input_parsing: 0.0561922 s
Time to generate feat space: 2.43467 s
Projection time: 0.0683701 s
Time to get best features on rank : 4.88758e-05 s
|---Complete final combination/selection from all ranks: 0.012152 s
Time for SIS: 0.0867312 s
Time for l0-norm: 0.026021 s
Projection time: 0.00460792 s
Time to get best features on rank : 5.98431e-05 s
|---Complete final combination/selection from all ranks: 0.0431659 s
Time for SIS: 0.049123 s
Time for l0-norm: 0.00522804 s
Projection time: 0.00636292 s
Time to get best features on rank : 5.00679e-05 s
|---Complete final combination/selection from all ranks: 0.00843811 s
Time for SIS: 0.0160379 s
Time for l0-norm: 0.00575709 s
Projection time: 0.00320506 s
Time to get best features on rank : 6.60419e-05 s
|---Complete final combination/selection from all ranks: 0.00855589 s
Time for SIS: 0.0131321 s
Time for l0-norm: 0.164495 s
Projection time: 0.00341702 s
Time to get best features on rank : 5.48363e-05 s
|---Complete final combination/selection from all ranks: 0.00806499 s
Time for SIS: 0.0128131 s
Time for l0-norm: 13.7215 s
Train RMSE: 4.91366 K; Test RMSE: 6.85452 K
c0 + a0 * ((w_log-4.299936e+00) * (lambda4w_low-2.020694e+01))

Train RMSE: 3.47457 K; Test RMSE: 5.92559 K
c0 + a0 * ((w_log+4.738563e+01) * (lambda-2.641453e-01)) + a1 * (w_log^2)

Train RMSE: 3.14565 K; Test RMSE: 6.12841 K
c0 + a0 * (|range_EA - mean_EA|) + a1 * ((w_log+4.738563e+01) * (lambda-2.641453e-01)) + a2 * (w_log^2)

Train RMSE: 2.81496 K; Test RMSE: 7.80678 K
c0 + a0 * (|range_at_mass - mean_at_mass|) + a1 * ((wtd_range_IP-2.263473e+00) * (range_EA-3.003350e-01)) + a2 * ((w_log-4.299936e+00) * (lambda4w_low-2.020694e+01)) + a3 * (w_log / mean_at_mass)

Train RMSE: 2.58272 K; Test RMSE: 6.84675 K
c0 + a0 * ((V_molar+1.226364e+02) * (std_ThermalCond-1.092122e+02)) + a1 * (|range_EA - mean_EA|) + a2 * (wtd_mean_PE * wtd_range_at_mass) + a3 * ((w_log+4.738563e+01) * (lambda-2.641453e-01)) + a4 * (w_log / wtd_mean_at_mass)

