Commit: ac5ce3effde5dec1922a0476f389f7d8b9fd059a
Compiler: IntelLLVM version 2024.0.2
Compiler flags: -O3 -fp-model=precise -fiopenmp
time input_parsing: 0.0463529 s
Time to generate feat space: 2.77129 s
Projection time: 0.153392 s
Time to get best features on rank : 0.000123978 s
|---Complete final combination/selection from all ranks: 0.014122 s
Time for SIS: 0.175202 s
Time for l0-norm: 0.027281 s
Projection time: 0.00268698 s
Time to get best features on rank : 6.10352e-05 s
|---Complete final combination/selection from all ranks: 0.00863791 s
Time for SIS: 0.012661 s
Time for l0-norm: 0.00555515 s
Projection time: 0.00508499 s
Time to get best features on rank : 5.19753e-05 s
|---Complete final combination/selection from all ranks: 0.042011 s
Time for SIS: 0.048327 s
Time for l0-norm: 0.0069921 s
Projection time: 0.00345588 s
Time to get best features on rank : 5.4121e-05 s
|---Complete final combination/selection from all ranks: 0.00853395 s
Time for SIS: 0.0133162 s
Time for l0-norm: 0.163031 s
Projection time: 0.00770903 s
Time to get best features on rank : 5.88894e-05 s
|---Complete final combination/selection from all ranks: 0.00788593 s
Time for SIS: 0.0168731 s
Time for l0-norm: 13.0278 s
Train RMSE: 4.75047 K; Test RMSE: 4.10295 K
c0 + a0 * ((lambda4w_low+7.672463e+01) * (w_log-4.255132e+00))

Train RMSE: 3.88001 K; Test RMSE: 3.68522 K
c0 + a0 * (w_log / wtd_mean_at_mass) + a1 * ((lambda-1.378528e-01) * (w_log+6.815725e+01))

Train RMSE: 3.61998 K; Test RMSE: 4.04725 K
c0 + a0 * (wtd_mean_EA * wtd_mean_at_mass) + a1 * (w_log / wtd_mean_at_mass) + a2 * ((lambda-1.378528e-01) * (w_log+6.815725e+01))

Train RMSE: 3.33856 K; Test RMSE: 3.59681 K
c0 + a0 * (wtd_mean_EA * wtd_range_at_mass) + a1 * ((std_EA+1.161619e-01) * (V_molar-4.793903e+01)) + a2 * (w_log / wtd_mean_at_mass) + a3 * ((lambda-1.378528e-01) * (w_log+6.815725e+01))

Train RMSE: 2.87467 K; Test RMSE: 3.15246 K
c0 + a0 * (wtd_range_PE * wtd_std_EA) + a1 * (wtd_mean_EA * V_molar) + a2 * ((range_at_mass-1.413308e+01) * (wtd_mean_IP-7.725467e+00)) + a3 * cbrt(lambda) + a4 * (w_log / wtd_mean_at_mass)

