Commit: ac5ce3effde5dec1922a0476f389f7d8b9fd059a
Compiler: IntelLLVM version 2024.0.2
Compiler flags: -O3 -fp-model=precise -fiopenmp
time input_parsing: 0.05689 s
Time to generate feat space: 1.97404 s
Projection time: 0.105183 s
Time to get best features on rank : 0.000135899 s
|---Complete final combination/selection from all ranks: 0.0130351 s
Time for SIS: 0.129107 s
Time for l0-norm: 0.0250251 s
Projection time: 0.00387907 s
Time to get best features on rank : 6.29425e-05 s
|---Complete final combination/selection from all ranks: 0.00865507 s
Time for SIS: 0.0139809 s
Time for l0-norm: 0.00693703 s
Projection time: 0.00461292 s
Time to get best features on rank : 0.00109482 s
|---Complete final combination/selection from all ranks: 0.0490692 s
Time for SIS: 0.0560172 s
Time for l0-norm: 0.00653481 s
Projection time: 0.004951 s
Time to get best features on rank : 5.6982e-05 s
|---Complete final combination/selection from all ranks: 0.00996685 s
Time for SIS: 0.0161951 s
Time for l0-norm: 0.164954 s
Projection time: 0.00234604 s
Time to get best features on rank : 6.38962e-05 s
|---Complete final combination/selection from all ranks: 0.00813699 s
Time for SIS: 0.0117018 s
Time for l0-norm: 13.689 s
Train RMSE: 5.15793 K; Test RMSE: 3.57177 K
c0 + a0 * (lambda * w_log)

Train RMSE: 3.9581 K; Test RMSE: 1.86415 K
c0 + a0 * ((w_log+5.496845e+01) * (lambda-1.781622e-01)) + a1 * (w_log / mean_at_mass)

Train RMSE: 3.65868 K; Test RMSE: 4.0723 K
c0 + a0 * (wtd_mean_EA * wtd_range_at_mass) + a1 * ln(lambda) + a2 * (w_log / wtd_mean_at_mass)

Train RMSE: 3.31581 K; Test RMSE: 3.34293 K
c0 + a0 * ((lambda-1.776871e-01) * (w_log+5.496887e+01)) + a1 * (w_log^2) + a2 * ((w_log-1.966117e+01) * (range_ThermalCond-1.499644e+01)) + a3 * (std_ThermalCond * w_log)

Train RMSE: 2.8429 K; Test RMSE: 9.16024 K
c0 + a0 * (wtd_range_PE * wtd_std_IP) + a1 * ((V_molar-1.705234e+01) * (range_at_mass-1.297567e+02)) + a2 * ((wtd_mean_at_mass+1.525741e+02) * (wtd_mean_IP-3.819578e+00)) + a3 * ln(lambda) + a4 * (w_log / mean_at_mass)

