Commit: ac5ce3effde5dec1922a0476f389f7d8b9fd059a
Compiler: IntelLLVM version 2024.0.2
Compiler flags: -O3 -fp-model=precise -fiopenmp
time input_parsing: 0.0589221 s
Time to generate feat space: 3.277 s
Projection time: 0.110966 s
Time to get best features on rank : 0.000169992 s
|---Complete final combination/selection from all ranks: 0.012948 s
Time for SIS: 0.130226 s
Time for l0-norm: 0.0297909 s
Projection time: 0.00444889 s
Time to get best features on rank : 5.48363e-05 s
|---Complete final combination/selection from all ranks: 0.0501201 s
Time for SIS: 0.0563979 s
Time for l0-norm: 0.013448 s
Projection time: 0.00661302 s
Time to get best features on rank : 5.10216e-05 s
|---Complete final combination/selection from all ranks: 0.00988102 s
Time for SIS: 0.017849 s
Time for l0-norm: 0.0060668 s
Projection time: 0.00530005 s
Time to get best features on rank : 0.00011301 s
|---Complete final combination/selection from all ranks: 0.00850105 s
Time for SIS: 0.015305 s
Time for l0-norm: 0.165543 s
Projection time: 0.0056169 s
Time to get best features on rank : 5.81741e-05 s
|---Complete final combination/selection from all ranks: 0.00872397 s
Time for SIS: 0.015758 s
Time for l0-norm: 13.2615 s
Train RMSE: 4.58917 K; Test RMSE: 7.42169 K
c0 + a0 * ((w_log-9.971599e+01) * (wtd_mean_at_rad-1.225902e+00))

Train RMSE: 3.30795 K; Test RMSE: 6.93898 K
c0 + a0 * (w_log / wtd_mean_at_mass) + a1 * ((lambda-2.176712e-01) * (w_log+5.660591e+01))

Train RMSE: 2.97382 K; Test RMSE: 7.73416 K
c0 + a0 * ((density-4.558620e+00) * (wtd_mean_IP-6.639097e+00)) + a1 * (w_log / density) + a2 * ((lambda4w_low-2.329548e+01) * (w_log-4.272643e+00))

Train RMSE: 2.7333 K; Test RMSE: 6.7408 K
c0 + a0 * (wtd_mean_IP * wtd_mean_at_mass) + a1 * (std_ThermalCond - (4.496838e-01*range_ThermalCond)) + a2 * (w_log / wtd_mean_at_mass) + a3 * ((lambda-2.176712e-01) * (w_log+5.660591e+01))

Train RMSE: 2.4476 K; Test RMSE: 6.44663 K
c0 + a0 * (range_ThermalCond + 4.395740e+01*wtd_mean_IP) + a1 * ((lambda-2.176712e-01) * (w_log+5.660591e+01)) + a2 * (w_log^2) + a3 * ((range_ThermalCond-1.651043e+01) * (w_log-5.595315e+01)) + a4 * ((w_log-1.657201e+01) * (std_ThermalCond+5.725789e+00))

