Commit: ac5ce3effde5dec1922a0476f389f7d8b9fd059a
Compiler: IntelLLVM version 2024.0.2
Compiler flags: -O3 -fp-model=precise -fiopenmp
time input_parsing: 0.060652 s
Time to generate feat space: 2.98654 s
Projection time: 0.0978751 s
Time to get best features on rank : 5.4121e-05 s
|---Complete final combination/selection from all ranks: 0.0121479 s
Time for SIS: 0.115935 s
Time for l0-norm: 0.027317 s
Projection time: 0.00429392 s
Time to get best features on rank : 0.000927925 s
|---Complete final combination/selection from all ranks: 0.00904417 s
Time for SIS: 0.0158038 s
Time for l0-norm: 0.00664997 s
Projection time: 0.00594211 s
Time to get best features on rank : 5.19753e-05 s
|---Complete final combination/selection from all ranks: 0.0493939 s
Time for SIS: 0.0567789 s
Time for l0-norm: 0.00735402 s
Projection time: 0.00591612 s
Time to get best features on rank : 6.98566e-05 s
|---Complete final combination/selection from all ranks: 0.00876307 s
Time for SIS: 0.0161769 s
Time for l0-norm: 0.163624 s
Projection time: 0.00553703 s
Time to get best features on rank : 5.48363e-05 s
|---Complete final combination/selection from all ranks: 0.00837183 s
Time for SIS: 0.015373 s
Time for l0-norm: 13.0487 s
Train RMSE: 4.63881 K; Test RMSE: 8.45681 K
c0 + a0 * (w_log / wtd_mean_at_mass)

Train RMSE: 3.80717 K; Test RMSE: 4.301 K
c0 + a0 * (w_log / mean_at_mass) + a1 * ((lambda-3.177754e-01) * (w_log+2.559610e+01))

Train RMSE: 3.52974 K; Test RMSE: 3.4066 K
c0 + a0 * (wtd_mean_IP + 2.246424e-01*V_molar) + a1 * (w_log^2) + a2 * ((lambda-3.177754e-01) * (w_log+2.559610e+01))

Train RMSE: 3.14275 K; Test RMSE: 7.85065 K
c0 + a0 * (|range_EA - mean_EA|) + a1 * (wtd_mean_IP * density) + a2 * (exp(-1.0 * lambda)) + a3 * (w_log / density)

Train RMSE: 2.94668 K; Test RMSE: 5.53557 K
c0 + a0 * (range_EA - wtd_mean_EA) + a1 * ((mean_at_mass+1.406328e+02) * (range_at_rad+2.054709e+00)) + a2 * ((mean_at_mass+1.486910e+02) * (std_at_rad+1.048188e+00)) + a3 * (exp(-1.0 * lambda)) + a4 * (w_log / mean_at_mass)

