Commit: ac5ce3effde5dec1922a0476f389f7d8b9fd059a
Compiler: IntelLLVM version 2024.0.2
Compiler flags: -O3 -fp-model=precise -fiopenmp
time input_parsing: 0.056906 s
Time to generate feat space: 1015.71 s
Projection time: 0.0756099 s
Time to get best features on rank : 0.000442028 s
|---Complete final combination/selection from all ranks: 0.0208008 s
Time for SIS: 0.117116 s
Time for l0-norm: 0.0223162 s
Projection time: 0.0775769 s
Time to get best features on rank : 0.000696898 s
|---Complete final combination/selection from all ranks: 0.0159001 s
Time for SIS: 0.107259 s
Time for l0-norm: 0.00639009 s
Projection time: 0.0776479 s
Time to get best features on rank : 0.000519037 s
|---Complete final combination/selection from all ranks: 0.0140929 s
Time for SIS: 0.105593 s
Time for l0-norm: 0.0065341 s
Projection time: 0.0769289 s
Time to get best features on rank : 0.000669956 s
|---Complete final combination/selection from all ranks: 0.0145638 s
Time for SIS: 0.105543 s
Time for l0-norm: 0.166352 s
Projection time: 0.079042 s
Time to get best features on rank : 0.000746965 s
|---Complete final combination/selection from all ranks: 0.0470579 s
Time for SIS: 0.140226 s
Time for l0-norm: 13.3362 s
Train RMSE: 3.39406 K; Test RMSE: 2.58394 K
c0 + a0 * (((wtd_mean_IP+3.059111e+00) * (lambda+9.054718e+00)) - (1.055738e+00*((lambda-9.654979e-02) / (mean_at_rad-1.129108e+00))))

Train RMSE: 2.31308 K; Test RMSE: 2.33524 K
c0 + a0 * (((range_at_rad+7.849685e+00) / (lambda3-4.787876e-02)) - (6.255647e+02*((wtd_mean_EA-6.997190e-01) / (mean_IP-7.035498e+00)))) + a1 * (((wtd_mean_IP+3.059111e+00) * (lambda+9.054718e+00)) - (1.055738e+00*((lambda-9.654979e-02) / (mean_at_rad-1.129108e+00))))

Train RMSE: 1.5652 K; Test RMSE: 2.35401 K
c0 + a0 * (((wtd_mean_at_rad+7.841458e+01) / (lambda-1.482323e+00)) - (4.961608e+01*((mean_ThermalCond-6.919237e+01) / (wtd_mean_IP-8.895880e+00)))) + a1 * (((range_at_rad+7.849685e+00) / (lambda3-4.787876e-02)) - (6.255647e+02*((wtd_mean_EA-6.997190e-01) / (mean_IP-7.035498e+00)))) + a2 * (((wtd_mean_IP+3.059111e+00) * (lambda+9.054718e+00)) - (1.055738e+00*((lambda-9.654979e-02) / (mean_at_rad-1.129108e+00))))

Train RMSE: 1.20195 K; Test RMSE: 3.01083 K
c0 + a0 * (((std_ThermalCond+3.773393e+01) / (lambda3-6.350463e-01)) - (4.946418e+02*(sin(-1.164107e+01*mean_PE-7.130774e-01)))) + a1 * (((wtd_mean_at_rad+7.841458e+01) / (lambda-1.482323e+00)) - (4.961608e+01*((mean_ThermalCond-6.919237e+01) / (wtd_mean_IP-8.895880e+00)))) + a2 * (((range_at_rad+7.849685e+00) / (lambda3-4.787876e-02)) - (6.255647e+02*((wtd_mean_EA-6.997190e-01) / (mean_IP-7.035498e+00)))) + a3 * (((wtd_mean_IP+3.059111e+00) * (lambda+9.054718e+00)) - (1.055738e+00*((lambda-9.654979e-02) / (mean_at_rad-1.129108e+00))))

Train RMSE: 1.00022 K; Test RMSE: 3.07466 K
c0 + a0 * ((range_ThermalCond * range_PE) / (wtd_mean_EA - (2.603337e+00*wtd_std_at_rad))) + a1 * ((wtd_range_at_rad - (5.316244e-01*range_at_rad)) * (range_at_mass * w_log)) + a2 * (((wtd_mean_at_rad+7.841458e+01) / (lambda-1.482323e+00)) - (4.961608e+01*((mean_ThermalCond-6.919237e+01) / (wtd_mean_IP-8.895880e+00)))) + a3 * (((range_at_rad+7.849685e+00) / (lambda3-4.787876e-02)) - (6.255647e+02*((wtd_mean_EA-6.997190e-01) / (mean_IP-7.035498e+00)))) + a4 * (((wtd_mean_IP+3.059111e+00) * (lambda+9.054718e+00)) - (1.055738e+00*((lambda-9.654979e-02) / (mean_at_rad-1.129108e+00))))

