Commit: ac5ce3effde5dec1922a0476f389f7d8b9fd059a
Compiler: IntelLLVM version 2024.0.2
Compiler flags: -O3 -fp-model=precise -fiopenmp
time input_parsing: 0.0574071 s
Time to generate feat space: 14143.5 s
Projection time: 0.410622 s
Time to get best features on rank : 0.00489211 s
|---Complete final combination/selection from all ranks: 0.016875 s
Time for SIS: 0.534536 s
Time for l0-norm: 0.018292 s
Projection time: 0.457849 s
Time to get best features on rank : 0.00399709 s
|---Complete final combination/selection from all ranks: 0.0163498 s
Time for SIS: 0.575763 s
Time for l0-norm: 0.00873303 s
Projection time: 0.456182 s
Time to get best features on rank : 0.00382495 s
|---Complete final combination/selection from all ranks: 0.0130639 s
Time for SIS: 0.5703 s
Time for l0-norm: 0.0103791 s
Projection time: 0.452956 s
Time to get best features on rank : 0.00358987 s
|---Complete final combination/selection from all ranks: 0.01738 s
Time for SIS: 0.572614 s
Time for l0-norm: 0.169068 s
Projection time: 0.456701 s
Time to get best features on rank : 0.00475001 s
|---Complete final combination/selection from all ranks: 0.0173941 s
Time for SIS: 0.576557 s
Time for l0-norm: 13.4937 s
Train RMSE: 3.35249 K
c0 + a0 * (((lambda-2.142274e+01) / (mean_IP+2.981637e+00)) - (1.017308e+01*((mean_PE-1.787970e+00) / (wtd_mean_at_mass-1.486209e+01))))

Train RMSE: 2.22775 K
c0 + a0 * ((((std_at_mass-3.432323e+01) / (mean_IP-7.046861e+00))+3.584773e+01) * (((wtd_range_IP+3.189924e+00) / (lambda3-4.774029e-02))+4.244362e+01)) + a1 * ((wtd_mean_IP + 6.140848e-01*lambda) - (6.261568e+01*((mean_PE-1.773813e+00) / (mean_at_mass-1.716509e+01))))

Train RMSE: 1.70459 K
c0 + a0 * ((((wtd_mean_EA+1.464711e-01) * (wtd_std_at_rad+2.913263e-01))-4.879453e-01) * (((mean_ThermalCond-8.939363e+01) / (L_avg-6.927178e-01))+1.350289e+01)) + a1 * ((((std_at_mass-3.432323e+01) / (mean_IP-7.046861e+00))+3.584773e+01) * (((wtd_range_IP+3.189924e+00) / (lambda3-4.774029e-02))+4.244362e+01)) + a2 * ((wtd_mean_IP + 6.140848e-01*lambda) - (6.261568e+01*((mean_PE-1.773813e+00) / (mean_at_mass-1.716509e+01))))

Train RMSE: 1.3386 K
c0 + a0 * (((range_at_mass-4.262704e+01) * (wtd_std_IP+1.025829e+00)) - (3.389628e+01*((std_ThermalCond-1.835232e+01) / (wtd_mean_at_mass-6.768650e+01)))) + a1 * ((((mean_EA+6.051425e-01) * (std_at_rad+5.002958e-01))-1.036214e+00) * (((w_log+6.734058e+02) * (wtd_mean_ThermalCond-1.464689e+02))+9.518734e+04)) + a2 * ((((std_at_mass-3.432323e+01) / (mean_IP-7.046861e+00))+3.584773e+01) * (((wtd_range_IP+3.189924e+00) / (lambda3-4.774029e-02))+4.244362e+01)) + a3 * ((wtd_mean_IP + 6.140848e-01*lambda) - (6.261568e+01*((mean_PE-1.773813e+00) / (mean_at_mass-1.716509e+01))))

Train RMSE: 0.968228 K
c0 + a0 * (((sin(-2.691487e+01*wtd_range_PE+5.484895e-01))-1.455608e-01) * (((wtd_mean_EA-1.372119e+00) * (V_molar-1.900691e+02))-1.227658e+02)) + a1 * (((range_at_mass-4.262704e+01) * (wtd_std_IP+1.025829e+00)) - (3.389628e+01*((std_ThermalCond-1.835232e+01) / (wtd_mean_at_mass-6.768650e+01)))) + a2 * ((((mean_EA+6.051425e-01) * (std_at_rad+5.002958e-01))-1.036214e+00) * (((w_log+6.734058e+02) * (wtd_mean_ThermalCond-1.464689e+02))+9.518734e+04)) + a3 * ((((std_at_mass-3.432323e+01) / (mean_IP-7.046861e+00))+3.584773e+01) * (((wtd_range_IP+3.189924e+00) / (lambda3-4.774029e-02))+4.244362e+01)) + a4 * ((wtd_mean_IP + 6.140848e-01*lambda) - (6.261568e+01*((mean_PE-1.773813e+00) / (mean_at_mass-1.716509e+01))))

