Commit: ac5ce3effde5dec1922a0476f389f7d8b9fd059a
Compiler: IntelLLVM version 2024.0.2
Compiler flags: -O3 -fp-model=precise -fiopenmp
time input_parsing: 0.0683959 s
Time to generate feat space: 1002.72 s
Projection time: 0.0777841 s
Time to get best features on rank : 0.000437975 s
|---Complete final combination/selection from all ranks: 0.018846 s
Time for SIS: 0.113038 s
Time for l0-norm: 0.0186961 s
Projection time: 0.0777409 s
Time to get best features on rank : 0.000668049 s
|---Complete final combination/selection from all ranks: 0.0167589 s
Time for SIS: 0.108159 s
Time for l0-norm: 0.00812507 s
Projection time: 0.077631 s
Time to get best features on rank : 0.000413179 s
|---Complete final combination/selection from all ranks: 0.0167441 s
Time for SIS: 0.107706 s
Time for l0-norm: 0.00632882 s
Projection time: 0.0776861 s
Time to get best features on rank : 0.000460148 s
|---Complete final combination/selection from all ranks: 0.016566 s
Time for SIS: 0.107834 s
Time for l0-norm: 0.16579 s
Projection time: 0.078239 s
Time to get best features on rank : 0.000445843 s
|---Complete final combination/selection from all ranks: 0.015022 s
Time for SIS: 0.106628 s
Time for l0-norm: 13.2267 s
Train RMSE: 3.52949 K; Test RMSE: 1.54089 K
c0 + a0 * (((wtd_mean_IP-1.261573e-02) * (lambda+8.767224e+00)) - (7.933564e-01*((wtd_std_PE-6.869228e-01) / (mean_at_rad-1.123287e+00))))

Train RMSE: 2.4791 K; Test RMSE: 1.30462 K
c0 + a0 * (((w_log+5.265042e+01) / (lambda3-4.802172e-02)) - (1.842651e+02*((range_EA+5.602279e+02) / (wtd_mean_at_mass-9.862142e+01)))) + a1 * (((wtd_mean_IP-1.261573e-02) * (lambda+8.767224e+00)) - (7.933564e-01*((wtd_std_PE-6.869228e-01) / (mean_at_rad-1.123287e+00))))

Train RMSE: 1.84385 K; Test RMSE: 1.60242 K
c0 + a0 * (((wtd_mean_PE+1.842231e+01) / (lambda3-4.781520e-02)) - (1.540558e+02*((range_PE-4.358799e-01) / (mean_at_rad-1.178499e+00)))) + a1 * ((wtd_range_EA / wtd_mean_ThermalCond) / (std_PE - (1.125818e-03*bulk_mod))) + a2 * (((lambda-5.380915e+01) / (mean_IP+2.206990e+01)) - (2.781060e-01*((wtd_std_PE-6.264083e-01) / (density-2.573623e+00))))

Train RMSE: 1.31484 K; Test RMSE: 2.38604 K
c0 + a0 * (|mean_at_rad - (1.152452e+03*L_avg-5.409266e+03)| - (6.168756e-01*((wtd_std_ThermalCond-4.983808e+01) * (wtd_range_at_mass+3.985703e+00)))) + a1 * (((wtd_mean_PE+1.842231e+01) / (lambda3-4.781520e-02)) - (1.540558e+02*((range_PE-4.358799e-01) / (mean_at_rad-1.178499e+00)))) + a2 * (((std_at_mass-8.775143e+01) / (wtd_mean_at_mass-9.997291e+01)) - (2.015488e+01*((range_PE-7.619217e-01)^6))) + a3 * (((wtd_mean_IP+2.403988e-01) * (lambda+1.187900e+01)) - (6.042579e+01*((std_PE-6.134270e-01) / (density-2.584810e+00))))

Train RMSE: 0.937787 K; Test RMSE: 2.05297 K
c0 + a0 * (((wtd_mean_IP-1.019903e+02) / (wtd_mean_PE-1.730889e+00)) - (1.948285e+00*((range_ThermalCond-9.191350e+01) * (wtd_range_at_mass+3.162822e+01)))) + a1 * (|(wtd_mean_IP - (1.290107e+00*L_avg)) - (range_EA + wtd_std_IP)|) + a2 * (((wtd_mean_PE+1.842231e+01) / (lambda3-4.781520e-02)) - (1.540558e+02*((range_PE-4.358799e-01) / (mean_at_rad-1.178499e+00)))) + a3 * (((range_at_mass-9.773624e+01) / (wtd_mean_at_mass-9.983438e+01)) - (2.858885e+01*((range_PE-7.807211e-01)^6))) + a4 * (((wtd_mean_IP+2.403988e-01) * (lambda+1.187900e+01)) - (6.042579e+01*((std_PE-6.134270e-01) / (density-2.584810e+00))))

