Commit: ac5ce3effde5dec1922a0476f389f7d8b9fd059a
Compiler: IntelLLVM version 2024.0.2
Compiler flags: -O3 -fp-model=precise -fiopenmp
time input_parsing: 0.0535588 s
Time to generate feat space: 0.778315 s
Projection time: 0.099736 s
Time to get best features on rank : 5.19753e-05 s
|---Complete final combination/selection from all ranks: 0.0125079 s
Time for SIS: 0.118361 s
Time for l0-norm: 0.0275369 s
Projection time: 0.00597095 s
Time to get best features on rank : 5.10216e-05 s
|---Complete final combination/selection from all ranks: 0.00802112 s
Time for SIS: 0.0153899 s
Time for l0-norm: 0.00613594 s
Projection time: 0.00528312 s
Time to get best features on rank : 3.98159e-05 s
|---Complete final combination/selection from all ranks: 0.0411611 s
Time for SIS: 0.0474629 s
Time for l0-norm: 0.00713015 s
Projection time: 0.00143099 s
Time to get best features on rank : 5.10216e-05 s
|---Complete final combination/selection from all ranks: 0.0078702 s
Time for SIS: 0.0102811 s
Time for l0-norm: 0.16181 s
Projection time: 0.00144291 s
Time to get best features on rank : 5.60284e-05 s
|---Complete final combination/selection from all ranks: 0.0086019 s
Time for SIS: 0.011157 s
Time for l0-norm: 13.709 s
Train RMSE: 4.72075 K; Test RMSE: 7.69482 K
c0 + a0 * (w_log / wtd_mean_at_mass)

Train RMSE: 3.47233 K; Test RMSE: 6.87207 K
c0 + a0 * cbrt(lambda) + a1 * (w_log / wtd_mean_at_mass)

Train RMSE: 3.16423 K; Test RMSE: 7.34769 K
c0 + a0 * (wtd_range_PE / lambda) + a1 * (lambda + 2.393259e-01*density) + a2 * (w_log / wtd_mean_at_mass)

Train RMSE: 2.83802 K; Test RMSE: 6.55062 K
c0 + a0 * (wtd_mean_IP + 1.003520e-01*V_molar) + a1 * (wtd_range_PE / lambda) + a2 * (lambda + 2.393259e-01*density) + a3 * (w_log / mean_at_mass)

Train RMSE: 2.62583 K; Test RMSE: 7.52111 K
c0 + a0 * (wtd_range_at_rad / V_molar) + a1 * (mean_IP + 9.967774e-02*V_molar) + a2 * (wtd_range_PE / lambda) + a3 * (w_log^2) + a4 * (lambda4w_low * w_log)

