Commit: ac5ce3effde5dec1922a0476f389f7d8b9fd059a
Compiler: IntelLLVM version 2024.0.2
Compiler flags: -O3 -fp-model=precise -fiopenmp
time input_parsing: 0.071116 s
Time to generate feat space: 991.899 s
Projection time: 0.0728669 s
Time to get best features on rank : 0.000109911 s
|---Complete final combination/selection from all ranks: 0.017097 s
Time for SIS: 0.109076 s
Time for l0-norm: 0.024822 s
Projection time: 0.072154 s
Time to get best features on rank : 9.20296e-05 s
|---Complete final combination/selection from all ranks: 0.015224 s
Time for SIS: 0.101413 s
Time for l0-norm: 0.00791788 s
Projection time: 0.0725091 s
Time to get best features on rank : 8.79765e-05 s
|---Complete final combination/selection from all ranks: 0.0137792 s
Time for SIS: 0.100495 s
Time for l0-norm: 0.00649905 s
Projection time: 0.0768039 s
Time to get best features on rank : 8.58307e-05 s
|---Complete final combination/selection from all ranks: 0.014807 s
Time for SIS: 0.105732 s
Time for l0-norm: 0.165908 s
Projection time: 0.0743241 s
Time to get best features on rank : 7.39098e-05 s
|---Complete final combination/selection from all ranks: 0.0144219 s
Time for SIS: 0.103145 s
Time for l0-norm: 13.2562 s
Train RMSE: 2.77684 K; Test RMSE: 6.80206 K
c0 + a0 * (((wtd_mean_IP-9.372062e-01) * (lambda+7.374787e+00)) - (1.139639e+00*((wtd_mean_PE-2.330574e+00) / (mean_at_rad-1.120901e+00))))

Train RMSE: 1.90522 K; Test RMSE: 6.5951 K
c0 + a0 * (((wtd_mean_IP+5.925972e+01) / (lambda3-4.803434e-02)) - (6.216695e+01*((mean_ThermalCond-2.266980e+01) / (wtd_mean_IP-8.845491e+00)))) + a1 * (((wtd_mean_IP+3.901520e+00) * (lambda+1.686163e+01)) - (1.110130e+03*((wtd_mean_PE-1.812385e+00) / (mean_at_mass-1.749069e+01))))

Train RMSE: 1.46512 K; Test RMSE: 7.04403 K
c0 + a0 * (((wtd_std_PE-4.980593e-01) * (wtd_mean_EA-4.137673e-01)) - (8.698028e-01*((wtd_mean_EA+2.166924e-01) * (std_at_rad-2.724765e-01)))) + a1 * (((wtd_mean_at_rad-4.299198e+01) / (lambda3-4.782046e-02)) - (7.438928e+00*((wtd_range_ThermalCond-1.336274e+00) / (wtd_mean_at_rad-1.126580e+00)))) + a2 * (((wtd_mean_IP+3.901520e+00) * (lambda+1.686163e+01)) - (1.110130e+03*((wtd_mean_PE-1.812385e+00) / (mean_at_mass-1.749069e+01))))

Train RMSE: 1.15876 K; Test RMSE: 7.37346 K
c0 + a0 * ((wtd_mean_EA / mean_at_mass) / (|range_ThermalCond - mean_ThermalCond|)) + a1 * (((std_PE-3.364206e-01) * (wtd_mean_EA-3.625810e-01)) - (8.281850e-01*((wtd_mean_EA+1.791282e-01) * (std_at_rad-1.233429e-01)))) + a2 * (((wtd_mean_at_rad-4.299198e+01) / (lambda3-4.782046e-02)) - (7.438928e+00*((wtd_range_ThermalCond-1.336274e+00) / (wtd_mean_at_rad-1.126580e+00)))) + a3 * (((wtd_mean_IP+3.901520e+00) * (lambda+1.686163e+01)) - (1.110130e+03*((wtd_mean_PE-1.812385e+00) / (mean_at_mass-1.749069e+01))))

Train RMSE: 0.942415 K; Test RMSE: 7.21617 K
c0 + a0 * ((bulk_mod / density) / (lambda - (2.159664e-02*bulk_mod))) + a1 * ((wtd_mean_EA / mean_at_mass) / (|range_ThermalCond - mean_ThermalCond|)) + a2 * (((std_PE-2.128563e-01) * (wtd_mean_EA-3.832095e-01)) - (9.862275e-01*((wtd_mean_EA+1.000792e-01) * (wtd_std_at_rad+6.744759e-03)))) + a3 * (((wtd_mean_at_rad-4.299198e+01) / (lambda3-4.782046e-02)) - (7.438928e+00*((wtd_range_ThermalCond-1.336274e+00) / (wtd_mean_at_rad-1.126580e+00)))) + a4 * (((wtd_mean_IP+3.901520e+00) * (lambda+1.686163e+01)) - (1.110130e+03*((wtd_mean_PE-1.812385e+00) / (mean_at_mass-1.749069e+01))))

