Commit: ac5ce3effde5dec1922a0476f389f7d8b9fd059a
Compiler: IntelLLVM version 2024.0.2
Compiler flags: -O3 -fp-model=precise -fiopenmp
time input_parsing: 0.041599 s
Time to generate feat space: 0.933311 s
Projection time: 0.02828 s
Time to get best features on rank : 7.70092e-05 s
|---Complete final combination/selection from all ranks: 0.014168 s
Time for SIS: 0.0548661 s
Time for l0-norm: 0.018018 s
Projection time: 0.020154 s
Time to get best features on rank : 7.20024e-05 s
|---Complete final combination/selection from all ranks: 0.013597 s
Time for SIS: 0.0384619 s
Time for l0-norm: 0.00512385 s
Projection time: 0.0201061 s
Time to get best features on rank : 7.9155e-05 s
|---Complete final combination/selection from all ranks: 0.0141311 s
Time for SIS: 0.038965 s
Time for l0-norm: 0.00677299 s
Projection time: 0.0202382 s
Time to get best features on rank : 6.38962e-05 s
|---Complete final combination/selection from all ranks: 0.014601 s
Time for SIS: 0.0396199 s
Time for l0-norm: 0.164663 s
Projection time: 0.0261331 s
Time to get best features on rank : 6.69956e-05 s
|---Complete final combination/selection from all ranks: 0.0125499 s
Time for SIS: 0.0437779 s
Time for l0-norm: 13.6277 s
Train RMSE: 3.2502 K; Test RMSE: 6.90242 K
c0 + a0 * ((lambda4w_low * w_log) / (wtd_mean_at_rad^6))

Train RMSE: 2.59169 K; Test RMSE: 7.83017 K
c0 + a0 * ((range_EA - wtd_std_IP) / (wtd_range_PE + lambda3)) + a1 * ((w_log / wtd_mean_at_mass) * (mean_ThermalCond * lambda4w_low))

Train RMSE: 2.07275 K; Test RMSE: 6.99428 K
c0 + a0 * ((|std_IP - wtd_mean_IP|) * sqrt(mean_at_rad)) + a1 * ((range_EA - wtd_std_IP) / (wtd_range_PE + lambda3)) + a2 * ((w_log / wtd_mean_at_mass) * (mean_ThermalCond * lambda4w_low))

Train RMSE: 1.64486 K; Test RMSE: 6.45507 K
c0 + a0 * ((V_molar / lambda3) * (range_at_rad * lambda4w_low)) + a1 * ((exp(6.080960e-01*mean_at_rad)) * (|std_IP - wtd_mean_IP|)) + a2 * ((range_EA - wtd_std_IP) / (wtd_range_PE + lambda3)) + a3 * ((w_log / wtd_mean_at_mass) * (mean_ThermalCond * lambda4w_low))

Train RMSE: 1.41097 K; Test RMSE: 6.34098 K
c0 + a0 * ((wtd_range_at_rad * wtd_std_at_mass) * (mean_EA / lambda)) + a1 * ((w_log * V_molar) * (range_at_rad * lambda)) + a2 * ((exp(6.080960e-01*mean_at_rad)) * (|std_IP - wtd_mean_IP|)) + a3 * ((range_EA - wtd_std_IP) / (wtd_range_PE + lambda3)) + a4 * ((w_log / wtd_mean_at_mass) * (mean_ThermalCond * lambda4w_low))

