Commit: ac5ce3effde5dec1922a0476f389f7d8b9fd059a
Compiler: IntelLLVM version 2024.0.2
Compiler flags: -O3 -fp-model=precise -fiopenmp
time input_parsing: 0.066185 s
Time to generate feat space: 7677.22 s
Projection time: 0.238751 s
Time to get best features on rank : 0.00385499 s
|---Complete final combination/selection from all ranks: 0.019043 s
Time for SIS: 0.307379 s
Time for l0-norm: 0.0269809 s
Projection time: 0.24945 s
Time to get best features on rank : 0.000108957 s
|---Complete final combination/selection from all ranks: 0.0165551 s
Time for SIS: 0.316118 s
Time for l0-norm: 0.00766897 s
Projection time: 0.26057 s
Time to get best features on rank : 0.00012517 s
|---Complete final combination/selection from all ranks: 0.015501 s
Time for SIS: 0.325975 s
Time for l0-norm: 0.007514 s
Projection time: 0.255964 s
Time to get best features on rank : 0.000113964 s
|---Complete final combination/selection from all ranks: 0.0162539 s
Time for SIS: 0.323188 s
Time for l0-norm: 0.165505 s
Projection time: 0.25599 s
Time to get best features on rank : 0.00011301 s
|---Complete final combination/selection from all ranks: 0.0160279 s
Time for SIS: 0.321753 s
Time for l0-norm: 13.2348 s
Train RMSE: 3.41886 K; Test RMSE: 5.26437 K
c0 + a0 * ((((std_EA+6.168401e-01) * (mean_IP-8.352492e+00))+2.779632e+00) * (((lambda-2.346256e-01) / (mean_at_mass-1.448730e+01))+1.698267e-02))

Train RMSE: 2.31997 K; Test RMSE: 4.75788 K
c0 + a0 * (((wtd_range_at_mass-5.637284e+01) / (wtd_mean_IP-8.355256e+00)) + 6.217082e-03*((mean_EA+8.613590e+04) / (wtd_mean_at_mass-1.000265e+02))) + a1 * ((|wtd_std_PE - (-1.886774e+00*lambda+1.085706e+00)|-1.139579e-01) * (((w_log-6.285796e+01) / (wtd_mean_at_mass-6.206116e+00))+1.424334e+00))

Train RMSE: 1.71924 K; Test RMSE: 5.31259 K
c0 + a0 * ((((range_IP+3.876104e+00) * (wtd_mean_EA+3.567367e-01))-1.032206e+01) * (((wtd_std_PE+1.838666e-01) / (L_avg-1.446663e+00))-2.537703e-01)) + a1 * (((wtd_range_at_mass-5.637284e+01) / (wtd_mean_IP-8.355256e+00)) + 6.217082e-03*((mean_EA+8.613590e+04) / (wtd_mean_at_mass-1.000265e+02))) + a2 * ((|wtd_std_PE - (-1.886774e+00*lambda+1.085706e+00)|-1.139579e-01) * (((w_log-6.285796e+01) / (wtd_mean_at_mass-6.206116e+00))+1.424334e+00))

Train RMSE: 1.24968 K; Test RMSE: 16.7236 K
c0 + a0 * (((wtd_mean_EA+4.945980e+01) / (mean_PE-1.787516e+00)) + 4.223203e-01*((mean_EA+2.110249e+01) * (bulk_mod-1.795578e+03))) + a1 * (((sin(2.441794e+00*wtd_mean_PE-2.378379e-01))+4.445708e-01) * (((wtd_mean_IP-7.820261e+00) / (wtd_mean_at_rad-1.111286e+00))-1.492614e+00)) + a2 * (((bulk_mod+4.438290e+01) / (mean_ThermalCond-7.692890e+01)) + 6.940122e+00*(1.0 / (mean_IP-7.065290e+00))) + a3 * ((((lambda-8.802339e-01) * (wtd_range_IP+1.323461e+00))+3.614204e+00) * (((mean_IP-5.667283e+00) / (mean_at_mass-1.376040e+01))+1.850972e-03))

Train RMSE: 0.946415 K; Test RMSE: 19.0374 K
c0 + a0 * (((wtd_std_IP-5.278087e+01) * (wtd_mean_at_rad+4.218925e+00)) + 2.342951e-01*((w_log+2.490021e+04) / (wtd_mean_PE-1.285835e+01))) + a1 * (((std_ThermalCond-2.809629e+02) * (bulk_mod-8.594877e+01)) + 7.563278e+01*((mean_at_rad-1.200246e+01) / (mean_PE-1.784002e+00))) + a2 * (((sin(2.441794e+00*wtd_mean_PE-2.378379e-01))+4.445708e-01) * (((wtd_mean_IP-7.820261e+00) / (wtd_mean_at_rad-1.111286e+00))-1.492614e+00)) + a3 * (((bulk_mod+4.438290e+01) / (mean_ThermalCond-7.692890e+01)) + 6.940122e+00*(1.0 / (mean_IP-7.065290e+00))) + a4 * ((((lambda-8.802339e-01) * (wtd_range_IP+1.323461e+00))+3.614204e+00) * (((mean_IP-5.667283e+00) / (mean_at_mass-1.376040e+01))+1.850972e-03))

