Commit: ac5ce3effde5dec1922a0476f389f7d8b9fd059a
Compiler: IntelLLVM version 2024.0.2
Compiler flags: -O3 -fp-model=precise -fiopenmp
time input_parsing: 0.0548 s
Time to generate feat space: 2.20058 s
Projection time: 0.143064 s
Time to get best features on rank : 0.00152087 s
|---Complete final combination/selection from all ranks: 0.0124199 s
Time for SIS: 0.165441 s
Time for l0-norm: 0.0281489 s
Projection time: 0.00276089 s
Time to get best features on rank : 5.19753e-05 s
|---Complete final combination/selection from all ranks: 0.049973 s
Time for SIS: 0.0544448 s
Time for l0-norm: 0.0060699 s
Projection time: 0.00509214 s
Time to get best features on rank : 5.6982e-05 s
|---Complete final combination/selection from all ranks: 0.00974011 s
Time for SIS: 0.0162499 s
Time for l0-norm: 0.00466204 s
Projection time: 0.00492096 s
Time to get best features on rank : 6.29425e-05 s
|---Complete final combination/selection from all ranks: 0.0076561 s
Time for SIS: 0.0137992 s
Time for l0-norm: 0.160548 s
Projection time: 0.00576496 s
Time to get best features on rank : 6.38962e-05 s
|---Complete final combination/selection from all ranks: 0.008569 s
Time for SIS: 0.0155869 s
Time for l0-norm: 12.9464 s
Train RMSE: 3.47684 K; Test RMSE: 14.0311 K
c0 + a0 * ((lambda+1.217720e+01) * (wtd_mean_IP+2.171951e+00))

Train RMSE: 3.1591 K; Test RMSE: 15.0985 K
c0 + a0 * (|std_EA - mean_EA|) + a1 * ((lambda+1.217720e+01) * (wtd_mean_IP+2.171951e+00))

Train RMSE: 2.89191 K; Test RMSE: 14.9533 K
c0 + a0 * ((wtd_range_PE-2.634220e-01) * (std_EA-1.017490e-01)) + a1 * (|std_EA - mean_EA|) + a2 * ((lambda+1.217720e+01) * (wtd_mean_IP+2.171951e+00))

Train RMSE: 2.60664 K; Test RMSE: 15.4738 K
c0 + a0 * (|range_EA - wtd_mean_EA|) + a1 * ((std_at_mass-5.016803e+01) * (V_molar-2.356020e+01)) + a2 * (|range_EA - wtd_mean_IP|) + a3 * (mean_EA * lambda)

Train RMSE: 2.41254 K; Test RMSE: 14.4164 K
c0 + a0 * ((range_IP-2.062037e+00) * (range_ThermalCond-7.062177e+01)) + a1 * ((wtd_std_at_mass-5.831061e+01) * (V_molar-1.623536e+01)) + a2 * (wtd_range_PE * range_EA) + a3 * (mean_EA + wtd_mean_IP) + a4 * ((lambda3+7.104022e-01) * (w_log-4.607553e+00))

