Commit: ac5ce3effde5dec1922a0476f389f7d8b9fd059a
Compiler: IntelLLVM version 2024.0.2
Compiler flags: -O3 -fp-model=precise -fiopenmp
time input_parsing: 0.0488992 s
Time to generate feat space: 0.154317 s
Projection time: 0.944359 s
Time to get best features on rank : 0.000535011 s
|---Complete final combination/selection from all ranks: 0.0106339 s
Time for SIS: 0.962158 s
Time for l0-norm: 0.038316 s
Projection time: 0.00327301 s
Time to get best features on rank : 5.81741e-05 s
|---Complete final combination/selection from all ranks: 0.0494239 s
Time for SIS: 0.054379 s
Time for l0-norm: 0.00790405 s
Projection time: 0.00488305 s
Time to get best features on rank : 4.31538e-05 s
|---Complete final combination/selection from all ranks: 0.00748491 s
Time for SIS: 0.013634 s
Time for l0-norm: 0.0074389 s
Projection time: 0.00403714 s
Time to get best features on rank : 4.88758e-05 s
|---Complete final combination/selection from all ranks: 0.00887799 s
Time for SIS: 0.014132 s
Time for l0-norm: 0.16265 s
Projection time: 0.00349283 s
Time to get best features on rank : 6.10352e-05 s
|---Complete final combination/selection from all ranks: 0.00843692 s
Time for SIS: 0.0131328 s
Time for l0-norm: 12.9458 s
Train RMSE: 4.72075 K; Test RMSE: 7.69482 K
c0 + a0 * (w_log / wtd_mean_at_mass)

Train RMSE: 3.47233 K; Test RMSE: 6.87207 K
c0 + a0 * cbrt(lambda) + a1 * (w_log / wtd_mean_at_mass)

Train RMSE: 3.16423 K; Test RMSE: 7.34769 K
c0 + a0 * (wtd_range_PE / lambda) + a1 * (lambda + 2.393259e-01*density) + a2 * (w_log / wtd_mean_at_mass)

Train RMSE: 2.83802 K; Test RMSE: 6.55062 K
c0 + a0 * (wtd_mean_IP + 1.003520e-01*V_molar) + a1 * (wtd_range_PE / lambda) + a2 * (lambda + 2.393259e-01*density) + a3 * (w_log / mean_at_mass)

Train RMSE: 2.61239 K; Test RMSE: 6.02025 K
c0 + a0 * (wtd_mean_EA + 1.135165e-02*wtd_range_at_mass) + a1 * (std_ThermalCond - (4.496838e-01*range_ThermalCond)) + a2 * (wtd_std_EA / mean_at_mass) + a3 * cbrt(lambda) + a4 * (w_log / wtd_mean_at_mass)

