Commit: ac5ce3effde5dec1922a0476f389f7d8b9fd059a
Compiler: IntelLLVM version 2024.0.2
Compiler flags: -O3 -fp-model=precise -fiopenmp
time input_parsing: 0.0643191 s
Time to generate feat space: 0.705508 s
Projection time: 0.087672 s
Time to get best features on rank : 5.57899e-05 s
|---Complete final combination/selection from all ranks: 0.0122221 s
Time for SIS: 0.105793 s
Time for l0-norm: 0.034822 s
Projection time: 0.00139999 s
Time to get best features on rank : 0.000540972 s
|---Complete final combination/selection from all ranks: 0.00871301 s
Time for SIS: 0.011765 s
Time for l0-norm: 0.00659585 s
Projection time: 0.00367904 s
Time to get best features on rank : 6.41346e-05 s
|---Complete final combination/selection from all ranks: 0.0497952 s
Time for SIS: 0.0545452 s
Time for l0-norm: 0.0066812 s
Projection time: 0.00617099 s
Time to get best features on rank : 0.001019 s
|---Complete final combination/selection from all ranks: 0.00769281 s
Time for SIS: 0.0158501 s
Time for l0-norm: 0.16378 s
Projection time: 0.00444508 s
Time to get best features on rank : 5.60284e-05 s
|---Complete final combination/selection from all ranks: 0.00915003 s
Time for SIS: 0.0147581 s
Time for l0-norm: 13.007 s
Train RMSE: 5.15793 K; Test RMSE: 3.57177 K
c0 + a0 * (lambda * w_log)

Train RMSE: 4.0051 K; Test RMSE: 3.56887 K
c0 + a0 * ln(lambda) + a1 * (w_log^2)

Train RMSE: 3.65868 K; Test RMSE: 4.0723 K
c0 + a0 * (wtd_mean_EA * wtd_range_at_mass) + a1 * ln(lambda) + a2 * (w_log / wtd_mean_at_mass)

Train RMSE: 3.34736 K; Test RMSE: 6.10066 K
c0 + a0 * (|wtd_range_IP - range_IP|) + a1 * ln(lambda) + a2 * (w_log / density) + a3 * (wtd_mean_at_rad / wtd_mean_at_mass)

Train RMSE: 2.96731 K; Test RMSE: 9.97238 K
c0 + a0 * (wtd_range_PE / V_molar) + a1 * (wtd_mean_IP * density) + a2 * (|wtd_range_IP - range_IP|) + a3 * ln(lambda3) + a4 * (w_log / density)

