Commit: ac5ce3effde5dec1922a0476f389f7d8b9fd059a
Compiler: IntelLLVM version 2024.0.2
Compiler flags: -O3 -fp-model=precise -fiopenmp
time input_parsing: 0.0562429 s
Time to generate feat space: 913.318 s
Projection time: 0.071743 s
Time to get best features on rank : 0.000289917 s
|---Complete final combination/selection from all ranks: 0.0172 s
Time for SIS: 0.103481 s
Time for l0-norm: 0.0229399 s
Projection time: 0.07235 s
Time to get best features on rank : 0.000411987 s
|---Complete final combination/selection from all ranks: 0.0165939 s
Time for SIS: 0.101185 s
Time for l0-norm: 0.00830698 s
Projection time: 0.0774789 s
Time to get best features on rank : 0.000649929 s
|---Complete final combination/selection from all ranks: 0.015769 s
Time for SIS: 0.105695 s
Time for l0-norm: 0.00697613 s
Projection time: 0.06952 s
Time to get best features on rank : 0.000661135 s
|---Complete final combination/selection from all ranks: 0.016861 s
Time for SIS: 0.0990331 s
Time for l0-norm: 0.166566 s
Projection time: 0.0694571 s
Time to get best features on rank : 0.000627041 s
|---Complete final combination/selection from all ranks: 0.0159822 s
Time for SIS: 0.0980351 s
Time for l0-norm: 13.3462 s
Train RMSE: 3.34432 K; Test RMSE: 3.65323 K
c0 + a0 * ((wtd_mean_IP + 8.397652e-01*lambda) + 1.098555e+00*((V_molar-3.775207e+01) / (wtd_mean_at_mass-1.627784e+01)))

Train RMSE: 2.12224 K; Test RMSE: 2.69099 K
c0 + a0 * ((1.0 / (lambda3-4.737230e-02)) + 1.203699e+01*((wtd_range_ThermalCond+1.877778e+00) / (wtd_mean_at_mass-9.945989e+01))) + a1 * (((wtd_mean_IP+9.442209e+01) * (lambda+1.050090e+02)) + 2.001092e-01*((std_at_mass-2.363177e+01) / (mean_at_rad-1.126265e+00)))

Train RMSE: 1.60701 K; Test RMSE: 3.07856 K
c0 + a0 * (((w_log+3.631204e+03) / (lambda4w_low-1.186626e+02)) + 2.980162e-02*((range_ThermalCond-6.629146e+02) / (mean_PE-2.410375e+00))) + a1 * ((1.0 / (lambda3-4.737230e-02)) + 1.203699e+01*((wtd_range_ThermalCond+1.877778e+00) / (wtd_mean_at_mass-9.945989e+01))) + a2 * ((mean_IP + 7.260373e-01*lambda) + 1.891562e+00*((V_molar-1.975241e+01) / (mean_at_mass-1.778935e+01)))

Train RMSE: 1.28616 K; Test RMSE: 2.43152 K
c0 + a0 * (((wtd_range_ThermalCond+7.692366e+01) * (wtd_std_at_rad-1.022361e+00)) + 1.486341e+00*((wtd_std_IP-1.372840e+00) / (wtd_mean_at_rad-1.174335e+00))) + a1 * ((sin(-1.284046e+02*lambda+2.452042e+00)) + 2.578924e-09*((wtd_mean_at_rad+1.549729e+06) * (V_molar-1.188885e+02))) + a2 * ((1.0 / (lambda3-4.737230e-02)) + 1.203699e+01*((wtd_range_ThermalCond+1.877778e+00) / (wtd_mean_at_mass-9.945989e+01))) + a3 * (((wtd_mean_IP+9.442209e+01) * (lambda+1.050090e+02)) + 2.001092e-01*((std_at_mass-2.363177e+01) / (mean_at_rad-1.126265e+00)))

Train RMSE: 0.967849 K; Test RMSE: 3.0737 K
c0 + a0 * (((L_avg+9.366623e-01)^6) + 8.253379e-03*((range_at_mass+2.176213e+06) / (mean_at_mass-5.243968e+01))) + a1 * (|range_at_mass - (1.646301e+01*wtd_mean_at_mass-1.306776e+03)| + 8.248799e+01*((wtd_range_EA-4.317744e-01) / (wtd_mean_at_rad-1.141021e+00))) + a2 * ((sin(-1.284046e+02*lambda+2.452042e+00)) + 2.578924e-09*((wtd_mean_at_rad+1.549729e+06) * (V_molar-1.188885e+02))) + a3 * (((range_at_mass+1.964439e+02) / (lambda4w_low-4.777682e+00)) + 2.901919e+01*((wtd_range_at_mass-7.530142e+00) / (wtd_mean_at_mass-9.975920e+01))) + a4 * ((mean_IP + 2.218590e+00*mean_at_rad) + 4.966022e+01*((lambda-5.107986e-01) / (wtd_mean_at_mass-1.481949e+01)))

