Commit: ac5ce3effde5dec1922a0476f389f7d8b9fd059a
Compiler: IntelLLVM version 2024.0.2
Compiler flags: -O3 -fp-model=precise -fiopenmp
time input_parsing: 0.055033 s
Time to generate feat space: 3.26699 s
Projection time: 0.150181 s
Time to get best features on rank : 5.91278e-05 s
|---Complete final combination/selection from all ranks: 0.055624 s
Time for SIS: 0.211452 s
Time for l0-norm: 0.035497 s
Projection time: 0.00330901 s
Time to get best features on rank : 0.000133991 s
|---Complete final combination/selection from all ranks: 0.00903606 s
Time for SIS: 0.014081 s
Time for l0-norm: 0.00518703 s
Projection time: 0.00580812 s
Time to get best features on rank : 0.000706911 s
|---Complete final combination/selection from all ranks: 0.00988817 s
Time for SIS: 0.0177691 s
Time for l0-norm: 0.00866485 s
Projection time: 0.00647187 s
Time to get best features on rank : 7.29561e-05 s
|---Complete final combination/selection from all ranks: 0.00830603 s
Time for SIS: 0.0161722 s
Time for l0-norm: 0.165304 s
Projection time: 0.0088129 s
Time to get best features on rank : 5.19753e-05 s
|---Complete final combination/selection from all ranks: 0.00825119 s
Time for SIS: 0.0184929 s
Time for l0-norm: 13.3202 s
Train RMSE: 5.14845 K; Test RMSE: 3.98093 K
c0 + a0 * (lambda * w_log)

Train RMSE: 3.90547 K; Test RMSE: 2.80506 K
c0 + a0 * (w_log / mean_at_mass) + a1 * ((lambda-2.606461e-01) * (w_log+5.718208e+01))

Train RMSE: 3.68283 K; Test RMSE: 3.04743 K
c0 + a0 * ((wtd_mean_at_mass+2.420534e+01) * (wtd_mean_IP-4.810704e+00)) + a1 * (w_log / mean_at_mass) + a2 * ((lambda-2.606461e-01) * (w_log+5.718208e+01))

Train RMSE: 3.30722 K; Test RMSE: 2.84813 K
c0 + a0 * ((range_at_rad-2.905475e-01) * (range_at_mass-3.950827e+01)) + a1 * (|std_EA - wtd_mean_EA|) + a2 * ln(lambda3) + a3 * (w_log / mean_at_mass)

Train RMSE: 2.95226 K; Test RMSE: 5.60098 K
c0 + a0 * (wtd_mean_PE * V_molar) + a1 * (wtd_range_PE * std_EA) + a2 * (wtd_mean_IP + 3.804597e+00*mean_at_rad) + a3 * (w_log / wtd_mean_at_mass) + a4 * ((w_log-4.274972e+00) * (lambda4w_low-2.705437e+01))

