Commit: ac5ce3effde5dec1922a0476f389f7d8b9fd059a
Compiler: IntelLLVM version 2024.0.2
Compiler flags: -O3 -fp-model=precise -fiopenmp
time input_parsing: 0.0492859 s
Time to generate feat space: 3.35362 s
Projection time: 0.927159 s
Time to get best features on rank : 0.000990868 s
|---Complete final combination/selection from all ranks: 0.0108449 s
Time for SIS: 0.945782 s
Time for l0-norm: 0.0425169 s
Projection time: 0.00309801 s
Time to get best features on rank : 9.20296e-05 s
|---Complete final combination/selection from all ranks: 0.00922394 s
Time for SIS: 0.0138681 s
Time for l0-norm: 0.00962019 s
Projection time: 0.00551105 s
Time to get best features on rank : 8.98838e-05 s
|---Complete final combination/selection from all ranks: 0.0500879 s
Time for SIS: 0.057076 s
Time for l0-norm: 0.00908113 s
Projection time: 0.005373 s
Time to get best features on rank : 6.50883e-05 s
|---Complete final combination/selection from all ranks: 0.00841904 s
Time for SIS: 0.0152009 s
Time for l0-norm: 0.165321 s
Projection time: 0.00761199 s
Time to get best features on rank : 0.000174999 s
|---Complete final combination/selection from all ranks: 0.00846291 s
Time for SIS: 0.017592 s
Time for l0-norm: 13.3416 s
Train RMSE: 5.12072 K; Test RMSE: 4.35138 K
c0 + a0 * (lambda * w_log)

Train RMSE: 3.88562 K; Test RMSE: 3.27836 K
c0 + a0 * (w_log / wtd_mean_at_mass) + a1 * ((w_log+5.810312e+01) * (lambda-1.635950e-01))

Train RMSE: 3.65699 K; Test RMSE: 3.28259 K
c0 + a0 * (mean_EA + 1.595900e-02*wtd_range_at_mass) + a1 * (w_log / wtd_mean_at_mass) + a2 * ((w_log+5.810312e+01) * (lambda-1.635950e-01))

Train RMSE: 3.0442 K; Test RMSE: 5.7069 K
c0 + a0 * ((V_molar-3.771826e+01) * (wtd_range_PE-8.698157e-02)) + a1 * ((std_at_mass-7.145944e+00) * (wtd_mean_IP-7.938024e+00)) + a2 * ((w_log+5.810312e+01) * (lambda-1.635950e-01)) + a3 * (w_log / mean_at_mass)

Train RMSE: 2.89081 K; Test RMSE: 6.20236 K
c0 + a0 * ((V_molar-3.771826e+01) * (wtd_range_PE-8.698157e-02)) + a1 * ((wtd_mean_IP-7.938245e+00) * (std_at_mass-7.145555e+00)) + a2 * ((mean_IP-5.339906e+00) * (wtd_mean_at_mass+4.919975e+01)) + a3 * ((w_log+5.810312e+01) * (lambda-1.635950e-01)) + a4 * (w_log / mean_at_mass)

