Commit: ac5ce3effde5dec1922a0476f389f7d8b9fd059a
Compiler: IntelLLVM version 2024.0.2
Compiler flags: -O3 -fp-model=precise -fiopenmp
time input_parsing: 0.0623522 s
Time to generate feat space: 8068.24 s
Projection time: 0.252953 s
Time to get best features on rank : 0.00248408 s
|---Complete final combination/selection from all ranks: 0.0204301 s
Time for SIS: 0.336146 s
Time for l0-norm: 0.0184081 s
Projection time: 0.278954 s
Time to get best features on rank : 0.00214291 s
|---Complete final combination/selection from all ranks: 0.016371 s
Time for SIS: 0.348106 s
Time for l0-norm: 0.00676203 s
Projection time: 0.280118 s
Time to get best features on rank : 0.0021739 s
|---Complete final combination/selection from all ranks: 0.016115 s
Time for SIS: 0.349784 s
Time for l0-norm: 0.00960302 s
Projection time: 0.279648 s
Time to get best features on rank : 0.00225902 s
|---Complete final combination/selection from all ranks: 0.0185962 s
Time for SIS: 0.352529 s
Time for l0-norm: 0.167713 s
Projection time: 0.281165 s
Time to get best features on rank : 0.00193 s
|---Complete final combination/selection from all ranks: 0.016505 s
Time for SIS: 0.352012 s
Time for l0-norm: 13.3174 s
Train RMSE: 3.36755 K; Test RMSE: 11.0065 K
c0 + a0 * ((((wtd_mean_at_rad+7.270566e-01) / (mean_at_mass-1.747472e+01))+3.220856e-02) * (((wtd_range_at_rad-4.572924e-01) / (L_avg-5.151502e+00))-1.011265e-01))

Train RMSE: 2.21964 K; Test RMSE: 1.65351 K
c0 + a0 * (((bulk_mod-1.069669e+02) / (mean_EA-8.737207e-01)) - (8.673262e+01*((lambda+5.355607e-01) / (mean_IP-7.071444e+00)))) + a1 * ((((lambda-7.201936e+00) / (wtd_mean_IP-3.983981e+00))+1.639838e+00) * (((wtd_std_at_mass-3.385007e+01) / (density-2.692148e+00))+1.102547e+01))

Train RMSE: 1.56782 K; Test RMSE: 3.64642 K
c0 + a0 * ((((std_at_mass+5.023729e+01) * (range_at_rad-1.115476e+00))+1.517203e+02) * (((mean_at_mass+3.993456e+01) * (wtd_mean_IP-3.966986e+00))-3.659485e+01)) + a1 * (((range_PE+1.417572e+01) / (lambda3-4.775746e-02)) - (3.449282e+02*((wtd_mean_IP-7.697340e+00) / (mean_IP-7.070731e+00)))) + a2 * (((w_log-3.243419e+00) * (lambda4w_low+7.661800e+00)) - (9.210929e+01*((wtd_range_ThermalCond-8.280094e+00) / (mean_at_rad-1.127477e+00))))

Train RMSE: 1.15118 K; Test RMSE: 4.29546 K
c0 + a0 * (((std_IP - (1.075223e+00*range_at_rad))-6.072807e-01) * (((wtd_range_at_rad-3.398772e-01) * (mean_EA-6.025433e-01))+3.528900e-02)) + a1 * (((wtd_range_ThermalCond - (1.048609e+01*L_avg))+1.124203e+02) * (((wtd_std_IP-8.114882e-01) * (wtd_range_PE-7.610752e-01))+7.209589e-01)) + a2 * (((L_avg+9.200611e+00) / (lambda3-4.774920e-02)) - (3.935441e+00*((wtd_range_ThermalCond-9.527968e+01) / (mean_IP-7.064809e+00)))) + a3 * ((((lambda-7.201936e+00) / (wtd_mean_IP-3.983981e+00))+1.639838e+00) * (((wtd_std_at_mass-3.385007e+01) / (density-2.692148e+00))+1.102547e+01))

Train RMSE: 0.951932 K; Test RMSE: 4.10254 K
c0 + a0 * ((|wtd_range_at_mass - wtd_mean_at_mass|) / (wtd_range_PE - (6.118242e-01*wtd_mean_at_rad))) + a1 * (((std_IP - (1.075223e+00*range_at_rad))-6.072807e-01) * (((wtd_range_at_rad-3.398772e-01) * (mean_EA-6.025433e-01))+3.528900e-02)) + a2 * (((wtd_range_ThermalCond - (1.048609e+01*L_avg))+1.124203e+02) * (((wtd_std_IP-8.114882e-01) * (wtd_range_PE-7.610752e-01))+7.209589e-01)) + a3 * (((L_avg+9.200611e+00) / (lambda3-4.774920e-02)) - (3.935441e+00*((wtd_range_ThermalCond-9.527968e+01) / (mean_IP-7.064809e+00)))) + a4 * ((((lambda-7.201936e+00) / (wtd_mean_IP-3.983981e+00))+1.639838e+00) * (((wtd_std_at_mass-3.385007e+01) / (density-2.692148e+00))+1.102547e+01))

