Commit: ac5ce3effde5dec1922a0476f389f7d8b9fd059a
Compiler: IntelLLVM version 2024.0.2
Compiler flags: -O3 -fp-model=precise -fiopenmp
time input_parsing: 0.0655811 s
Time to generate feat space: 0.802347 s
Projection time: 0.143179 s
Time to get best features on rank : 0.00010705 s
|---Complete final combination/selection from all ranks: 0.012234 s
Time for SIS: 0.164113 s
Time for l0-norm: 0.0250399 s
Projection time: 0.00616813 s
Time to get best features on rank : 4.91142e-05 s
|---Complete final combination/selection from all ranks: 0.049875 s
Time for SIS: 0.0573471 s
Time for l0-norm: 0.00887918 s
Projection time: 0.00379705 s
Time to get best features on rank : 4.79221e-05 s
|---Complete final combination/selection from all ranks: 0.00766802 s
Time for SIS: 0.0126591 s
Time for l0-norm: 0.00642586 s
Projection time: 0.00589299 s
Time to get best features on rank : 5.07832e-05 s
|---Complete final combination/selection from all ranks: 0.00889397 s
Time for SIS: 0.015933 s
Time for l0-norm: 0.161918 s
Projection time: 0.00377512 s
Time to get best features on rank : 6.31809e-05 s
|---Complete final combination/selection from all ranks: 0.00927806 s
Time for SIS: 0.0143061 s
Time for l0-norm: 13.9151 s
Train RMSE: 5.20127 K; Test RMSE: 2.66418 K
c0 + a0 * (lambda * w_log)

Train RMSE: 4.00285 K; Test RMSE: 3.12929 K
c0 + a0 * cbrt(lambda) + a1 * (w_log / wtd_mean_at_mass)

Train RMSE: 3.64721 K; Test RMSE: 3.73445 K
c0 + a0 * (wtd_mean_EA * wtd_range_at_mass) + a1 * cbrt(lambda) + a2 * (w_log / wtd_mean_at_mass)

Train RMSE: 3.36386 K; Test RMSE: 2.6807 K
c0 + a0 * (range_at_rad * wtd_mean_at_mass) + a1 * (|std_EA - wtd_mean_EA|) + a2 * cbrt(lambda) + a3 * (w_log / wtd_mean_at_mass)

Train RMSE: 2.96535 K; Test RMSE: 3.417 K
c0 + a0 * (mean_EA / wtd_mean_at_mass) + a1 * (std_at_rad - (5.557718e-01*range_at_rad)) + a2 * (|wtd_std_EA - wtd_mean_EA|) + a3 * cbrt(lambda) + a4 * (w_log / wtd_mean_at_mass)

