Commit: ac5ce3effde5dec1922a0476f389f7d8b9fd059a
Compiler: IntelLLVM version 2024.0.2
Compiler flags: -O3 -fp-model=precise -fiopenmp
time input_parsing: 0.0711131 s
Time to generate feat space: 3098.04 s
Projection time: 0.160534 s
Time to get best features on rank : 0.00196505 s
|---Complete final combination/selection from all ranks: 0.0191541 s
Time for SIS: 0.213609 s
Time for l0-norm: 0.0420301 s
Projection time: 0.170364 s
Time to get best features on rank : 0.00179219 s
|---Complete final combination/selection from all ranks: 0.0152121 s
Time for SIS: 0.21603 s
Time for l0-norm: 0.00770092 s
Projection time: 0.174621 s
Time to get best features on rank : 0.00152612 s
|---Complete final combination/selection from all ranks: 0.0156279 s
Time for SIS: 0.220541 s
Time for l0-norm: 0.00721002 s
Projection time: 0.170755 s
Time to get best features on rank : 0.00174093 s
|---Complete final combination/selection from all ranks: 0.0180221 s
Time for SIS: 0.219282 s
Time for l0-norm: 0.168824 s
Projection time: 0.173972 s
Time to get best features on rank : 0.00158405 s
|---Complete final combination/selection from all ranks: 0.0180571 s
Time for SIS: 0.222516 s
Time for l0-norm: 13.4719 s
Train RMSE: 3.35249 K
c0 + a0 * (((lambda-2.142274e+01) / (mean_IP+2.981637e+00)) - (1.017308e+01*((mean_PE-1.787970e+00) / (wtd_mean_at_mass-1.486209e+01))))

Train RMSE: 2.26846 K
c0 + a0 * (((range_at_mass-6.115136e+03) / (wtd_mean_at_mass-9.990643e+01)) - (4.059527e-04*((wtd_std_PE+1.664335e+04) / (lambda3-4.769498e-02)))) + a1 * ((wtd_mean_IP + 6.140848e-01*lambda) - (6.261568e+01*((mean_PE-1.773813e+00) / (mean_at_mass-1.716509e+01))))

Train RMSE: 1.79752 K
c0 + a0 * (((L_avg-5.294290e-01)^6) + 1.545381e+03*((range_PE-2.630802e+00) / (wtd_mean_at_rad-1.144957e+00))) + a1 * (((range_at_mass-6.115136e+03) / (wtd_mean_at_mass-9.990643e+01)) - (4.059527e-04*((wtd_std_PE+1.664335e+04) / (lambda3-4.769498e-02)))) + a2 * ((wtd_mean_IP + 6.140848e-01*lambda) - (6.261568e+01*((mean_PE-1.773813e+00) / (mean_at_mass-1.716509e+01))))

Train RMSE: 1.43973 K
c0 + a0 * (((std_at_rad+2.470399e+00) / (lambda3-1.570109e-03)) - (1.185540e+01*((range_ThermalCond-2.173889e+01) / (wtd_mean_IP-8.906600e+00)))) + a1 * (((L_avg-5.294290e-01)^6) + 1.545381e+03*((range_PE-2.630802e+00) / (wtd_mean_at_rad-1.144957e+00))) + a2 * (((range_at_mass-6.115136e+03) / (wtd_mean_at_mass-9.990643e+01)) - (4.059527e-04*((wtd_std_PE+1.664335e+04) / (lambda3-4.769498e-02)))) + a3 * ((wtd_mean_IP + 6.140848e-01*lambda) - (6.261568e+01*((mean_PE-1.773813e+00) / (mean_at_mass-1.716509e+01))))

Train RMSE: 1.20501 K
c0 + a0 * (((bulk_mod+1.289387e+02) / (lambda4w_low-3.746170e+00)) + 9.592472e-01*((w_log-1.539069e+02) / (wtd_mean_IP-7.226165e+00))) + a1 * (((L_avg-2.419093e+01) / (mean_at_mass-5.241896e+01)) - (1.295233e-02*((std_at_mass-6.607873e+03) / (lambda3-3.422126e+00)))) + a2 * (((range_ThermalCond-1.949123e+01) / (wtd_mean_at_rad-1.129355e+00)) + 9.792899e+00*((range_EA+8.568525e-01) * (range_at_mass-1.418753e+02))) + a3 * (((range_at_mass-6.115136e+03) / (wtd_mean_at_mass-9.990643e+01)) - (4.059527e-04*((wtd_std_PE+1.664335e+04) / (lambda3-4.769498e-02)))) + a4 * (((lambda-2.142274e+01) / (mean_IP+2.981637e+00)) - (1.017308e+01*((mean_PE-1.787970e+00) / (wtd_mean_at_mass-1.486209e+01))))

