Commit: ac5ce3effde5dec1922a0476f389f7d8b9fd059a
Compiler: IntelLLVM version 2024.0.2
Compiler flags: -O3 -fp-model=precise -fiopenmp
time input_parsing: 0.065866 s
Time to generate feat space: 1003.91 s
Projection time: 0.0702651 s
Time to get best features on rank : 0.00081706 s
|---Complete final combination/selection from all ranks: 0.0172632 s
Time for SIS: 0.106454 s
Time for l0-norm: 0.0270271 s
Projection time: 0.079669 s
Time to get best features on rank : 0.000586033 s
|---Complete final combination/selection from all ranks: 0.015692 s
Time for SIS: 0.1083 s
Time for l0-norm: 0.00597095 s
Projection time: 0.0780809 s
Time to get best features on rank : 0.000535011 s
|---Complete final combination/selection from all ranks: 0.0146661 s
Time for SIS: 0.10575 s
Time for l0-norm: 0.010288 s
Projection time: 0.0796652 s
Time to get best features on rank : 0.00058198 s
|---Complete final combination/selection from all ranks: 0.0170741 s
Time for SIS: 0.109862 s
Time for l0-norm: 0.170368 s
Projection time: 0.0818238 s
Time to get best features on rank : 0.000529051 s
|---Complete final combination/selection from all ranks: 0.016258 s
Time for SIS: 0.110976 s
Time for l0-norm: 13.6352 s
Train RMSE: 3.37467 K
c0 + a0 * ((wtd_mean_IP + 8.485931e-01*lambda) + 4.975471e-01*((V_molar-6.507277e+01) / (mean_at_mass-1.859275e+01)))

Train RMSE: 2.6004 K
c0 + a0 * (((std_ThermalCond-2.268146e+02) / (wtd_mean_at_mass-1.006767e+02)) + 7.083041e-01*((std_EA-6.230481e+00) / (wtd_mean_PE-2.408414e+00))) + a1 * ((wtd_mean_IP + 8.485931e-01*lambda) + 4.975471e-01*((V_molar-6.507277e+01) / (mean_at_mass-1.859275e+01)))

Train RMSE: 1.7748 K
c0 + a0 * (((wtd_std_ThermalCond+2.039335e+01) / (lambda3-4.833531e-02)) + 8.083566e+00*((wtd_mean_at_mass+1.242904e+02) / (wtd_mean_PE-2.396091e+00))) + a1 * (((wtd_range_at_mass+3.066245e+02) / (wtd_mean_ThermalCond-1.052025e+02)) + 1.583764e+02*((std_EA-1.159121e-01) / (lambda3-2.506228e+01))) + a2 * ((wtd_mean_IP + 1.116665e+00*lambda) + 5.159499e-01*((range_at_mass-5.756907e+01) / (wtd_mean_at_mass-1.607266e+01)))

Train RMSE: 1.47917 K
c0 + a0 * (((wtd_mean_at_mass-1.075243e+02) / (lambda3-1.633960e-01)) + 3.553895e+02*|std_PE - (2.873882e+00*mean_PE-3.146713e+00)|) + a1 * (((wtd_mean_ThermalCond-9.860542e+01) / (lambda3-4.722048e-02)) + 1.719993e-01*((mean_PE-1.586376e+04) / (wtd_mean_PE-2.401761e+00))) + a2 * (((wtd_range_at_mass+3.066245e+02) / (wtd_mean_ThermalCond-1.052025e+02)) + 1.583764e+02*((std_EA-1.159121e-01) / (lambda3-2.506228e+01))) + a3 * ((wtd_mean_IP + 1.044056e+00*lambda) + 3.176358e-01*((range_at_mass-9.607994e+01) / (mean_at_mass-1.850110e+01)))

Train RMSE: 1.1506 K
c0 + a0 * (((mean_at_mass-9.752247e+00) / (L_avg-8.476599e+00)) + 2.197349e+01*((wtd_std_EA+8.652435e-01) / (lambda3-6.575924e-01))) + a1 * (((std_ThermalCond+4.161781e+01) * (range_at_mass-3.089910e+01)) + 8.974769e+00*((mean_at_mass-1.077096e+02) / (lambda3-1.630704e-01))) + a2 * (((wtd_std_ThermalCond+6.123610e+01) / (lambda3-4.816267e-02)) + 1.539715e+01*((std_at_mass+1.618981e+02) / (wtd_mean_PE-2.410212e+00))) + a3 * (((wtd_range_at_mass+3.066245e+02) / (wtd_mean_ThermalCond-1.052025e+02)) + 1.583764e+02*((std_EA-1.159121e-01) / (lambda3-2.506228e+01))) + a4 * ((wtd_mean_IP + 1.116665e+00*lambda) + 5.159499e-01*((range_at_mass-5.756907e+01) / (wtd_mean_at_mass-1.607266e+01)))

