Commit: ac5ce3effde5dec1922a0476f389f7d8b9fd059a
Compiler: IntelLLVM version 2024.0.2
Compiler flags: -O3 -fp-model=precise -fiopenmp
time input_parsing: 0.056704 s
Time to generate feat space: 1.87079 s
Projection time: 0.0901661 s
Time to get best features on rank : 0.002285 s
|---Complete final combination/selection from all ranks: 0.0124829 s
Time for SIS: 0.111116 s
Time for l0-norm: 0.0346179 s
Projection time: 0.00486493 s
Time to get best features on rank : 0.000360012 s
|---Complete final combination/selection from all ranks: 0.00850797 s
Time for SIS: 0.01495 s
Time for l0-norm: 0.00848007 s
Projection time: 0.00501609 s
Time to get best features on rank : 4.91142e-05 s
|---Complete final combination/selection from all ranks: 0.0489359 s
Time for SIS: 0.0551152 s
Time for l0-norm: 0.00559402 s
Projection time: 0.00210595 s
Time to get best features on rank : 6.58035e-05 s
|---Complete final combination/selection from all ranks: 0.00919199 s
Time for SIS: 0.0124869 s
Time for l0-norm: 0.163698 s
Projection time: 0.00501323 s
Time to get best features on rank : 5.00679e-05 s
|---Complete final combination/selection from all ranks: 0.00824499 s
Time for SIS: 0.0144479 s
Time for l0-norm: 12.9783 s
Train RMSE: 4.63881 K; Test RMSE: 8.45681 K
c0 + a0 * (w_log / wtd_mean_at_mass)

Train RMSE: 3.80717 K; Test RMSE: 4.301 K
c0 + a0 * (w_log / mean_at_mass) + a1 * ((w_log+2.559610e+01) * (lambda-3.177754e-01))

Train RMSE: 3.55276 K; Test RMSE: 3.29579 K
c0 + a0 * (wtd_mean_IP * V_molar) + a1 * (w_log^2) + a2 * ((w_log+2.559610e+01) * (lambda-3.177754e-01))

Train RMSE: 3.14275 K; Test RMSE: 7.85065 K
c0 + a0 * (|range_EA - mean_EA|) + a1 * (wtd_mean_IP * density) + a2 * (exp(-1.0 * lambda)) + a3 * (w_log / density)

Train RMSE: 2.99215 K; Test RMSE: 7.76142 K
c0 + a0 * (mean_ThermalCond * std_EA) + a1 * (|range_EA - mean_EA|) + a2 * (wtd_mean_IP * density) + a3 * (exp(-1.0 * lambda)) + a4 * (w_log / density)

