Commit: ac5ce3effde5dec1922a0476f389f7d8b9fd059a
Compiler: IntelLLVM version 2024.0.2
Compiler flags: -O3 -fp-model=precise -fiopenmp
time input_parsing: 0.0572491 s

Intel MKL ERROR: Parameter 5 was incorrect on entry to DGELS.

Intel MKL ERROR: Parameter 5 was incorrect on entry to DGELS.
Time to generate feat space: 3851.87 s
Projection time: 0.124142 s
Time to get best features on rank : 0.000397205 s
|---Complete final combination/selection from all ranks: 0.018822 s
Time for SIS: 0.172718 s
Time for l0-norm: 0.0257509 s
Projection time: 0.131426 s
Time to get best features on rank : 0.000271082 s
|---Complete final combination/selection from all ranks: 0.016715 s
Time for SIS: 0.171386 s
Time for l0-norm: 0.00669408 s
Projection time: 0.137413 s
Time to get best features on rank : 0.000123978 s
|---Complete final combination/selection from all ranks: 0.0159111 s
Time for SIS: 0.176557 s
Time for l0-norm: 0.00803208 s
Projection time: 0.132953 s
Time to get best features on rank : 0.000132084 s
|---Complete final combination/selection from all ranks: 0.0154929 s
Time for SIS: 0.171955 s
Time for l0-norm: 0.167108 s
Projection time: 0.137748 s
Time to get best features on rank : 8.98838e-05 s
|---Complete final combination/selection from all ranks: 0.014307 s
Time for SIS: 0.175688 s
Time for l0-norm: 13.2745 s
Train RMSE: 3.52977 K; Test RMSE: 6.77091 K
c0 + a0 * ((((wtd_mean_IP-6.774937e+00) / (mean_at_mass-1.665248e+01))+2.194667e-02) * (((lambda-3.567595e-01) * (mean_EA-1.411210e-01))+1.662472e-01))

Train RMSE: 2.46881 K; Test RMSE: 2.00472 K
c0 + a0 * ((((range_at_rad-6.184223e+01) / (lambda3-4.812370e-02))+5.017829e+02) * (((w_log-4.737960e+01) / (mean_IP-7.052171e+00))-1.267419e+01)) + a1 * ((((lambda+7.843422e+00) * (mean_IP-2.519565e-01))-6.342481e+01) * (((wtd_range_at_mass-2.012590e+01) / (wtd_mean_at_mass-1.562052e+01))+5.047363e-01))

Train RMSE: 1.7995 K; Test RMSE: 2.60872 K
c0 + a0 * ((|range_PE - (-6.804959e+00*wtd_mean_PE+1.661448e+01)|+2.634122e-01) * (((mean_PE-1.793659e-01) * (wtd_range_ThermalCond+1.814560e+02))-1.053334e+02)) + a1 * ((((range_at_rad-6.184223e+01) / (lambda3-4.812370e-02))+5.017829e+02) * (((w_log-4.737960e+01) / (mean_IP-7.052171e+00))-1.267419e+01)) + a2 * ((((w_log-1.783713e+01) * (wtd_range_EA-2.324464e-03))+8.601902e+00) * (((lambda4w_low+2.098432e+01) * (w_log+3.683776e+01))-1.601024e+04))

Train RMSE: 1.45488 K; Test RMSE: 4.46481 K
c0 + a0 * ((|1.0*wtd_range_ThermalCond-1.465247e+01|-1.852219e+01) * (|range_EA - (4.142250e-01*mean_EA+4.655458e-01)|-4.147012e-01)) + a1 * (((std_IP + 6.696645e+01*range_IP)-7.971401e+00) * (((wtd_mean_PE-2.199264e+00) * (range_PE-1.342280e+00))-8.431314e-02)) + a2 * ((((range_at_rad-6.184223e+01) / (lambda3-4.812370e-02))+5.017829e+02) * (((w_log-4.737960e+01) / (mean_IP-7.052171e+00))-1.267419e+01)) + a3 * ((((w_log-1.783713e+01) * (wtd_range_EA-2.324464e-03))+8.601902e+00) * (((lambda4w_low+2.098432e+01) * (w_log+3.683776e+01))-1.601024e+04))

Train RMSE: 1.1566 K; Test RMSE: 4.14462 K
c0 + a0 * ((wtd_mean_at_mass - mean_at_mass) * (wtd_range_at_rad - range_at_rad)) + a1 * ((|1.0*wtd_range_ThermalCond-1.465247e+01|-1.852219e+01) * (|range_EA - (4.142250e-01*mean_EA+4.655458e-01)|-4.147012e-01)) + a2 * ((((std_IP-1.229779e+01) * (range_PE+5.764536e+01))+7.027617e+02) * (((wtd_std_PE-6.175236e-01) * (wtd_mean_PE-2.187876e+00))-6.503041e-02)) + a3 * ((((range_at_rad-6.184223e+01) / (lambda3-4.812370e-02))+5.017829e+02) * (((w_log-4.737960e+01) / (mean_IP-7.052171e+00))-1.267419e+01)) + a4 * ((((w_log-1.783713e+01) * (wtd_range_EA-2.324464e-03))+8.601902e+00) * (((lambda4w_low+2.098432e+01) * (w_log+3.683776e+01))-1.601024e+04))

