Commit: ac5ce3effde5dec1922a0476f389f7d8b9fd059a
Compiler: IntelLLVM version 2024.0.2
Compiler flags: -O3 -fp-model=precise -fiopenmp
time input_parsing: 0.0652492 s
Time to generate feat space: 1011.7 s
Projection time: 0.075269 s
Time to get best features on rank : 0.000106096 s
|---Complete final combination/selection from all ranks: 0.0198181 s
Time for SIS: 0.115703 s
Time for l0-norm: 0.0267889 s
Projection time: 0.0813339 s
Time to get best features on rank : 0.000128031 s
|---Complete final combination/selection from all ranks: 0.014462 s
Time for SIS: 0.109559 s
Time for l0-norm: 0.00559402 s
Projection time: 0.07898 s
Time to get best features on rank : 9.10759e-05 s
|---Complete final combination/selection from all ranks: 0.0159039 s
Time for SIS: 0.109069 s
Time for l0-norm: 0.00850701 s
Projection time: 0.079788 s
Time to get best features on rank : 9.60827e-05 s
|---Complete final combination/selection from all ranks: 0.015866 s
Time for SIS: 0.109512 s
Time for l0-norm: 0.166682 s
Projection time: 0.0841391 s
Time to get best features on rank : 8.67844e-05 s
|---Complete final combination/selection from all ranks: 0.015727 s
Time for SIS: 0.114106 s
Time for l0-norm: 13.3 s
Train RMSE: 2.81402 K; Test RMSE: 6.77246 K
c0 + a0 * (((wtd_mean_IP-8.162055e+00) / (mean_at_mass-1.750752e+01)) + 7.300691e+00*((mean_IP+3.141436e+01) / (lambda-7.146896e+01)))

Train RMSE: 1.98831 K; Test RMSE: 6.91348 K
c0 + a0 * (((mean_at_mass+1.116629e-01) / (lambda3-4.746565e-02)) + 2.573415e-03*((range_ThermalCond+1.427367e+06) / (wtd_mean_PE-2.405286e+00))) + a1 * (((wtd_mean_IP-8.162055e+00) / (mean_at_mass-1.750752e+01)) + 7.300691e+00*((mean_IP+3.141436e+01) / (lambda-7.146896e+01)))

Train RMSE: 1.51686 K; Test RMSE: 7.21413 K
c0 + a0 * ((range_ThermalCond + 1.541764e+02*wtd_mean_EA) + 3.450711e+01*((L_avg-4.031956e+00) / (density-7.630320e+00))) + a1 * (((wtd_std_at_rad-2.012601e+01) / (lambda3-4.824386e-02)) + 2.476851e+02*((std_EA-4.346086e-01) / (wtd_mean_at_rad-1.140846e+00))) + a2 * ((mean_IP + 8.975256e-01*lambda) + 5.943261e-02*((L_avg+2.040414e+01) / (density-2.610884e+00)))

Train RMSE: 1.11781 K; Test RMSE: 7.86104 K
c0 + a0 * ((wtd_std_at_rad + 1.568127e+00*std_at_rad) + 7.497075e-01*|std_at_rad - (-3.561700e+00*wtd_range_at_rad+1.810934e+00)|) + a1 * (((wtd_range_ThermalCond+1.220220e+02) * (mean_PE-5.714553e-01)) + 1.837758e+03*((mean_EA-2.844391e+00) / (lambda4w_low-1.225183e+02))) + a2 * (((L_avg+9.835828e+01) / (lambda3-4.773894e-02)) + 4.268182e+00*((bulk_mod+6.457704e+02) / (mean_PE-2.410231e+00))) + a3 * ((mean_IP + 8.975256e-01*lambda) + 5.943261e-02*((L_avg+2.040414e+01) / (density-2.610884e+00)))

Train RMSE: 0.89327 K; Test RMSE: 7.51921 K
c0 + a0 * ((range_at_rad + mean_at_rad) - (range_PE * wtd_range_at_rad)) + a1 * (|std_at_rad - (-2.014795e+00*wtd_range_at_rad+1.015874e+00)| + 3.137469e+01*((wtd_std_at_rad-2.348208e-01)^3)) + a2 * (((wtd_range_ThermalCond+1.220220e+02) * (mean_PE-5.714553e-01)) + 1.837758e+03*((mean_EA-2.844391e+00) / (lambda4w_low-1.225183e+02))) + a3 * (((range_at_rad-1.395100e+01) / (lambda3-4.773212e-02)) + 1.252473e+01*((wtd_range_PE-3.987682e+01) / (wtd_mean_PE-2.402147e+00))) + a4 * ((mean_IP + 8.975256e-01*lambda) + 5.943261e-02*((L_avg+2.040414e+01) / (density-2.610884e+00)))

