Commit: ac5ce3effde5dec1922a0476f389f7d8b9fd059a
Compiler: IntelLLVM version 2024.0.2
Compiler flags: -O3 -fp-model=precise -fiopenmp
time input_parsing: 0.0795939 s
Time to generate feat space: 2.36647 s
Projection time: 0.141939 s
Time to get best features on rank : 0.000221968 s
|---Complete final combination/selection from all ranks: 0.0645318 s
Time for SIS: 0.207966 s
Time for l0-norm: 0.0310349 s
Projection time: 0.00277901 s
Time to get best features on rank : 5.60284e-05 s
|---Complete final combination/selection from all ranks: 0.008672 s
Time for SIS: 0.0128071 s
Time for l0-norm: 0.00837708 s
Projection time: 0.0077641 s
Time to get best features on rank : 6.60419e-05 s
|---Complete final combination/selection from all ranks: 0.00985694 s
Time for SIS: 0.0189691 s
Time for l0-norm: 0.00578094 s
Projection time: 0.00486612 s
Time to get best features on rank : 6.50883e-05 s
|---Complete final combination/selection from all ranks: 0.0082171 s
Time for SIS: 0.014437 s
Time for l0-norm: 0.164022 s
Projection time: 0.00846887 s
Time to get best features on rank : 6.31809e-05 s
|---Complete final combination/selection from all ranks: 0.00873303 s
Time for SIS: 0.018837 s
Time for l0-norm: 13.3588 s
Train RMSE: 3.47684 K; Test RMSE: 14.0311 K
c0 + a0 * ((lambda+1.217720e+01) * (wtd_mean_IP+2.171951e+00))

Train RMSE: 3.1591 K; Test RMSE: 15.0985 K
c0 + a0 * (|std_EA - mean_EA|) + a1 * ((lambda+1.217720e+01) * (wtd_mean_IP+2.171951e+00))

Train RMSE: 2.89191 K; Test RMSE: 14.9533 K
c0 + a0 * ((std_EA-1.017490e-01) * (wtd_range_PE-2.634220e-01)) + a1 * (|std_EA - mean_EA|) + a2 * ((lambda+1.217720e+01) * (wtd_mean_IP+2.171951e+00))

Train RMSE: 2.60664 K; Test RMSE: 15.4738 K
c0 + a0 * (|range_EA - wtd_mean_EA|) + a1 * ((std_at_mass-5.016803e+01) * (V_molar-2.356020e+01)) + a2 * (range_EA - wtd_mean_IP) + a3 * (mean_EA * lambda)

Train RMSE: 2.41952 K; Test RMSE: 15.6395 K
c0 + a0 * ((range_IP-2.062037e+00) * (range_ThermalCond-7.062177e+01)) + a1 * (|range_EA - wtd_mean_EA|) + a2 * ((V_molar-2.130995e+01) * (range_at_mass-9.329934e+01)) + a3 * (range_EA - wtd_mean_IP) + a4 * (mean_EA * lambda)

