Commit: ac5ce3effde5dec1922a0476f389f7d8b9fd059a
Compiler: IntelLLVM version 2024.0.2
Compiler flags: -O3 -fp-model=precise -fiopenmp
time input_parsing: 0.0599229 s
Time to generate feat space: 2876.75 s
Projection time: 0.142132 s
Time to get best features on rank : 0.000164986 s
|---Complete final combination/selection from all ranks: 0.023102 s
Time for SIS: 0.252946 s
Time for l0-norm: 0.019587 s
Projection time: 0.151542 s
Time to get best features on rank : 0.000105143 s
|---Complete final combination/selection from all ranks: 0.0160661 s
Time for SIS: 0.197792 s
Time for l0-norm: 0.00912809 s
Projection time: 0.164794 s
Time to get best features on rank : 0.000127077 s
|---Complete final combination/selection from all ranks: 0.0166471 s
Time for SIS: 0.211545 s
Time for l0-norm: 0.00850916 s
Projection time: 0.160202 s
Time to get best features on rank : 0.000112057 s
|---Complete final combination/selection from all ranks: 0.016427 s
Time for SIS: 0.207258 s
Time for l0-norm: 0.167696 s
Projection time: 0.158161 s
Time to get best features on rank : 0.00011611 s
|---Complete final combination/selection from all ranks: 0.017082 s
Time for SIS: 0.205787 s
Time for l0-norm: 13.2724 s
Train RMSE: 3.15846 K; Test RMSE: 4.9352 K
c0 + a0 * (((wtd_mean_IP+1.656687e+00) * (lambda+1.273433e+01)) + 1.980328e+03*((mean_at_rad-1.345246e+00) / (wtd_mean_at_mass-1.735032e+01)))

Train RMSE: 2.06471 K; Test RMSE: 5.09902 K
c0 + a0 * (((range_at_mass-1.196664e+02) / (wtd_mean_at_mass-9.982086e+01)) - (9.282286e-03*((wtd_std_at_mass+4.916791e+02) / (wtd_mean_PE-2.403765e+00)))) + a1 * (((wtd_mean_IP+1.656687e+00) * (lambda+1.273433e+01)) + 1.980328e+03*((mean_at_rad-1.345246e+00) / (wtd_mean_at_mass-1.735032e+01)))

Train RMSE: 1.53076 K; Test RMSE: 6.23776 K
c0 + a0 * (|std_at_rad - (2.535274e-01*L_avg-1.036135e+00)| - (1.940085e-01*((wtd_std_IP-5.552309e+00) * (wtd_std_at_rad+5.672440e-01)))) + a1 * (((range_at_mass-1.196664e+02) / (wtd_mean_at_mass-9.982086e+01)) - (9.282286e-03*((wtd_std_at_mass+4.916791e+02) / (wtd_mean_PE-2.403765e+00)))) + a2 * (((wtd_mean_IP+1.656687e+00) * (lambda+1.273433e+01)) + 1.980328e+03*((mean_at_rad-1.345246e+00) / (wtd_mean_at_mass-1.735032e+01)))

Train RMSE: 1.17544 K; Test RMSE: 5.41975 K
c0 + a0 * (((L_avg-7.903214e-02)^6) + 1.092939e+04*((std_at_mass-3.560230e+01) / (wtd_mean_ThermalCond-3.565897e+01))) + a1 * (|std_at_rad - (-4.280919e-01*wtd_range_at_rad+2.711978e-01)| - (1.619065e-01*(sin(2.345242e+02*wtd_std_PE+1.375239e-01)))) + a2 * (((range_at_mass-1.196664e+02) / (wtd_mean_at_mass-9.982086e+01)) - (9.282286e-03*((wtd_std_at_mass+4.916791e+02) / (wtd_mean_PE-2.403765e+00)))) + a3 * ((wtd_mean_IP + 9.009389e-01*lambda) + 9.610576e-01*((V_molar-3.543052e+01) / (wtd_mean_at_mass-1.601305e+01)))

Train RMSE: 0.966616 K; Test RMSE: 6.3726 K
c0 + a0 * ((std_ThermalCond - (0.000000e+00*range_ThermalCond)) - (5.120932e+01*((range_IP-2.660588e+00) / (lambda4w_low-2.445160e+01)))) + a1 * (((V_molar+8.666182e+01) / (mean_at_mass-5.239181e+01)) + 3.203963e+00*((wtd_mean_ThermalCond-6.180479e+01) / (L_avg-3.383207e+00))) + a2 * ((std_IP - (6.832889e+00*wtd_std_at_rad)) - (6.854512e-01*((L_avg-5.073061e+00)^2))) + a3 * (((range_at_mass-1.196664e+02) / (wtd_mean_at_mass-9.982086e+01)) - (9.282286e-03*((wtd_std_at_mass+4.916791e+02) / (wtd_mean_PE-2.403765e+00)))) + a4 * (((wtd_mean_IP+1.656687e+00) * (lambda+1.273433e+01)) + 1.980328e+03*((mean_at_rad-1.345246e+00) / (wtd_mean_at_mass-1.735032e+01)))

