Commit: ac5ce3effde5dec1922a0476f389f7d8b9fd059a
Compiler: IntelLLVM version 2024.0.2
Compiler flags: -O3 -fp-model=precise -fiopenmp
time input_parsing: 0.046844 s
Time to generate feat space: 1.0307 s
Projection time: 0.97408 s
Time to get best features on rank : 0.001863 s
|---Complete final combination/selection from all ranks: 0.010298 s
Time for SIS: 0.993475 s
Time for l0-norm: 0.0302649 s
Projection time: 0.00146317 s
Time to get best features on rank : 5.50747e-05 s
|---Complete final combination/selection from all ranks: 0.00802302 s
Time for SIS: 0.0109069 s
Time for l0-norm: 0.00673795 s
Projection time: 0.00259781 s
Time to get best features on rank : 4.1008e-05 s
|---Complete final combination/selection from all ranks: 0.041151 s
Time for SIS: 0.0447981 s
Time for l0-norm: 0.00626016 s
Projection time: 0.00320005 s
Time to get best features on rank : 5.10216e-05 s
|---Complete final combination/selection from all ranks: 0.00896788 s
Time for SIS: 0.0131791 s
Time for l0-norm: 0.161206 s
Projection time: 0.00157785 s
Time to get best features on rank : 5.91278e-05 s
|---Complete final combination/selection from all ranks: 0.00828409 s
Time for SIS: 0.0110071 s
Time for l0-norm: 13.7204 s
Train RMSE: 4.72075 K; Test RMSE: 7.69482 K
c0 + a0 * (w_log / wtd_mean_at_mass)

Train RMSE: 3.47233 K; Test RMSE: 6.87207 K
c0 + a0 * cbrt(lambda) + a1 * (w_log / wtd_mean_at_mass)

Train RMSE: 3.16423 K; Test RMSE: 7.34769 K
c0 + a0 * (wtd_range_PE / lambda) + a1 * (lambda + 2.393259e-01*density) + a2 * (w_log / wtd_mean_at_mass)

Train RMSE: 2.83802 K; Test RMSE: 6.55062 K
c0 + a0 * (wtd_mean_IP + 1.003520e-01*V_molar) + a1 * (wtd_range_PE / lambda) + a2 * (lambda + 2.393259e-01*density) + a3 * (w_log / mean_at_mass)

Train RMSE: 2.62583 K; Test RMSE: 7.52111 K
c0 + a0 * (wtd_range_at_rad / V_molar) + a1 * (mean_IP + 9.967774e-02*V_molar) + a2 * (wtd_range_PE / lambda) + a3 * (w_log^2) + a4 * (lambda4w_low * w_log)

