Commit: ac5ce3effde5dec1922a0476f389f7d8b9fd059a
Compiler: IntelLLVM version 2024.0.2
Compiler flags: -O3 -fp-model=precise -fiopenmp
time input_parsing: 0.056926 s
Time to generate feat space: 0.832129 s
Projection time: 0.164495 s
Time to get best features on rank : 0.0074358 s
|---Complete final combination/selection from all ranks: 0.0122819 s
Time for SIS: 0.201354 s
Time for l0-norm: 0.0395191 s
Projection time: 0.014874 s
Time to get best features on rank : 0.00090003 s
|---Complete final combination/selection from all ranks: 0.008919 s
Time for SIS: 0.02579 s
Time for l0-norm: 0.020052 s
Projection time: 0.012243 s
Time to get best features on rank : 4.88758e-05 s
|---Complete final combination/selection from all ranks: 0.0413971 s
Time for SIS: 0.0547519 s
Time for l0-norm: 0.0100379 s
Projection time: 0.0048461 s
Time to get best features on rank : 0.000154018 s
|---Complete final combination/selection from all ranks: 0.0113692 s
Time for SIS: 0.0173819 s
Time for l0-norm: 0.167438 s
Projection time: 0.00510216 s
Time to get best features on rank : 5.10216e-05 s
|---Complete final combination/selection from all ranks: 0.008672 s
Time for SIS: 0.0149741 s
Time for l0-norm: 13.4839 s
Train RMSE: 5.02804 K
c0 + a0 * (lambda * w_log)

Train RMSE: 3.91922 K
c0 + a0 * ln(lambda) + a1 * (w_log / mean_at_mass)

Train RMSE: 3.64837 K
c0 + a0 * (wtd_mean_EA * wtd_range_at_mass) + a1 * cbrt(lambda) + a2 * (w_log / wtd_mean_at_mass)

Train RMSE: 3.29792 K
c0 + a0 * (range_at_rad * wtd_mean_at_mass) + a1 * (|std_EA - wtd_mean_EA|) + a2 * cbrt(lambda) + a3 * (w_log / wtd_mean_at_mass)

Train RMSE: 3.01882 K
c0 + a0 * (|std_EA - wtd_mean_EA|) + a1 * (range_at_rad * density) + a2 * (std_at_rad * density) + a3 * cbrt(lambda) + a4 * (w_log / wtd_mean_at_mass)

