Commit: ac5ce3effde5dec1922a0476f389f7d8b9fd059a
Compiler: IntelLLVM version 2024.0.2
Compiler flags: -O3 -fp-model=precise -fiopenmp
time input_parsing: 0.061789 s
Time to generate feat space: 13448.6 s
Projection time: 0.399744 s
Time to get best features on rank : 0.00345898 s
|---Complete final combination/selection from all ranks: 0.0576339 s
Time for SIS: 0.560506 s
Time for l0-norm: 0.0188138 s
Projection time: 0.427086 s
Time to get best features on rank : 0.00171208 s
|---Complete final combination/selection from all ranks: 0.010658 s
Time for SIS: 0.53595 s
Time for l0-norm: 0.00791097 s
Projection time: 0.429535 s
Time to get best features on rank : 0.00107598 s
|---Complete final combination/selection from all ranks: 0.0101321 s
Time for SIS: 0.537354 s
Time for l0-norm: 0.00696993 s
Projection time: 0.448552 s
Time to get best features on rank : 0.000226021 s
|---Complete final combination/selection from all ranks: 0.00936604 s
Time for SIS: 0.556153 s
Time for l0-norm: 0.0150042 s
Projection time: 0.444612 s
Time to get best features on rank : 0.000792027 s
|---Complete final combination/selection from all ranks: 0.00913596 s
Time for SIS: 0.551817 s
Time for l0-norm: 0.391718 s
Train RMSE: 3.03307 K; Test RMSE: 6.62422 K
c0 + a0 * ((((wtd_range_at_mass+8.119308e+01) * (w_log-5.033621e+00))+1.244886e+02) * (((w_log+1.744217e+01) * (lambda3+3.148794e-01))-1.281732e+02))

Train RMSE: 2.10962 K; Test RMSE: 6.86147 K
c0 + a0 * (((std_at_mass+2.706294e+02) / (bulk_mod-1.298978e+01)) - (1.232648e+02*((std_PE+6.020664e-02) / (wtd_mean_at_mass-9.980606e+01)))) + a1 * ((((wtd_range_at_mass+8.119308e+01) * (w_log-5.033621e+00))+1.244886e+02) * (((w_log+1.744217e+01) * (lambda3+3.148794e-01))-1.281732e+02))

Train RMSE: 1.60686 K; Test RMSE: 6.88118 K
c0 + a0 * (((sin(3.872538e+01*wtd_range_PE-2.135281e-01))+2.555481e-01) * ((wtd_std_IP - (4.294832e-01*range_IP))-1.339255e-01)) + a1 * (((bulk_mod+8.566235e+01) / (mean_IP-9.336328e+00)) + 3.212635e+01*((wtd_range_at_mass+3.097179e+01) / (wtd_mean_at_mass-9.967143e+01))) + a2 * ((((lambda3+2.158257e-01) * (w_log-3.922619e+00))-1.029234e+02) * (((wtd_range_at_mass+1.060102e+02) * (w_log+1.759689e+01))-5.345703e+02))

Train RMSE: 1.19031 K; Test RMSE: 7.1674 K
c0 + a0 * ((((range_at_mass+1.300372e+02) * (wtd_mean_at_mass-1.782683e+02))+1.555007e+04) * (((range_at_rad-1.041469e+00) / (mean_PE-2.596651e+00))-7.010439e-01)) + a1 * (((sin(3.872538e+01*wtd_range_PE-2.135281e-01))+2.555481e-01) * ((wtd_std_IP - (4.294832e-01*range_IP))-1.339255e-01)) + a2 * (((bulk_mod+8.566235e+01) / (mean_IP-9.336328e+00)) + 3.212635e+01*((wtd_range_at_mass+3.097179e+01) / (wtd_mean_at_mass-9.967143e+01))) + a3 * ((((wtd_mean_at_mass+1.967714e+02) * (w_log-6.215212e-01))+2.817200e+02) * (((lambda3+3.026993e-01) * (w_log+1.697218e+00))-1.389089e+02))

Train RMSE: 0.957422 K; Test RMSE: 7.3238 K
c0 + a0 * ((((wtd_range_at_mass-1.293951e+01) / (L_avg-4.622552e+00))+2.355777e+01) * (((wtd_std_at_mass-8.212193e+01) * (wtd_range_IP-3.944175e+00))+2.904006e+01)) + a1 * (((range_at_mass - (2.239992e+00*wtd_mean_at_mass))+1.397154e+02) * (((wtd_mean_PE+9.727650e+01) * (range_at_rad-5.734273e+01))+5.624606e+03)) + a2 * (((sin(3.872538e+01*wtd_range_PE-2.135281e-01))+2.555481e-01) * ((wtd_std_IP - (4.294832e-01*range_IP))-1.339255e-01)) + a3 * (((bulk_mod+8.566235e+01) / (mean_IP-9.336328e+00)) + 3.212635e+01*((wtd_range_at_mass+3.097179e+01) / (wtd_mean_at_mass-9.967143e+01))) + a4 * ((((wtd_mean_at_mass+1.967714e+02) * (w_log-6.215212e-01))+2.817200e+02) * (((lambda3+3.026993e-01) * (w_log+1.697218e+00))-1.389089e+02))

