Commit: ac5ce3effde5dec1922a0476f389f7d8b9fd059a
Compiler: IntelLLVM version 2024.0.2
Compiler flags: -O3 -fp-model=precise -fiopenmp
time input_parsing: 0.05827 s

Intel MKL ERROR: Parameter 5 was incorrect on entry to DGELS.

Intel MKL ERROR: Parameter 5 was incorrect on entry to DGELS.

Intel MKL ERROR: Parameter 5 was incorrect on entry to DGELS.

Intel MKL ERROR: Parameter 5 was incorrect on entry to DGELS.
Time to generate feat space: 7924.66 s
Projection time: 0.237446 s
Time to get best features on rank : 0.00200295 s
|---Complete final combination/selection from all ranks: 0.018065 s
Time for SIS: 0.39755 s
Time for l0-norm: 0.020174 s
Projection time: 0.259952 s
Time to get best features on rank : 0.000591993 s
|---Complete final combination/selection from all ranks: 0.0166969 s
Time for SIS: 0.32751 s
Time for l0-norm: 0.0054369 s
Projection time: 0.259956 s
Time to get best features on rank : 0.000299931 s
|---Complete final combination/selection from all ranks: 0.0140171 s
Time for SIS: 0.325275 s
Time for l0-norm: 0.00697398 s
Projection time: 0.270811 s
Time to get best features on rank : 0.000240803 s
|---Complete final combination/selection from all ranks: 0.017694 s
Time for SIS: 0.339981 s
Time for l0-norm: 0.163379 s
Projection time: 0.25886 s
Time to get best features on rank : 0.000540972 s
|---Complete final combination/selection from all ranks: 0.0163178 s
Time for SIS: 0.326451 s
Time for l0-norm: 13.2468 s
Train RMSE: 3.41886 K; Test RMSE: 5.26437 K
c0 + a0 * ((((std_EA+6.168401e-01) * (mean_IP-8.352492e+00))+2.779632e+00) * (((lambda-2.346256e-01) / (mean_at_mass-1.448730e+01))+1.698267e-02))

Train RMSE: 2.47628 K; Test RMSE: 3.96481 K
c0 + a0 * ((((mean_EA-6.568618e-01) / (density-8.413013e+00))-7.983814e-01) * (((range_at_rad-6.055291e+00) * (wtd_std_at_mass-3.138065e+02))-6.772283e+02)) + a1 * (((cbrt(lambda4w_low-3.473253e+01))+5.943464e+00) * (((w_log-3.385944e+01) / (bulk_mod+3.237802e+01))+6.428810e-01))

Train RMSE: 1.74754 K; Test RMSE: 1.8715 K
c0 + a0 * (((mean_PE - (9.745455e-01*mean_IP))+1.964179e+01) * (((std_PE-1.385244e-01)^6)+1.195410e+00)) + a1 * (((w_log+2.244472e+00) / (wtd_mean_ThermalCond-5.726659e+01)) - (1.290921e+00*((range_at_rad+1.187852e+02) / (mean_IP-8.325205e+00)))) + a2 * ((((wtd_range_at_mass-2.463768e+01) / (lambda-7.045328e-01))+8.449652e+01) * ((range_IP - (5.442407e+00*lambda))-1.911268e+00))

Train RMSE: 1.3688 K; Test RMSE: 1.93425 K
c0 + a0 * (((L_avg+2.147714e+00)^6) - (5.498077e+03*((std_IP-9.149598e-01) / (mean_at_rad-1.267561e+00)))) + a1 * (((wtd_std_IP + 1.473640e+00*mean_IP)-4.993573e+01) * ((exp(4.022251e+00*std_PE))+1.478294e+02)) + a2 * (((w_log+2.244472e+00) / (wtd_mean_ThermalCond-5.726659e+01)) - (1.290921e+00*((range_at_rad+1.187852e+02) / (mean_IP-8.325205e+00)))) + a3 * ((((wtd_range_at_mass-2.463768e+01) / (lambda-7.045328e-01))+8.449652e+01) * ((range_IP - (5.442407e+00*lambda))-1.911268e+00))

Train RMSE: 1.12456 K; Test RMSE: 2.3975 K
c0 + a0 * (((sin(1.999365e+01*lambda3-1.308852e+00))-9.771365e-01) * (((wtd_range_at_rad-1.637489e-01) * (mean_EA-7.815824e-01))+3.507654e-01)) + a1 * (((L_avg+2.147714e+00)^6) - (5.498077e+03*((std_IP-9.149598e-01) / (mean_at_rad-1.267561e+00)))) + a2 * (((wtd_std_IP + 1.473640e+00*mean_IP)-4.993573e+01) * ((exp(4.022251e+00*std_PE))+1.478294e+02)) + a3 * (((w_log+2.244472e+00) / (wtd_mean_ThermalCond-5.726659e+01)) - (1.290921e+00*((range_at_rad+1.187852e+02) / (mean_IP-8.325205e+00)))) + a4 * ((((wtd_range_at_mass-2.463768e+01) / (lambda-7.045328e-01))+8.449652e+01) * ((range_IP - (5.442407e+00*lambda))-1.911268e+00))

