Commit: ac5ce3effde5dec1922a0476f389f7d8b9fd059a
Compiler: IntelLLVM version 2024.0.2
Compiler flags: -O3 -fp-model=precise -fiopenmp
time input_parsing: 0.0634801 s
Time to generate feat space: 0.934186 s
Projection time: 0.0323911 s
Time to get best features on rank : 8.10623e-05 s
|---Complete final combination/selection from all ranks: 0.0163748 s
Time for SIS: 0.0584328 s
Time for l0-norm: 0.0167851 s
Projection time: 0.0278552 s
Time to get best features on rank : 0.000308037 s
|---Complete final combination/selection from all ranks: 0.0147059 s
Time for SIS: 0.047574 s
Time for l0-norm: 0.0058279 s
Projection time: 0.0250449 s
Time to get best features on rank : 8.08239e-05 s
|---Complete final combination/selection from all ranks: 0.014255 s
Time for SIS: 0.0440059 s
Time for l0-norm: 0.007653 s
Projection time: 0.01998 s
Time to get best features on rank : 6.69956e-05 s
|---Complete final combination/selection from all ranks: 0.0147161 s
Time for SIS: 0.0394971 s
Time for l0-norm: 0.16622 s
Projection time: 0.0286479 s
Time to get best features on rank : 7.51019e-05 s
|---Complete final combination/selection from all ranks: 0.0140049 s
Time for SIS: 0.047322 s
Time for l0-norm: 13.7176 s
Train RMSE: 3.71497 K; Test RMSE: 5.09242 K
c0 + a0 * ((w_log / wtd_mean_at_mass) * (mean_ThermalCond * lambda4w_low))

Train RMSE: 3.09671 K; Test RMSE: 9.2761 K
c0 + a0 * ((wtd_range_EA - std_IP) / (exp(1.181490e+00*range_IP))) + a1 * ((lambda3 * w_log) * (wtd_range_PE * w_log))

Train RMSE: 2.53486 K; Test RMSE: 9.14995 K
c0 + a0 * ((|range_EA - wtd_std_IP|) / (|mean_EA - wtd_range_IP|)) + a1 * ((wtd_range_EA - wtd_std_IP) / (exp(1.181490e+00*range_IP))) + a2 * ((lambda3 * w_log) * (wtd_range_PE * w_log))

Train RMSE: 2.16701 K; Test RMSE: 10.1958 K
c0 + a0 * (sin(lambda) + (range_ThermalCond / mean_ThermalCond)) + a1 * ((|range_EA - wtd_std_IP|) / (|mean_EA - wtd_range_IP|)) + a2 * ((wtd_range_EA - wtd_std_IP) / (exp(1.181490e+00*range_IP))) + a3 * ((lambda3 * w_log) * (wtd_range_PE * w_log))

Train RMSE: 1.8515 K; Test RMSE: 10.3725 K
c0 + a0 * ((std_at_rad * wtd_range_at_mass) * (range_ThermalCond - mean_ThermalCond)) + a1 * ((wtd_mean_EA * wtd_range_at_rad) * cos(lambda)) + a2 * ((|range_EA - wtd_std_IP|) / (|mean_EA - wtd_range_IP|)) + a3 * ((wtd_range_EA - wtd_std_IP) / (exp(1.181490e+00*range_IP))) + a4 * ((w_log / lambda) * (wtd_range_PE * lambda4w_low))

