Commit: ac5ce3effde5dec1922a0476f389f7d8b9fd059a
Compiler: IntelLLVM version 2024.0.2
Compiler flags: -O3 -fp-model=precise -fiopenmp
time input_parsing: 0.0492291 s
Time to generate feat space: 1003.04 s
Projection time: 0.0761631 s
Time to get best features on rank : 0.000959158 s
|---Complete final combination/selection from all ranks: 0.018774 s
Time for SIS: 0.114573 s
Time for l0-norm: 0.0184751 s
Projection time: 0.0765669 s
Time to get best features on rank : 0.000555038 s
|---Complete final combination/selection from all ranks: 0.0158241 s
Time for SIS: 0.105844 s
Time for l0-norm: 0.00848699 s
Projection time: 0.0762401 s
Time to get best features on rank : 0.000680923 s
|---Complete final combination/selection from all ranks: 0.0161991 s
Time for SIS: 0.106133 s
Time for l0-norm: 0.00886011 s
Projection time: 0.0767758 s
Time to get best features on rank : 0.000580072 s
|---Complete final combination/selection from all ranks: 0.0175762 s
Time for SIS: 0.108172 s
Time for l0-norm: 0.167683 s
Projection time: 0.0778189 s
Time to get best features on rank : 9.17912e-05 s
|---Complete final combination/selection from all ranks: 0.0167069 s
Time for SIS: 0.10867 s
Time for l0-norm: 13.3112 s
Train RMSE: 3.46047 K; Test RMSE: 2.23567 K
c0 + a0 * (((wtd_mean_IP-2.646942e-01) * (lambda+9.705076e+00)) - (5.156623e-01*((L_avg-2.769000e+00) / (mean_at_rad-1.126484e+00))))

Train RMSE: 2.3438 K; Test RMSE: 2.41151 K
c0 + a0 * (((range_at_rad+7.849685e+00) / (lambda3-4.787876e-02)) - (6.255647e+02*((wtd_mean_EA-6.997190e-01) / (mean_IP-7.035498e+00)))) + a1 * (((mean_IP+1.557438e+00) * (lambda+1.030182e+01)) - (8.225751e+02*((wtd_std_EA-1.850934e-01) / (wtd_mean_at_mass-1.503192e+01))))

Train RMSE: 1.79275 K; Test RMSE: 2.24601 K
c0 + a0 * (((range_at_mass-1.358685e+01)^2) - (3.890974e+03*((wtd_std_EA-4.277337e-01) / (wtd_mean_at_rad-1.141937e+00)))) + a1 * (((range_at_rad+7.849685e+00) / (lambda3-4.787876e-02)) - (6.255647e+02*((wtd_mean_EA-6.997190e-01) / (mean_IP-7.035498e+00)))) + a2 * (((wtd_mean_IP-2.460130e+00) * (lambda+6.034297e+00)) - (1.094275e+02*((wtd_range_EA-1.561426e-01) / (mean_at_mass-1.758550e+01))))

Train RMSE: 1.35511 K; Test RMSE: 2.43756 K
c0 + a0 * (((mean_at_mass-9.396768e+01) / (V_molar-1.362678e+01)) - (2.687598e+00*((wtd_mean_ThermalCond-9.563351e+01) / (L_avg-8.790321e+00)))) + a1 * (((range_at_mass-1.358685e+01)^2) - (3.890974e+03*((wtd_std_EA-4.277337e-01) / (wtd_mean_at_rad-1.141937e+00)))) + a2 * (((range_at_rad+7.849685e+00) / (lambda3-4.787876e-02)) - (6.255647e+02*((wtd_mean_EA-6.997190e-01) / (mean_IP-7.035498e+00)))) + a3 * (((wtd_mean_IP-2.460130e+00) * (lambda+6.034297e+00)) - (1.094275e+02*((wtd_range_EA-1.561426e-01) / (mean_at_mass-1.758550e+01))))

Train RMSE: 1.10108 K; Test RMSE: 1.59614 K
c0 + a0 * ((mean_EA - (1.565450e+00*std_at_mass)) - (1.497655e+03*((L_avg-5.043279e+00) / (mean_at_mass-8.709897e+01)))) + a1 * ((V_molar * density) / (std_PE - (3.649711e-01*L_avg))) + a2 * (((wtd_mean_at_rad+7.841458e+01) / (lambda-1.482323e+00)) - (4.961608e+01*((mean_ThermalCond-6.919237e+01) / (wtd_mean_IP-8.895880e+00)))) + a3 * (((range_at_rad+7.849685e+00) / (lambda3-4.787876e-02)) - (6.255647e+02*((wtd_mean_EA-6.997190e-01) / (mean_IP-7.035498e+00)))) + a4 * (((wtd_mean_IP-2.646942e-01) * (lambda+9.705076e+00)) - (5.156623e-01*((L_avg-2.769000e+00) / (mean_at_rad-1.126484e+00))))

