Commit: ac5ce3effde5dec1922a0476f389f7d8b9fd059a
Compiler: IntelLLVM version 2024.0.2
Compiler flags: -O3 -fp-model=precise -fiopenmp
time input_parsing: 0.0814002 s
Time to generate feat space: 13204.1 s
Projection time: 0.402843 s
Time to get best features on rank : 8.89301e-05 s
|---Complete final combination/selection from all ranks: 0.013638 s
Time for SIS: 0.518097 s
Time for l0-norm: 0.017797 s
Projection time: 0.432829 s
Time to get best features on rank : 0.000668049 s
|---Complete final combination/selection from all ranks: 0.0116 s
Time for SIS: 0.548996 s
Time for l0-norm: 0.00733113 s
Projection time: 0.442632 s
Time to get best features on rank : 0.00028491 s
|---Complete final combination/selection from all ranks: 0.0103521 s
Time for SIS: 0.55402 s
Time for l0-norm: 0.00635004 s
Projection time: 0.439246 s
Time to get best features on rank : 7.41482e-05 s
|---Complete final combination/selection from all ranks: 0.00949287 s
Time for SIS: 0.549396 s
Time for l0-norm: 0.018898 s
Projection time: 0.442051 s
Time to get best features on rank : 9.32217e-05 s
|---Complete final combination/selection from all ranks: 0.00969887 s
Time for SIS: 0.551612 s
Time for l0-norm: 0.407246 s
Train RMSE: 3.30781 K; Test RMSE: 8.76689 K
c0 + a0 * ((((lambda3+5.022621e+01) / (wtd_mean_at_mass-1.508518e+01))-8.401522e+00) * (((mean_IP-1.010692e+01) / (lambda4w_low+3.576989e+02))+2.415996e-03))

Train RMSE: 2.2219 K; Test RMSE: 9.04566 K
c0 + a0 * (((mean_ThermalCond-5.889029e+01) / (wtd_mean_ThermalCond-7.674087e+01)) - (2.686255e+01*((wtd_range_ThermalCond-7.139457e+01) / (wtd_mean_at_mass-9.907137e+01)))) + a1 * ((((lambda3+5.022621e+01) / (wtd_mean_at_mass-1.508518e+01))-8.401522e+00) * (((mean_IP-1.010692e+01) / (lambda4w_low+3.576989e+02))+2.415996e-03))

Train RMSE: 1.69992 K; Test RMSE: 50.6448 K
c0 + a0 * ((1.0 / (wtd_mean_at_rad-1.137888e+00)) - (1.389813e+00*((mean_EA-5.109599e-01) * (wtd_range_at_mass-2.350506e+01)))) + a1 * (((wtd_mean_PE-1.194452e+03) / (wtd_mean_at_mass-1.001656e+02)) + 2.012112e+00*((wtd_std_PE-9.925209e-01) / (lambda3-4.836360e-02))) + a2 * ((((wtd_mean_IP-1.498018e+01) * (lambda-9.677820e+00))-5.407396e+01) * (((lambda3+4.650432e+01) / (mean_at_mass-1.712005e+01))-6.841630e+00))

Train RMSE: 1.32018 K; Test RMSE: 50.5668 K
c0 + a0 * (((mean_EA-3.878879e-01) * (wtd_mean_at_rad-1.373079e+00)) - (5.105121e-02*((mean_IP-7.297198e+00) / (wtd_mean_IP-7.175341e+00)))) + a1 * (((wtd_mean_EA + 2.075347e+00*wtd_std_at_rad)-1.660325e+00) * (((wtd_range_at_mass-1.537728e+01) / (wtd_mean_at_rad-1.169601e+00))+7.644192e+01)) + a2 * (((wtd_mean_PE-1.194452e+03) / (wtd_mean_at_mass-1.001656e+02)) + 2.012112e+00*((wtd_std_PE-9.925209e-01) / (lambda3-4.836360e-02))) + a3 * ((((wtd_mean_IP-1.498018e+01) * (lambda-9.677820e+00))-5.407396e+01) * (((lambda3+4.650432e+01) / (mean_at_mass-1.712005e+01))-6.841630e+00))

Train RMSE: 1.06165 K; Test RMSE: 13.9674 K
c0 + a0 * ((wtd_mean_at_mass - mean_at_mass) / (wtd_mean_at_mass - (3.651409e-01*w_log))) + a1 * ((((mean_EA+4.620641e-01) * (lambda3+1.285055e+02))-1.778030e+02) * ((wtd_mean_at_mass + 1.130657e+02*L_avg)-5.270591e+02)) + a2 * ((((wtd_mean_IP-8.534118e+00) / (mean_at_rad-1.177098e+00))-1.112778e+01) * (((mean_EA-1.115778e+00) / (lambda3-3.606001e+00))+1.029051e+02)) + a3 * (((wtd_mean_PE-1.194452e+03) / (wtd_mean_at_mass-1.001656e+02)) + 2.012112e+00*((wtd_std_PE-9.925209e-01) / (lambda3-4.836360e-02))) + a4 * (((mean_ThermalCond-1.813627e+02) / (mean_at_mass-1.687294e+01)) - (9.617607e+02*((mean_IP-1.092956e+01) / (lambda4w_low+1.812985e+02))))

