Commit: ac5ce3effde5dec1922a0476f389f7d8b9fd059a
Compiler: IntelLLVM version 2024.0.2
Compiler flags: -O3 -fp-model=precise -fiopenmp
time input_parsing: 0.0576601 s
Time to generate feat space: 2.48031 s
Projection time: 0.14321 s
Time to get best features on rank : 5.79357e-05 s
|---Complete final combination/selection from all ranks: 0.0118611 s
Time for SIS: 0.162978 s
Time for l0-norm: 0.0245981 s
Projection time: 0.00402999 s
Time to get best features on rank : 5.79357e-05 s
|---Complete final combination/selection from all ranks: 0.0488951 s
Time for SIS: 0.0543211 s
Time for l0-norm: 0.00641394 s
Projection time: 0.00695705 s
Time to get best features on rank : 4.69685e-05 s
|---Complete final combination/selection from all ranks: 0.00776887 s
Time for SIS: 0.0160789 s
Time for l0-norm: 0.00735712 s
Projection time: 0.00537705 s
Time to get best features on rank : 6.19888e-05 s
|---Complete final combination/selection from all ranks: 0.00975394 s
Time for SIS: 0.0165792 s
Time for l0-norm: 0.164271 s
Projection time: 0.00758791 s
Time to get best features on rank : 6.19888e-05 s
|---Complete final combination/selection from all ranks: 0.00835991 s
Time for SIS: 0.0173259 s
Time for l0-norm: 13.2815 s
Train RMSE: 5.20127 K; Test RMSE: 2.66418 K
c0 + a0 * (lambda * w_log)

Train RMSE: 3.93542 K; Test RMSE: 2.33399 K
c0 + a0 * (w_log / wtd_mean_at_mass) + a1 * ((lambda-1.778162e-01) * (w_log+5.895501e+01))

Train RMSE: 3.60888 K; Test RMSE: 3.59825 K
c0 + a0 * (|range_EA - mean_EA|) + a1 * (w_log / wtd_mean_at_mass) + a2 * ((lambda-1.778162e-01) * (w_log+5.895501e+01))

Train RMSE: 3.30594 K; Test RMSE: 3.78293 K
c0 + a0 * ((mean_IP-7.411487e+00) * (wtd_std_ThermalCond+2.695429e+01)) + a1 * ((V_molar-4.060444e+01) * (wtd_range_at_rad+6.302901e-02)) + a2 * ((lambda-1.778162e-01) * (w_log+5.895501e+01)) + a3 * (w_log^2)

Train RMSE: 2.81853 K; Test RMSE: 4.03191 K
c0 + a0 * (wtd_range_PE * std_EA) + a1 * ((wtd_mean_IP-4.427553e+00) * (wtd_mean_at_mass+8.610893e+01)) + a2 * (mean_EA * V_molar) + a3 * (w_log / wtd_mean_at_mass) + a4 * ((lambda-1.778162e-01) * (w_log+5.895501e+01))

