Commit: ac5ce3effde5dec1922a0476f389f7d8b9fd059a
Compiler: IntelLLVM version 2024.0.2
Compiler flags: -O3 -fp-model=precise -fiopenmp
time input_parsing: 0.062263 s
Time to generate feat space: 0.865988 s
Projection time: 0.912713 s
Time to get best features on rank : 0.000645876 s
|---Complete final combination/selection from all ranks: 0.0504081 s
Time for SIS: 0.96431 s
Time for l0-norm: 0.0327399 s
Projection time: 0.00140405 s
Time to get best features on rank : 0.000617981 s
|---Complete final combination/selection from all ranks: 0.00936294 s
Time for SIS: 0.0126209 s
Time for l0-norm: 0.00745702 s
Projection time: 0.001405 s
Time to get best features on rank : 4.50611e-05 s
|---Complete final combination/selection from all ranks: 0.00841713 s
Time for SIS: 0.0108869 s
Time for l0-norm: 0.00473094 s
Projection time: 0.00158405 s
Time to get best features on rank : 4.98295e-05 s
|---Complete final combination/selection from all ranks: 0.00823689 s
Time for SIS: 0.0108871 s
Time for l0-norm: 0.165181 s
Projection time: 0.0017519 s
Time to get best features on rank : 7.82013e-05 s
|---Complete final combination/selection from all ranks: 0.00870109 s
Time for SIS: 0.0117021 s
Time for l0-norm: 13.6529 s
Train RMSE: 5.12072 K; Test RMSE: 4.35138 K
c0 + a0 * (lambda * w_log)

Train RMSE: 3.97692 K; Test RMSE: 3.40801 K
c0 + a0 * ln(lambda) + a1 * (w_log / mean_at_mass)

Train RMSE: 3.71539 K; Test RMSE: 3.02979 K
c0 + a0 * (wtd_mean_EA * wtd_range_at_mass) + a1 * cbrt(lambda) + a2 * (w_log / wtd_mean_at_mass)

Train RMSE: 3.36918 K; Test RMSE: 2.9322 K
c0 + a0 * (|std_EA - wtd_mean_EA|) + a1 * (range_at_rad * density) + a2 * ln(lambda) + a3 * (w_log / wtd_mean_at_mass)

Train RMSE: 2.97692 K; Test RMSE: 3.39925 K
c0 + a0 * (wtd_mean_EA * V_molar) + a1 * (wtd_range_PE * range_EA) + a2 * (range_at_rad * density) + a3 * cbrt(lambda) + a4 * (w_log / wtd_mean_at_mass)

