Commit: ac5ce3effde5dec1922a0476f389f7d8b9fd059a
Compiler: IntelLLVM version 2024.0.2
Compiler flags: -O3 -fp-model=precise -fiopenmp
time input_parsing: 0.0635381 s
Time to generate feat space: 13419.1 s
Projection time: 0.414231 s
Time to get best features on rank : 0.00247097 s
|---Complete final combination/selection from all ranks: 0.0190201 s
Time for SIS: 0.537171 s
Time for l0-norm: 0.018868 s
Projection time: 0.458805 s
Time to get best features on rank : 0.002213 s
|---Complete final combination/selection from all ranks: 0.0168231 s
Time for SIS: 0.575263 s
Time for l0-norm: 0.00883484 s
Projection time: 0.459842 s
Time to get best features on rank : 0.00179696 s
|---Complete final combination/selection from all ranks: 0.0139802 s
Time for SIS: 0.573384 s
Time for l0-norm: 0.0106661 s
Projection time: 0.460518 s
Time to get best features on rank : 0.00117183 s
|---Complete final combination/selection from all ranks: 0.0163801 s
Time for SIS: 0.577842 s
Time for l0-norm: 0.16628 s
Projection time: 0.459562 s
Time to get best features on rank : 0.0017271 s
|---Complete final combination/selection from all ranks: 0.0159869 s
Time for SIS: 0.575614 s
Time for l0-norm: 13.2095 s
Train RMSE: 3.49003 K; Test RMSE: 1.91814 K
c0 + a0 * ((wtd_mean_IP + 5.569206e-01*lambda) - (4.838148e+01*((mean_PE-1.595066e+00) / (mean_at_mass-1.783072e+01))))

Train RMSE: 2.33744 K; Test RMSE: 1.56689 K
c0 + a0 * ((((range_at_rad-6.184223e+01) / (lambda3-4.812370e-02))+5.017829e+02) * (((w_log-4.737960e+01) / (mean_IP-7.052171e+00))-1.267419e+01)) + a1 * (((wtd_std_PE-6.791406e-01) / (mean_at_rad-1.123476e+00)) - (1.464086e+00*((wtd_mean_IP-3.776981e-01) * (lambda+8.062296e+00))))

Train RMSE: 1.76895 K; Test RMSE: 0.946828 K
c0 + a0 * ((((wtd_std_at_rad+1.167100e+00) * (wtd_mean_EA+1.976960e+00))-3.898789e+00) * ((mean_ThermalCond + 9.331164e+00*L_avg)-8.904914e+01)) + a1 * (((std_at_rad-3.058198e-01) / (wtd_mean_at_mass-9.985190e+01)) - (3.871051e-02*((std_at_rad-2.860294e-01) / (V_molar-2.190366e+01)))) + a2 * ((((wtd_mean_IP+6.980361e-01) * (lambda+9.916445e+00))-9.413114e+01) * (((mean_at_mass-4.102091e+01) / (wtd_mean_at_mass-1.521577e+01))+7.700133e-01))

Train RMSE: 1.28769 K; Test RMSE: 0.89129 K
c0 + a0 * ((std_EA - wtd_mean_EA) / (std_PE - (3.329427e-01*wtd_mean_PE))) + a1 * ((((bulk_mod-5.370438e+01) / (lambda3-3.249304e+00))+6.606586e+01) * (((mean_ThermalCond+4.713303e+01) / (wtd_mean_at_rad-1.111153e+00))-3.311008e+02)) + a2 * (((std_at_rad-3.058198e-01) / (wtd_mean_at_mass-9.985190e+01)) - (3.871051e-02*((std_at_rad-2.860294e-01) / (V_molar-2.190366e+01)))) + a3 * ((wtd_mean_IP + 5.569206e-01*lambda) - (4.838148e+01*((mean_PE-1.595066e+00) / (mean_at_mass-1.783072e+01))))

Train RMSE: 0.978561 K; Test RMSE: 0.79247 K
c0 + a0 * ((wtd_range_IP - (2.357290e+00*range_at_rad)) / (wtd_range_PE - (9.930607e-01*lambda3))) + a1 * ((std_EA - wtd_mean_EA) / (std_PE - (3.329427e-01*wtd_mean_PE))) + a2 * ((((bulk_mod-5.370438e+01) / (lambda3-3.249304e+00))+6.606586e+01) * (((mean_ThermalCond+4.713303e+01) / (wtd_mean_at_rad-1.111153e+00))-3.311008e+02)) + a3 * (((std_at_rad-3.058198e-01) / (wtd_mean_at_mass-9.985190e+01)) - (3.871051e-02*((std_at_rad-2.860294e-01) / (V_molar-2.190366e+01)))) + a4 * ((wtd_mean_IP + 5.569206e-01*lambda) - (4.838148e+01*((mean_PE-1.595066e+00) / (mean_at_mass-1.783072e+01))))

