Commit: ac5ce3effde5dec1922a0476f389f7d8b9fd059a
Compiler: IntelLLVM version 2024.0.2
Compiler flags: -O3 -fp-model=precise -fiopenmp
time input_parsing: 0.056767 s
Time to generate feat space: 0.199541 s
Projection time: 0.133268 s
Time to get best features on rank : 0.00125408 s
|---Complete final combination/selection from all ranks: 0.011955 s
Time for SIS: 0.153452 s
Time for l0-norm: 0.0261762 s
Projection time: 0.00100493 s
Time to get best features on rank : 0.000154018 s
|---Complete final combination/selection from all ranks: 0.0497451 s
Time for SIS: 0.051863 s
Time for l0-norm: 0.0065279 s
Projection time: 0.00101113 s
Time to get best features on rank : 0.000137806 s
|---Complete final combination/selection from all ranks: 0.00838208 s
Time for SIS: 0.010488 s
Time for l0-norm: 0.00704002 s
Projection time: 0.00459194 s
Time to get best features on rank : 4.81606e-05 s
|---Complete final combination/selection from all ranks: 0.00799489 s
Time for SIS: 0.0139792 s
Time for l0-norm: 0.163325 s
Projection time: 0.001194 s
Time to get best features on rank : 4.88758e-05 s
|---Complete final combination/selection from all ranks: 0.00894904 s
Time for SIS: 0.011095 s
Time for l0-norm: 13.535 s
Train RMSE: 5.15793 K; Test RMSE: 3.57177 K
c0 + a0 * (lambda * w_log)

Train RMSE: 4.0051 K; Test RMSE: 3.56887 K
c0 + a0 * ln(lambda) + a1 * (w_log^2)

Train RMSE: 3.65868 K; Test RMSE: 4.0723 K
c0 + a0 * (wtd_mean_EA * wtd_range_at_mass) + a1 * ln(lambda) + a2 * (w_log / wtd_mean_at_mass)

Train RMSE: 3.34736 K; Test RMSE: 6.10066 K
c0 + a0 * (|wtd_range_IP - range_IP|) + a1 * ln(lambda) + a2 * (w_log / density) + a3 * (wtd_mean_at_rad / wtd_mean_at_mass)

Train RMSE: 3.06596 K; Test RMSE: 3.05629 K
c0 + a0 * (wtd_range_PE * range_EA) + a1 * (wtd_mean_EA * V_molar) + a2 * (mean_IP * wtd_range_at_mass) + a3 * cbrt(lambda) + a4 * (w_log / wtd_mean_at_mass)

