Commit: ac5ce3effde5dec1922a0476f389f7d8b9fd059a
Compiler: IntelLLVM version 2024.0.2
Compiler flags: -O3 -fp-model=precise -fiopenmp
time input_parsing: 0.0521901 s
Time to generate feat space: 3791.89 s
Projection time: 0.126627 s
Time to get best features on rank : 0.00135183 s
|---Complete final combination/selection from all ranks: 0.018986 s
Time for SIS: 0.172677 s
Time for l0-norm: 0.016257 s
Projection time: 0.136233 s
Time to get best features on rank : 0.00151515 s
|---Complete final combination/selection from all ranks: 0.016475 s
Time for SIS: 0.176525 s
Time for l0-norm: 0.0064199 s
Projection time: 0.137168 s
Time to get best features on rank : 0.00158095 s
|---Complete final combination/selection from all ranks: 0.016165 s
Time for SIS: 0.177727 s
Time for l0-norm: 0.00812507 s
Projection time: 0.131586 s
Time to get best features on rank : 0.00181007 s
|---Complete final combination/selection from all ranks: 0.014796 s
Time for SIS: 0.17094 s
Time for l0-norm: 0.16735 s
Projection time: 0.133725 s
Time to get best features on rank : 0.00117302 s
|---Complete final combination/selection from all ranks: 0.0154099 s
Time for SIS: 0.173216 s
Time for l0-norm: 13.0041 s
Train RMSE: 3.34294 K; Test RMSE: 3.57398 K
c0 + a0 * ((((mean_PE-1.627864e+00) / (wtd_mean_at_mass-1.557657e+01))+4.423042e-02) * (((lambda-1.298641e+01) / (wtd_mean_IP-2.789275e+00))+6.736632e-01))

Train RMSE: 2.23214 K; Test RMSE: 3.20229 K
c0 + a0 * ((((wtd_mean_PE-7.831237e-01) / (lambda3-4.781793e-02))+7.280194e+01) * (((wtd_std_at_mass-2.526334e+01) / (mean_IP-6.990972e+00))+1.783254e+01)) + a1 * ((((mean_PE-1.655168e+00) / (mean_at_mass-1.766785e+01))+4.023139e-02) * (((lambda-1.430312e+01) / (wtd_mean_IP-1.691437e+00))+9.538889e-01))

Train RMSE: 1.67388 K; Test RMSE: 5.07075 K
c0 + a0 * ((((range_IP-6.620068e+00) / (mean_IP-9.660951e+00))-9.836083e-01) * (((range_IP+2.321042e+00)^6)-2.517358e+04)) + a1 * ((((wtd_mean_PE-7.831237e-01) / (lambda3-4.781793e-02))+7.280194e+01) * (((wtd_std_at_mass-2.526334e+01) / (mean_IP-6.990972e+00))+1.783254e+01)) + a2 * ((|std_at_rad - (1.185539e+00*wtd_range_at_rad-4.179153e-02)|-4.692523e-02) * (((lambda-4.098554e+00) / (wtd_mean_at_mass-1.725239e+01))+1.917895e-02))

Train RMSE: 1.25987 K; Test RMSE: 4.02362 K
c0 + a0 * ((((range_IP+2.921410e+02) / (V_molar-2.973530e+01))+1.009539e+02) * (((V_molar+3.702315e+03) / (lambda4w_low+1.103830e+02))-7.696650e+00)) + a1 * ((((mean_PE-1.530895e+00) * (range_at_rad-8.029391e-02))+4.411634e-02) * ((cbrt(mean_PE-2.445482e+00))-1.111080e-01)) + a2 * ((((wtd_mean_PE-7.831237e-01) / (lambda3-4.781793e-02))+7.280194e+01) * (((wtd_std_at_mass-2.526334e+01) / (mean_IP-6.990972e+00))+1.783254e+01)) + a3 * ((|std_at_rad - (1.185539e+00*wtd_range_at_rad-4.179153e-02)|-4.692523e-02) * (((lambda-4.098554e+00) / (wtd_mean_at_mass-1.725239e+01))+1.917895e-02))

Train RMSE: 1.06895 K; Test RMSE: 4.01091 K
c0 + a0 * ((((wtd_mean_ThermalCond-4.981171e+01) / (V_molar-1.133371e+01))-8.522321e+01) * (|wtd_range_IP - (-2.031959e+00*mean_IP+3.562631e+01)|-4.726259e-01)) + a1 * ((((wtd_mean_at_rad-1.469229e+02) / (lambda4w_low+9.066497e+01))-6.876360e-01) * (((mean_ThermalCond+1.300832e+02) / (V_molar-2.884450e+01))+1.478154e+02)) + a2 * ((((mean_PE-1.530895e+00) * (range_at_rad-8.029391e-02))+4.411634e-02) * ((cbrt(mean_PE-2.445482e+00))-1.111080e-01)) + a3 * ((((wtd_mean_PE-7.831237e-01) / (lambda3-4.781793e-02))+7.280194e+01) * (((wtd_std_at_mass-2.526334e+01) / (mean_IP-6.990972e+00))+1.783254e+01)) + a4 * ((|std_at_rad - (1.185539e+00*wtd_range_at_rad-4.179153e-02)|-4.692523e-02) * (((lambda-4.098554e+00) / (wtd_mean_at_mass-1.725239e+01))+1.917895e-02))

