Commit: ac5ce3effde5dec1922a0476f389f7d8b9fd059a
Compiler: IntelLLVM version 2024.0.2
Compiler flags: -O3 -fp-model=precise -fiopenmp
time input_parsing: 0.0585489 s
Time to generate feat space: 3.35689 s
Projection time: 0.798108 s
Time to get best features on rank : 0.00186896 s
|---Complete final combination/selection from all ranks: 0.0112 s
Time for SIS: 0.820015 s
Time for l0-norm: 0.0411708 s
Projection time: 0.00661087 s
Time to get best features on rank : 5.79357e-05 s
|---Complete final combination/selection from all ranks: 0.00913882 s
Time for SIS: 0.017467 s
Time for l0-norm: 0.00620389 s
Projection time: 0.00468898 s
Time to get best features on rank : 5.29289e-05 s
|---Complete final combination/selection from all ranks: 0.046139 s
Time for SIS: 0.0522528 s
Time for l0-norm: 0.00579309 s
Projection time: 0.00409794 s
Time to get best features on rank : 0.000311852 s
|---Complete final combination/selection from all ranks: 0.00830889 s
Time for SIS: 0.014014 s
Time for l0-norm: 0.165242 s
Projection time: 0.00757122 s
Time to get best features on rank : 6.10352e-05 s
|---Complete final combination/selection from all ranks: 0.00833201 s
Time for SIS: 0.0172639 s
Time for l0-norm: 13.2943 s
Train RMSE: 5.12072 K; Test RMSE: 4.35138 K
c0 + a0 * (lambda * w_log)

Train RMSE: 3.88562 K; Test RMSE: 3.27836 K
c0 + a0 * (w_log / wtd_mean_at_mass) + a1 * ((w_log+5.810312e+01) * (lambda-1.635950e-01))

Train RMSE: 3.65699 K; Test RMSE: 3.28259 K
c0 + a0 * (mean_EA + 1.595900e-02*wtd_range_at_mass) + a1 * (w_log / wtd_mean_at_mass) + a2 * ((w_log+5.810312e+01) * (lambda-1.635950e-01))

Train RMSE: 3.0442 K; Test RMSE: 5.7069 K
c0 + a0 * ((V_molar-3.771826e+01) * (wtd_range_PE-8.698157e-02)) + a1 * ((std_at_mass-7.145944e+00) * (wtd_mean_IP-7.938024e+00)) + a2 * ((w_log+5.810312e+01) * (lambda-1.635950e-01)) + a3 * (w_log / mean_at_mass)

Train RMSE: 2.88614 K; Test RMSE: 6.35316 K
c0 + a0 * ((V_molar-3.771826e+01) * (wtd_range_PE-8.698157e-02)) + a1 * ((std_at_mass-7.145944e+00) * (wtd_mean_IP-7.938024e+00)) + a2 * (mean_IP + 2.672427e-02*wtd_mean_at_mass) + a3 * ((w_log+5.810312e+01) * (lambda-1.635950e-01)) + a4 * (w_log / mean_at_mass)

