Commit: ac5ce3effde5dec1922a0476f389f7d8b9fd059a
Compiler: IntelLLVM version 2024.0.2
Compiler flags: -O3 -fp-model=precise -fiopenmp
time input_parsing: 0.0679388 s
Time to generate feat space: 3764.16 s
Projection time: 0.116413 s
Time to get best features on rank : 0.00104284 s
|---Complete final combination/selection from all ranks: 0.01929 s
Time for SIS: 0.16773 s
Time for l0-norm: 0.0170858 s
Projection time: 0.131134 s
Time to get best features on rank : 0.000111103 s
|---Complete final combination/selection from all ranks: 0.016536 s
Time for SIS: 0.171872 s
Time for l0-norm: 0.00683594 s
Projection time: 0.131933 s
Time to get best features on rank : 0.000111103 s
|---Complete final combination/selection from all ranks: 0.016639 s
Time for SIS: 0.172662 s
Time for l0-norm: 0.00653005 s
Projection time: 0.127402 s
Time to get best features on rank : 0.000103951 s
|---Complete final combination/selection from all ranks: 0.0131118 s
Time for SIS: 0.164424 s
Time for l0-norm: 0.166087 s
Projection time: 0.12719 s
Time to get best features on rank : 0.000115871 s
|---Complete final combination/selection from all ranks: 0.016192 s
Time for SIS: 0.167499 s
Time for l0-norm: 13.3085 s
Train RMSE: 3.41886 K; Test RMSE: 5.26437 K
c0 + a0 * ((((std_EA+6.168401e-01) * (mean_IP-8.352492e+00))+2.779632e+00) * (((lambda-2.346256e-01) / (mean_at_mass-1.448730e+01))+1.698267e-02))

Train RMSE: 2.47628 K; Test RMSE: 3.96481 K
c0 + a0 * ((((mean_EA-6.568618e-01) / (density-8.413013e+00))-7.983814e-01) * (((range_at_rad-6.055291e+00) * (wtd_std_at_mass-3.138065e+02))-6.772283e+02)) + a1 * (((cbrt(lambda4w_low-3.473253e+01))+5.943464e+00) * (((w_log-3.385944e+01) / (bulk_mod+3.237802e+01))+6.428810e-01))

Train RMSE: 1.79017 K; Test RMSE: 5.3269 K
c0 + a0 * (((mean_EA - (5.480559e+00*std_IP))+4.382269e+00) * (((std_at_mass-9.064992e+01) / (density-8.705910e+00))-3.709785e+01)) + a1 * ((((density-6.328121e-01) / (lambda3-4.771726e-02))+2.567726e+01) * (((mean_IP-7.226312e+00) / (wtd_mean_IP-7.208854e+00))-3.670260e-01)) + a2 * ((((lambda-2.372561e-01) / (mean_at_mass-1.509624e+01))+9.699164e-03) * (((range_at_mass+8.063459e+01) * (mean_IP-7.850425e+00))+2.862409e+02))

Train RMSE: 1.32962 K; Test RMSE: 6.03807 K
c0 + a0 * ((w_log / bulk_mod) / (wtd_range_IP + wtd_mean_IP)) + a1 * ((((wtd_std_IP-8.395413e-01) / (density-8.721107e+00))-4.027270e+00) * ((wtd_range_at_mass + 0.000000e+00*wtd_mean_at_mass)+9.842934e+01)) + a2 * ((((density-6.328121e-01) / (lambda3-4.771726e-02))+2.567726e+01) * (((mean_IP-7.226312e+00) / (wtd_mean_IP-7.208854e+00))-3.670260e-01)) + a3 * ((((wtd_mean_IP-7.304455e+00) / (wtd_mean_at_rad-1.014773e+00))+5.031340e+00) * ((cbrt(lambda4w_low-3.439963e+01))+3.224828e+00))

Train RMSE: 0.962688 K; Test RMSE: 5.8439 K
c0 + a0 * ((((wtd_range_at_rad-5.390956e-02)^6)+2.817083e-02) * (((range_at_rad+9.468502e-01) / (mean_ThermalCond+2.525403e+02))-3.290813e-03)) + a1 * ((w_log / bulk_mod) / (wtd_range_PE + mean_PE)) + a2 * (((mean_EA - (5.480559e+00*std_IP))+4.382269e+00) * (((std_at_mass-9.064992e+01) / (density-8.705910e+00))-3.709785e+01)) + a3 * ((((density-6.328121e-01) / (lambda3-4.771726e-02))+2.567726e+01) * (((mean_IP-7.226312e+00) / (wtd_mean_IP-7.208854e+00))-3.670260e-01)) + a4 * ((((wtd_mean_IP-7.304455e+00) / (wtd_mean_at_rad-1.014773e+00))+5.031340e+00) * ((cbrt(lambda4w_low-3.439963e+01))+3.224828e+00))

