Commit: ac5ce3effde5dec1922a0476f389f7d8b9fd059a
Compiler: IntelLLVM version 2024.0.2
Compiler flags: -O3 -fp-model=precise -fiopenmp
time input_parsing: 0.0635781 s
Time to generate feat space: 0.915713 s
Projection time: 0.0309091 s
Time to get best features on rank : 7.9155e-05 s
|---Complete final combination/selection from all ranks: 0.015687 s
Time for SIS: 0.060725 s
Time for l0-norm: 0.017395 s
Projection time: 0.0279961 s
Time to get best features on rank : 6.81877e-05 s
|---Complete final combination/selection from all ranks: 0.053231 s
Time for SIS: 0.0857189 s
Time for l0-norm: 0.00643802 s
Projection time: 0.025032 s
Time to get best features on rank : 0.00257111 s
|---Complete final combination/selection from all ranks: 0.0148439 s
Time for SIS: 0.046855 s
Time for l0-norm: 0.00650692 s
Projection time: 0.0235522 s
Time to get best features on rank : 6.91414e-05 s
|---Complete final combination/selection from all ranks: 0.013654 s
Time for SIS: 0.0419159 s
Time for l0-norm: 0.166944 s
Projection time: 0.02829 s
Time to get best features on rank : 7.29561e-05 s
|---Complete final combination/selection from all ranks: 0.0120521 s
Time for SIS: 0.0449631 s
Time for l0-norm: 13.6788 s
Train RMSE: 3.90377 K; Test RMSE: 1.91243 K
c0 + a0 * ((w_log^2) * (wtd_range_PE * lambda3))

Train RMSE: 3.20997 K; Test RMSE: 2.22103 K
c0 + a0 * ((mean_EA * lambda) - (range_EA - wtd_mean_IP)) + a1 * ((w_log^2) * (wtd_range_EA * lambda4w_low))

Train RMSE: 2.64396 K; Test RMSE: 3.69743 K
c0 + a0 * (|(|wtd_range_EA - range_IP|) - (range_PE * wtd_range_IP)|) + a1 * ((wtd_range_at_rad * lambda) * (|mean_EA - std_IP|)) + a2 * ((w_log^2) * (wtd_range_EA * lambda4w_low))

Train RMSE: 2.13704 K; Test RMSE: 3.94553 K
c0 + a0 * ((wtd_mean_IP * mean_at_rad) - (std_IP * mean_at_rad)) + a1 * ((range_EA - wtd_std_IP) / (wtd_range_PE + lambda3)) + a2 * ((wtd_mean_EA * lambda) + (|wtd_range_IP - range_IP|)) + a3 * ((w_log^2) * (wtd_range_EA * lambda4w_low))

Train RMSE: 1.80433 K; Test RMSE: 5.24708 K
c0 + a0 * ((mean_EA / wtd_mean_IP) * (wtd_std_PE^6)) + a1 * ((|range_at_mass - wtd_mean_at_mass|) * (|range_EA - mean_EA|)) + a2 * ((range_EA - wtd_std_IP) / (wtd_range_PE + lambda3)) + a3 * ((mean_EA * lambda) + (|wtd_range_IP - range_IP|)) + a4 * ((w_log^2) * (wtd_range_EA * lambda4w_low))

