Commit: ac5ce3effde5dec1922a0476f389f7d8b9fd059a
Compiler: IntelLLVM version 2024.0.2
Compiler flags: -O3 -fp-model=precise -fiopenmp
time input_parsing: 0.0637009 s
Time to generate feat space: 0.822349 s
Projection time: 0.112933 s
Time to get best features on rank : 0.0016191 s
|---Complete final combination/selection from all ranks: 0.012207 s
Time for SIS: 0.132795 s
Time for l0-norm: 0.0303102 s
Projection time: 0.00150204 s
Time to get best features on rank : 8.10623e-05 s
|---Complete final combination/selection from all ranks: 0.049382 s
Time for SIS: 0.0520999 s
Time for l0-norm: 0.012321 s
Projection time: 0.00150204 s
Time to get best features on rank : 4.60148e-05 s
|---Complete final combination/selection from all ranks: 0.00913405 s
Time for SIS: 0.0117331 s
Time for l0-norm: 0.00591397 s
Projection time: 0.00435281 s
Time to get best features on rank : 5.19753e-05 s
|---Complete final combination/selection from all ranks: 0.0086031 s
Time for SIS: 0.0140359 s
Time for l0-norm: 0.168605 s
Projection time: 0.003968 s
Time to get best features on rank : 4.79221e-05 s
|---Complete final combination/selection from all ranks: 0.00829601 s
Time for SIS: 0.013432 s
Time for l0-norm: 13.4189 s
Train RMSE: 5.02804 K
c0 + a0 * (lambda * w_log)

Train RMSE: 3.91922 K
c0 + a0 * ln(lambda) + a1 * (w_log / mean_at_mass)

Train RMSE: 3.64837 K
c0 + a0 * (wtd_mean_EA * wtd_range_at_mass) + a1 * cbrt(lambda) + a2 * (w_log / wtd_mean_at_mass)

Train RMSE: 3.29792 K
c0 + a0 * (range_at_rad * wtd_mean_at_mass) + a1 * (|std_EA - wtd_mean_EA|) + a2 * cbrt(lambda) + a3 * (w_log / wtd_mean_at_mass)

Train RMSE: 3.01882 K
c0 + a0 * (|std_EA - wtd_mean_EA|) + a1 * (range_at_rad * density) + a2 * (std_at_rad * density) + a3 * cbrt(lambda) + a4 * (w_log / wtd_mean_at_mass)

