Commit: ac5ce3effde5dec1922a0476f389f7d8b9fd059a
Compiler: IntelLLVM version 2024.0.2
Compiler flags: -O3 -fp-model=precise -fiopenmp
time input_parsing: 0.057034 s
Time to generate feat space: 3.07928 s
Projection time: 0.15108 s
Time to get best features on rank : 0.000102043 s
|---Complete final combination/selection from all ranks: 0.012434 s
Time for SIS: 0.173923 s
Time for l0-norm: 0.030477 s
Projection time: 0.00532198 s
Time to get best features on rank : 9.39369e-05 s
|---Complete final combination/selection from all ranks: 0.0495551 s
Time for SIS: 0.056484 s
Time for l0-norm: 0.00681019 s
Projection time: 0.00307798 s
Time to get best features on rank : 5.10216e-05 s
|---Complete final combination/selection from all ranks: 0.0084281 s
Time for SIS: 0.0128632 s
Time for l0-norm: 0.00713301 s
Projection time: 0.00607014 s
Time to get best features on rank : 7.10487e-05 s
|---Complete final combination/selection from all ranks: 0.00853109 s
Time for SIS: 0.0161021 s
Time for l0-norm: 0.167658 s
Projection time: 0.00308204 s
Time to get best features on rank : 5.6982e-05 s
|---Complete final combination/selection from all ranks: 0.00819993 s
Time for SIS: 0.0128019 s
Time for l0-norm: 13.2922 s
Train RMSE: 4.91366 K; Test RMSE: 6.85452 K
c0 + a0 * ((w_log-4.299936e+00) * (lambda4w_low-2.020694e+01))

Train RMSE: 3.47457 K; Test RMSE: 5.92559 K
c0 + a0 * ((w_log+4.738563e+01) * (lambda-2.641453e-01)) + a1 * (w_log^2)

Train RMSE: 3.14565 K; Test RMSE: 6.12841 K
c0 + a0 * (|range_EA - mean_EA|) + a1 * ((w_log+4.738563e+01) * (lambda-2.641453e-01)) + a2 * (w_log^2)

Train RMSE: 2.81496 K; Test RMSE: 7.80678 K
c0 + a0 * (|range_at_mass - mean_at_mass|) + a1 * ((range_EA-3.003350e-01) * (wtd_range_IP-2.263473e+00)) + a2 * ((w_log-4.299936e+00) * (lambda4w_low-2.020694e+01)) + a3 * (w_log / mean_at_mass)

Train RMSE: 2.52375 K; Test RMSE: 6.72828 K
c0 + a0 * (std_ThermalCond - (2.542402e+00*V_molar)) + a1 * (|range_EA - mean_EA|) + a2 * (wtd_range_at_mass * bulk_mod) + a3 * ((w_log+4.738563e+01) * (lambda-2.641453e-01)) + a4 * (w_log / wtd_mean_at_mass)

