Commit: ac5ce3effde5dec1922a0476f389f7d8b9fd059a
Compiler: IntelLLVM version 2024.0.2
Compiler flags: -O3 -fp-model=precise -fiopenmp
time input_parsing: 0.059958 s
Time to generate feat space: 3.01631 s
Projection time: 0.949801 s
Time to get best features on rank : 0.000526905 s
|---Complete final combination/selection from all ranks: 0.0115359 s
Time for SIS: 0.971942 s
Time for l0-norm: 0.0322292 s
Projection time: 0.00536513 s
Time to get best features on rank : 0.000103951 s
|---Complete final combination/selection from all ranks: 0.052073 s
Time for SIS: 0.0591519 s
Time for l0-norm: 0.00717592 s
Projection time: 0.00633001 s
Time to get best features on rank : 5.19753e-05 s
|---Complete final combination/selection from all ranks: 0.00842214 s
Time for SIS: 0.0163209 s
Time for l0-norm: 0.00658298 s
Projection time: 0.004426 s
Time to get best features on rank : 5.72205e-05 s
|---Complete final combination/selection from all ranks: 0.00869799 s
Time for SIS: 0.014725 s
Time for l0-norm: 0.167043 s
Projection time: 0.00660014 s
Time to get best features on rank : 0.000176907 s
|---Complete final combination/selection from all ranks: 0.00784802 s
Time for SIS: 0.015965 s
Time for l0-norm: 13.6781 s
Train RMSE: 4.81313 K; Test RMSE: 3.73761 K
c0 + a0 * ((lambda4w_low+4.601394e+01) * (w_log-4.771170e+00))

Train RMSE: 3.9381 K; Test RMSE: 3.54868 K
c0 + a0 * ((lambda-7.637545e-02) * (w_log+6.541864e+01)) + a1 * (w_log / density)

Train RMSE: 3.64337 K; Test RMSE: 3.54846 K
c0 + a0 * (|range_EA - mean_EA|) + a1 * (w_log / wtd_mean_at_mass) + a2 * ((lambda-7.637545e-02) * (w_log+6.541864e+01))

Train RMSE: 3.29592 K; Test RMSE: 4.71078 K
c0 + a0 * ((wtd_mean_at_mass-9.086156e+01) * (std_EA-1.924102e-01)) + a1 * (|range_EA - mean_EA|) + a2 * ((lambda-7.637545e-02) * (w_log+6.541864e+01)) + a3 * (w_log / density)

Train RMSE: 2.98232 K; Test RMSE: 8.80387 K
c0 + a0 * (wtd_mean_IP * density) + a1 * ((w_log-1.625595e+01) * (std_EA-8.615381e-02)) + a2 * (|range_EA - wtd_mean_EA|) + a3 * ((lambda-5.854300e-01) * (mean_EA-3.492581e-01)) + a4 * (w_log / density)

