Commit: ac5ce3effde5dec1922a0476f389f7d8b9fd059a
Compiler: IntelLLVM version 2024.0.2
Compiler flags: -O3 -fp-model=precise -fiopenmp
time input_parsing: 0.065907 s
Time to generate feat space: 7574 s
Projection time: 0.238583 s
Time to get best features on rank : 0.00237298 s
|---Complete final combination/selection from all ranks: 0.016273 s
Time for SIS: 0.306245 s
Time for l0-norm: 0.026396 s
Projection time: 0.261626 s
Time to get best features on rank : 0.00292516 s
|---Complete final combination/selection from all ranks: 0.0168879 s
Time for SIS: 0.330483 s
Time for l0-norm: 0.00776005 s
Projection time: 0.266078 s
Time to get best features on rank : 0.00316 s
|---Complete final combination/selection from all ranks: 0.0160451 s
Time for SIS: 0.333602 s
Time for l0-norm: 0.00753403 s
Projection time: 0.258156 s
Time to get best features on rank : 0.00224805 s
|---Complete final combination/selection from all ranks: 0.0162759 s
Time for SIS: 0.326242 s
Time for l0-norm: 0.16815 s
Projection time: 0.340136 s
Time to get best features on rank : 0.00803399 s
|---Complete final combination/selection from all ranks: 0.0155098 s
Time for SIS: 0.414124 s
Time for l0-norm: 13.2287 s
Train RMSE: 3.03307 K; Test RMSE: 6.62422 K
c0 + a0 * ((((wtd_range_at_mass+8.119308e+01) * (w_log-5.033621e+00))+1.244886e+02) * (((w_log+1.744217e+01) * (lambda3+3.148794e-01))-1.281732e+02))

Train RMSE: 2.05897 K; Test RMSE: 6.53408 K
c0 + a0 * (((wtd_std_ThermalCond-4.606068e+01) / (mean_IP-9.273161e+00)) + 2.100642e-02*((wtd_std_PE-2.029692e+04) / (wtd_mean_at_mass-9.987533e+01))) + a1 * ((((w_log-1.745092e+01) * (range_at_rad+4.928869e-02))+2.336327e+01) * (((lambda3+1.575232e-01) * (w_log-4.036488e+00))-8.806011e+01))

Train RMSE: 1.54537 K; Test RMSE: 6.62998 K
c0 + a0 * ((((w_log+2.605202e+01) / (L_avg-4.662546e+00))+7.570795e+01) * (((wtd_std_at_rad+2.863831e+01) / (lambda3-3.470817e+00))-6.687991e+01)) + a1 * (((wtd_std_ThermalCond-4.606068e+01) / (mean_IP-9.273161e+00)) + 2.100642e-02*((wtd_std_PE-2.029692e+04) / (wtd_mean_at_mass-9.987533e+01))) + a2 * (((w_log + 1.458437e+00*density)-9.816528e-01) * (((lambda3+2.005295e-01) * (w_log-2.686629e+00))-1.092239e+02))

Train RMSE: 1.11951 K; Test RMSE: 6.73427 K
c0 + a0 * (((lambda3-1.000367e+02) / (wtd_mean_at_mass-5.295780e+01)) + 2.039669e-06*((range_at_mass+3.707098e+07) / (density-1.199308e+01))) + a1 * ((((V_molar-1.271098e+01) * (wtd_std_at_mass-4.939458e+00))-6.376426e+01) * (((std_at_rad-4.461778e-01) / (mean_at_rad-1.116607e+00))+7.145085e-01)) + a2 * (((wtd_mean_ThermalCond+1.731724e+00) / (L_avg-2.893108e+00)) + 2.008979e+04*((range_PE-2.900046e-01) / (wtd_mean_at_mass-9.942716e+01))) + a3 * (((w_log + 1.458437e+00*density)-9.816528e-01) * (((lambda3+2.005295e-01) * (w_log-2.686629e+00))-1.092239e+02))

Train RMSE: 0.86397 K; Test RMSE: 6.4943 K
c0 + a0 * (((sin(6.127169e+01*mean_PE+2.476517e-01))+6.415352e-02) * (((wtd_range_PE-3.675984e-01)^3)-2.273050e-01)) + a1 * ((((wtd_range_at_mass-6.815647e+01) * (bulk_mod-1.226488e+02))-5.926706e+03) * (((mean_at_rad-1.158324e+00) / (wtd_mean_PE-2.323128e+00))+2.148249e+00)) + a2 * ((((w_log+2.605202e+01) / (L_avg-4.662546e+00))+7.570795e+01) * (((wtd_std_at_rad+2.863831e+01) / (lambda3-3.470817e+00))-6.687991e+01)) + a3 * (((wtd_std_ThermalCond-4.606068e+01) / (mean_IP-9.273161e+00)) + 2.100642e-02*((wtd_std_PE-2.029692e+04) / (wtd_mean_at_mass-9.987533e+01))) + a4 * (((w_log + 1.458437e+00*density)-9.816528e-01) * (((lambda3+2.005295e-01) * (w_log-2.686629e+00))-1.092239e+02))

