Commit: ac5ce3effde5dec1922a0476f389f7d8b9fd059a
Compiler: IntelLLVM version 2024.0.2
Compiler flags: -O3 -fp-model=precise -fiopenmp
time input_parsing: 0.0493238 s

Intel MKL ERROR: Parameter 5 was incorrect on entry to DGELS.

Intel MKL ERROR: Parameter 5 was incorrect on entry to DGELS.
Time to generate feat space: 8186.41 s
Projection time: 0.24462 s
Time to get best features on rank : 0.00229907 s
|---Complete final combination/selection from all ranks: 0.0185039 s
Time for SIS: 0.320696 s
Time for l0-norm: 0.017679 s
Projection time: 0.266341 s
Time to get best features on rank : 0.00281215 s
|---Complete final combination/selection from all ranks: 0.015866 s
Time for SIS: 0.334365 s
Time for l0-norm: 0.00638103 s
Projection time: 0.270793 s
Time to get best features on rank : 0.00256515 s
|---Complete final combination/selection from all ranks: 0.0134218 s
Time for SIS: 0.336509 s
Time for l0-norm: 0.008775 s
Projection time: 0.275234 s
Time to get best features on rank : 0.000121117 s
|---Complete final combination/selection from all ranks: 0.0163021 s
Time for SIS: 0.344664 s
Time for l0-norm: 0.168362 s
Projection time: 0.265417 s
Time to get best features on rank : 0.00011301 s
|---Complete final combination/selection from all ranks: 0.0162599 s
Time for SIS: 0.335161 s
Time for l0-norm: 13.5238 s
Train RMSE: 3.37467 K
c0 + a0 * ((wtd_mean_IP + 8.485931e-01*lambda) + 4.975471e-01*((V_molar-6.507277e+01) / (mean_at_mass-1.859275e+01)))

Train RMSE: 2.3502 K
c0 + a0 * ((((std_at_mass-3.432323e+01) / (mean_IP-7.046861e+00))+3.584773e+01) * (((wtd_range_IP+3.189924e+00) / (lambda3-4.774029e-02))+4.244362e+01)) + a1 * ((wtd_mean_IP + 8.485931e-01*lambda) + 4.975471e-01*((V_molar-6.507277e+01) / (mean_at_mass-1.859275e+01)))

Train RMSE: 1.75471 K
c0 + a0 * ((((wtd_mean_EA+1.464711e-01) * (wtd_std_at_rad+2.913263e-01))-4.879453e-01) * (((mean_ThermalCond-8.939363e+01) / (L_avg-6.927178e-01))+1.350289e+01)) + a1 * ((((std_at_mass-3.432323e+01) / (mean_IP-7.046861e+00))+3.584773e+01) * (((wtd_range_IP+3.189924e+00) / (lambda3-4.774029e-02))+4.244362e+01)) + a2 * ((wtd_mean_IP + 8.485931e-01*lambda) + 4.975471e-01*((V_molar-6.507277e+01) / (mean_at_mass-1.859275e+01)))

Train RMSE: 1.43769 K
c0 + a0 * (((mean_at_rad-9.854990e-01) * (wtd_std_at_rad-4.887016e-02)) + 1.098465e+00*((wtd_range_at_rad-4.738339e-01)^2)) + a1 * ((((mean_EA+6.051425e-01) * (std_at_rad+5.002958e-01))-1.036214e+00) * (((w_log+6.734058e+02) * (wtd_mean_ThermalCond-1.464689e+02))+9.518734e+04)) + a2 * ((((std_at_mass-3.432323e+01) / (mean_IP-7.046861e+00))+3.584773e+01) * (((wtd_range_IP+3.189924e+00) / (lambda3-4.774029e-02))+4.244362e+01)) + a3 * (((wtd_mean_IP + 1.226711e+00*lambda)-9.049479e+00) * (((w_log-5.730293e+02) / (wtd_mean_at_mass-1.542209e+01))+1.577820e+01))

Train RMSE: 1.13312 K
c0 + a0 * (((mean_PE-1.775730e+00) / (wtd_mean_IP-7.215096e+00)) + 5.006251e-06*(wtd_mean_EA - (4.375697e+05*mean_EA))) + a1 * (((mean_at_rad-9.854990e-01) * (wtd_std_at_rad-4.887016e-02)) + 1.098465e+00*((wtd_range_at_rad-4.738339e-01)^2)) + a2 * ((((mean_EA+6.051425e-01) * (std_at_rad+5.002958e-01))-1.036214e+00) * (((w_log+6.734058e+02) * (wtd_mean_ThermalCond-1.464689e+02))+9.518734e+04)) + a3 * (((range_at_rad+8.928525e+01) / (wtd_mean_at_rad-1.578878e+00)) + 1.600112e+02*((mean_PE-1.624405e+00) / (lambda3-4.827310e-02))) + a4 * (((wtd_mean_IP + 1.226711e+00*lambda)-9.049479e+00) * (((w_log-5.730293e+02) / (wtd_mean_at_mass-1.542209e+01))+1.577820e+01))

