Commit: ac5ce3effde5dec1922a0476f389f7d8b9fd059a
Compiler: IntelLLVM version 2024.0.2
Compiler flags: -O3 -fp-model=precise -fiopenmp
time input_parsing: 0.0469139 s

Intel MKL ERROR: Parameter 5 was incorrect on entry to DGELS.

Intel MKL ERROR: Parameter 5 was incorrect on entry to DGELS.

Intel MKL ERROR: Parameter 5 was incorrect on entry to DGELS.

Intel MKL ERROR: Parameter 5 was incorrect on entry to DGELS.
Time to generate feat space: 13947 s
Projection time: 0.439736 s
Time to get best features on rank : 0.00364804 s
|---Complete final combination/selection from all ranks: 0.0136111 s
Time for SIS: 0.562105 s
Time for l0-norm: 0.0171521 s
Projection time: 0.478347 s
Time to get best features on rank : 0.00347209 s
|---Complete final combination/selection from all ranks: 0.0111701 s
Time for SIS: 0.593261 s
Time for l0-norm: 0.00805283 s
Projection time: 0.484036 s
Time to get best features on rank : 0.00142097 s
|---Complete final combination/selection from all ranks: 0.010294 s
Time for SIS: 0.596618 s
Time for l0-norm: 0.00830913 s
Projection time: 0.479656 s
Time to get best features on rank : 0.00351882 s
|---Complete final combination/selection from all ranks: 0.00977302 s
Time for SIS: 0.593319 s
Time for l0-norm: 0.015579 s
Projection time: 0.48149 s
Time to get best features on rank : 0.00276399 s
|---Complete final combination/selection from all ranks: 0.0514989 s
Time for SIS: 0.635857 s
Time for l0-norm: 0.404072 s
Train RMSE: 3.36755 K; Test RMSE: 11.0065 K
c0 + a0 * ((((wtd_mean_at_rad+7.270566e-01) / (mean_at_mass-1.747472e+01))+3.220856e-02) * (((wtd_range_at_rad-4.572924e-01) / (L_avg-5.151502e+00))-1.011265e-01))

Train RMSE: 2.21964 K; Test RMSE: 1.65351 K
c0 + a0 * (((bulk_mod-1.069669e+02) / (mean_EA-8.737207e-01)) - (8.673262e+01*((lambda+5.355607e-01) / (mean_IP-7.071444e+00)))) + a1 * ((((lambda-7.201936e+00) / (wtd_mean_IP-3.983981e+00))+1.639838e+00) * (((wtd_std_at_mass-3.385007e+01) / (density-2.692148e+00))+1.102547e+01))

Train RMSE: 1.54978 K; Test RMSE: 2.68365 K
c0 + a0 * (((L_avg+1.951053e+00)^6) - (9.333779e+02*((std_ThermalCond-1.037274e+01) / (wtd_mean_at_rad-1.129620e+00)))) + a1 * (((range_ThermalCond+2.295140e+01) / (lambda3-4.879962e-02)) + 9.392280e+04*((wtd_mean_EA-7.074708e-01) / (wtd_mean_at_mass-9.960019e+01))) + a2 * ((((lambda-7.201936e+00) / (wtd_mean_IP-3.983981e+00))+1.639838e+00) * (((wtd_std_at_mass-3.385007e+01) / (density-2.692148e+00))+1.102547e+01))

Train RMSE: 1.14587 K; Test RMSE: 3.58039 K
c0 + a0 * (((wtd_mean_at_mass-3.971618e+01) / (mean_EA-2.171375e-01)) + 1.867516e-03*((range_IP+3.858059e+04) / (mean_EA-9.845952e-01))) + a1 * (((L_avg+1.951053e+00)^6) - (9.333779e+02*((std_ThermalCond-1.037274e+01) / (wtd_mean_at_rad-1.129620e+00)))) + a2 * (((range_ThermalCond+2.295140e+01) / (lambda3-4.879962e-02)) + 9.392280e+04*((wtd_mean_EA-7.074708e-01) / (wtd_mean_at_mass-9.960019e+01))) + a3 * ((((lambda-7.201936e+00) / (wtd_mean_IP-3.983981e+00))+1.639838e+00) * (((wtd_std_at_mass-3.385007e+01) / (density-2.692148e+00))+1.102547e+01))

Train RMSE: 0.851389 K; Test RMSE: 3.96346 K
c0 + a0 * (((wtd_mean_PE - (1.653553e+00*range_at_rad))-9.066415e-01) * (((wtd_std_PE+2.082332e-01) * (wtd_range_at_rad-1.751338e-01))+1.037477e-02)) + a1 * (((mean_PE-4.132112e+00) / (mean_EA-9.814186e-01)) - (1.902662e+00*((range_PE-6.477860e-01) * (wtd_range_at_mass-2.335108e+01)))) + a2 * (((L_avg+1.951053e+00)^6) - (9.333779e+02*((std_ThermalCond-1.037274e+01) / (wtd_mean_at_rad-1.129620e+00)))) + a3 * (((range_ThermalCond+2.295140e+01) / (lambda3-4.879962e-02)) + 9.392280e+04*((wtd_mean_EA-7.074708e-01) / (wtd_mean_at_mass-9.960019e+01))) + a4 * ((((lambda-7.201936e+00) / (wtd_mean_IP-3.983981e+00))+1.639838e+00) * (((wtd_std_at_mass-3.385007e+01) / (density-2.692148e+00))+1.102547e+01))

