Commit: ac5ce3effde5dec1922a0476f389f7d8b9fd059a
Compiler: IntelLLVM version 2024.0.2
Compiler flags: -O3 -fp-model=precise -fiopenmp
time input_parsing: 0.0695989 s
Time to generate feat space: 2.01048 s
Projection time: 0.134064 s
Time to get best features on rank : 0.000447989 s
|---Complete final combination/selection from all ranks: 0.012198 s
Time for SIS: 0.153856 s
Time for l0-norm: 0.0232201 s
Projection time: 0.0022459 s
Time to get best features on rank : 5.88894e-05 s
|---Complete final combination/selection from all ranks: 0.00837493 s
Time for SIS: 0.011945 s
Time for l0-norm: 0.00578403 s
Projection time: 0.00537705 s
Time to get best features on rank : 0.000252008 s
|---Complete final combination/selection from all ranks: 0.049093 s
Time for SIS: 0.0558729 s
Time for l0-norm: 0.00643587 s
Projection time: 0.004287 s
Time to get best features on rank : 0.000273943 s
|---Complete final combination/selection from all ranks: 0.00870895 s
Time for SIS: 0.014493 s
Time for l0-norm: 0.167413 s
Projection time: 0.00574899 s
Time to get best features on rank : 6.19888e-05 s
|---Complete final combination/selection from all ranks: 0.00849295 s
Time for SIS: 0.015507 s
Time for l0-norm: 13.2883 s
Train RMSE: 5.02804 K
c0 + a0 * (lambda * w_log)

Train RMSE: 3.81496 K
c0 + a0 * ((lambda-1.974315e-01) * (w_log+5.689319e+01)) + a1 * (w_log / mean_at_mass)

Train RMSE: 3.59111 K
c0 + a0 * (|range_EA - mean_EA|) + a1 * (w_log / wtd_mean_at_mass) + a2 * ((lambda-1.974315e-01) * (w_log+5.689319e+01))

Train RMSE: 3.32014 K
c0 + a0 * (wtd_mean_IP * density) + a1 * (|range_EA - mean_EA|) + a2 * ((lambda-1.974315e-01) * (w_log+5.689319e+01)) + a3 * (w_log / density)

Train RMSE: 2.96302 K
c0 + a0 * (mean_EA * V_molar) + a1 * ((range_at_mass-8.811541e+00) * (wtd_mean_IP-8.260615e+00)) + a2 * ((wtd_range_PE-4.330180e-01) * (wtd_std_EA-1.174194e-01)) + a3 * ((lambda-1.974315e-01) * (w_log+5.689319e+01)) + a4 * (w_log^2)

