Commit: ac5ce3effde5dec1922a0476f389f7d8b9fd059a
Compiler: IntelLLVM version 2024.0.2
Compiler flags: -O3 -fp-model=precise -fiopenmp
time input_parsing: 0.104712 s
Time to generate feat space: 956.237 s
Projection time: 0.0714581 s
Time to get best features on rank : 0.000128031 s
|---Complete final combination/selection from all ranks: 0.0164201 s
Time for SIS: 0.103995 s
Time for l0-norm: 0.0176959 s
Projection time: 0.0719991 s
Time to get best features on rank : 0.000468016 s
|---Complete final combination/selection from all ranks: 0.015563 s
Time for SIS: 0.100317 s
Time for l0-norm: 0.00512791 s
Projection time: 0.0741589 s
Time to get best features on rank : 0.000684023 s
|---Complete final combination/selection from all ranks: 0.0161972 s
Time for SIS: 0.103329 s
Time for l0-norm: 0.00851607 s
Projection time: 0.072773 s
Time to get best features on rank : 0.000426054 s
|---Complete final combination/selection from all ranks: 0.0169551 s
Time for SIS: 0.102678 s
Time for l0-norm: 0.16603 s
Projection time: 0.074604 s
Time to get best features on rank : 0.000557899 s
|---Complete final combination/selection from all ranks: 0.013711 s
Time for SIS: 0.101237 s
Time for l0-norm: 13.2845 s
Train RMSE: 3.15846 K; Test RMSE: 4.9352 K
c0 + a0 * (((wtd_mean_IP+1.656687e+00) * (lambda+1.273433e+01)) + 1.980328e+03*((mean_at_rad-1.345246e+00) / (wtd_mean_at_mass-1.735032e+01)))

Train RMSE: 2.12594 K; Test RMSE: 5.97386 K
c0 + a0 * (((wtd_range_at_mass+4.823919e+01) / (mean_PE-2.394398e+00)) + 1.135413e+01*((std_ThermalCond+8.517534e+01) / (wtd_mean_at_mass-9.982244e+01))) + a1 * (((lambda3-1.098917e+02) / (mean_at_mass-1.854081e+01)) + 4.372331e+03*((range_at_rad-1.560203e+00) / (lambda4w_low+2.714548e+02)))

Train RMSE: 1.70069 K; Test RMSE: 5.14575 K
c0 + a0 * (((L_avg-1.024224e+02) / (wtd_mean_at_mass-5.240647e+01)) + 4.581812e-01*((range_ThermalCond+1.444914e+02) / (wtd_mean_PE-2.385306e+00))) + a1 * (((wtd_range_ThermalCond+8.777120e+01) * (wtd_range_IP+2.530567e+01)) + 1.575715e+04*((wtd_range_EA+1.010456e-01) / (wtd_mean_at_mass-9.998359e+01))) + a2 * ((wtd_mean_IP + 9.009389e-01*lambda) + 9.610576e-01*((V_molar-3.543052e+01) / (wtd_mean_at_mass-1.601305e+01)))

Train RMSE: 1.20993 K; Test RMSE: 4.81446 K
c0 + a0 * (((lambda-9.016176e+01) / (wtd_mean_PE-2.394605e+00)) + 3.975713e-01*((wtd_std_at_rad+2.499609e+02) / (lambda3-6.331549e-01))) + a1 * (((wtd_std_at_mass+8.485462e+01) / (lambda3-3.309878e+00)) + 6.391971e+00*((wtd_range_ThermalCond+1.738985e+00) / (wtd_mean_at_mass-5.268257e+01))) + a2 * ((wtd_range_ThermalCond + 1.518415e+02*wtd_range_PE) + 5.085808e+00*((wtd_range_ThermalCond+4.990486e+01) / (wtd_mean_at_mass-9.974073e+01))) + a3 * ((wtd_mean_IP + 9.009389e-01*lambda) + 9.610576e-01*((V_molar-3.543052e+01) / (wtd_mean_at_mass-1.601305e+01)))

Train RMSE: 0.973705 K; Test RMSE: 4.89374 K
c0 + a0 * (sqrt(lambda3) * (range_PE^6)) + a1 * ((cos(4.369776e+00*wtd_range_PE-4.639044e-01)) + 4.523979e-03*((wtd_range_ThermalCond+1.468451e+01) / (lambda3-6.810261e-01))) + a2 * (((wtd_std_at_mass+8.485462e+01) / (lambda3-3.309878e+00)) + 6.391971e+00*((wtd_range_ThermalCond+1.738985e+00) / (wtd_mean_at_mass-5.268257e+01))) + a3 * (((wtd_mean_ThermalCond+1.731724e+00) / (L_avg-2.893108e+00)) + 2.008979e+04*((range_PE-2.900046e-01) / (wtd_mean_at_mass-9.942716e+01))) + a4 * ((mean_IP + 1.202140e+00*lambda) + 2.384438e-04*((mean_PE-7.209170e+01) / (mean_at_rad-1.125530e+00)))

