Commit: ac5ce3effde5dec1922a0476f389f7d8b9fd059a
Compiler: IntelLLVM version 2024.0.2
Compiler flags: -O3 -fp-model=precise -fiopenmp
time input_parsing: 0.055413 s
Time to generate feat space: 0.800921 s
Projection time: 0.920347 s
Time to get best features on rank : 0.00215101 s
|---Complete final combination/selection from all ranks: 0.059067 s
Time for SIS: 0.982084 s
Time for l0-norm: 0.0353429 s
Projection time: 0.00138807 s
Time to get best features on rank : 6.00815e-05 s
|---Complete final combination/selection from all ranks: 0.00963712 s
Time for SIS: 0.0123971 s
Time for l0-norm: 0.00923109 s
Projection time: 0.00139284 s
Time to get best features on rank : 4.57764e-05 s
|---Complete final combination/selection from all ranks: 0.00840712 s
Time for SIS: 0.010828 s
Time for l0-norm: 0.00466704 s
Projection time: 0.00252295 s
Time to get best features on rank : 6.29425e-05 s
|---Complete final combination/selection from all ranks: 0.00861621 s
Time for SIS: 0.012243 s
Time for l0-norm: 0.161367 s
Projection time: 0.00138521 s
Time to get best features on rank : 4.98295e-05 s
|---Complete final combination/selection from all ranks: 0.0079999 s
Time for SIS: 0.0105779 s
Time for l0-norm: 12.9427 s
Train RMSE: 4.98589 K; Test RMSE: 5.419 K
c0 + a0 * (lambda * w_log)

Train RMSE: 3.58678 K; Test RMSE: 6.41164 K
c0 + a0 * ln(lambda) + a1 * (w_log^2)

Train RMSE: 3.3404 K; Test RMSE: 5.82093 K
c0 + a0 * (wtd_mean_EA * wtd_range_at_mass) + a1 * ln(lambda) + a2 * (w_log / wtd_mean_at_mass)

Train RMSE: 2.99053 K; Test RMSE: 6.97788 K
c0 + a0 * (|range_EA - mean_EA|) + a1 * (wtd_range_at_mass / V_molar) + a2 * ln(lambda) + a3 * (w_log / wtd_mean_at_mass)

Train RMSE: 2.70082 K; Test RMSE: 7.48613 K
c0 + a0 * (std_ThermalCond * bulk_mod) + a1 * (|range_EA - mean_EA|) + a2 * (wtd_range_at_mass * bulk_mod) + a3 * ln(lambda) + a4 * (w_log / wtd_mean_at_mass)

