Commit: ac5ce3effde5dec1922a0476f389f7d8b9fd059a
Compiler: IntelLLVM version 2024.0.2
Compiler flags: -O3 -fp-model=precise -fiopenmp
time input_parsing: 0.057909 s
Time to generate feat space: 2766.85 s
Projection time: 0.135641 s
Time to get best features on rank : 0.00157094 s
|---Complete final combination/selection from all ranks: 0.023001 s
Time for SIS: 0.247958 s
Time for l0-norm: 0.0184059 s
Projection time: 0.151053 s
Time to get best features on rank : 0.00148296 s
|---Complete final combination/selection from all ranks: 0.0153141 s
Time for SIS: 0.194452 s
Time for l0-norm: 0.00889111 s
Projection time: 0.156634 s
Time to get best features on rank : 0.00156403 s
|---Complete final combination/selection from all ranks: 0.015584 s
Time for SIS: 0.200201 s
Time for l0-norm: 0.00745893 s
Projection time: 0.158474 s
Time to get best features on rank : 0.00146484 s
|---Complete final combination/selection from all ranks: 0.017082 s
Time for SIS: 0.203945 s
Time for l0-norm: 0.170932 s
Projection time: 0.155163 s
Time to get best features on rank : 0.00135088 s
|---Complete final combination/selection from all ranks: 0.0152469 s
Time for SIS: 0.198844 s
Time for l0-norm: 13.4904 s
Train RMSE: 3.23108 K; Test RMSE: 6.48984 K
c0 + a0 * (((lambda-6.915861e-02) / (lambda4w_low-5.097694e+00)) - (4.004358e+00*((lambda-4.471210e-01) / (mean_at_mass-1.703546e+01))))

Train RMSE: 2.11896 K; Test RMSE: 3.0856 K
c0 + a0 * ((1.0 / (lambda3-4.737230e-02)) + 1.203699e+01*((wtd_range_ThermalCond+1.877778e+00) / (wtd_mean_at_mass-9.945989e+01))) + a1 * (((mean_IP+6.441276e-01) * (lambda+9.156379e+00)) - (1.501609e+00*((mean_PE-2.337039e+00) / (mean_at_rad-1.119516e+00))))

Train RMSE: 1.63026 K; Test RMSE: 5.189 K
c0 + a0 * ((wtd_mean_IP + 3.337568e+00*mean_at_rad) + 4.339570e+01*(1.0 / (lambda4w_low-1.088603e+02))) + a1 * (((wtd_range_at_mass+7.779798e+00) / (wtd_mean_PE-2.431325e+00)) - (1.239683e+02*((wtd_std_PE-7.251168e+00) / (wtd_mean_at_mass-1.000032e+02)))) + a2 * (((lambda-3.677678e-01) / (wtd_mean_at_mass-1.449335e+01)) - (6.986689e-01*((lambda3+3.968699e-02) / (lambda4w_low-5.089139e+00))))

Train RMSE: 1.25186 K; Test RMSE: 5.43275 K
c0 + a0 * (((mean_IP+3.176096e+00) / (wtd_mean_ThermalCond-3.697357e+01)) + 7.200574e+00*((wtd_mean_EA-9.964478e-01) * (density+4.003257e+00))) + a1 * (((wtd_mean_IP-1.205979e+01) / (wtd_mean_at_mass+2.050860e+02)) + 6.578145e-03*(sin(9.784030e+01*mean_PE+6.095199e-01))) + a2 * (((wtd_range_at_mass+4.280088e+00) / (wtd_mean_PE-2.433885e+00)) - (3.223494e-02*((range_EA-2.288563e+04) / (wtd_mean_at_mass-9.996380e+01)))) + a3 * (((lambda-6.915861e-02) / (lambda4w_low-5.097694e+00)) - (4.004358e+00*((lambda-4.471210e-01) / (mean_at_mass-1.703546e+01))))

Train RMSE: 0.967621 K; Test RMSE: 5.11148 K
c0 + a0 * (|std_at_rad - (-2.062545e+01*L_avg+1.002822e+02)| + 1.614667e+00*((wtd_mean_EA-1.615856e+00) * (density+1.555746e+01))) + a1 * ((range_PE - (8.310111e-01*lambda)) / (std_PE - (8.596852e-02*L_avg))) + a2 * (((wtd_mean_IP-1.205979e+01) / (wtd_mean_at_mass+2.050860e+02)) + 6.578145e-03*(sin(9.784030e+01*mean_PE+6.095199e-01))) + a3 * (((wtd_range_at_mass+7.394106e-01) / (wtd_mean_PE-2.437103e+00)) - (1.863104e-02*((wtd_std_EA-3.344135e+04) / (wtd_mean_at_mass-9.992628e+01)))) + a4 * (((lambda-3.677678e-01) / (wtd_mean_at_mass-1.449335e+01)) - (6.986689e-01*((lambda3+3.968699e-02) / (lambda4w_low-5.089139e+00))))

