Commit: ac5ce3effde5dec1922a0476f389f7d8b9fd059a
Compiler: IntelLLVM version 2024.0.2
Compiler flags: -O3 -fp-model=precise -fiopenmp
time input_parsing: 0.0793619 s
Time to generate feat space: 989.262 s
Projection time: 0.071296 s
Time to get best features on rank : 0.000126839 s
|---Complete final combination/selection from all ranks: 0.0184982 s
Time for SIS: 0.110183 s
Time for l0-norm: 0.0172541 s
Projection time: 0.077666 s
Time to get best features on rank : 0.000102997 s
|---Complete final combination/selection from all ranks: 0.0164509 s
Time for SIS: 0.107732 s
Time for l0-norm: 0.00617695 s
Projection time: 0.0816989 s
Time to get best features on rank : 9.98974e-05 s
|---Complete final combination/selection from all ranks: 0.0170469 s
Time for SIS: 0.111956 s
Time for l0-norm: 0.00646996 s
Projection time: 0.0788431 s
Time to get best features on rank : 0.000102043 s
|---Complete final combination/selection from all ranks: 0.0177379 s
Time for SIS: 0.110296 s
Time for l0-norm: 0.165766 s
Projection time: 0.0706758 s
Time to get best features on rank : 9.91821e-05 s
|---Complete final combination/selection from all ranks: 0.01636 s
Time for SIS: 0.1006 s
Time for l0-norm: 13.2696 s
Train RMSE: 3.07787 K; Test RMSE: 14.1111 K
c0 + a0 * (((mean_IP-5.884672e+00) * (lambda3+9.226346e+01)) - (8.525322e+01*((wtd_std_at_rad+8.214167e+00) / (mean_at_mass-1.065211e+02))))

Train RMSE: 2.1183 K; Test RMSE: 14.0001 K
c0 + a0 * (((L_avg+7.584232e+01) / (mean_IP-1.004652e+01)) - (6.028876e+02*((wtd_range_at_rad-2.280610e+00) / (wtd_mean_at_mass-9.996144e+01)))) + a1 * (((mean_IP-7.741025e+01) / (lambda3-4.754002e-02)) - (3.338787e+02*((wtd_mean_IP-5.234770e+01) * (lambda-6.326786e+01))))

Train RMSE: 1.59027 K; Test RMSE: 13.7294 K
c0 + a0 * (((range_at_rad-5.208280e+00) / (wtd_mean_at_mass-1.000672e+02)) - (1.246566e+00*((wtd_std_EA-3.486120e-01) / (L_avg-2.648484e+00)))) + a1 * ((wtd_range_ThermalCond - (7.139303e+01*std_at_rad)) - (9.820610e+00*((std_EA-3.165435e-01) / (wtd_mean_PE-2.090261e+00)))) + a2 * ((cbrt(lambda4w_low-2.255988e+01)) - (2.839513e+00*|wtd_std_EA - (2.607918e+00*wtd_mean_IP-2.419440e+01)|))

Train RMSE: 1.14177 K; Test RMSE: 13.1524 K
c0 + a0 * (((mean_at_rad+1.833905e+03) * (L_avg+1.576852e+00)) - (1.307989e+01*((wtd_mean_at_mass-1.037604e+02) / (lambda3-1.845812e-01)))) + a1 * ((sqrt(1.0*wtd_std_at_mass+1.247548e+02)) - (9.905980e-01*((std_EA-4.144743e-01) / (wtd_mean_at_rad-1.139650e+00)))) + a2 * (((V_molar+8.053970e+01) / (lambda3-4.753800e-02)) - (7.584942e-01*((density-3.321244e+05) / (wtd_mean_ThermalCond-1.050537e+02)))) + a3 * (((mean_IP+3.028685e+00) * (lambda+1.323729e+01)) - (9.715724e-05*((wtd_mean_at_rad+1.324654e+03) / (lambda-2.927261e+00))))

Train RMSE: 0.917523 K; Test RMSE: 13.8196 K
c0 + a0 * ((mean_at_rad - (1.870509e-01*L_avg)) * (wtd_mean_ThermalCond - mean_ThermalCond)) + a1 * (((std_at_mass+1.135316e+04) * (L_avg-4.849809e+00)) - (5.976130e+01*((mean_at_mass-1.168169e+02) / (lambda3-1.691485e-01)))) + a2 * ((sqrt(1.0*wtd_std_at_mass+1.247548e+02)) - (9.905980e-01*((std_EA-4.144743e-01) / (wtd_mean_at_rad-1.139650e+00)))) + a3 * (((V_molar+8.053970e+01) / (lambda3-4.753800e-02)) - (7.584942e-01*((density-3.321244e+05) / (wtd_mean_ThermalCond-1.050537e+02)))) + a4 * (((mean_IP+3.028685e+00) * (lambda+1.323729e+01)) - (9.715724e-05*((wtd_mean_at_rad+1.324654e+03) / (lambda-2.927261e+00))))

