Commit: ac5ce3effde5dec1922a0476f389f7d8b9fd059a
Compiler: IntelLLVM version 2024.0.2
Compiler flags: -O3 -fp-model=precise -fiopenmp
time input_parsing: 0.055609 s
Time to generate feat space: 7749.17 s
Projection time: 0.242833 s
Time to get best features on rank : 0.000126839 s
|---Complete final combination/selection from all ranks: 0.019542 s
Time for SIS: 0.321904 s
Time for l0-norm: 0.0185249 s
Projection time: 0.255876 s
Time to get best features on rank : 0.00011301 s
|---Complete final combination/selection from all ranks: 0.0167069 s
Time for SIS: 0.325451 s
Time for l0-norm: 0.00753808 s
Projection time: 0.263711 s
Time to get best features on rank : 0.00013113 s
|---Complete final combination/selection from all ranks: 0.013732 s
Time for SIS: 0.330865 s
Time for l0-norm: 0.00729895 s
Projection time: 0.270752 s
Time to get best features on rank : 0.000124216 s
|---Complete final combination/selection from all ranks: 0.0175838 s
Time for SIS: 0.342156 s
Time for l0-norm: 0.166602 s
Projection time: 0.25555 s
Time to get best features on rank : 0.000118971 s
|---Complete final combination/selection from all ranks: 0.016629 s
Time for SIS: 0.325865 s
Time for l0-norm: 13.2667 s
Train RMSE: 3.41886 K; Test RMSE: 5.26437 K
c0 + a0 * ((((std_EA+6.168401e-01) * (mean_IP-8.352492e+00))+2.779632e+00) * (((lambda-2.346256e-01) / (mean_at_mass-1.448730e+01))+1.698267e-02))

Train RMSE: 2.47628 K; Test RMSE: 3.96481 K
c0 + a0 * ((((mean_EA-6.568618e-01) / (density-8.413013e+00))-7.983814e-01) * (((range_at_rad-6.055291e+00) * (wtd_std_at_mass-3.138065e+02))-6.772283e+02)) + a1 * (((cbrt(lambda4w_low-3.473253e+01))+5.943464e+00) * (((w_log-3.385944e+01) / (bulk_mod+3.237802e+01))+6.428810e-01))

Train RMSE: 1.74754 K; Test RMSE: 1.8715 K
c0 + a0 * (((mean_PE - (9.745455e-01*mean_IP))+1.964179e+01) * (((std_PE-1.385244e-01)^6)+1.195410e+00)) + a1 * (((w_log+2.244472e+00) / (wtd_mean_ThermalCond-5.726659e+01)) - (1.290921e+00*((range_at_rad+1.187852e+02) / (mean_IP-8.325205e+00)))) + a2 * ((((wtd_range_at_mass-2.463768e+01) / (lambda-7.045328e-01))+8.449652e+01) * ((range_IP - (5.442407e+00*lambda))-1.911268e+00))

Train RMSE: 1.3688 K; Test RMSE: 1.93425 K
c0 + a0 * (((L_avg+2.147714e+00)^6) - (5.498077e+03*((std_IP-9.149598e-01) / (mean_at_rad-1.267561e+00)))) + a1 * (((wtd_std_IP + 1.473640e+00*mean_IP)-4.993573e+01) * ((exp(4.022251e+00*std_PE))+1.478294e+02)) + a2 * (((w_log+2.244472e+00) / (wtd_mean_ThermalCond-5.726659e+01)) - (1.290921e+00*((range_at_rad+1.187852e+02) / (mean_IP-8.325205e+00)))) + a3 * ((((wtd_range_at_mass-2.463768e+01) / (lambda-7.045328e-01))+8.449652e+01) * ((range_IP - (5.442407e+00*lambda))-1.911268e+00))

Train RMSE: 1.0957 K; Test RMSE: 2.12757 K
c0 + a0 * (((std_PE - (9.947980e-01*range_at_rad))+4.463280e-02) * (((std_IP-2.850362e+00) / (wtd_mean_at_mass-3.047648e+01))+3.042390e-01)) + a1 * (((std_ThermalCond+3.257817e+01) / (V_molar+5.602118e+01)) - (6.495879e-01*(cos(1.384369e+02*wtd_mean_PE+2.701166e-01)))) + a2 * ((((std_PE+3.258904e-03)^6)+1.062605e+00) * (((wtd_mean_at_rad-1.056156e+01) * (mean_IP-1.512418e+01))-3.145121e-01)) + a3 * (((w_log+2.244472e+00) / (wtd_mean_ThermalCond-5.726659e+01)) - (1.290921e+00*((range_at_rad+1.187852e+02) / (mean_IP-8.325205e+00)))) + a4 * ((((wtd_range_at_mass-2.463768e+01) / (lambda-7.045328e-01))+8.449652e+01) * ((range_IP - (5.442407e+00*lambda))-1.911268e+00))

