Commit: ac5ce3effde5dec1922a0476f389f7d8b9fd059a
Compiler: IntelLLVM version 2024.0.2
Compiler flags: -O3 -fp-model=precise -fiopenmp
time input_parsing: 0.0652258 s
Time to generate feat space: 1.57207 s
Projection time: 0.196992 s
Time to get best features on rank : 0.00156212 s
|---Complete final combination/selection from all ranks: 0.0480089 s
Time for SIS: 0.251101 s
Time for l0-norm: 0.037066 s
Projection time: 0.00266004 s
Time to get best features on rank : 6.79493e-05 s
|---Complete final combination/selection from all ranks: 0.00928593 s
Time for SIS: 0.0135291 s
Time for l0-norm: 0.00591493 s
Projection time: 0.00251889 s
Time to get best features on rank : 5.57899e-05 s
|---Complete final combination/selection from all ranks: 0.00802517 s
Time for SIS: 0.011775 s
Time for l0-norm: 0.00445986 s
Projection time: 0.0044539 s
Time to get best features on rank : 5.81741e-05 s
|---Complete final combination/selection from all ranks: 0.008358 s
Time for SIS: 0.0140429 s
Time for l0-norm: 0.163633 s
Projection time: 0.00339794 s
Time to get best features on rank : 4.98295e-05 s
|---Complete final combination/selection from all ranks: 0.00812101 s
Time for SIS: 0.012887 s
Time for l0-norm: 13.618 s
Train RMSE: 4.98589 K; Test RMSE: 5.419 K
c0 + a0 * (lambda * w_log)

Train RMSE: 3.58678 K; Test RMSE: 6.41164 K
c0 + a0 * ln(lambda) + a1 * (w_log^2)

Train RMSE: 3.3404 K; Test RMSE: 5.82093 K
c0 + a0 * (wtd_mean_EA * wtd_range_at_mass) + a1 * ln(lambda) + a2 * (w_log / wtd_mean_at_mass)

Train RMSE: 2.99053 K; Test RMSE: 6.97788 K
c0 + a0 * (|range_EA - mean_EA|) + a1 * (wtd_range_at_mass / V_molar) + a2 * ln(lambda) + a3 * (w_log / wtd_mean_at_mass)

Train RMSE: 2.63989 K; Test RMSE: 7.41252 K
c0 + a0 * (std_ThermalCond * wtd_mean_at_mass) + a1 * (|range_EA - mean_EA|) + a2 * (wtd_mean_PE * wtd_range_at_mass) + a3 * ln(lambda) + a4 * (w_log / wtd_mean_at_mass)

