Commit: ac5ce3effde5dec1922a0476f389f7d8b9fd059a
Compiler: IntelLLVM version 2024.0.2
Compiler flags: -O3 -fp-model=precise -fiopenmp
time input_parsing: 0.068161 s
Time to generate feat space: 1.84762 s
Projection time: 0.088084 s
Time to get best features on rank : 6.10352e-05 s
|---Complete final combination/selection from all ranks: 0.012399 s
Time for SIS: 0.106618 s
Time for l0-norm: 0.026634 s
Projection time: 0.00607419 s
Time to get best features on rank : 8.79765e-05 s
|---Complete final combination/selection from all ranks: 0.0425551 s
Time for SIS: 0.0500159 s
Time for l0-norm: 0.00749397 s
Projection time: 0.00210309 s
Time to get best features on rank : 0.00012207 s
|---Complete final combination/selection from all ranks: 0.00943089 s
Time for SIS: 0.012809 s
Time for l0-norm: 0.00644398 s
Projection time: 0.007375 s
Time to get best features on rank : 6.10352e-05 s
|---Complete final combination/selection from all ranks: 0.008075 s
Time for SIS: 0.0166221 s
Time for l0-norm: 0.162844 s
Projection time: 0.00863409 s
Time to get best features on rank : 8.51154e-05 s
|---Complete final combination/selection from all ranks: 0.00872993 s
Time for SIS: 0.0185411 s
Time for l0-norm: 12.9227 s
Train RMSE: 3.47684 K; Test RMSE: 14.0311 K
c0 + a0 * ((lambda+1.217720e+01) * (wtd_mean_IP+2.171951e+00))

Train RMSE: 3.1591 K; Test RMSE: 15.0985 K
c0 + a0 * (|std_EA - mean_EA|) + a1 * ((lambda+1.217720e+01) * (wtd_mean_IP+2.171951e+00))

Train RMSE: 2.89191 K; Test RMSE: 14.9533 K
c0 + a0 * ((wtd_range_PE-2.634220e-01) * (std_EA-1.017490e-01)) + a1 * (|std_EA - mean_EA|) + a2 * ((lambda+1.217720e+01) * (wtd_mean_IP+2.171951e+00))

Train RMSE: 2.60664 K; Test RMSE: 15.4738 K
c0 + a0 * (|range_EA - wtd_mean_EA|) + a1 * ((std_at_mass-5.016803e+01) * (V_molar-2.356020e+01)) + a2 * (range_EA - wtd_mean_IP) + a3 * (mean_EA * lambda)

Train RMSE: 2.41254 K; Test RMSE: 14.4164 K
c0 + a0 * ((range_IP-2.062037e+00) * (range_ThermalCond-7.062177e+01)) + a1 * ((wtd_std_at_mass-5.831061e+01) * (V_molar-1.623536e+01)) + a2 * (wtd_range_PE * range_EA) + a3 * (mean_EA + wtd_mean_IP) + a4 * ((lambda3+7.104022e-01) * (w_log-4.607553e+00))

