Commit: ac5ce3effde5dec1922a0476f389f7d8b9fd059a
Compiler: IntelLLVM version 2024.0.2
Compiler flags: -O3 -fp-model=precise -fiopenmp
time input_parsing: 0.0503531 s
Time to generate feat space: 13278.2 s
Projection time: 0.403238 s
Time to get best features on rank : 0.00430417 s
|---Complete final combination/selection from all ranks: 0.0565221 s
Time for SIS: 0.562008 s
Time for l0-norm: 0.0166328 s
Projection time: 0.441255 s
Time to get best features on rank : 0.00193715 s
|---Complete final combination/selection from all ranks: 0.0115259 s
Time for SIS: 0.549809 s
Time for l0-norm: 0.00929809 s
Projection time: 0.446633 s
Time to get best features on rank : 0.00158691 s
|---Complete final combination/selection from all ranks: 0.00977993 s
Time for SIS: 0.552882 s
Time for l0-norm: 0.00714898 s
Projection time: 0.444702 s
Time to get best features on rank : 0.00167704 s
|---Complete final combination/selection from all ranks: 0.00992298 s
Time for SIS: 0.550461 s
Time for l0-norm: 0.0154688 s
Projection time: 0.441278 s
Time to get best features on rank : 0.00155592 s
|---Complete final combination/selection from all ranks: 0.00992298 s
Time for SIS: 0.548035 s
Time for l0-norm: 0.491733 s
Train RMSE: 3.28398 K; Test RMSE: 3.56 K
c0 + a0 * (((wtd_mean_IP-1.448789e+00) * (lambda+7.988651e+00)) - (3.808897e-01*((L_avg-2.570127e+00) / (mean_at_rad-1.126964e+00))))

Train RMSE: 2.11703 K; Test RMSE: 3.3294 K
c0 + a0 * (((density+6.673039e+01) / (lambda3-4.791485e-02)) + 1.623033e+03*((wtd_range_at_mass-3.672798e+01) / (wtd_mean_at_mass-9.941565e+01))) + a1 * ((wtd_mean_IP + 6.180404e-01*lambda) - (6.177765e+01*((mean_PE-1.777621e+00) / (mean_at_mass-1.715717e+01))))

Train RMSE: 1.51296 K; Test RMSE: 3.34367 K
c0 + a0 * (((mean_EA+8.457860e+00) * (range_at_mass-1.004812e+03)) - (1.264661e+01*((wtd_range_ThermalCond-3.048689e+01) / (wtd_mean_IP-1.017936e+01)))) + a1 * (((density+6.673039e+01) / (lambda3-4.791485e-02)) + 1.623033e+03*((wtd_range_at_mass-3.672798e+01) / (wtd_mean_at_mass-9.941565e+01))) + a2 * ((((range_at_mass-9.227906e+01) / (density-2.705978e+00))+5.618763e+01) * (((lambda-2.047948e+01) / (wtd_mean_IP+2.747961e+00))+1.880145e+00))

Train RMSE: 1.16959 K; Test RMSE: 1.90491 K
c0 + a0 * ((wtd_range_ThermalCond * mean_IP) / (wtd_range_ThermalCond + 1.203062e+01*mean_EA)) + a1 * (((wtd_mean_EA-5.736100e-01) * (wtd_range_at_mass-2.650563e+01)) + 1.317985e-01*((wtd_mean_ThermalCond-1.109429e+00) / (mean_IP-1.024391e+01))) + a2 * (((density+6.673039e+01) / (lambda3-4.791485e-02)) + 1.623033e+03*((wtd_range_at_mass-3.672798e+01) / (wtd_mean_at_mass-9.941565e+01))) + a3 * ((((range_at_mass-9.227906e+01) / (density-2.705978e+00))+5.618763e+01) * (((lambda-2.047948e+01) / (wtd_mean_IP+2.747961e+00))+1.880145e+00))

Train RMSE: 0.884099 K; Test RMSE: 1.90514 K
c0 + a0 * ((((L_avg+7.476113e+00) * (bulk_mod+9.127428e+01))-8.758599e+02) * (((std_IP-4.955289e-01) / (wtd_mean_PE-2.054646e+00))-1.786146e+01)) + a1 * ((wtd_range_ThermalCond * mean_IP) / (wtd_range_ThermalCond + 1.203062e+01*mean_EA)) + a2 * (((wtd_mean_EA-5.736100e-01) * (wtd_range_at_mass-2.650563e+01)) + 1.317985e-01*((wtd_mean_ThermalCond-1.109429e+00) / (mean_IP-1.024391e+01))) + a3 * (((density+6.673039e+01) / (lambda3-4.791485e-02)) + 1.623033e+03*((wtd_range_at_mass-3.672798e+01) / (wtd_mean_at_mass-9.941565e+01))) + a4 * ((((range_at_mass-9.227906e+01) / (density-2.705978e+00))+5.618763e+01) * (((lambda-2.047948e+01) / (wtd_mean_IP+2.747961e+00))+1.880145e+00))

