Commit: ac5ce3effde5dec1922a0476f389f7d8b9fd059a
Compiler: IntelLLVM version 2024.0.2
Compiler flags: -O3 -fp-model=precise -fiopenmp
time input_parsing: 0.0558579 s
Time to generate feat space: 3058.88 s
Projection time: 0.163206 s
Time to get best features on rank : 0.00182915 s
|---Complete final combination/selection from all ranks: 0.0189061 s
Time for SIS: 0.218333 s
Time for l0-norm: 0.0169208 s
Projection time: 0.178646 s
Time to get best features on rank : 0.00205517 s
|---Complete final combination/selection from all ranks: 0.0150881 s
Time for SIS: 0.225863 s
Time for l0-norm: 0.00485301 s
Projection time: 0.18048 s
Time to get best features on rank : 0.0013411 s
|---Complete final combination/selection from all ranks: 0.0165319 s
Time for SIS: 0.22911 s
Time for l0-norm: 0.00782204 s
Projection time: 0.174096 s
Time to get best features on rank : 0.00241804 s
|---Complete final combination/selection from all ranks: 0.017271 s
Time for SIS: 0.224236 s
Time for l0-norm: 0.166477 s
Projection time: 0.173509 s
Time to get best features on rank : 0.00155091 s
|---Complete final combination/selection from all ranks: 0.0169158 s
Time for SIS: 0.222429 s
Time for l0-norm: 13.1485 s
Train RMSE: 2.77684 K; Test RMSE: 6.80206 K
c0 + a0 * (((wtd_mean_IP-9.372062e-01) * (lambda+7.374787e+00)) - (1.139639e+00*((wtd_mean_PE-2.330574e+00) / (mean_at_rad-1.120901e+00))))

Train RMSE: 1.8893 K; Test RMSE: 6.83616 K
c0 + a0 * (((wtd_mean_at_mass+1.197797e+02) / (lambda3-4.765497e-02)) + 1.147163e+01*((mean_ThermalCond-4.410670e+00) / (wtd_mean_at_rad-1.146961e+00))) + a1 * (((wtd_mean_IP-9.372062e-01) * (lambda+7.374787e+00)) - (1.139639e+00*((wtd_mean_PE-2.330574e+00) / (mean_at_rad-1.120901e+00))))

Train RMSE: 1.4731 K; Test RMSE: 6.51829 K
c0 + a0 * (((L_avg+8.268067e-01)^6) + 1.052877e+03*((range_IP-7.430002e+00) / (wtd_mean_at_rad-1.149026e+00))) + a1 * (((wtd_mean_IP+5.925972e+01) / (lambda3-4.803434e-02)) - (6.216695e+01*((mean_ThermalCond-2.266980e+01) / (wtd_mean_IP-8.845491e+00)))) + a2 * (((wtd_mean_IP+3.901520e+00) * (lambda+1.686163e+01)) - (1.110130e+03*((wtd_mean_PE-1.812385e+00) / (mean_at_mass-1.749069e+01))))

Train RMSE: 1.13928 K; Test RMSE: 6.51202 K
c0 + a0 * (((mean_IP-1.410513e+02) / (mean_at_mass-5.056351e+01)) + 1.566230e+02*((range_at_mass-5.773394e+01) / (lambda4w_low-1.299702e+02))) + a1 * (((std_ThermalCond-8.058181e+00) * (wtd_range_at_mass-6.003078e+00)) - (1.215381e+00*((bulk_mod-4.416326e+02) / (lambda-1.510380e+00)))) + a2 * (((wtd_mean_at_mass+1.197797e+02) / (lambda3-4.765497e-02)) + 1.147163e+01*((mean_ThermalCond-4.410670e+00) / (wtd_mean_at_rad-1.146961e+00))) + a3 * (((wtd_mean_IP+3.901520e+00) * (lambda+1.686163e+01)) - (1.110130e+03*((wtd_mean_PE-1.812385e+00) / (mean_at_mass-1.749069e+01))))

Train RMSE: 0.855273 K; Test RMSE: 6.4097 K
c0 + a0 * (((wtd_std_IP-2.800791e+02) / (wtd_mean_PE-1.731726e+00)) + 3.866026e-01*((wtd_mean_ThermalCond-1.197954e+02) / (lambda3-1.495232e-03))) + a1 * (((mean_IP-1.410513e+02) / (mean_at_mass-5.056351e+01)) + 1.566230e+02*((range_at_mass-5.773394e+01) / (lambda4w_low-1.299702e+02))) + a2 * (((std_ThermalCond-8.058181e+00) * (wtd_range_at_mass-6.003078e+00)) - (1.215381e+00*((bulk_mod-4.416326e+02) / (lambda-1.510380e+00)))) + a3 * (((wtd_mean_at_mass+1.197797e+02) / (lambda3-4.765497e-02)) + 1.147163e+01*((mean_ThermalCond-4.410670e+00) / (wtd_mean_at_rad-1.146961e+00))) + a4 * (((wtd_mean_IP+3.901520e+00) * (lambda+1.686163e+01)) - (1.110130e+03*((wtd_mean_PE-1.812385e+00) / (mean_at_mass-1.749069e+01))))

