Commit: ac5ce3effde5dec1922a0476f389f7d8b9fd059a
Compiler: IntelLLVM version 2024.0.2
Compiler flags: -O3 -fp-model=precise -fiopenmp
time input_parsing: 0.056586 s
Time to generate feat space: 1.95543 s
Projection time: 0.106206 s
Time to get best features on rank : 5.79357e-05 s
|---Complete final combination/selection from all ranks: 0.0129492 s
Time for SIS: 0.125158 s
Time for l0-norm: 0.0273161 s
Projection time: 0.00265002 s
Time to get best features on rank : 6.19888e-05 s
|---Complete final combination/selection from all ranks: 0.00840616 s
Time for SIS: 0.012413 s
Time for l0-norm: 0.00809789 s
Projection time: 0.00443792 s
Time to get best features on rank : 4.79221e-05 s
|---Complete final combination/selection from all ranks: 0.0491509 s
Time for SIS: 0.0547988 s
Time for l0-norm: 0.00597286 s
Projection time: 0.00391102 s
Time to get best features on rank : 5.60284e-05 s
|---Complete final combination/selection from all ranks: 0.00984311 s
Time for SIS: 0.015008 s
Time for l0-norm: 0.163795 s
Projection time: 0.00549698 s
Time to get best features on rank : 6.38962e-05 s
|---Complete final combination/selection from all ranks: 0.00863409 s
Time for SIS: 0.0153589 s
Time for l0-norm: 13.8091 s
Train RMSE: 5.15793 K; Test RMSE: 3.57177 K
c0 + a0 * (lambda * w_log)

Train RMSE: 3.9581 K; Test RMSE: 1.86415 K
c0 + a0 * ((w_log+5.496845e+01) * (lambda-1.781622e-01)) + a1 * (w_log / mean_at_mass)

Train RMSE: 3.65868 K; Test RMSE: 4.0723 K
c0 + a0 * (wtd_mean_EA * wtd_range_at_mass) + a1 * ln(lambda) + a2 * (w_log / wtd_mean_at_mass)

Train RMSE: 3.31581 K; Test RMSE: 3.34293 K
c0 + a0 * ((lambda-1.776871e-01) * (w_log+5.496887e+01)) + a1 * (w_log^2) + a2 * ((w_log-1.966117e+01) * (range_ThermalCond-1.499644e+01)) + a3 * (std_ThermalCond * w_log)

Train RMSE: 2.8429 K; Test RMSE: 9.16024 K
c0 + a0 * (wtd_range_PE * wtd_std_IP) + a1 * ((V_molar-1.705234e+01) * (range_at_mass-1.297567e+02)) + a2 * ((wtd_mean_at_mass+1.525741e+02) * (wtd_mean_IP-3.819578e+00)) + a3 * ln(lambda) + a4 * (w_log / mean_at_mass)

