Commit: ac5ce3effde5dec1922a0476f389f7d8b9fd059a
Compiler: IntelLLVM version 2024.0.2
Compiler flags: -O3 -fp-model=precise -fiopenmp
time input_parsing: 0.0468149 s
Time to generate feat space: 983.029 s
Projection time: 0.077271 s
Time to get best features on rank : 0.000226021 s
|---Complete final combination/selection from all ranks: 0.0186281 s
Time for SIS: 0.114458 s
Time for l0-norm: 0.021661 s
Projection time: 0.071007 s
Time to get best features on rank : 0.000653982 s
|---Complete final combination/selection from all ranks: 0.0149672 s
Time for SIS: 0.098757 s
Time for l0-norm: 0.00654197 s
Projection time: 0.0711498 s
Time to get best features on rank : 0.000674963 s
|---Complete final combination/selection from all ranks: 0.0153511 s
Time for SIS: 0.0994699 s
Time for l0-norm: 0.00875187 s
Projection time: 0.0715818 s
Time to get best features on rank : 0.000551224 s
|---Complete final combination/selection from all ranks: 0.0177221 s
Time for SIS: 0.102302 s
Time for l0-norm: 0.229043 s
Projection time: 0.0709221 s
Time to get best features on rank : 0.000543118 s
|---Complete final combination/selection from all ranks: 0.0162618 s
Time for SIS: 0.100289 s
Time for l0-norm: 13.2468 s
Train RMSE: 3.48253 K; Test RMSE: 1.79474 K
c0 + a0 * (((wtd_mean_IP-7.855022e-01) * (lambda+9.252675e+00)) + 2.047115e+03*((mean_at_rad-1.243076e+00) / (mean_at_mass-1.916875e+01)))

Train RMSE: 2.57639 K; Test RMSE: 2.52399 K
c0 + a0 * ((wtd_range_ThermalCond + 1.067117e+02*std_PE) + 5.294590e+02*((wtd_range_EA-1.215708e-01) / (wtd_mean_at_mass-9.971038e+01))) + a1 * ((wtd_mean_IP + 6.601761e-01*lambda) + 6.201783e-04*((wtd_std_EA-4.031018e+01) / (wtd_mean_at_rad-1.031476e+00)))

Train RMSE: 1.86062 K; Test RMSE: 2.38709 K
c0 + a0 * (((range_IP+6.216209e+00) / (mean_PE-2.404648e+00)) + 2.403906e-04*((mean_at_mass+2.534711e+03) / (mean_at_rad-1.284893e+00))) + a1 * ((wtd_range_ThermalCond + 1.067117e+02*std_PE) + 5.294590e+02*((wtd_range_EA-1.215708e-01) / (wtd_mean_at_mass-9.971038e+01))) + a2 * (((wtd_mean_IP-7.855022e-01) * (lambda+9.252675e+00)) + 2.047115e+03*((mean_at_rad-1.243076e+00) / (mean_at_mass-1.916875e+01)))

Train RMSE: 1.46851 K; Test RMSE: 1.99649 K
c0 + a0 * ((exp(1.072658e+01*wtd_std_PE)) + 3.687738e+03*((wtd_range_PE-1.299260e+00) / (lambda3-6.322968e-01))) + a1 * ((range_IP / lambda) / (|wtd_range_PE - lambda3|)) + a2 * ((wtd_range_ThermalCond + 1.067117e+02*std_PE) + 5.294590e+02*((wtd_range_EA-1.215708e-01) / (wtd_mean_at_mass-9.971038e+01))) + a3 * (((wtd_mean_IP-7.855022e-01) * (lambda+9.252675e+00)) + 2.047115e+03*((mean_at_rad-1.243076e+00) / (mean_at_mass-1.916875e+01)))

Train RMSE: 1.16182 K; Test RMSE: 2.40745 K
c0 + a0 * (((std_at_rad-2.763394e-02) / (wtd_mean_ThermalCond-7.909558e+01)) + 8.087049e-01*((wtd_mean_EA-1.467846e+00) / (V_molar-2.027354e+00))) + a1 * ((exp(1.072658e+01*wtd_std_PE)) + 3.687738e+03*((wtd_range_PE-1.299260e+00) / (lambda3-6.322968e-01))) + a2 * ((range_IP / lambda) / (|wtd_range_PE - lambda3|)) + a3 * ((wtd_range_ThermalCond + 1.067117e+02*std_PE) + 5.294590e+02*((wtd_range_EA-1.215708e-01) / (wtd_mean_at_mass-9.971038e+01))) + a4 * (((wtd_mean_IP-7.855022e-01) * (lambda+9.252675e+00)) + 2.047115e+03*((mean_at_rad-1.243076e+00) / (mean_at_mass-1.916875e+01)))

