Commit: ac5ce3effde5dec1922a0476f389f7d8b9fd059a
Compiler: IntelLLVM version 2024.0.2
Compiler flags: -O3 -fp-model=precise -fiopenmp
time input_parsing: 0.05896 s

Intel MKL ERROR: Parameter 5 was incorrect on entry to DGELS.

Intel MKL ERROR: Parameter 5 was incorrect on entry to DGELS.
Time to generate feat space: 3869.98 s
Projection time: 0.123455 s
Time to get best features on rank : 0.000115871 s
|---Complete final combination/selection from all ranks: 0.0185709 s
Time for SIS: 0.174624 s
Time for l0-norm: 0.020129 s
Projection time: 0.125962 s
Time to get best features on rank : 0.000115156 s
|---Complete final combination/selection from all ranks: 0.0176399 s
Time for SIS: 0.168128 s
Time for l0-norm: 0.0055089 s
Projection time: 0.126586 s
Time to get best features on rank : 0.000123978 s
|---Complete final combination/selection from all ranks: 0.0165508 s
Time for SIS: 0.168109 s
Time for l0-norm: 0.0102811 s
Projection time: 0.131604 s
Time to get best features on rank : 0.000314951 s
|---Complete final combination/selection from all ranks: 0.0159559 s
Time for SIS: 0.172429 s
Time for l0-norm: 0.166279 s
Projection time: 0.134138 s
Time to get best features on rank : 0.000359058 s
|---Complete final combination/selection from all ranks: 0.0149539 s
Time for SIS: 0.173905 s
Time for l0-norm: 13.2111 s
Train RMSE: 3.34294 K; Test RMSE: 3.57398 K
c0 + a0 * ((((mean_PE-1.627864e+00) / (wtd_mean_at_mass-1.557657e+01))+4.423042e-02) * (((lambda-1.298641e+01) / (wtd_mean_IP-2.789275e+00))+6.736632e-01))

Train RMSE: 2.23214 K; Test RMSE: 3.20229 K
c0 + a0 * ((((wtd_mean_PE-7.831237e-01) / (lambda3-4.781793e-02))+7.280194e+01) * (((wtd_std_at_mass-2.526334e+01) / (mean_IP-6.990972e+00))+1.783254e+01)) + a1 * ((((mean_PE-1.655168e+00) / (mean_at_mass-1.766785e+01))+4.023139e-02) * (((lambda-1.430312e+01) / (wtd_mean_IP-1.691437e+00))+9.538889e-01))

Train RMSE: 1.6567 K; Test RMSE: 4.8237 K
c0 + a0 * ((|wtd_range_PE - (-1.926642e+00*mean_PE+4.719162e+00)|-7.483081e-01) * (((std_at_mass+8.668133e+01) * (mean_IP-9.625390e+00))+3.335877e+02)) + a1 * ((((wtd_mean_PE-7.831237e-01) / (lambda3-4.781793e-02))+7.280194e+01) * (((wtd_std_at_mass-2.526334e+01) / (mean_IP-6.990972e+00))+1.783254e+01)) + a2 * ((|std_at_rad - (1.185539e+00*wtd_range_at_rad-4.179153e-02)|-4.692523e-02) * (((lambda-4.098554e+00) / (wtd_mean_at_mass-1.725239e+01))+1.917895e-02))

Train RMSE: 1.25987 K; Test RMSE: 4.02362 K
c0 + a0 * ((((range_IP+2.921410e+02) / (V_molar-2.973530e+01))+1.009539e+02) * (((V_molar+3.702315e+03) / (lambda4w_low+1.103830e+02))-7.696650e+00)) + a1 * ((((mean_PE-1.530895e+00) * (range_at_rad-8.029391e-02))+4.411634e-02) * ((cbrt(mean_PE-2.445482e+00))-1.111080e-01)) + a2 * ((((wtd_mean_PE-7.831237e-01) / (lambda3-4.781793e-02))+7.280194e+01) * (((wtd_std_at_mass-2.526334e+01) / (mean_IP-6.990972e+00))+1.783254e+01)) + a3 * ((|std_at_rad - (1.185539e+00*wtd_range_at_rad-4.179153e-02)|-4.692523e-02) * (((lambda-4.098554e+00) / (wtd_mean_at_mass-1.725239e+01))+1.917895e-02))

Train RMSE: 1.06895 K; Test RMSE: 4.01091 K
c0 + a0 * ((((wtd_mean_ThermalCond-4.981171e+01) / (V_molar-1.133371e+01))-8.522321e+01) * (|wtd_range_IP - (-2.031959e+00*mean_IP+3.562631e+01)|-4.726259e-01)) + a1 * ((((wtd_mean_at_rad-1.469229e+02) / (lambda4w_low+9.066497e+01))-6.876360e-01) * (((mean_ThermalCond+1.300832e+02) / (V_molar-2.884450e+01))+1.478154e+02)) + a2 * ((((mean_PE-1.530895e+00) * (range_at_rad-8.029391e-02))+4.411634e-02) * ((cbrt(mean_PE-2.445482e+00))-1.111080e-01)) + a3 * ((((wtd_mean_PE-7.831237e-01) / (lambda3-4.781793e-02))+7.280194e+01) * (((wtd_std_at_mass-2.526334e+01) / (mean_IP-6.990972e+00))+1.783254e+01)) + a4 * ((|std_at_rad - (1.185539e+00*wtd_range_at_rad-4.179153e-02)|-4.692523e-02) * (((lambda-4.098554e+00) / (wtd_mean_at_mass-1.725239e+01))+1.917895e-02))

