Commit: ac5ce3effde5dec1922a0476f389f7d8b9fd059a
Compiler: IntelLLVM version 2024.0.2
Compiler flags: -O3 -fp-model=precise -fiopenmp
time input_parsing: 0.0684369 s
Time to generate feat space: 7606.29 s
Projection time: 0.231491 s
Time to get best features on rank : 0.0024519 s
|---Complete final combination/selection from all ranks: 0.020159 s
Time for SIS: 0.308481 s
Time for l0-norm: 0.0177362 s
Projection time: 0.247668 s
Time to get best features on rank : 0.00328708 s
|---Complete final combination/selection from all ranks: 0.015697 s
Time for SIS: 0.313643 s
Time for l0-norm: 0.00823498 s
Projection time: 0.249883 s
Time to get best features on rank : 0.00264812 s
|---Complete final combination/selection from all ranks: 0.016912 s
Time for SIS: 0.317946 s
Time for l0-norm: 0.00792503 s
Projection time: 0.248569 s
Time to get best features on rank : 0.00276899 s
|---Complete final combination/selection from all ranks: 0.017432 s
Time for SIS: 0.317427 s
Time for l0-norm: 0.16691 s
Projection time: 0.250591 s
Time to get best features on rank : 0.002841 s
|---Complete final combination/selection from all ranks: 0.0161588 s
Time for SIS: 0.317741 s
Time for l0-norm: 13.2799 s
Train RMSE: 3.30781 K; Test RMSE: 8.76689 K
c0 + a0 * ((((lambda3+5.022621e+01) / (wtd_mean_at_mass-1.508518e+01))-8.401522e+00) * (((mean_IP-1.010692e+01) / (lambda4w_low+3.576989e+02))+2.415996e-03))

Train RMSE: 2.26374 K; Test RMSE: 74.995 K
c0 + a0 * (((wtd_mean_PE-1.194452e+03) / (wtd_mean_at_mass-1.001656e+02)) + 2.012112e+00*((wtd_std_PE-9.925209e-01) / (lambda3-4.836360e-02))) + a1 * ((((lambda-4.746170e+01) * (wtd_mean_IP-4.275245e+01))-1.520640e+03) * (((lambda3+6.182882e+00) / (wtd_mean_at_mass-1.495616e+01))-2.314137e+00))

Train RMSE: 1.71473 K; Test RMSE: 75.422 K
c0 + a0 * (((wtd_std_at_mass+6.073611e+02) * (mean_EA-6.830619e+00)) + 4.967716e+01*((wtd_std_at_rad-9.322162e-01) / (wtd_mean_at_rad-1.138755e+00))) + a1 * (((wtd_mean_PE-1.194452e+03) / (wtd_mean_at_mass-1.001656e+02)) + 2.012112e+00*((wtd_std_PE-9.925209e-01) / (lambda3-4.836360e-02))) + a2 * ((((lambda-4.746170e+01) * (wtd_mean_IP-4.275245e+01))-1.520640e+03) * (((lambda3+6.182882e+00) / (wtd_mean_at_mass-1.495616e+01))-2.314137e+00))

Train RMSE: 1.32255 K; Test RMSE: 52.0556 K
c0 + a0 * ((((wtd_std_at_mass-8.377726e+01) / (mean_IP-1.014887e+01))-1.035581e+02) * (((wtd_mean_PE+9.597675e+01) / (lambda3-3.413313e+00))+6.220203e+01)) + a1 * (((wtd_mean_EA + 2.075347e+00*wtd_std_at_rad)-1.660325e+00) * (((wtd_range_at_mass-1.537728e+01) / (wtd_mean_at_rad-1.169601e+00))+7.644192e+01)) + a2 * (((wtd_mean_PE-1.194452e+03) / (wtd_mean_at_mass-1.001656e+02)) + 2.012112e+00*((wtd_std_PE-9.925209e-01) / (lambda3-4.836360e-02))) + a3 * ((((wtd_mean_IP-1.498018e+01) * (lambda-9.677820e+00))-5.407396e+01) * (((lambda3+4.650432e+01) / (mean_at_mass-1.712005e+01))-6.841630e+00))

Train RMSE: 1.01787 K; Test RMSE: 15.9884 K
c0 + a0 * (((lambda3-7.833100e+00) * (std_at_mass+2.112217e+01)) + 2.548397e-01*((wtd_std_EA-1.204368e+05) / (wtd_mean_ThermalCond-1.066947e+02))) + a1 * ((((wtd_range_at_mass-1.236080e+01) / (density-7.908690e+00))+9.220379e+00) * (((w_log+1.423051e+02) / (wtd_mean_ThermalCond-2.795134e+01))+9.848204e+01)) + a2 * (((mean_ThermalCond+7.835925e+01) / (wtd_mean_at_rad-1.138343e+00)) + 1.348414e-02*(std_EA - (2.340735e+05*mean_EA))) + a3 * (((wtd_mean_PE-1.194452e+03) / (wtd_mean_at_mass-1.001656e+02)) + 2.012112e+00*((wtd_std_PE-9.925209e-01) / (lambda3-4.836360e-02))) + a4 * ((((wtd_mean_IP-9.897719e+00) * (lambda-3.989050e+00))-5.927035e+00) * (((range_ThermalCond-2.424998e+00) / (wtd_mean_at_mass-1.528238e+01))-5.714596e+00))

