Commit: ac5ce3effde5dec1922a0476f389f7d8b9fd059a
Compiler: IntelLLVM version 2024.0.2
Compiler flags: -O3 -fp-model=precise -fiopenmp
time input_parsing: 0.0564702 s
Time to generate feat space: 2.61359 s
Projection time: 0.0942428 s
Time to get best features on rank : 5.98431e-05 s
|---Complete final combination/selection from all ranks: 0.012223 s
Time for SIS: 0.112757 s
Time for l0-norm: 0.03111 s
Projection time: 0.00434303 s
Time to get best features on rank : 0.000989914 s
|---Complete final combination/selection from all ranks: 0.0090189 s
Time for SIS: 0.016016 s
Time for l0-norm: 0.007581 s
Projection time: 0.00636196 s
Time to get best features on rank : 5.79357e-05 s
|---Complete final combination/selection from all ranks: 0.049206 s
Time for SIS: 0.056963 s
Time for l0-norm: 0.00628996 s
Projection time: 0.00545287 s
Time to get best features on rank : 6.29425e-05 s
|---Complete final combination/selection from all ranks: 0.00778317 s
Time for SIS: 0.01455 s
Time for l0-norm: 0.165945 s
Projection time: 0.00748515 s
Time to get best features on rank : 6.19888e-05 s
|---Complete final combination/selection from all ranks: 0.00837994 s
Time for SIS: 0.0172679 s
Time for l0-norm: 13.2038 s
Train RMSE: 5.02804 K
c0 + a0 * (lambda * w_log)

Train RMSE: 3.81496 K
c0 + a0 * ((lambda-1.974315e-01) * (w_log+5.689319e+01)) + a1 * (w_log / mean_at_mass)

Train RMSE: 3.59111 K
c0 + a0 * (|range_EA - mean_EA|) + a1 * (w_log / wtd_mean_at_mass) + a2 * ((lambda-1.974315e-01) * (w_log+5.689319e+01))

Train RMSE: 3.32014 K
c0 + a0 * (wtd_mean_IP * density) + a1 * (|range_EA - mean_EA|) + a2 * ((lambda-1.974315e-01) * (w_log+5.689319e+01)) + a3 * (w_log / density)

Train RMSE: 2.96302 K
c0 + a0 * (mean_EA * V_molar) + a1 * ((range_at_mass-8.811541e+00) * (wtd_mean_IP-8.260615e+00)) + a2 * ((wtd_range_PE-4.330180e-01) * (wtd_std_EA-1.174194e-01)) + a3 * ((lambda-1.974315e-01) * (w_log+5.689319e+01)) + a4 * (w_log^2)

