Commit: ac5ce3effde5dec1922a0476f389f7d8b9fd059a
Compiler: IntelLLVM version 2024.0.2
Compiler flags: -O3 -fp-model=precise -fiopenmp
time input_parsing: 0.0699069 s
Time to generate feat space: 0.698704 s
Projection time: 0.101382 s
Time to get best features on rank : 0.0010848 s
|---Complete final combination/selection from all ranks: 0.0518961 s
Time for SIS: 0.155367 s
Time for l0-norm: 0.027416 s
Projection time: 0.00134683 s
Time to get best features on rank : 5.60284e-05 s
|---Complete final combination/selection from all ranks: 0.011579 s
Time for SIS: 0.0143411 s
Time for l0-norm: 0.00643992 s
Projection time: 0.00136209 s
Time to get best features on rank : 4.60148e-05 s
|---Complete final combination/selection from all ranks: 0.00855303 s
Time for SIS: 0.0109432 s
Time for l0-norm: 0.00578284 s
Projection time: 0.00557995 s
Time to get best features on rank : 8.08239e-05 s
|---Complete final combination/selection from all ranks: 0.00821686 s
Time for SIS: 0.015265 s
Time for l0-norm: 0.160698 s
Projection time: 0.00305605 s
Time to get best features on rank : 4.69685e-05 s
|---Complete final combination/selection from all ranks: 0.00822592 s
Time for SIS: 0.0123658 s
Time for l0-norm: 13.7422 s
Train RMSE: 4.63881 K; Test RMSE: 8.45681 K
c0 + a0 * (w_log / wtd_mean_at_mass)

Train RMSE: 3.81397 K; Test RMSE: 6.35236 K
c0 + a0 * (exp(-1.0 * lambda)) + a1 * (w_log / mean_at_mass)

Train RMSE: 3.55891 K; Test RMSE: 6.6104 K
c0 + a0 * (wtd_mean_IP + 3.052392e-02*wtd_mean_at_mass) + a1 * (exp(-1.0 * lambda)) + a2 * (w_log / density)

Train RMSE: 3.14275 K; Test RMSE: 7.85065 K
c0 + a0 * (|range_EA - mean_EA|) + a1 * (wtd_mean_IP * density) + a2 * (exp(-1.0 * lambda)) + a3 * (w_log / density)

Train RMSE: 2.97287 K; Test RMSE: 4.76116 K
c0 + a0 * (range_EA - wtd_mean_EA) + a1 * (std_at_rad * density) + a2 * (range_at_rad * density) + a3 * (exp(-1.0 * lambda)) + a4 * (w_log / wtd_mean_at_mass)

