Commit: ac5ce3effde5dec1922a0476f389f7d8b9fd059a
Compiler: IntelLLVM version 2024.0.2
Compiler flags: -O3 -fp-model=precise -fiopenmp
time input_parsing: 0.0603521 s
Time to generate feat space: 1.04767 s
Projection time: 0.110676 s
Time to get best features on rank : 0.000148058 s
|---Complete final combination/selection from all ranks: 0.0119879 s
Time for SIS: 0.1289 s
Time for l0-norm: 0.0307131 s
Projection time: 0.00299907 s
Time to get best features on rank : 5.19753e-05 s
|---Complete final combination/selection from all ranks: 0.00866389 s
Time for SIS: 0.012887 s
Time for l0-norm: 0.00517416 s
Projection time: 0.00538492 s
Time to get best features on rank : 4.60148e-05 s
|---Complete final combination/selection from all ranks: 0.041321 s
Time for SIS: 0.04778 s
Time for l0-norm: 0.00623608 s
Projection time: 0.00517011 s
Time to get best features on rank : 4.98295e-05 s
|---Complete final combination/selection from all ranks: 0.00818801 s
Time for SIS: 0.014384 s
Time for l0-norm: 0.160636 s
Projection time: 0.00579405 s
Time to get best features on rank : 6.19888e-05 s
|---Complete final combination/selection from all ranks: 0.00910997 s
Time for SIS: 0.0160751 s
Time for l0-norm: 13.0053 s
Train RMSE: 5.20127 K; Test RMSE: 2.66418 K
c0 + a0 * (lambda * w_log)

Train RMSE: 4.00285 K; Test RMSE: 3.12929 K
c0 + a0 * cbrt(lambda) + a1 * (w_log / wtd_mean_at_mass)

Train RMSE: 3.64721 K; Test RMSE: 3.73445 K
c0 + a0 * (wtd_mean_EA * wtd_range_at_mass) + a1 * cbrt(lambda) + a2 * (w_log / wtd_mean_at_mass)

Train RMSE: 3.36386 K; Test RMSE: 2.6807 K
c0 + a0 * (range_at_rad * wtd_mean_at_mass) + a1 * (|std_EA - wtd_mean_EA|) + a2 * cbrt(lambda) + a3 * (w_log / wtd_mean_at_mass)

Train RMSE: 2.96535 K; Test RMSE: 3.417 K
c0 + a0 * (mean_EA / wtd_mean_at_mass) + a1 * (std_at_rad - (5.557718e-01*range_at_rad)) + a2 * (|wtd_std_EA - wtd_mean_EA|) + a3 * cbrt(lambda) + a4 * (w_log / wtd_mean_at_mass)

