Commit: ac5ce3effde5dec1922a0476f389f7d8b9fd059a
Compiler: IntelLLVM version 2024.0.2
Compiler flags: -O3 -fp-model=precise -fiopenmp
time input_parsing: 0.0565898 s
Time to generate feat space: 1015.25 s
Projection time: 0.085248 s
Time to get best features on rank : 0.000592947 s
|---Complete final combination/selection from all ranks: 0.0181019 s
Time for SIS: 0.124039 s
Time for l0-norm: 0.018681 s
Projection time: 0.0795541 s
Time to get best features on rank : 0.000411034 s
|---Complete final combination/selection from all ranks: 0.0159111 s
Time for SIS: 0.1089 s
Time for l0-norm: 0.00842786 s
Projection time: 0.080909 s
Time to get best features on rank : 0.000987053 s
|---Complete final combination/selection from all ranks: 0.015857 s
Time for SIS: 0.110665 s
Time for l0-norm: 0.00979018 s
Projection time: 0.080199 s
Time to get best features on rank : 0.000658989 s
|---Complete final combination/selection from all ranks: 0.0169182 s
Time for SIS: 0.1111 s
Time for l0-norm: 0.167058 s
Projection time: 0.0841429 s
Time to get best features on rank : 0.000692129 s
|---Complete final combination/selection from all ranks: 0.0159409 s
Time for SIS: 0.113897 s
Time for l0-norm: 13.2745 s
Train RMSE: 3.46535 K; Test RMSE: 2.81687 K
c0 + a0 * (((lambda-1.678014e+01) / (mean_IP+1.818957e+00)) - (1.804939e+01*((std_EA-2.397574e-01) / (mean_at_mass-1.693216e+01))))

Train RMSE: 2.51597 K; Test RMSE: 2.33629 K
c0 + a0 * (((wtd_mean_IP+2.468839e-01) / (lambda3-4.769851e-02)) - (6.007697e+01*((wtd_range_IP-5.556680e+00) / (mean_IP-7.070347e+00)))) + a1 * (((lambda-4.207973e+01) / (mean_IP+2.063917e+01)) - (4.587810e+00*((wtd_std_EA-1.424069e-01) / (mean_at_mass-1.743899e+01))))

Train RMSE: 1.96432 K; Test RMSE: 2.82659 K
c0 + a0 * (((wtd_mean_at_rad+1.073005e+02) / (wtd_mean_PE-2.412040e+00)) - (1.267557e+01*((std_at_rad-6.001889e-01) * (range_at_mass+1.191762e+02)))) + a1 * (((wtd_mean_IP+2.468839e-01) / (lambda3-4.769851e-02)) - (6.007697e+01*((wtd_range_IP-5.556680e+00) / (mean_IP-7.070347e+00)))) + a2 * (((mean_IP+1.900337e-01) * (lambda+7.063036e+00)) - (3.351213e+02*((mean_PE-1.173941e+00) / (wtd_mean_at_mass-1.630677e+01))))

Train RMSE: 1.57803 K; Test RMSE: 38.1712 K
c0 + a0 * (((std_IP-5.677963e+00) / (wtd_mean_at_rad-1.142521e+00)) - (1.189669e-01*((range_at_mass+2.808954e+02) / (lambda4w_low-6.169629e-02)))) + a1 * (((w_log+4.553706e+01) / (lambda3-4.770465e-02)) - (1.652971e+01*((wtd_range_at_mass-6.229276e+01) / (wtd_mean_IP-7.210926e+00)))) + a2 * (((density+1.021125e+02) / (L_avg-8.933892e+00)) - (1.628670e-04*((std_at_mass-2.333908e+06) / (wtd_mean_at_mass-1.000015e+02)))) + a3 * (((mean_IP+4.201881e+00) * (lambda+1.433746e+01)) - (3.058425e-01*((wtd_range_ThermalCond-1.182061e+02) / (density-2.576153e+00))))

Train RMSE: 1.17239 K; Test RMSE: 42.0197 K
c0 + a0 * (((std_ThermalCond-7.574555e+02) * (L_avg+8.863991e+00)) - (1.164794e+01*((wtd_range_ThermalCond-2.150853e+01) / (density-7.580067e+00)))) + a1 * (((std_IP-5.677963e+00) / (wtd_mean_at_rad-1.142521e+00)) - (1.189669e-01*((range_at_mass+2.808954e+02) / (lambda4w_low-6.169629e-02)))) + a2 * (((wtd_range_IP-2.330740e+02) / (wtd_mean_at_mass-1.000071e+02)) - (6.366957e+00*|std_ThermalCond - (4.587932e-01*range_ThermalCond-4.046345e+01)|)) + a3 * (((wtd_mean_IP-9.635742e-01) / (lambda3-4.781465e-02)) - (3.265128e+00*((wtd_range_ThermalCond-4.389336e+01) / (wtd_mean_IP-7.196206e+00)))) + a4 * (((mean_IP+4.201881e+00) * (lambda+1.433746e+01)) - (3.058425e-01*((wtd_range_ThermalCond-1.182061e+02) / (density-2.576153e+00))))

