Commit: ac5ce3effde5dec1922a0476f389f7d8b9fd059a
Compiler: IntelLLVM version 2024.0.2
Compiler flags: -O3 -fp-model=precise -fiopenmp
time input_parsing: 0.0663168 s
Time to generate feat space: 12987.3 s
Projection time: 0.382857 s
Time to get best features on rank : 0.0130861 s
|---Complete final combination/selection from all ranks: 0.021857 s
Time for SIS: 0.517678 s
Time for l0-norm: 0.0350661 s
Projection time: 0.626955 s
Time to get best features on rank : 0.010427 s
|---Complete final combination/selection from all ranks: 0.0156221 s
Time for SIS: 0.733624 s
Time for l0-norm: 0.00370598 s
Projection time: 0.43307 s
Time to get best features on rank : 0.00108004 s
|---Complete final combination/selection from all ranks: 0.0163078 s
Time for SIS: 0.543958 s
Time for l0-norm: 0.011477 s
Projection time: 0.42791 s
Time to get best features on rank : 0.00113416 s
|---Complete final combination/selection from all ranks: 0.0166349 s
Time for SIS: 0.538581 s
Time for l0-norm: 0.16394 s
Projection time: 0.427766 s
Time to get best features on rank : 0.000537872 s
|---Complete final combination/selection from all ranks: 0.0170441 s
Time for SIS: 0.539647 s
Time for l0-norm: 12.9508 s
Train RMSE: 2.80569 K; Test RMSE: 14.9486 K
c0 + a0 * ((|range_EA - (8.813636e-01*mean_EA+5.342032e-01)|+4.054049e-02) * ((wtd_mean_IP + 8.357146e-01*lambda)-7.431141e+00))

Train RMSE: 1.89079 K; Test RMSE: 14.9944 K
c0 + a0 * (((range_ThermalCond-1.015360e+02) / (lambda3-4.693258e-02)) - (8.199116e+02*((wtd_mean_EA+6.863007e+02) / (wtd_mean_at_mass-1.002493e+02)))) + a1 * ((|range_EA - (8.813636e-01*mean_EA+5.342032e-01)|+4.054049e-02) * ((wtd_mean_IP + 8.357146e-01*lambda)-7.431141e+00))

Train RMSE: 1.45343 K; Test RMSE: 4.50902 K
c0 + a0 * (((bulk_mod+1.757400e+02) / (wtd_mean_at_mass-9.979544e+01)) + 1.273966e-01*((range_ThermalCond-1.753228e+01) / (mean_at_rad-1.128324e+00))) + a1 * ((((wtd_range_at_mass+1.561745e+01) / (wtd_mean_ThermalCond-7.652936e+01))+2.352733e+00) * (((std_ThermalCond-1.468344e+02) / (wtd_mean_ThermalCond-1.055399e+02))-1.231024e+00)) + a2 * ((|range_EA - (8.813636e-01*mean_EA+5.342032e-01)|+4.054049e-02) * ((wtd_mean_IP + 8.357146e-01*lambda)-7.431141e+00))

Train RMSE: 1.08284 K; Test RMSE: 13.6159 K
c0 + a0 * ((mean_ThermalCond * wtd_std_PE) / (std_IP - (1.012529e-02*w_log))) + a1 * ((|std_at_rad - (-1.143270e+01*L_avg+6.424192e+01)|-1.567995e+01) * (((wtd_std_EA-5.103982e-01) * (wtd_range_PE+1.286353e-01))+3.533824e-02)) + a2 * (((wtd_mean_at_rad-2.614744e+01) / (lambda3-4.765983e-02)) + 4.826452e-02*((wtd_mean_IP-7.379828e+05) / (wtd_mean_at_mass-1.001786e+02))) + a3 * ((|range_EA - (8.813636e-01*mean_EA+5.342032e-01)|+4.054049e-02) * ((wtd_mean_IP + 8.357146e-01*lambda)-7.431141e+00))

Train RMSE: 0.837387 K; Test RMSE: 13.3002 K
c0 + a0 * ((range_at_mass - (5.794802e-01*V_molar)) - (5.494752e+00*((range_EA-3.735193e-01) / (mean_at_rad-1.191762e+00)))) + a1 * ((wtd_mean_ThermalCond * wtd_std_PE) / (std_IP - (1.012529e-02*w_log))) + a2 * ((|std_at_rad - (-1.143270e+01*L_avg+6.424192e+01)|-1.567995e+01) * (((wtd_std_EA-5.103982e-01) * (wtd_range_PE+1.286353e-01))+3.533824e-02)) + a3 * (((wtd_mean_at_rad-2.614744e+01) / (lambda3-4.765983e-02)) + 4.826452e-02*((wtd_mean_IP-7.379828e+05) / (wtd_mean_at_mass-1.001786e+02))) + a4 * ((|range_EA - (8.813636e-01*mean_EA+5.342032e-01)|+4.054049e-02) * ((wtd_mean_IP + 8.357146e-01*lambda)-7.431141e+00))

