Commit: ac5ce3effde5dec1922a0476f389f7d8b9fd059a
Compiler: IntelLLVM version 2024.0.2
Compiler flags: -O3 -fp-model=precise -fiopenmp
time input_parsing: 0.0579979 s
Time to generate feat space: 2.47913 s
Projection time: 0.110718 s
Time to get best features on rank : 0.000261068 s
|---Complete final combination/selection from all ranks: 0.0129268 s
Time for SIS: 0.129836 s
Time for l0-norm: 0.02964 s
Projection time: 0.00267696 s
Time to get best features on rank : 5.50747e-05 s
|---Complete final combination/selection from all ranks: 0.00900006 s
Time for SIS: 0.0130682 s
Time for l0-norm: 0.00824904 s
Projection time: 0.00463796 s
Time to get best features on rank : 0.000750065 s
|---Complete final combination/selection from all ranks: 0.00786591 s
Time for SIS: 0.0144958 s
Time for l0-norm: 0.004879 s
Projection time: 0.00753999 s
Time to get best features on rank : 6.10352e-05 s
|---Complete final combination/selection from all ranks: 0.049572 s
Time for SIS: 0.058511 s
Time for l0-norm: 0.163891 s
Projection time: 0.00760794 s
Time to get best features on rank : 6.00815e-05 s
|---Complete final combination/selection from all ranks: 0.00870109 s
Time for SIS: 0.0176489 s
Time for l0-norm: 13.5028 s
Train RMSE: 5.20127 K; Test RMSE: 2.66418 K
c0 + a0 * (lambda * w_log)

Train RMSE: 3.93542 K; Test RMSE: 2.33399 K
c0 + a0 * (w_log / wtd_mean_at_mass) + a1 * ((lambda-1.778162e-01) * (w_log+5.895501e+01))

Train RMSE: 3.60888 K; Test RMSE: 3.59825 K
c0 + a0 * (|range_EA - mean_EA|) + a1 * (w_log / wtd_mean_at_mass) + a2 * ((lambda-1.778162e-01) * (w_log+5.895501e+01))

Train RMSE: 3.30594 K; Test RMSE: 3.78293 K
c0 + a0 * ((mean_IP-7.411487e+00) * (wtd_std_ThermalCond+2.695429e+01)) + a1 * ((V_molar-4.060444e+01) * (wtd_range_at_rad+6.302901e-02)) + a2 * ((lambda-1.778162e-01) * (w_log+5.895501e+01)) + a3 * (w_log^2)

Train RMSE: 2.80669 K; Test RMSE: 4.60952 K
c0 + a0 * (wtd_std_EA * wtd_range_IP) + a1 * ((mean_IP-7.387751e+00) * (std_ThermalCond+2.877597e+01)) + a2 * (wtd_mean_EA + 1.103153e-01*V_molar) + a3 * ((lambda-1.778162e-01) * (w_log+5.895501e+01)) + a4 * (w_log^2)

