Commit: ac5ce3effde5dec1922a0476f389f7d8b9fd059a
Compiler: IntelLLVM version 2024.0.2
Compiler flags: -O3 -fp-model=precise -fiopenmp
time input_parsing: 0.0621841 s
Time to generate feat space: 7629.46 s
Projection time: 0.238009 s
Time to get best features on rank : 0.00139618 s
|---Complete final combination/selection from all ranks: 0.0199139 s
Time for SIS: 0.312697 s
Time for l0-norm: 0.018461 s
Projection time: 0.262749 s
Time to get best features on rank : 0.00286007 s
|---Complete final combination/selection from all ranks: 0.0165319 s
Time for SIS: 0.331633 s
Time for l0-norm: 0.00770116 s
Projection time: 0.262769 s
Time to get best features on rank : 0.00264001 s
|---Complete final combination/selection from all ranks: 0.0169699 s
Time for SIS: 0.332043 s
Time for l0-norm: 0.006603 s
Projection time: 0.261069 s
Time to get best features on rank : 0.00361991 s
|---Complete final combination/selection from all ranks: 0.0161822 s
Time for SIS: 0.330283 s
Time for l0-norm: 0.166361 s
Projection time: 0.260035 s
Time to get best features on rank : 0.00011611 s
|---Complete final combination/selection from all ranks: 0.015173 s
Time for SIS: 0.328231 s
Time for l0-norm: 13.4415 s
Train RMSE: 3.28398 K; Test RMSE: 3.56 K
c0 + a0 * (((wtd_mean_IP-1.448789e+00) * (lambda+7.988651e+00)) - (3.808897e-01*((L_avg-2.570127e+00) / (mean_at_rad-1.126964e+00))))

Train RMSE: 2.23214 K; Test RMSE: 3.20229 K
c0 + a0 * ((((wtd_mean_PE-7.831237e-01) / (lambda3-4.781793e-02))+7.280194e+01) * (((wtd_std_at_mass-2.526334e+01) / (mean_IP-6.990972e+00))+1.783254e+01)) + a1 * ((((mean_PE-1.655168e+00) / (mean_at_mass-1.766785e+01))+4.023139e-02) * (((lambda-1.430312e+01) / (wtd_mean_IP-1.691437e+00))+9.538889e-01))

Train RMSE: 1.6567 K; Test RMSE: 4.8237 K
c0 + a0 * ((|wtd_range_PE - (-1.926642e+00*mean_PE+4.719162e+00)|-7.483081e-01) * (((std_at_mass+8.668133e+01) * (mean_IP-9.625390e+00))+3.335877e+02)) + a1 * ((((wtd_mean_PE-7.831237e-01) / (lambda3-4.781793e-02))+7.280194e+01) * (((wtd_std_at_mass-2.526334e+01) / (mean_IP-6.990972e+00))+1.783254e+01)) + a2 * ((|std_at_rad - (1.185539e+00*wtd_range_at_rad-4.179153e-02)|-4.692523e-02) * (((lambda-4.098554e+00) / (wtd_mean_at_mass-1.725239e+01))+1.917895e-02))

Train RMSE: 1.25987 K; Test RMSE: 4.02362 K
c0 + a0 * ((((range_IP+2.921410e+02) / (V_molar-2.973530e+01))+1.009539e+02) * (((V_molar+3.702315e+03) / (lambda4w_low+1.103830e+02))-7.696650e+00)) + a1 * ((((mean_PE-1.530895e+00) * (range_at_rad-8.029391e-02))+4.411634e-02) * ((cbrt(mean_PE-2.445482e+00))-1.111080e-01)) + a2 * ((((wtd_mean_PE-7.831237e-01) / (lambda3-4.781793e-02))+7.280194e+01) * (((wtd_std_at_mass-2.526334e+01) / (mean_IP-6.990972e+00))+1.783254e+01)) + a3 * ((|std_at_rad - (1.185539e+00*wtd_range_at_rad-4.179153e-02)|-4.692523e-02) * (((lambda-4.098554e+00) / (wtd_mean_at_mass-1.725239e+01))+1.917895e-02))

Train RMSE: 1.02102 K; Test RMSE: 3.70053 K
c0 + a0 * (((sin(5.030156e+01*std_PE-1.690179e+00))+3.247640e-01) * (((mean_PE-2.307396e+00) * (wtd_std_at_mass+2.698649e+01))+3.592612e+01)) + a1 * ((((range_ThermalCond+2.339529e+02) / (V_molar-2.927887e+01))+2.307896e+02) * (((wtd_range_PE+8.902223e+01) / (lambda4w_low+9.531565e+01))+1.613024e-01)) + a2 * (((std_at_rad+2.890437e-01) * (wtd_mean_IP-5.807058e+00)) - (3.847067e-01*((mean_EA-1.205819e+00) / (mean_PE-2.522272e+00)))) + a3 * ((((wtd_mean_PE-7.831237e-01) / (lambda3-4.781793e-02))+7.280194e+01) * (((wtd_std_at_mass-2.526334e+01) / (mean_IP-6.990972e+00))+1.783254e+01)) + a4 * ((|std_at_rad - (1.185539e+00*wtd_range_at_rad-4.179153e-02)|-4.692523e-02) * (((lambda-4.098554e+00) / (wtd_mean_at_mass-1.725239e+01))+1.917895e-02))

