Commit: ac5ce3effde5dec1922a0476f389f7d8b9fd059a
Compiler: IntelLLVM version 2024.0.2
Compiler flags: -O3 -fp-model=precise -fiopenmp
time input_parsing: 0.0537012 s
Time to generate feat space: 7723.67 s
Projection time: 0.243543 s
Time to get best features on rank : 0.00521493 s
|---Complete final combination/selection from all ranks: 0.0197201 s
Time for SIS: 0.322012 s
Time for l0-norm: 0.0193779 s
Projection time: 0.266196 s
Time to get best features on rank : 0.00508094 s
|---Complete final combination/selection from all ranks: 0.0150812 s
Time for SIS: 0.334445 s
Time for l0-norm: 0.00721908 s
Projection time: 0.271443 s
Time to get best features on rank : 0.00618196 s
|---Complete final combination/selection from all ranks: 0.016161 s
Time for SIS: 0.341183 s
Time for l0-norm: 0.00776601 s
Projection time: 0.266056 s
Time to get best features on rank : 0.00514293 s
|---Complete final combination/selection from all ranks: 0.0157371 s
Time for SIS: 0.335378 s
Time for l0-norm: 0.165329 s
Projection time: 0.269729 s
Time to get best features on rank : 0.00554609 s
|---Complete final combination/selection from all ranks: 0.0148621 s
Time for SIS: 0.337857 s
Time for l0-norm: 13.2193 s
Train RMSE: 2.74206 K; Test RMSE: 6.54635 K
c0 + a0 * (((lambda+8.172698e+01) * (wtd_mean_IP+6.800878e+01)) + 1.615448e-01*((wtd_mean_at_mass-3.788496e+01) / (mean_at_rad-1.126802e+00)))

Train RMSE: 1.86609 K; Test RMSE: 6.81213 K
c0 + a0 * (((V_molar-1.040635e+02) / (mean_PE-2.394598e+00)) + 6.255973e-02*((range_ThermalCond+1.615063e+03) / (mean_IP-8.378919e+00))) + a1 * ((((mean_PE-1.764867e+00) / (wtd_mean_at_mass-1.493987e+01))+6.084472e-02) * (((lambda-1.403642e+01) / (mean_IP+4.098343e-01))+6.907916e-01))

Train RMSE: 1.34847 K; Test RMSE: 6.80108 K
c0 + a0 * ((((lambda4w_low-8.264865e+00) / (lambda3+7.149012e-01))+1.747772e+01) * (((std_at_rad+5.138027e-01) * (wtd_range_at_mass+1.106295e+02))-4.122158e+01)) + a1 * (((lambda+6.259602e+01) / (wtd_mean_at_rad-1.284188e+00)) + 2.093150e+00*((mean_ThermalCond+8.604856e+02) / (wtd_mean_PE-2.404995e+00))) + a2 * (((mean_IP + 1.077877e+00*lambda)-1.028627e+01) * (((wtd_range_ThermalCond-9.756368e+01) / (density-2.598362e+00))+5.834837e+01))

Train RMSE: 1.04318 K; Test RMSE: 6.78598 K
c0 + a0 * (((sin(3.478511e+01*wtd_range_PE+2.517574e-01))-8.640743e-02) * (((range_at_rad-3.274341e-01) * (range_EA+7.134835e+00))-2.138713e+00)) + a1 * ((wtd_range_at_mass * w_log) * sqrt(lambda4w_low)) + a2 * (((V_molar-1.004197e+02) / (lambda4w_low-4.709919e+00)) + 3.033525e-01*((range_ThermalCond-1.127434e+02) / (wtd_mean_PE-2.398421e+00))) + a3 * (((mean_IP + 1.077877e+00*lambda)-1.028627e+01) * (((wtd_range_ThermalCond-9.756368e+01) / (density-2.598362e+00))+5.834837e+01))

Train RMSE: 0.789164 K; Test RMSE: 6.66006 K
c0 + a0 * ((sin(5.432308e+01*wtd_std_PE+7.219918e-01)) + 6.126554e+00*((mean_EA-8.030379e-01) * (std_at_rad-2.686880e-01))) + a1 * (((sin(3.468394e+01*wtd_range_PE+2.432311e-01))-2.332983e-01) * (((wtd_range_PE+1.663847e+00) * (wtd_std_at_rad-8.374145e-02))-4.125112e-01)) + a2 * ((wtd_range_at_mass * lambda4w_low) / (wtd_range_at_rad + 9.739583e-01*lambda3)) + a3 * (((V_molar+1.017773e+02) / (wtd_mean_PE-2.391939e+00)) + 3.173295e-04*((std_PE+9.668140e+03) / (lambda3-4.759253e-02))) + a4 * (((mean_IP + 1.077877e+00*lambda)-1.028627e+01) * (((wtd_range_ThermalCond-9.756368e+01) / (density-2.598362e+00))+5.834837e+01))

