Commit: ac5ce3effde5dec1922a0476f389f7d8b9fd059a
Compiler: IntelLLVM version 2024.0.2
Compiler flags: -O3 -fp-model=precise -fiopenmp
time input_parsing: 0.064131 s
Time to generate feat space: 0.76637 s
Projection time: 0.133647 s
Time to get best features on rank : 0.00033617 s
|---Complete final combination/selection from all ranks: 0.0614901 s
Time for SIS: 0.197936 s
Time for l0-norm: 0.0294731 s
Projection time: 0.0013988 s
Time to get best features on rank : 5.79357e-05 s
|---Complete final combination/selection from all ranks: 0.00826097 s
Time for SIS: 0.0110109 s
Time for l0-norm: 0.00469685 s
Projection time: 0.00383186 s
Time to get best features on rank : 4.41074e-05 s
|---Complete final combination/selection from all ranks: 0.00785398 s
Time for SIS: 0.0127349 s
Time for l0-norm: 0.00726509 s
Projection time: 0.00337005 s
Time to get best features on rank : 5.29289e-05 s
|---Complete final combination/selection from all ranks: 0.00858212 s
Time for SIS: 0.013355 s
Time for l0-norm: 0.162623 s
Projection time: 0.00534797 s
Time to get best features on rank : 0.000156879 s
|---Complete final combination/selection from all ranks: 0.00806499 s
Time for SIS: 0.014643 s
Time for l0-norm: 13.0276 s
Train RMSE: 3.47424 K; Test RMSE: 14.1381 K
c0 + a0 * (mean_IP + 7.141148e-01*lambda)

Train RMSE: 3.15005 K; Test RMSE: 15.1263 K
c0 + a0 * (|std_EA - mean_EA|) + a1 * (wtd_mean_IP + 7.115646e-01*lambda)

Train RMSE: 2.92047 K; Test RMSE: 14.4505 K
c0 + a0 * (wtd_range_PE * wtd_std_EA) + a1 * (mean_EA + 5.868188e-01*wtd_mean_IP) + a2 * cbrt(lambda4w_low)

Train RMSE: 2.6686 K; Test RMSE: 15.3237 K
c0 + a0 * (mean_EA / mean_PE) + a1 * (wtd_range_PE * wtd_std_EA) + a2 * (|wtd_range_IP - range_IP|) + a3 * (wtd_mean_IP + 7.115646e-01*lambda)

Train RMSE: 2.5186 K; Test RMSE: 15.5628 K
c0 + a0 * (mean_EA * wtd_std_at_rad) + a1 * (wtd_range_PE * mean_EA) + a2 * (wtd_range_PE * wtd_std_EA) + a3 * cos(lambda) + a4 * (wtd_mean_IP + 7.115646e-01*lambda)

