Commit: ac5ce3effde5dec1922a0476f389f7d8b9fd059a
Compiler: IntelLLVM version 2024.0.2
Compiler flags: -O3 -fp-model=precise -fiopenmp
time input_parsing: 0.0882289 s
Time to generate feat space: 0.938729 s
Projection time: 0.034508 s
Time to get best features on rank : 7.10487e-05 s
|---Complete final combination/selection from all ranks: 0.0163312 s
Time for SIS: 0.0606139 s
Time for l0-norm: 0.0196018 s
Projection time: 0.027061 s
Time to get best features on rank : 0.000824928 s
|---Complete final combination/selection from all ranks: 0.015295 s
Time for SIS: 0.0479119 s
Time for l0-norm: 0.00619912 s
Projection time: 0.0264361 s
Time to get best features on rank : 7.39098e-05 s
|---Complete final combination/selection from all ranks: 0.0138688 s
Time for SIS: 0.0451241 s
Time for l0-norm: 0.00781178 s
Projection time: 0.0401659 s
Time to get best features on rank : 6.69956e-05 s
|---Complete final combination/selection from all ranks: 0.012944 s
Time for SIS: 0.0580029 s
Time for l0-norm: 0.163148 s
Projection time: 0.0259221 s
Time to get best features on rank : 7.60555e-05 s
|---Complete final combination/selection from all ranks: 0.013504 s
Time for SIS: 0.044241 s
Time for l0-norm: 13.9954 s
Train RMSE: 3.68434 K; Test RMSE: 12.9359 K
c0 + a0 * ((lambda4w_low * lambda) / (|std_PE - lambda3|))

Train RMSE: 3.07525 K; Test RMSE: 12.2113 K
c0 + a0 * ((range_EA * lambda) / (exp(8.187443e+00*range_EA))) + a1 * ((lambda4w_low * lambda) / (|std_PE - lambda3|))

Train RMSE: 2.45103 K; Test RMSE: 17.9523 K
c0 + a0 * ((range_IP / lambda) / (|wtd_range_PE - lambda3|)) + a1 * ((range_EA * lambda) / (exp(8.187443e+00*range_EA))) + a2 * ((lambda4w_low * lambda) / (|std_PE - lambda3|))

Train RMSE: 1.92735 K; Test RMSE: inf K
c0 + a0 * (cos(lambda) / (|range_EA - wtd_mean_EA|)) + a1 * ((|range_EA - wtd_std_IP|) / (wtd_range_PE + lambda3)) + a2 * ((range_EA * lambda) / (exp(8.187443e+00*range_EA))) + a3 * ((lambda4w_low * lambda) / (|std_PE - lambda3|))

Train RMSE: 1.68491 K; Test RMSE: inf K
c0 + a0 * (|(std_IP / wtd_mean_IP) - (std_PE^3)|) + a1 * (cos(lambda) / (|range_EA - wtd_mean_EA|)) + a2 * ((range_EA - wtd_std_IP) / (wtd_range_PE + lambda3)) + a3 * ((range_EA * lambda) / (exp(8.187443e+00*range_EA))) + a4 * ((lambda4w_low * lambda) / (|std_PE - lambda3|))

