Commit: ac5ce3effde5dec1922a0476f389f7d8b9fd059a
Compiler: IntelLLVM version 2024.0.2
Compiler flags: -O3 -fp-model=precise -fiopenmp
time input_parsing: 0.074527 s
Time to generate feat space: 2969.83 s
Projection time: 0.154967 s
Time to get best features on rank : 0.00180006 s
|---Complete final combination/selection from all ranks: 0.0191541 s
Time for SIS: 0.20966 s
Time for l0-norm: 0.0181949 s
Projection time: 0.166281 s
Time to get best features on rank : 0.0014019 s
|---Complete final combination/selection from all ranks: 0.016773 s
Time for SIS: 0.213798 s
Time for l0-norm: 0.0082171 s
Projection time: 0.169738 s
Time to get best features on rank : 0.00181293 s
|---Complete final combination/selection from all ranks: 0.015131 s
Time for SIS: 0.215973 s
Time for l0-norm: 0.00666809 s
Projection time: 0.168377 s
Time to get best features on rank : 0.00214195 s
|---Complete final combination/selection from all ranks: 0.0571551 s
Time for SIS: 0.256905 s
Time for l0-norm: 0.167178 s
Projection time: 0.165905 s
Time to get best features on rank : 0.00123906 s
|---Complete final combination/selection from all ranks: 0.0175159 s
Time for SIS: 0.214512 s
Time for l0-norm: 13.2409 s
Train RMSE: 3.43733 K; Test RMSE: 6.31804 K
c0 + a0 * ((mean_IP + 8.830089e-01*lambda) - (8.490850e-01*((wtd_std_EA-3.047194e-01) / (wtd_mean_at_rad-1.023024e+00))))

Train RMSE: 2.49656 K; Test RMSE: 7.59242 K
c0 + a0 * (((wtd_range_at_mass-5.637284e+01) / (wtd_mean_IP-8.355256e+00)) + 6.217082e-03*((mean_EA+8.613590e+04) / (wtd_mean_at_mass-1.000265e+02))) + a1 * ((mean_IP + 8.830089e-01*lambda) - (8.490850e-01*((wtd_std_EA-3.047194e-01) / (wtd_mean_at_rad-1.023024e+00))))

Train RMSE: 1.94741 K; Test RMSE: 7.66788 K
c0 + a0 * (((std_at_rad+1.121694e+02) / (bulk_mod-8.075037e+01)) + 2.449742e+00*((bulk_mod-2.212984e+01) / (L_avg-7.306999e+00))) + a1 * (((wtd_range_at_mass-5.637284e+01) / (wtd_mean_IP-8.355256e+00)) + 6.217082e-03*((mean_EA+8.613590e+04) / (wtd_mean_at_mass-1.000265e+02))) + a2 * ((mean_IP + 8.830089e-01*lambda) - (8.490850e-01*((wtd_std_EA-3.047194e-01) / (wtd_mean_at_rad-1.023024e+00))))

Train RMSE: 1.47937 K; Test RMSE: 7.76243 K
c0 + a0 * ((lambda * w_log) / (wtd_range_at_rad - (3.207687e-02*V_molar))) + a1 * (((std_at_rad+1.121694e+02) / (bulk_mod-8.075037e+01)) + 2.449742e+00*((bulk_mod-2.212984e+01) / (L_avg-7.306999e+00))) + a2 * (((wtd_range_at_mass-5.637284e+01) / (wtd_mean_IP-8.355256e+00)) + 6.217082e-03*((mean_EA+8.613590e+04) / (wtd_mean_at_mass-1.000265e+02))) + a3 * ((mean_IP + 8.830089e-01*lambda) - (8.490850e-01*((wtd_std_EA-3.047194e-01) / (wtd_mean_at_rad-1.023024e+00))))

Train RMSE: 1.21856 K; Test RMSE: 7.8681 K
c0 + a0 * ((wtd_range_ThermalCond + 2.328506e+01*std_IP) + 9.825701e+01*(sin(2.189613e+02*std_PE+5.152774e-02))) + a1 * ((lambda * bulk_mod) / (wtd_range_at_rad - (3.207687e-02*V_molar))) + a2 * (((std_at_rad+1.121694e+02) / (bulk_mod-8.075037e+01)) + 2.449742e+00*((bulk_mod-2.212984e+01) / (L_avg-7.306999e+00))) + a3 * (((wtd_range_at_mass-5.637284e+01) / (wtd_mean_IP-8.355256e+00)) + 6.217082e-03*((mean_EA+8.613590e+04) / (wtd_mean_at_mass-1.000265e+02))) + a4 * ((mean_IP + 8.830089e-01*lambda) - (8.490850e-01*((wtd_std_EA-3.047194e-01) / (wtd_mean_at_rad-1.023024e+00))))

