Commit: ac5ce3effde5dec1922a0476f389f7d8b9fd059a
Compiler: IntelLLVM version 2024.0.2
Compiler flags: -O3 -fp-model=precise -fiopenmp
time input_parsing: 0.0605872 s
Time to generate feat space: 2.37326 s
Projection time: 0.098732 s
Time to get best features on rank : 5.29289e-05 s
|---Complete final combination/selection from all ranks: 0.012202 s
Time for SIS: 0.116875 s
Time for l0-norm: 0.0260479 s
Projection time: 0.00258303 s
Time to get best features on rank : 5.19753e-05 s
|---Complete final combination/selection from all ranks: 0.049794 s
Time for SIS: 0.0537519 s
Time for l0-norm: 0.0068531 s
Projection time: 0.00616002 s
Time to get best features on rank : 5.10216e-05 s
|---Complete final combination/selection from all ranks: 0.00837207 s
Time for SIS: 0.0162082 s
Time for l0-norm: 0.00774193 s
Projection time: 0.00259209 s
Time to get best features on rank : 5.91278e-05 s
|---Complete final combination/selection from all ranks: 0.00858903 s
Time for SIS: 0.012584 s
Time for l0-norm: 0.163242 s
Projection time: 0.00258493 s
Time to get best features on rank : 5.6982e-05 s
|---Complete final combination/selection from all ranks: 0.00883317 s
Time for SIS: 0.0127721 s
Time for l0-norm: 13.0138 s
Train RMSE: 4.58917 K; Test RMSE: 7.42169 K
c0 + a0 * ((w_log-9.971599e+01) * (wtd_mean_at_rad-1.225902e+00))

Train RMSE: 3.30795 K; Test RMSE: 6.93898 K
c0 + a0 * (w_log / wtd_mean_at_mass) + a1 * ((lambda-2.176712e-01) * (w_log+5.660591e+01))

Train RMSE: 2.97382 K; Test RMSE: 7.73416 K
c0 + a0 * ((density-4.558620e+00) * (wtd_mean_IP-6.639097e+00)) + a1 * (w_log / density) + a2 * ((lambda4w_low-2.329548e+01) * (w_log-4.272643e+00))

Train RMSE: 2.7333 K; Test RMSE: 6.7408 K
c0 + a0 * (wtd_mean_IP * wtd_mean_at_mass) + a1 * (std_ThermalCond - (4.496838e-01*range_ThermalCond)) + a2 * (w_log / wtd_mean_at_mass) + a3 * ((lambda-2.176712e-01) * (w_log+5.660591e+01))

Train RMSE: 2.50984 K; Test RMSE: 8.6783 K
c0 + a0 * ((range_ThermalCond+1.355905e+02) * (range_EA-2.353416e+00)) + a1 * (wtd_mean_IP * mean_at_mass) + a2 * (std_ThermalCond - (4.496838e-01*range_ThermalCond)) + a3 * (w_log / wtd_mean_at_mass) + a4 * ((lambda4w_low-2.329548e+01) * (w_log-4.272643e+00))

