Commit: ac5ce3effde5dec1922a0476f389f7d8b9fd059a
Compiler: IntelLLVM version 2024.0.2
Compiler flags: -O3 -fp-model=precise -fiopenmp
time input_parsing: 0.0514061 s
Time to generate feat space: 0.149468 s
Projection time: 0.151986 s
Time to get best features on rank : 0.00031805 s
|---Complete final combination/selection from all ranks: 0.0532861 s
Time for SIS: 0.210682 s
Time for l0-norm: 0.0309041 s
Projection time: 0.0019052 s
Time to get best features on rank : 0.000770092 s
|---Complete final combination/selection from all ranks: 0.00908804 s
Time for SIS: 0.0132451 s
Time for l0-norm: 0.00567794 s
Projection time: 0.00495696 s
Time to get best features on rank : 4.60148e-05 s
|---Complete final combination/selection from all ranks: 0.00789094 s
Time for SIS: 0.0141859 s
Time for l0-norm: 0.00488615 s
Projection time: 0.00265002 s
Time to get best features on rank : 8.01086e-05 s
|---Complete final combination/selection from all ranks: 0.00860095 s
Time for SIS: 0.012502 s
Time for l0-norm: 0.166274 s
Projection time: 0.00445008 s
Time to get best features on rank : 5.60284e-05 s
|---Complete final combination/selection from all ranks: 0.00887704 s
Time for SIS: 0.0145209 s
Time for l0-norm: 13.2827 s
Train RMSE: 4.63881 K; Test RMSE: 8.45681 K
c0 + a0 * (w_log / wtd_mean_at_mass)

Train RMSE: 3.81397 K; Test RMSE: 6.35236 K
c0 + a0 * (exp(-1.0 * lambda)) + a1 * (w_log / mean_at_mass)

Train RMSE: 3.55891 K; Test RMSE: 6.6104 K
c0 + a0 * (wtd_mean_IP + 3.052392e-02*wtd_mean_at_mass) + a1 * (exp(-1.0 * lambda)) + a2 * (w_log / density)

Train RMSE: 3.14275 K; Test RMSE: 7.85065 K
c0 + a0 * (|range_EA - mean_EA|) + a1 * (wtd_mean_IP * density) + a2 * (exp(-1.0 * lambda)) + a3 * (w_log / density)

Train RMSE: 2.97287 K; Test RMSE: 4.76116 K
c0 + a0 * (range_EA - wtd_mean_EA) + a1 * (std_at_rad * density) + a2 * (range_at_rad * density) + a3 * (exp(-1.0 * lambda)) + a4 * (w_log / wtd_mean_at_mass)

