Commit: ac5ce3effde5dec1922a0476f389f7d8b9fd059a
Compiler: IntelLLVM version 2024.0.2
Compiler flags: -O3 -fp-model=precise -fiopenmp
time input_parsing: 0.056803 s
Time to generate feat space: 0.760319 s
Projection time: 0.965172 s
Time to get best features on rank : 0.00060606 s
|---Complete final combination/selection from all ranks: 0.0116441 s
Time for SIS: 0.984369 s
Time for l0-norm: 0.03984 s
Projection time: 0.00350499 s
Time to get best features on rank : 5.19753e-05 s
|---Complete final combination/selection from all ranks: 0.0442221 s
Time for SIS: 0.0489049 s
Time for l0-norm: 0.00733709 s
Projection time: 0.00400305 s
Time to get best features on rank : 4.69685e-05 s
|---Complete final combination/selection from all ranks: 0.007864 s
Time for SIS: 0.0129519 s
Time for l0-norm: 0.00674891 s
Projection time: 0.00318694 s
Time to get best features on rank : 4.98295e-05 s
|---Complete final combination/selection from all ranks: 0.00763083 s
Time for SIS: 0.0119069 s
Time for l0-norm: 0.161781 s
Projection time: 0.00816798 s
Time to get best features on rank : 4.79221e-05 s
|---Complete final combination/selection from all ranks: 0.00859284 s
Time for SIS: 0.0179031 s
Time for l0-norm: 13.4809 s
Train RMSE: 5.0951 K; Test RMSE: 4.52309 K
c0 + a0 * (lambda * w_log)

Train RMSE: 3.94976 K; Test RMSE: 3.83266 K
c0 + a0 * ln(lambda) + a1 * (w_log / mean_at_mass)

Train RMSE: 3.6368 K; Test RMSE: 3.97889 K
c0 + a0 * (wtd_mean_EA * wtd_range_at_mass) + a1 * cbrt(lambda) + a2 * (w_log / wtd_mean_at_mass)

Train RMSE: 3.26829 K; Test RMSE: 3.73116 K
c0 + a0 * (range_at_rad * wtd_mean_at_mass) + a1 * (|std_EA - wtd_mean_EA|) + a2 * cbrt(lambda) + a3 * (w_log / wtd_mean_at_mass)

Train RMSE: 2.93398 K; Test RMSE: 3.4582 K
c0 + a0 * (wtd_range_PE * std_EA) + a1 * (wtd_mean_IP + 7.547911e-02*wtd_range_at_mass) + a2 * (wtd_mean_EA * V_molar) + a3 * cbrt(lambda) + a4 * (w_log / wtd_mean_at_mass)

