Commit: ac5ce3effde5dec1922a0476f389f7d8b9fd059a
Compiler: IntelLLVM version 2024.0.2
Compiler flags: -O3 -fp-model=precise -fiopenmp
time input_parsing: 0.0726199 s
Time to generate feat space: 1010.33 s
Projection time: 0.0786071 s
Time to get best features on rank : 0.000524044 s
|---Complete final combination/selection from all ranks: 0.018683 s
Time for SIS: 0.116032 s
Time for l0-norm: 0.018822 s
Projection time: 0.0733311 s
Time to get best features on rank : 0.000104189 s
|---Complete final combination/selection from all ranks: 0.0160818 s
Time for SIS: 0.102852 s
Time for l0-norm: 0.00684714 s
Projection time: 0.081665 s
Time to get best features on rank : 0.000104189 s
|---Complete final combination/selection from all ranks: 0.0165999 s
Time for SIS: 0.111841 s
Time for l0-norm: 0.0077219 s
Projection time: 0.0779641 s
Time to get best features on rank : 0.000110149 s
|---Complete final combination/selection from all ranks: 0.0162921 s
Time for SIS: 0.108287 s
Time for l0-norm: 0.167593 s
Projection time: 0.0794051 s
Time to get best features on rank : 8.60691e-05 s
|---Complete final combination/selection from all ranks: 0.0165658 s
Time for SIS: 0.109939 s
Time for l0-norm: 13.3245 s
Train RMSE: 3.55326 K; Test RMSE: 1.25649 K
c0 + a0 * ((wtd_mean_IP + 7.006300e-01*lambda) + 3.506607e-01*((V_molar-9.433066e+01) / (mean_at_mass-1.905015e+01)))

Train RMSE: 2.61743 K; Test RMSE: 1.82797 K
c0 + a0 * (((wtd_range_ThermalCond+1.219164e+02) / (lambda3+3.563263e-01)) + 2.845537e+02*((wtd_std_IP+1.834669e+00) / (wtd_mean_at_mass-1.000296e+02))) + a1 * (((lambda4w_low+1.030173e+03) / (wtd_mean_at_mass-1.511551e+01)) + 7.518577e+00*((L_avg-5.305985e+00) / (wtd_mean_at_rad-1.283983e+00)))

Train RMSE: 1.75722 K; Test RMSE: 2.19605 K
c0 + a0 * (((std_ThermalCond-2.115853e+03) / (wtd_mean_ThermalCond-1.050062e+02)) + 2.271161e+00*((wtd_range_EA-1.164524e+00) / (lambda3-4.844712e-02))) + a1 * (((wtd_mean_ThermalCond-3.500256e+01) / (wtd_mean_PE-1.692984e+00)) + 3.484949e+01*((range_EA+3.625930e+00) / (wtd_mean_PE-2.390785e+00))) + a2 * ((wtd_mean_IP + 9.258464e-01*lambda) + 1.343686e+00*((std_at_mass-3.449219e+01) / (wtd_mean_at_mass-1.687247e+01)))

Train RMSE: 1.40054 K; Test RMSE: 2.02175 K
c0 + a0 * (((range_IP+1.359287e+02) * (range_at_mass+4.325591e+02)) + 1.880174e+01*((wtd_mean_at_mass-1.018795e+02) / (lambda3-1.599545e-01))) + a1 * (((std_ThermalCond-2.115853e+03) / (wtd_mean_ThermalCond-1.050062e+02)) + 2.271161e+00*((wtd_range_EA-1.164524e+00) / (lambda3-4.844712e-02))) + a2 * (((wtd_mean_ThermalCond-3.500256e+01) / (wtd_mean_PE-1.692984e+00)) + 3.484949e+01*((range_EA+3.625930e+00) / (wtd_mean_PE-2.390785e+00))) + a3 * ((wtd_mean_IP + 9.258464e-01*lambda) + 1.343686e+00*((std_at_mass-3.449219e+01) / (wtd_mean_at_mass-1.687247e+01)))

Train RMSE: 1.11088 K; Test RMSE: 2.40163 K
c0 + a0 * (((wtd_std_ThermalCond+1.425574e+04) * (mean_PE+1.584293e+01)) + 4.418084e+00*((wtd_range_at_mass-4.226677e+01)^2)) + a1 * (((wtd_std_IP-2.195497e+02) / (density-7.656559e+00)) + 1.102302e+04*((std_IP-9.698143e-01) / (lambda4w_low-2.188684e+01))) + a2 * (((std_ThermalCond-2.115853e+03) / (wtd_mean_ThermalCond-1.050062e+02)) + 2.271161e+00*((wtd_range_EA-1.164524e+00) / (lambda3-4.844712e-02))) + a3 * (((wtd_mean_ThermalCond-3.500256e+01) / (wtd_mean_PE-1.692984e+00)) + 3.484949e+01*((range_EA+3.625930e+00) / (wtd_mean_PE-2.390785e+00))) + a4 * ((wtd_mean_IP + 7.006300e-01*lambda) + 3.506607e-01*((V_molar-9.433066e+01) / (mean_at_mass-1.905015e+01)))

