Commit: ac5ce3effde5dec1922a0476f389f7d8b9fd059a
Compiler: IntelLLVM version 2024.0.2
Compiler flags: -O3 -fp-model=precise -fiopenmp
time input_parsing: 0.0547681 s
Time to generate feat space: 13966.2 s
Projection time: 0.42402 s
Time to get best features on rank : 0.00625896 s
|---Complete final combination/selection from all ranks: 0.020529 s
Time for SIS: 0.547929 s
Time for l0-norm: 0.017777 s
Projection time: 0.457197 s
Time to get best features on rank : 0.00528693 s
|---Complete final combination/selection from all ranks: 0.0165222 s
Time for SIS: 0.577477 s
Time for l0-norm: 0.00807714 s
Projection time: 0.464191 s
Time to get best features on rank : 0.00552011 s
|---Complete final combination/selection from all ranks: 0.0165682 s
Time for SIS: 0.585075 s
Time for l0-norm: 0.00832391 s
Projection time: 0.461429 s
Time to get best features on rank : 0.00441098 s
|---Complete final combination/selection from all ranks: 0.016685 s
Time for SIS: 0.58277 s
Time for l0-norm: 0.167439 s
Projection time: 0.466305 s
Time to get best features on rank : 0.00508189 s
|---Complete final combination/selection from all ranks: 0.0176129 s
Time for SIS: 0.588654 s
Time for l0-norm: 13.3932 s
Train RMSE: 3.1821 K; Test RMSE: 5.38396 K
c0 + a0 * (((mean_EA-6.277414e-01) / (density-8.312608e+00)) + 7.386575e-01*((wtd_mean_PE-1.195235e+00) / (density-2.592407e+00)))

Train RMSE: 2.20759 K; Test RMSE: 4.13526 K
c0 + a0 * (((range_at_mass-6.656722e+01) / (wtd_mean_EA-1.050691e+00)) - (4.979773e+02*(cos(2.842635e+00*lambda3+2.804016e-01)))) + a1 * (((mean_EA-6.277414e-01) / (density-8.312608e+00)) + 7.386575e-01*((wtd_mean_PE-1.195235e+00) / (density-2.592407e+00)))

Train RMSE: 1.48878 K; Test RMSE: 4.10508 K
c0 + a0 * (((wtd_std_at_rad + 1.567773e+00*std_at_rad)-1.058628e-01) * (((range_at_rad-6.909404e-01) / (lambda-1.377833e+00))+1.766973e-01)) + a1 * (((lambda+9.770017e+01) / (wtd_mean_at_rad-1.284057e+00)) + 5.419961e+01*((mean_at_mass-5.481728e+01) / (mean_IP-7.081631e+00))) + a2 * ((lambda - (2.424021e-01*L_avg)) - (3.834190e-03*((wtd_range_ThermalCond-9.235392e+00) / (mean_at_rad-1.128225e+00))))

Train RMSE: 1.15118 K; Test RMSE: 4.29546 K
c0 + a0 * (((std_IP - (1.075223e+00*range_at_rad))-6.072807e-01) * (((wtd_range_at_rad-3.398772e-01) * (mean_EA-6.025433e-01))+3.528900e-02)) + a1 * (((wtd_range_ThermalCond - (1.048609e+01*L_avg))+1.124203e+02) * (((wtd_std_IP-8.114882e-01) * (wtd_range_PE-7.610752e-01))+7.209589e-01)) + a2 * (((L_avg+9.200611e+00) / (lambda3-4.774920e-02)) - (3.935441e+00*((wtd_range_ThermalCond-9.527968e+01) / (mean_IP-7.064809e+00)))) + a3 * ((((lambda-7.201936e+00) / (wtd_mean_IP-3.983981e+00))+1.639838e+00) * (((wtd_std_at_mass-3.385007e+01) / (density-2.692148e+00))+1.102547e+01))

Train RMSE: 0.89587 K; Test RMSE: 4.07336 K
c0 + a0 * (((range_EA-1.002361e+00) / (wtd_mean_at_rad-1.500479e+00)) + 3.930815e+01*(sin(2.871142e+01*wtd_mean_PE-8.454840e-01))) + a1 * ((((std_IP-5.281027e+00) * (range_at_rad+2.843893e+00))+1.377975e+01) * (((mean_EA-5.858725e-01) * (wtd_range_at_rad-3.433027e-01))+3.332501e-02)) + a2 * (((wtd_range_ThermalCond - (1.048609e+01*L_avg))+1.124203e+02) * (((wtd_std_IP-8.114882e-01) * (wtd_range_PE-7.610752e-01))+7.209589e-01)) + a3 * (((range_PE+2.091312e+01) / (lambda3-4.789635e-02)) - (2.768891e+03*((std_PE-4.183463e-01) / (mean_IP-7.077402e+00)))) + a4 * ((((lambda-7.201936e+00) / (wtd_mean_IP-3.983981e+00))+1.639838e+00) * (((wtd_std_at_mass-3.385007e+01) / (density-2.692148e+00))+1.102547e+01))

