Commit: ac5ce3effde5dec1922a0476f389f7d8b9fd059a
Compiler: IntelLLVM version 2024.0.2
Compiler flags: -O3 -fp-model=precise -fiopenmp
time input_parsing: 0.0484891 s
Time to generate feat space: 3.40447 s
Projection time: 0.141075 s
Time to get best features on rank : 5.10216e-05 s
|---Complete final combination/selection from all ranks: 0.0125329 s
Time for SIS: 0.160381 s
Time for l0-norm: 0.0362439 s
Projection time: 0.00591278 s
Time to get best features on rank : 6.60419e-05 s
|---Complete final combination/selection from all ranks: 0.0503559 s
Time for SIS: 0.0579541 s
Time for l0-norm: 0.00637913 s
Projection time: 0.00619197 s
Time to get best features on rank : 8.39233e-05 s
|---Complete final combination/selection from all ranks: 0.0085032 s
Time for SIS: 0.0161419 s
Time for l0-norm: 0.00514889 s
Projection time: 0.00426507 s
Time to get best features on rank : 5.60284e-05 s
|---Complete final combination/selection from all ranks: 0.00962901 s
Time for SIS: 0.015461 s
Time for l0-norm: 0.166665 s
Projection time: 0.00512195 s
Time to get best features on rank : 0.00010705 s
|---Complete final combination/selection from all ranks: 0.00843716 s
Time for SIS: 0.0151391 s
Time for l0-norm: 13.2919 s
Train RMSE: 5.15793 K; Test RMSE: 3.57177 K
c0 + a0 * (lambda * w_log)

Train RMSE: 3.9581 K; Test RMSE: 1.86415 K
c0 + a0 * ((w_log+5.496845e+01) * (lambda-1.781622e-01)) + a1 * (w_log / mean_at_mass)

Train RMSE: 3.65868 K; Test RMSE: 4.0723 K
c0 + a0 * (wtd_mean_EA * wtd_range_at_mass) + a1 * ln(lambda) + a2 * (w_log / wtd_mean_at_mass)

Train RMSE: 3.31581 K; Test RMSE: 3.34293 K
c0 + a0 * ((lambda-1.776871e-01) * (w_log+5.496887e+01)) + a1 * (w_log^2) + a2 * ((w_log-1.966117e+01) * (range_ThermalCond-1.499644e+01)) + a3 * (std_ThermalCond * w_log)

Train RMSE: 2.87694 K; Test RMSE: 8.96352 K
c0 + a0 * (wtd_range_PE * std_IP) + a1 * ((V_molar-1.705234e+01) * (range_at_mass-1.297567e+02)) + a2 * ((wtd_mean_at_mass+1.525741e+02) * (wtd_mean_IP-3.819578e+00)) + a3 * ln(lambda) + a4 * (w_log / wtd_mean_at_mass)

