Commit: ac5ce3effde5dec1922a0476f389f7d8b9fd059a
Compiler: IntelLLVM version 2024.0.2
Compiler flags: -O3 -fp-model=precise -fiopenmp
time input_parsing: 0.054919 s
Time to generate feat space: 14138.9 s
Projection time: 0.420409 s
Time to get best features on rank : 0.00445509 s
|---Complete final combination/selection from all ranks: 0.0612051 s
Time for SIS: 0.58471 s
Time for l0-norm: 0.0181952 s
Projection time: 0.469157 s
Time to get best features on rank : 0.00333905 s
|---Complete final combination/selection from all ranks: 0.0109301 s
Time for SIS: 0.580082 s
Time for l0-norm: 0.00596595 s
Projection time: 0.46847 s
Time to get best features on rank : 0.00399494 s
|---Complete final combination/selection from all ranks: 0.00924397 s
Time for SIS: 0.578276 s
Time for l0-norm: 0.00722694 s
Projection time: 0.4676 s
Time to get best features on rank : 0.00367689 s
|---Complete final combination/selection from all ranks: 0.010232 s
Time for SIS: 0.578524 s
Time for l0-norm: 0.0152979 s
Projection time: 0.467383 s
Time to get best features on rank : 0.00379205 s
|---Complete final combination/selection from all ranks: 0.00970912 s
Time for SIS: 0.579702 s
Time for l0-norm: 0.407078 s
Train RMSE: 3.35249 K
c0 + a0 * (((lambda-2.142274e+01) / (mean_IP+2.981637e+00)) - (1.017308e+01*((mean_PE-1.787970e+00) / (wtd_mean_at_mass-1.486209e+01))))

Train RMSE: 2.22775 K
c0 + a0 * ((((std_at_mass-3.432323e+01) / (mean_IP-7.046861e+00))+3.584773e+01) * (((wtd_range_IP+3.189924e+00) / (lambda3-4.774029e-02))+4.244362e+01)) + a1 * ((wtd_mean_IP + 6.140848e-01*lambda) - (6.261568e+01*((mean_PE-1.773813e+00) / (mean_at_mass-1.716509e+01))))

Train RMSE: 1.70459 K
c0 + a0 * ((((wtd_mean_EA+1.464711e-01) * (wtd_std_at_rad+2.913263e-01))-4.879453e-01) * (((mean_ThermalCond-8.939363e+01) / (L_avg-6.927178e-01))+1.350289e+01)) + a1 * ((((std_at_mass-3.432323e+01) / (mean_IP-7.046861e+00))+3.584773e+01) * (((wtd_range_IP+3.189924e+00) / (lambda3-4.774029e-02))+4.244362e+01)) + a2 * ((wtd_mean_IP + 6.140848e-01*lambda) - (6.261568e+01*((mean_PE-1.773813e+00) / (mean_at_mass-1.716509e+01))))

Train RMSE: 1.35878 K
c0 + a0 * (((range_at_mass-4.262704e+01) * (wtd_std_IP+1.025829e+00)) - (3.389628e+01*((std_ThermalCond-1.835232e+01) / (wtd_mean_at_mass-6.768650e+01)))) + a1 * ((((range_at_rad+3.480498e-01) * (mean_EA-1.729689e-01))-4.770495e-01) * (((L_avg+2.829085e+01) * (mean_ThermalCond+1.275730e+02))-5.621606e+03)) + a2 * ((((std_at_mass-3.432323e+01) / (mean_IP-7.046861e+00))+3.584773e+01) * (((wtd_range_IP+3.189924e+00) / (lambda3-4.774029e-02))+4.244362e+01)) + a3 * ((wtd_mean_IP + 6.140848e-01*lambda) - (6.261568e+01*((mean_PE-1.773813e+00) / (mean_at_mass-1.716509e+01))))

Train RMSE: 1.0254 K
c0 + a0 * (((sin(-2.691487e+01*wtd_range_PE+5.484895e-01))-1.455608e-01) * (((wtd_mean_EA-1.372119e+00) * (V_molar-1.900691e+02))-1.227658e+02)) + a1 * (((range_at_mass-4.262704e+01) * (wtd_std_IP+1.025829e+00)) - (3.389628e+01*((std_ThermalCond-1.835232e+01) / (wtd_mean_at_mass-6.768650e+01)))) + a2 * ((((wtd_mean_ThermalCond-9.323120e+01) / (L_avg-6.862424e-01))+1.428546e+01) * (((mean_EA+8.204128e-01) * (wtd_std_at_rad+7.377876e-01))-1.560660e+00)) + a3 * ((((std_at_mass-3.432323e+01) / (mean_IP-7.046861e+00))+3.584773e+01) * (((wtd_range_IP+3.189924e+00) / (lambda3-4.774029e-02))+4.244362e+01)) + a4 * ((wtd_mean_IP + 6.140848e-01*lambda) - (6.261568e+01*((mean_PE-1.773813e+00) / (mean_at_mass-1.716509e+01))))

