Commit: ac5ce3effde5dec1922a0476f389f7d8b9fd059a
Compiler: IntelLLVM version 2024.0.2
Compiler flags: -O3 -fp-model=precise -fiopenmp
time input_parsing: 0.0573568 s

Intel MKL ERROR: Parameter 5 was incorrect on entry to DGELS.

Intel MKL ERROR: Parameter 5 was incorrect on entry to DGELS.
Time to generate feat space: 7760.61 s
Projection time: 0.236116 s
Time to get best features on rank : 0.00417781 s
|---Complete final combination/selection from all ranks: 0.021234 s
Time for SIS: 0.319694 s
Time for l0-norm: 0.0177231 s
Projection time: 0.257518 s
Time to get best features on rank : 0.000113964 s
|---Complete final combination/selection from all ranks: 0.016556 s
Time for SIS: 0.326407 s
Time for l0-norm: 0.00548387 s
Projection time: 0.260992 s
Time to get best features on rank : 0.000113964 s
|---Complete final combination/selection from all ranks: 0.0167301 s
Time for SIS: 0.330294 s
Time for l0-norm: 0.00897598 s
Projection time: 0.258425 s
Time to get best features on rank : 0.00011611 s
|---Complete final combination/selection from all ranks: 0.0161219 s
Time for SIS: 0.327335 s
Time for l0-norm: 0.169413 s
Projection time: 0.25843 s
Time to get best features on rank : 0.000108957 s
|---Complete final combination/selection from all ranks: 0.015681 s
Time for SIS: 0.327237 s
Time for l0-norm: 13.4048 s
Train RMSE: 3.45996 K; Test RMSE: 4.14069 K
c0 + a0 * ((((lambda+8.961840e-01) * (mean_IP-5.057089e+00))-2.094409e+00) * (((wtd_range_at_mass-1.763067e+01) / (mean_at_mass-1.835169e+01))+9.747611e-01))

Train RMSE: 2.19768 K; Test RMSE: 1.60286 K
c0 + a0 * ((((range_at_mass-6.751466e+01) / (mean_IP-7.044310e+00))+8.787366e+01) * (((mean_IP-4.514074e+00) / (lambda3-4.810566e-02))+5.807196e+01)) + a1 * (((lambda+9.658277e+01) * (wtd_mean_IP+8.582327e+01)) + 1.856165e-01*((std_at_mass-2.341939e+01) / (mean_at_rad-1.126276e+00)))

Train RMSE: 1.6173 K; Test RMSE: 4.85513 K
c0 + a0 * ((((wtd_range_PE-8.057632e-01) * (range_IP-2.039544e+00))+8.813217e-01) * (((wtd_range_at_rad+7.166398e-01) * (wtd_range_ThermalCond+1.999440e+01))-7.116446e+00)) + a1 * ((((range_at_mass-6.751466e+01) / (mean_IP-7.044310e+00))+8.787366e+01) * (((mean_IP-4.514074e+00) / (lambda3-4.810566e-02))+5.807196e+01)) + a2 * ((((mean_IP-5.051269e+00) * (lambda+9.153956e-01))-2.055537e+00) * (((wtd_range_at_mass-1.796304e+01) / (mean_at_mass-1.839113e+01))+9.875326e-01))

Train RMSE: 1.21227 K; Test RMSE: 2.88252 K
c0 + a0 * ((((density+5.982941e+00) / (L_avg+1.037953e+01))-5.363219e-01) * (((wtd_mean_PE-2.298244e+00) / (mean_PE-2.419465e+00))-4.896764e-01)) + a1 * ((|mean_EA - (5.454934e+00*std_IP-9.917860e+00)|-2.032549e+00) * (((std_at_mass-2.345358e+00) * (wtd_range_ThermalCond-1.101477e+01))+6.772549e+01)) + a2 * ((((range_at_mass-6.751466e+01) / (mean_IP-7.044310e+00))+8.787366e+01) * (((mean_IP-4.514074e+00) / (lambda3-4.810566e-02))+5.807196e+01)) + a3 * ((((mean_IP-5.051269e+00) * (lambda+9.153956e-01))-2.055537e+00) * (((wtd_range_at_mass-1.796304e+01) / (mean_at_mass-1.839113e+01))+9.875326e-01))

Train RMSE: 0.964309 K; Test RMSE: 3.02613 K
c0 + a0 * (((sin(5.379637e+01*lambda3-5.106640e-02))-2.112364e+00) * (((mean_at_mass-5.174504e+01) * (range_PE-4.003875e-01))+8.954578e+01)) + a1 * ((((density+5.982941e+00) / (L_avg+1.037953e+01))-5.363219e-01) * (((wtd_mean_PE-2.298244e+00) / (mean_PE-2.419465e+00))-4.896764e-01)) + a2 * ((|mean_EA - (5.454934e+00*std_IP-9.917860e+00)|-2.032549e+00) * (((std_at_mass-2.345358e+00) * (wtd_range_ThermalCond-1.101477e+01))+6.772549e+01)) + a3 * ((((range_at_mass-6.751466e+01) / (mean_IP-7.044310e+00))+8.787366e+01) * (((mean_IP-4.514074e+00) / (lambda3-4.810566e-02))+5.807196e+01)) + a4 * ((((mean_IP-5.051269e+00) * (lambda+9.153956e-01))-2.055537e+00) * (((wtd_range_at_mass-1.796304e+01) / (mean_at_mass-1.839113e+01))+9.875326e-01))

