Commit: ac5ce3effde5dec1922a0476f389f7d8b9fd059a
Compiler: IntelLLVM version 2024.0.2
Compiler flags: -O3 -fp-model=precise -fiopenmp
time input_parsing: 0.0552361 s
Time to generate feat space: 2.432 s
Projection time: 0.110813 s
Time to get best features on rank : 0.00103092 s
|---Complete final combination/selection from all ranks: 0.0126922 s
Time for SIS: 0.130596 s
Time for l0-norm: 0.029222 s
Projection time: 0.00252104 s
Time to get best features on rank : 5.31673e-05 s
|---Complete final combination/selection from all ranks: 0.00845194 s
Time for SIS: 0.0123339 s
Time for l0-norm: 0.00791192 s
Projection time: 0.00250387 s
Time to get best features on rank : 4.91142e-05 s
|---Complete final combination/selection from all ranks: 0.049037 s
Time for SIS: 0.0527959 s
Time for l0-norm: 0.00695014 s
Projection time: 0.00249195 s
Time to get best features on rank : 6.60419e-05 s
|---Complete final combination/selection from all ranks: 0.00869894 s
Time for SIS: 0.012547 s
Time for l0-norm: 0.164181 s
Projection time: 0.002527 s
Time to get best features on rank : 5.29289e-05 s
|---Complete final combination/selection from all ranks: 0.00831985 s
Time for SIS: 0.0121379 s
Time for l0-norm: 13.0814 s
Train RMSE: 4.63881 K; Test RMSE: 8.45681 K
c0 + a0 * (w_log / wtd_mean_at_mass)

Train RMSE: 3.80717 K; Test RMSE: 4.301 K
c0 + a0 * (w_log / mean_at_mass) + a1 * ((lambda-3.177754e-01) * (w_log+2.559610e+01))

Train RMSE: 3.55276 K; Test RMSE: 3.29579 K
c0 + a0 * (wtd_mean_IP * V_molar) + a1 * (w_log^2) + a2 * ((lambda-3.177754e-01) * (w_log+2.559610e+01))

Train RMSE: 3.14275 K; Test RMSE: 7.85065 K
c0 + a0 * (|range_EA - mean_EA|) + a1 * (wtd_mean_IP * density) + a2 * (exp(-1.0 * lambda)) + a3 * (w_log / density)

Train RMSE: 2.94668 K; Test RMSE: 5.53557 K
c0 + a0 * (range_EA - wtd_mean_EA) + a1 * ((mean_at_mass+1.406328e+02) * (range_at_rad+2.054709e+00)) + a2 * ((mean_at_mass+1.486910e+02) * (std_at_rad+1.048188e+00)) + a3 * (exp(-1.0 * lambda)) + a4 * (w_log / mean_at_mass)

