Commit: ac5ce3effde5dec1922a0476f389f7d8b9fd059a
Compiler: IntelLLVM version 2024.0.2
Compiler flags: -O3 -fp-model=precise -fiopenmp
time input_parsing: 0.0844259 s
Time to generate feat space: 932.821 s
Projection time: 0.069452 s
Time to get best features on rank : 0.00172091 s
|---Complete final combination/selection from all ranks: 0.017509 s
Time for SIS: 0.107062 s
Time for l0-norm: 0.0198841 s
Projection time: 0.0733521 s
Time to get best features on rank : 0.000320911 s
|---Complete final combination/selection from all ranks: 0.0164249 s
Time for SIS: 0.101764 s
Time for l0-norm: 0.00748801 s
Projection time: 0.0734429 s
Time to get best features on rank : 0.000103951 s
|---Complete final combination/selection from all ranks: 0.016027 s
Time for SIS: 0.101563 s
Time for l0-norm: 0.00656796 s
Projection time: 0.0741498 s
Time to get best features on rank : 0.000166178 s
|---Complete final combination/selection from all ranks: 0.017858 s
Time for SIS: 0.104345 s
Time for l0-norm: 0.167426 s
Projection time: 0.073977 s
Time to get best features on rank : 8.39233e-05 s
|---Complete final combination/selection from all ranks: 0.015738 s
Time for SIS: 0.101839 s
Time for l0-norm: 13.375 s
Train RMSE: 3.34966 K; Test RMSE: 6.15886 K
c0 + a0 * (((std_at_rad-4.149627e-02) / (mean_at_mass-1.604805e+01)) + 1.787498e-02*(sin(-5.197047e+00*lambda3-8.736381e-01)))

Train RMSE: 2.29191 K; Test RMSE: 3.61663 K
c0 + a0 * (((wtd_mean_PE-1.194452e+03) / (wtd_mean_at_mass-1.001656e+02)) + 2.012112e+00*((wtd_std_PE-9.925209e-01) / (lambda3-4.836360e-02))) + a1 * ((wtd_mean_IP + 7.513365e-01*lambda) + 3.788359e-05*((wtd_range_IP+1.926483e+04) / (density-2.631249e+00)))

Train RMSE: 1.74942 K; Test RMSE: 6.53062 K
c0 + a0 * (((wtd_std_PE-1.708749e+00) / (wtd_mean_at_rad-1.141226e+00)) + 1.060042e+01*(wtd_mean_EA + 1.892162e+00*mean_EA)) + a1 * (((wtd_mean_PE-1.194452e+03) / (wtd_mean_at_mass-1.001656e+02)) + 2.012112e+00*((wtd_std_PE-9.925209e-01) / (lambda3-4.836360e-02))) + a2 * ((wtd_mean_IP + 7.513365e-01*lambda) + 3.788359e-05*((wtd_range_IP+1.926483e+04) / (density-2.631249e+00)))

Train RMSE: 1.40757 K; Test RMSE: 6.48972 K
c0 + a0 * ((range_EA - mean_EA) / (range_ThermalCond - mean_ThermalCond)) + a1 * (((wtd_std_PE-1.708749e+00) / (wtd_mean_at_rad-1.141226e+00)) + 1.060042e+01*(wtd_mean_EA + 1.892162e+00*mean_EA)) + a2 * (((wtd_mean_PE-1.194452e+03) / (wtd_mean_at_mass-1.001656e+02)) + 2.012112e+00*((wtd_std_PE-9.925209e-01) / (lambda3-4.836360e-02))) + a3 * ((wtd_mean_IP + 7.513365e-01*lambda) + 3.788359e-05*((wtd_range_IP+1.926483e+04) / (density-2.631249e+00)))

Train RMSE: 1.05601 K; Test RMSE: 5.62055 K
c0 + a0 * (((std_PE-5.934997e+02) / (wtd_mean_ThermalCond-1.069552e+02)) + 7.323449e+01*|wtd_range_EA - (1.377856e+00*mean_EA-4.596341e-01)|) + a1 * (((wtd_range_at_mass-1.998122e+01) / (density-7.993562e+00)) + 8.064993e+01*((std_at_mass+2.355398e+02) / (wtd_mean_at_mass+2.672172e+02))) + a2 * (((w_log-1.001269e+03) / (lambda+1.685775e+13)) + 3.756507e+00*((mean_at_rad-1.000000e+02) / (wtd_mean_at_rad-1.142362e+00))) + a3 * (((wtd_mean_PE-1.194452e+03) / (wtd_mean_at_mass-1.001656e+02)) + 2.012112e+00*((wtd_std_PE-9.925209e-01) / (lambda3-4.836360e-02))) + a4 * ((wtd_mean_IP + 7.513365e-01*lambda) + 3.788359e-05*((wtd_range_IP+1.926483e+04) / (density-2.631249e+00)))

