Commit: ac5ce3effde5dec1922a0476f389f7d8b9fd059a
Compiler: IntelLLVM version 2024.0.2
Compiler flags: -O3 -fp-model=precise -fiopenmp
time input_parsing: 0.0651941 s
Time to generate feat space: 0.976805 s
Projection time: 0.0403271 s
Time to get best features on rank : 7.39098e-05 s
|---Complete final combination/selection from all ranks: 0.0174642 s
Time for SIS: 0.065836 s
Time for l0-norm: 0.0177488 s
Projection time: 0.027946 s
Time to get best features on rank : 7.10487e-05 s
|---Complete final combination/selection from all ranks: 0.0135109 s
Time for SIS: 0.0461879 s
Time for l0-norm: 0.00675011 s
Projection time: 0.0267808 s
Time to get best features on rank : 7.60555e-05 s
|---Complete final combination/selection from all ranks: 0.0145121 s
Time for SIS: 0.0459239 s
Time for l0-norm: 0.006634 s
Projection time: 0.0276821 s
Time to get best features on rank : 6.69956e-05 s
|---Complete final combination/selection from all ranks: 0.0593429 s
Time for SIS: 0.091826 s
Time for l0-norm: 0.167463 s
Projection time: 0.025907 s
Time to get best features on rank : 7.00951e-05 s
|---Complete final combination/selection from all ranks: 0.012053 s
Time for SIS: 0.0427821 s
Time for l0-norm: 13.6889 s
Train RMSE: 3.81344 K; Test RMSE: 3.42306 K
c0 + a0 * ((lambda4w_low / wtd_mean_at_mass) / (|range_PE - lambda|))

Train RMSE: 3.15311 K; Test RMSE: 3.12972 K
c0 + a0 * ((wtd_range_at_rad * lambda) * (|mean_EA - std_IP|)) + a1 * ((w_log^2) * (wtd_range_EA * lambda4w_low))

Train RMSE: 2.54766 K; Test RMSE: 3.74735 K
c0 + a0 * ((|range_EA - wtd_std_IP|) / (wtd_range_PE + lambda3)) + a1 * ((|mean_EA - wtd_std_IP|) * (lambda * V_molar)) + a2 * ((w_log^2) * (wtd_range_EA * lambda4w_low))

Train RMSE: 2.05138 K; Test RMSE: 4.21365 K
c0 + a0 * ((|wtd_std_PE - wtd_range_PE|) * (|range_EA - wtd_mean_EA|)) + a1 * ((wtd_range_IP - range_IP) / (wtd_range_PE + lambda3)) + a2 * ((|mean_EA - wtd_std_IP|) * (lambda * L_avg)) + a3 * ((w_log^2) * (wtd_range_EA * lambda4w_low))

Train RMSE: 1.65144 K; Test RMSE: 3.83849 K
c0 + a0 * ((std_IP * range_IP) / (exp(1.019805e+00*wtd_mean_IP))) + a1 * ((|wtd_std_PE - wtd_range_PE|) * (|range_EA - wtd_mean_EA|)) + a2 * ((wtd_range_IP - range_IP) / (wtd_range_PE + lambda3)) + a3 * ((|mean_EA - wtd_std_IP|) * (lambda * V_molar)) + a4 * ((w_log^2) * (wtd_range_EA * lambda4w_low))

