Commit: ac5ce3effde5dec1922a0476f389f7d8b9fd059a
Compiler: IntelLLVM version 2024.0.2
Compiler flags: -O3 -fp-model=precise -fiopenmp
time input_parsing: 0.0640509 s
Time to generate feat space: 0.164097 s
Projection time: 0.130977 s
Time to get best features on rank : 0.00118995 s
|---Complete final combination/selection from all ranks: 0.051971 s
Time for SIS: 0.186244 s
Time for l0-norm: 0.0286791 s
Projection time: 0.00255489 s
Time to get best features on rank : 5.4121e-05 s
|---Complete final combination/selection from all ranks: 0.00793815 s
Time for SIS: 0.0118752 s
Time for l0-norm: 0.00475979 s
Projection time: 0.00544596 s
Time to get best features on rank : 4.41074e-05 s
|---Complete final combination/selection from all ranks: 0.00875902 s
Time for SIS: 0.0152049 s
Time for l0-norm: 0.00675392 s
Projection time: 0.00323892 s
Time to get best features on rank : 4.79221e-05 s
|---Complete final combination/selection from all ranks: 0.00843906 s
Time for SIS: 0.0126152 s
Time for l0-norm: 0.162842 s
Projection time: 0.00296283 s
Time to get best features on rank : 6.00815e-05 s
|---Complete final combination/selection from all ranks: 0.00778389 s
Time for SIS: 0.0119231 s
Time for l0-norm: 13.1271 s
Train RMSE: 5.12072 K; Test RMSE: 4.35138 K
c0 + a0 * (lambda * w_log)

Train RMSE: 3.97692 K; Test RMSE: 3.40801 K
c0 + a0 * ln(lambda) + a1 * (w_log / mean_at_mass)

Train RMSE: 3.71539 K; Test RMSE: 3.02979 K
c0 + a0 * (wtd_mean_EA * wtd_range_at_mass) + a1 * cbrt(lambda) + a2 * (w_log / wtd_mean_at_mass)

Train RMSE: 3.36918 K; Test RMSE: 2.9322 K
c0 + a0 * (|std_EA - wtd_mean_EA|) + a1 * (range_at_rad * density) + a2 * ln(lambda) + a3 * (w_log / wtd_mean_at_mass)

Train RMSE: 2.97692 K; Test RMSE: 3.39925 K
c0 + a0 * (wtd_mean_EA * V_molar) + a1 * (wtd_range_PE * range_EA) + a2 * (range_at_rad * density) + a3 * cbrt(lambda) + a4 * (w_log / wtd_mean_at_mass)

