Commit: ac5ce3effde5dec1922a0476f389f7d8b9fd059a
Compiler: IntelLLVM version 2024.0.2
Compiler flags: -O3 -fp-model=precise -fiopenmp
time input_parsing: 0.08921 s

Intel MKL ERROR: Parameter 5 was incorrect on entry to DGELS.

Intel MKL ERROR: Parameter 5 was incorrect on entry to DGELS.

Intel MKL ERROR: Parameter 5 was incorrect on entry to DGELS.

Intel MKL ERROR: Parameter 5 was incorrect on entry to DGELS.

Intel MKL ERROR: Parameter 5 was incorrect on entry to DGELS.

Intel MKL ERROR: Parameter 5 was incorrect on entry to DGELS.

Intel MKL ERROR: Parameter 5 was incorrect on entry to DGELS.

Intel MKL ERROR: Parameter 5 was incorrect on entry to DGELS.
Time to generate feat space: 3835.71 s
Projection time: 0.132051 s
Time to get best features on rank : 0.00011301 s
|---Complete final combination/selection from all ranks: 0.0188849 s
Time for SIS: 0.175454 s
Time for l0-norm: 0.0200288 s
Projection time: 0.132728 s
Time to get best features on rank : 0.00011611 s
|---Complete final combination/selection from all ranks: 0.0169291 s
Time for SIS: 0.17414 s
Time for l0-norm: 0.00745392 s
Projection time: 0.12603 s
Time to get best features on rank : 0.000118017 s
|---Complete final combination/selection from all ranks: 0.0168879 s
Time for SIS: 0.168042 s
Time for l0-norm: 0.00729394 s
Projection time: 0.13123 s
Time to get best features on rank : 0.000105858 s
|---Complete final combination/selection from all ranks: 0.0166669 s
Time for SIS: 0.172682 s
Time for l0-norm: 0.167885 s
Projection time: 0.137281 s
Time to get best features on rank : 0.000344038 s
|---Complete final combination/selection from all ranks: 0.0164809 s
Time for SIS: 0.178538 s
Time for l0-norm: 13.3072 s
Train RMSE: 3.2299 K; Test RMSE: 7.72281 K
c0 + a0 * ((((lambda-1.687240e-01) / (mean_at_mass-1.668695e+01))-1.579902e-03) * (((std_EA+4.823516e+01) / (lambda4w_low-5.264143e+00))-1.317123e+00))

Train RMSE: 2.3775 K; Test RMSE: 5.76953 K
c0 + a0 * ((((range_PE-1.692034e+02) / (mean_IP-6.984816e+00))+1.225147e+02) * (((wtd_mean_EA+2.243590e+01) / (mean_IP+2.875564e+01))-6.471461e-01)) + a1 * ((((density+1.454668e+01) / (lambda4w_low-5.046263e+00))-1.793774e+00) * (((lambda-3.000511e-01) / (wtd_mean_at_mass-1.441285e+01))+3.157501e-03))

Train RMSE: 1.6893 K; Test RMSE: 6.82936 K
c0 + a0 * ((((bulk_mod-2.470548e+02) * (L_avg-6.007603e+00))-1.436849e+02) * (((wtd_std_at_rad+4.036600e+00) * (wtd_range_at_mass+2.966896e+02))-1.227079e+03)) + a1 * ((((L_avg+6.766316e+01) / (wtd_mean_at_mass-9.946284e+01))-1.025769e+00) * (((range_IP+1.219872e+01) / (lambda3-1.451651e-01))+2.344164e+01)) + a2 * ((((range_at_mass-1.534279e+02) / (lambda4w_low-5.063785e+00))+9.166404e+00) * (((lambda-8.072203e-02) / (wtd_mean_at_mass-1.395772e+01))+3.007032e-04))

Train RMSE: 1.33271 K; Test RMSE: 5.9339 K
c0 + a0 * ((((range_ThermalCond+1.051244e+02) / (mean_at_mass-5.406439e+01))+2.756116e+01) * (((wtd_mean_at_mass+4.862068e+02) / (lambda3-6.298772e-01))+6.088943e+02)) + a1 * ((((range_EA-4.049303e-01) / (mean_PE-2.374296e+00))-5.423227e+00) * ((wtd_std_EA - (1.602452e+00*mean_IP))+1.214093e+01)) + a2 * ((((L_avg+6.766316e+01) / (wtd_mean_at_mass-9.946284e+01))-1.025769e+00) * (((range_IP+1.219872e+01) / (lambda3-1.451651e-01))+2.344164e+01)) + a3 * ((((std_PE+1.643643e+01) / (lambda4w_low-5.139720e+00))-1.145563e+00) * (((lambda-1.257725e-01) / (mean_at_mass-1.645967e+01))+2.340248e-04))

Train RMSE: 1.06091 K; Test RMSE: 5.91668 K
c0 + a0 * ((((mean_PE-1.769890e+00) / (wtd_mean_PE-1.756432e+00))+1.225562e+00) * (((L_avg-2.029599e+00) * (density-6.558766e-01))-2.380661e+01)) + a1 * ((((range_ThermalCond+1.051244e+02) / (mean_at_mass-5.406439e+01))+2.756116e+01) * (((wtd_mean_at_mass+4.862068e+02) / (lambda3-6.298772e-01))+6.088943e+02)) + a2 * ((((range_EA-4.049303e-01) / (mean_PE-2.374296e+00))-5.423227e+00) * ((wtd_std_EA - (1.602452e+00*mean_IP))+1.214093e+01)) + a3 * ((((L_avg+6.766316e+01) / (wtd_mean_at_mass-9.946284e+01))-1.025769e+00) * (((range_IP+1.219872e+01) / (lambda3-1.451651e-01))+2.344164e+01)) + a4 * ((((wtd_mean_IP+1.001468e+02) / (lambda4w_low-5.140112e+00))-7.652570e+00) * (((lambda-1.201265e-01) / (mean_at_mass-1.644570e+01))+2.223113e-04))

