Commit: ac5ce3effde5dec1922a0476f389f7d8b9fd059a
Compiler: IntelLLVM version 2024.0.2
Compiler flags: -O3 -fp-model=precise -fiopenmp
time input_parsing: 0.061686 s
Time to generate feat space: 0.753686 s
Projection time: 0.557008 s
Time to get best features on rank : 0.00180197 s
|---Complete final combination/selection from all ranks: 0.01231 s
Time for SIS: 0.576939 s
Time for l0-norm: 0.0391819 s
Projection time: 0.00139785 s
Time to get best features on rank : 4.79221e-05 s
|---Complete final combination/selection from all ranks: 0.00862503 s
Time for SIS: 0.011174 s
Time for l0-norm: 0.00729609 s
Projection time: 0.00574017 s
Time to get best features on rank : 0.000119925 s
|---Complete final combination/selection from all ranks: 0.048799 s
Time for SIS: 0.0556788 s
Time for l0-norm: 0.00499701 s
Projection time: 0.00136995 s
Time to get best features on rank : 5.48363e-05 s
|---Complete final combination/selection from all ranks: 0.00778008 s
Time for SIS: 0.0101318 s
Time for l0-norm: 0.161056 s
Projection time: 0.00506806 s
Time to get best features on rank : 4.79221e-05 s
|---Complete final combination/selection from all ranks: 0.00858688 s
Time for SIS: 0.0147631 s
Time for l0-norm: 13.6744 s
Train RMSE: 5.14845 K; Test RMSE: 3.98093 K
c0 + a0 * (lambda * w_log)

Train RMSE: 4.04198 K; Test RMSE: 2.70571 K
c0 + a0 * ln(lambda) + a1 * (w_log / mean_at_mass)

Train RMSE: 3.79327 K; Test RMSE: 6.23555 K
c0 + a0 * ln(lambda3) + a1 * (w_log / density) + a2 * (mean_at_rad / wtd_mean_at_mass)

Train RMSE: 3.3982 K; Test RMSE: 2.64396 K
c0 + a0 * (range_at_rad * wtd_range_at_mass) + a1 * (|std_EA - wtd_mean_EA|) + a2 * ln(lambda) + a3 * (w_log / wtd_mean_at_mass)

Train RMSE: 2.97216 K; Test RMSE: 4.54413 K
c0 + a0 * (wtd_mean_EA * V_molar) + a1 * (wtd_range_PE * wtd_std_EA) + a2 * (std_EA - wtd_mean_IP) + a3 * cbrt(lambda) + a4 * (w_log / wtd_mean_at_mass)

