Commit: ac5ce3effde5dec1922a0476f389f7d8b9fd059a
Compiler: IntelLLVM version 2024.0.2
Compiler flags: -O3 -fp-model=precise -fiopenmp
time input_parsing: 0.060148 s
Time to generate feat space: 0.185384 s
Projection time: 0.140935 s
Time to get best features on rank : 9.89437e-05 s
|---Complete final combination/selection from all ranks: 0.0125549 s
Time for SIS: 0.160447 s
Time for l0-norm: 0.0309792 s
Projection time: 0.00623918 s
Time to get best features on rank : 4.69685e-05 s
|---Complete final combination/selection from all ranks: 0.00770378 s
Time for SIS: 0.0149238 s
Time for l0-norm: 0.00698113 s
Projection time: 0.00382781 s
Time to get best features on rank : 4.50611e-05 s
|---Complete final combination/selection from all ranks: 0.00801587 s
Time for SIS: 0.012893 s
Time for l0-norm: 0.00649881 s
Projection time: 0.00417304 s
Time to get best features on rank : 4.88758e-05 s
|---Complete final combination/selection from all ranks: 0.049243 s
Time for SIS: 0.0543931 s
Time for l0-norm: 0.161811 s
Projection time: 0.00461102 s
Time to get best features on rank : 5.60284e-05 s
|---Complete final combination/selection from all ranks: 0.00847888 s
Time for SIS: 0.0143921 s
Time for l0-norm: 13.6904 s
Train RMSE: 5.20127 K; Test RMSE: 2.66418 K
c0 + a0 * (lambda * w_log)

Train RMSE: 4.00285 K; Test RMSE: 3.12929 K
c0 + a0 * cbrt(lambda) + a1 * (w_log / wtd_mean_at_mass)

Train RMSE: 3.64721 K; Test RMSE: 3.73445 K
c0 + a0 * (wtd_mean_EA * wtd_range_at_mass) + a1 * cbrt(lambda) + a2 * (w_log / wtd_mean_at_mass)

Train RMSE: 3.34286 K; Test RMSE: 4.33082 K
c0 + a0 * (std_EA * bulk_mod) + a1 * (wtd_mean_EA * density) + a2 * cbrt(lambda) + a3 * (w_log / wtd_mean_at_mass)

Train RMSE: 2.97728 K; Test RMSE: 3.69193 K
c0 + a0 * (wtd_range_PE * std_EA) + a1 * (mean_IP * wtd_range_at_mass) + a2 * (wtd_mean_EA * V_molar) + a3 * cbrt(lambda) + a4 * (w_log / wtd_mean_at_mass)

