Commit: ac5ce3effde5dec1922a0476f389f7d8b9fd059a
Compiler: IntelLLVM version 2024.0.2
Compiler flags: -O3 -fp-model=precise -fiopenmp
time input_parsing: 0.0636981 s
Time to generate feat space: 0.733108 s
Projection time: 0.938272 s
Time to get best features on rank : 0.000582933 s
|---Complete final combination/selection from all ranks: 0.0112028 s
Time for SIS: 0.955219 s
Time for l0-norm: 0.0391161 s
Projection time: 0.00145006 s
Time to get best features on rank : 0.000718832 s
|---Complete final combination/selection from all ranks: 0.00873613 s
Time for SIS: 0.0120909 s
Time for l0-norm: 0.00602317 s
Projection time: 0.00652599 s
Time to get best features on rank : 4.60148e-05 s
|---Complete final combination/selection from all ranks: 0.0426128 s
Time for SIS: 0.0501671 s
Time for l0-norm: 0.0062592 s
Projection time: 0.00141382 s
Time to get best features on rank : 0.00439286 s
|---Complete final combination/selection from all ranks: 0.0180531 s
Time for SIS: 0.025435 s
Time for l0-norm: 0.166636 s
Projection time: 0.00773692 s
Time to get best features on rank : 0.00111103 s
|---Complete final combination/selection from all ranks: 0.024193 s
Time for SIS: 0.0444021 s
Time for l0-norm: 13.5973 s
Train RMSE: 5.1067 K; Test RMSE: 4.34466 K
c0 + a0 * (lambda * w_log)

Train RMSE: 4.04137 K; Test RMSE: 3.47702 K
c0 + a0 * ln(lambda) + a1 * (w_log / density)

Train RMSE: 3.73366 K; Test RMSE: 5.51355 K
c0 + a0 * (std_EA / wtd_mean_at_mass) + a1 * (mean_EA * lambda) + a2 * (w_log / density)

Train RMSE: 3.38321 K; Test RMSE: 3.86952 K
c0 + a0 * (wtd_mean_EA + 1.187644e-02*wtd_range_at_mass) + a1 * (wtd_range_PE * std_EA) + a2 * cbrt(lambda) + a3 * (w_log / density)

Train RMSE: 2.98346 K; Test RMSE: 3.46982 K
c0 + a0 * (std_at_rad * density) + a1 * (range_at_rad * density) + a2 * (range_EA - wtd_mean_EA) + a3 * cbrt(lambda) + a4 * (w_log / wtd_mean_at_mass)

