Commit: ac5ce3effde5dec1922a0476f389f7d8b9fd059a
Compiler: IntelLLVM version 2024.0.2
Compiler flags: -O3 -fp-model=precise -fiopenmp
time input_parsing: 0.0527489 s
Time to generate feat space: 13067.4 s
Projection time: 0.385454 s
Time to get best features on rank : 0.00132322 s
|---Complete final combination/selection from all ranks: 0.019269 s
Time for SIS: 0.511508 s
Time for l0-norm: 0.032732 s
Projection time: 0.430452 s
Time to get best features on rank : 0.00291991 s
|---Complete final combination/selection from all ranks: 0.0168471 s
Time for SIS: 0.54544 s
Time for l0-norm: 0.00808692 s
Projection time: 0.423735 s
Time to get best features on rank : 0.00170994 s
|---Complete final combination/selection from all ranks: 0.016216 s
Time for SIS: 0.538707 s
Time for l0-norm: 0.00821185 s
Projection time: 0.430996 s
Time to get best features on rank : 0.00231409 s
|---Complete final combination/selection from all ranks: 0.0165832 s
Time for SIS: 0.547269 s
Time for l0-norm: 0.1688 s
Projection time: 0.426449 s
Time to get best features on rank : 0.00177503 s
|---Complete final combination/selection from all ranks: 0.0580831 s
Time for SIS: 0.583994 s
Time for l0-norm: 13.332 s
Train RMSE: 3.30781 K; Test RMSE: 8.76689 K
c0 + a0 * ((((lambda3+5.022621e+01) / (wtd_mean_at_mass-1.508518e+01))-8.401522e+00) * (((mean_IP-1.010692e+01) / (lambda4w_low+3.576989e+02))+2.415996e-03))

Train RMSE: 2.3111 K; Test RMSE: 141.137 K
c0 + a0 * ((((wtd_std_IP-3.985383e-01) / (wtd_mean_PE-2.052449e+00))-5.573606e+00) * (((density+2.936457e+02) / (lambda4w_low+3.469773e+01))-6.829850e-01)) + a1 * (((range_PE+7.114992e+01) * (lambda+1.693466e+02)) + 1.649325e+00*((lambda4w_low-8.173621e+00) / (bulk_mod-1.552916e+02)))

Train RMSE: 1.6803 K; Test RMSE: 19.5237 K
c0 + a0 * ((range_IP / bulk_mod) / (wtd_mean_at_mass - (3.871892e-02*lambda4w_low))) + a1 * ((((wtd_std_IP-3.985383e-01) / (wtd_mean_PE-2.052449e+00))-5.573606e+00) * (((density+2.936457e+02) / (lambda4w_low+3.469773e+01))-6.829850e-01)) + a2 * ((((wtd_range_at_mass-1.232907e+01) / (wtd_mean_at_rad-1.038486e+00))+5.099903e+01) * (((lambda3+1.187014e-01) * (w_log-7.050916e+00))-7.852228e+01))

Train RMSE: 1.34297 K; Test RMSE: 20.3505 K
c0 + a0 * ((((range_at_rad+1.484729e-01)^6)+2.113661e-02) * (((wtd_std_ThermalCond+1.407510e+01) / (lambda3-1.659536e-01))-8.476603e+01)) + a1 * ((((bulk_mod-5.319721e+01) / (V_molar-2.190964e+01))+1.264602e+01) * (((range_EA+4.178355e+00) * (std_at_rad-1.944606e-01))+1.069073e-02)) + a2 * (((range_ThermalCond+9.245406e+01) * (mean_IP-7.036466e+00)) - (8.933838e+01*((wtd_mean_at_rad-1.465258e+00) / (mean_IP-7.064470e+00)))) + a3 * ((((wtd_range_at_mass-1.232907e+01) / (wtd_mean_at_rad-1.038486e+00))+5.099903e+01) * (((lambda3+1.187014e-01) * (w_log-7.050916e+00))-7.852228e+01))

Train RMSE: 1.06598 K; Test RMSE: 21.368 K
c0 + a0 * ((((wtd_std_at_rad-2.859222e-02)^6)+2.917455e-02) * ((sin(-4.288004e+01*wtd_std_PE+5.076339e-01))+2.702439e+00)) + a1 * ((((bulk_mod-1.216064e+02) * (wtd_range_ThermalCond-1.960421e+01))+5.889501e+02) * (((wtd_std_EA-1.526376e-01) * (wtd_range_at_mass+2.103789e+02))-5.453509e+00)) + a2 * ((((std_ThermalCond-2.927712e+00) / (lambda3-9.674947e-02))-2.516890e+02) * (((wtd_std_at_rad-8.667082e-01) / (lambda4w_low-4.651315e+00))-6.218545e+00)) + a3 * (((range_ThermalCond+9.245406e+01) * (mean_IP-7.036466e+00)) - (8.933838e+01*((wtd_mean_at_rad-1.465258e+00) / (mean_IP-7.064470e+00)))) + a4 * ((((wtd_range_at_mass-1.232907e+01) / (wtd_mean_at_rad-1.038486e+00))+5.099903e+01) * (((lambda3+1.187014e-01) * (w_log-7.050916e+00))-7.852228e+01))

