Commit: ac5ce3effde5dec1922a0476f389f7d8b9fd059a
Compiler: IntelLLVM version 2024.0.2
Compiler flags: -O3 -fp-model=precise -fiopenmp
time input_parsing: 0.098881 s
Time to generate feat space: 1004.04 s
Projection time: 0.0758982 s
Time to get best features on rank : 0.000609159 s
|---Complete final combination/selection from all ranks: 0.0194249 s
Time for SIS: 0.116944 s
Time for l0-norm: 0.0221488 s
Projection time: 0.073035 s
Time to get best features on rank : 0.000125885 s
|---Complete final combination/selection from all ranks: 0.0160651 s
Time for SIS: 0.102996 s
Time for l0-norm: 0.00708389 s
Projection time: 0.073209 s
Time to get best features on rank : 0.000113964 s
|---Complete final combination/selection from all ranks: 0.015511 s
Time for SIS: 0.10263 s
Time for l0-norm: 0.00824404 s
Projection time: 0.0827131 s
Time to get best features on rank : 0.000105143 s
|---Complete final combination/selection from all ranks: 0.0169861 s
Time for SIS: 0.114175 s
Time for l0-norm: 0.167878 s
Projection time: 0.081414 s
Time to get best features on rank : 0.000100136 s
|---Complete final combination/selection from all ranks: 0.016196 s
Time for SIS: 0.111644 s
Time for l0-norm: 13.3635 s
Train RMSE: 3.17023 K; Test RMSE: 4.87054 K
c0 + a0 * (((lambda-5.038720e+01) / (mean_IP+2.782996e+01)) - (2.216922e+00*((wtd_std_EA+2.456776e-01) / (mean_at_mass-1.866715e+01))))

Train RMSE: 2.09753 K; Test RMSE: 5.26163 K
c0 + a0 * (((wtd_mean_IP-6.084485e+00) * (wtd_std_at_mass+1.048627e+02)) - (6.933908e+00*((wtd_mean_ThermalCond-1.293154e+01) / (wtd_mean_at_mass-9.955975e+01)))) + a1 * ((lambda - (0.000000e+00*w_log)) - (4.041774e-03*((wtd_range_ThermalCond-1.007120e+01) / (mean_at_rad-1.128387e+00))))

Train RMSE: 1.62467 K; Test RMSE: 5.32957 K
c0 + a0 * (((std_IP-8.304755e+01) / (mean_IP-9.004186e+00)) - (1.035346e+01*((wtd_range_at_mass+1.959838e+01) / (lambda3-6.047601e-01)))) + a1 * (((wtd_mean_IP-6.084485e+00) * (wtd_std_at_mass+1.048627e+02)) - (6.933908e+00*((wtd_mean_ThermalCond-1.293154e+01) / (wtd_mean_at_mass-9.955975e+01)))) + a2 * ((lambda - (0.000000e+00*w_log)) - (4.041774e-03*((wtd_range_ThermalCond-1.007120e+01) / (mean_at_rad-1.128387e+00))))

Train RMSE: 1.29672 K; Test RMSE: 5.40165 K
c0 + a0 * ((exp(1.040981e+00*L_avg)) - (3.634317e-02*((lambda+2.186439e+03) / (L_avg-4.598910e+00)))) + a1 * (((std_IP-8.304755e+01) / (mean_IP-9.004186e+00)) - (1.035346e+01*((wtd_range_at_mass+1.959838e+01) / (lambda3-6.047601e-01)))) + a2 * (((wtd_mean_IP-6.084485e+00) * (wtd_std_at_mass+1.048627e+02)) - (6.933908e+00*((wtd_mean_ThermalCond-1.293154e+01) / (wtd_mean_at_mass-9.955975e+01)))) + a3 * ((lambda - (0.000000e+00*w_log)) - (4.041774e-03*((wtd_range_ThermalCond-1.007120e+01) / (mean_at_rad-1.128387e+00))))

Train RMSE: 1.00729 K; Test RMSE: 5.73857 K
c0 + a0 * (((range_EA-3.041951e+01) * (mean_at_rad-1.410089e+01)) - (1.657466e+00*((mean_EA-5.532808e-01) / (wtd_mean_PE-1.870218e+00)))) + a1 * ((std_IP / bulk_mod) / (mean_IP - (3.127361e-01*lambda4w_low))) + a2 * (((wtd_std_ThermalCond-9.737604e+01) / (density-7.628304e+00)) - (7.516364e+00*((range_PE+4.017903e+01) / (lambda3-3.341385e+00)))) + a3 * (((wtd_mean_IP-6.084485e+00) * (wtd_std_at_mass+1.048627e+02)) - (6.933908e+00*((wtd_mean_ThermalCond-1.293154e+01) / (wtd_mean_at_mass-9.955975e+01)))) + a4 * ((lambda - (0.000000e+00*w_log)) - (4.041774e-03*((wtd_range_ThermalCond-1.007120e+01) / (mean_at_rad-1.128387e+00))))

