Commit: ac5ce3effde5dec1922a0476f389f7d8b9fd059a
Compiler: IntelLLVM version 2024.0.2
Compiler flags: -O3 -fp-model=precise -fiopenmp
time input_parsing: 0.093962 s
Time to generate feat space: 1.65079 s
Projection time: 0.148812 s
Time to get best features on rank : 0.00039506 s
|---Complete final combination/selection from all ranks: 0.0123289 s
Time for SIS: 0.169299 s
Time for l0-norm: 0.026036 s
Projection time: 0.00192213 s
Time to get best features on rank : 0.000518799 s
|---Complete final combination/selection from all ranks: 0.0517559 s
Time for SIS: 0.0553589 s
Time for l0-norm: 0.00841689 s
Projection time: 0.00216413 s
Time to get best features on rank : 4.60148e-05 s
|---Complete final combination/selection from all ranks: 0.00805497 s
Time for SIS: 0.0112941 s
Time for l0-norm: 0.00750709 s
Projection time: 0.001899 s
Time to get best features on rank : 5.29289e-05 s
|---Complete final combination/selection from all ranks: 0.00844193 s
Time for SIS: 0.0114009 s
Time for l0-norm: 0.162154 s
Projection time: 0.00464606 s
Time to get best features on rank : 5.19753e-05 s
|---Complete final combination/selection from all ranks: 0.00835204 s
Time for SIS: 0.0142848 s
Time for l0-norm: 13.0012 s
Train RMSE: 5.1067 K; Test RMSE: 4.34466 K
c0 + a0 * (lambda * w_log)

Train RMSE: 4.04137 K; Test RMSE: 3.47702 K
c0 + a0 * ln(lambda) + a1 * (w_log / density)

Train RMSE: 3.73366 K; Test RMSE: 5.51355 K
c0 + a0 * (std_EA / wtd_mean_at_mass) + a1 * (mean_EA * lambda) + a2 * (w_log / density)

Train RMSE: 3.36631 K; Test RMSE: 3.17754 K
c0 + a0 * (range_at_rad * wtd_mean_at_mass) + a1 * (std_EA - (7.367719e-01*wtd_mean_EA)) + a2 * cbrt(lambda) + a3 * (w_log / wtd_mean_at_mass)

Train RMSE: 3.03667 K; Test RMSE: 3.20054 K
c0 + a0 * (std_at_rad * density) + a1 * (std_EA - (7.367719e-01*wtd_mean_EA)) + a2 * (range_at_rad * density) + a3 * cbrt(lambda) + a4 * (w_log / wtd_mean_at_mass)

