Commit: ac5ce3effde5dec1922a0476f389f7d8b9fd059a
Compiler: IntelLLVM version 2024.0.2
Compiler flags: -O3 -fp-model=precise -fiopenmp
time input_parsing: 1.06511 s
Time to generate feat space: 0.163248 s
Projection time: 0.938105 s
Time to get best features on rank : 0.00205588 s
|---Complete final combination/selection from all ranks: 0.0109661 s
Time for SIS: 0.961254 s
Time for l0-norm: 0.0305891 s
Projection time: 0.00188303 s
Time to get best features on rank : 9.48906e-05 s
|---Complete final combination/selection from all ranks: 0.00949502 s
Time for SIS: 0.0127809 s
Time for l0-norm: 0.0166268 s
Projection time: 0.00188899 s
Time to get best features on rank : 0.000326157 s
|---Complete final combination/selection from all ranks: 0.0549161 s
Time for SIS: 0.0581231 s
Time for l0-norm: 0.00710797 s
Projection time: 0.00180483 s
Time to get best features on rank : 0.00011301 s
|---Complete final combination/selection from all ranks: 0.00802302 s
Time for SIS: 0.011117 s
Time for l0-norm: 0.16795 s
Projection time: 0.00260305 s
Time to get best features on rank : 5.10216e-05 s
|---Complete final combination/selection from all ranks: 0.0080471 s
Time for SIS: 0.0118589 s
Time for l0-norm: 13.4551 s
Train RMSE: 5.12072 K; Test RMSE: 4.35138 K
c0 + a0 * (lambda * w_log)

Train RMSE: 3.97692 K; Test RMSE: 3.40801 K
c0 + a0 * ln(lambda) + a1 * (w_log / mean_at_mass)

Train RMSE: 3.71539 K; Test RMSE: 3.02979 K
c0 + a0 * (wtd_mean_EA * wtd_range_at_mass) + a1 * cbrt(lambda) + a2 * (w_log / wtd_mean_at_mass)

Train RMSE: 3.36918 K; Test RMSE: 2.9322 K
c0 + a0 * (|std_EA - wtd_mean_EA|) + a1 * (range_at_rad * density) + a2 * ln(lambda) + a3 * (w_log / wtd_mean_at_mass)

Train RMSE: 3.08748 K; Test RMSE: 2.77151 K
c0 + a0 * (wtd_mean_IP + 5.601685e-02*V_molar) + a1 * (wtd_range_PE * wtd_std_EA) + a2 * (wtd_mean_EA + 6.125868e-03*wtd_range_at_mass) + a3 * cbrt(lambda) + a4 * (w_log / wtd_mean_at_mass)

