Commit: ac5ce3effde5dec1922a0476f389f7d8b9fd059a
Compiler: IntelLLVM version 2024.0.2
Compiler flags: -O3 -fp-model=precise -fiopenmp
time input_parsing: 0.0556531 s
Time to generate feat space: 969.936 s
Projection time: 0.0712972 s
Time to get best features on rank : 0.000720024 s
|---Complete final combination/selection from all ranks: 0.0206492 s
Time for SIS: 0.111773 s
Time for l0-norm: 0.0175669 s
Projection time: 0.073076 s
Time to get best features on rank : 0.000598907 s
|---Complete final combination/selection from all ranks: 0.0167179 s
Time for SIS: 0.102594 s
Time for l0-norm: 0.00690889 s
Projection time: 0.0778539 s
Time to get best features on rank : 0.000688791 s
|---Complete final combination/selection from all ranks: 0.0168021 s
Time for SIS: 0.107565 s
Time for l0-norm: 0.00654697 s
Projection time: 0.073889 s
Time to get best features on rank : 8.60691e-05 s
|---Complete final combination/selection from all ranks: 0.0161662 s
Time for SIS: 0.103327 s
Time for l0-norm: 0.16704 s
Projection time: 0.0734389 s
Time to get best features on rank : 9.48906e-05 s
|---Complete final combination/selection from all ranks: 0.017482 s
Time for SIS: 0.10404 s
Time for l0-norm: 13.2236 s
Train RMSE: 3.28398 K; Test RMSE: 3.56 K
c0 + a0 * (((wtd_mean_IP-1.448789e+00) * (lambda+7.988651e+00)) - (3.808897e-01*((L_avg-2.570127e+00) / (mean_at_rad-1.126964e+00))))

Train RMSE: 2.39857 K; Test RMSE: 3.52747 K
c0 + a0 * (((wtd_std_at_mass+1.713792e+02) / (lambda3-4.784197e-02)) - (6.762601e+01*((wtd_mean_ThermalCond-4.166984e+01) / (mean_IP-7.038197e+00)))) + a1 * (((wtd_mean_IP-1.448789e+00) * (lambda+7.988651e+00)) - (3.808897e-01*((L_avg-2.570127e+00) / (mean_at_rad-1.126964e+00))))

Train RMSE: 1.65774 K; Test RMSE: 3.44632 K
c0 + a0 * (((bulk_mod+2.943275e+03) / (wtd_mean_ThermalCond-1.050807e+02)) - (2.320392e+00*((wtd_range_at_mass-1.471879e+02) / (mean_at_mass-5.416409e+01)))) + a1 * (((std_at_mass+7.956240e+01) / (lambda3-4.768286e-02)) - (5.418802e-03*((wtd_mean_ThermalCond-4.251039e+04) / (wtd_mean_at_rad-1.578826e+00)))) + a2 * (((mean_IP+3.382811e+00) * (lambda+1.301569e+01)) - (1.782610e+00*((wtd_mean_PE-2.329388e+00) / (mean_at_rad-1.121224e+00))))

Train RMSE: 1.32734 K; Test RMSE: 3.61268 K
c0 + a0 * (((range_at_rad-6.500896e+00) / (wtd_mean_at_rad-2.965495e-01)) - (1.816236e+00*((wtd_mean_PE+3.919043e+00) * (mean_PE-7.755430e+00)))) + a1 * (((bulk_mod+2.943275e+03) / (wtd_mean_ThermalCond-1.050807e+02)) - (2.320392e+00*((wtd_range_at_mass-1.471879e+02) / (mean_at_mass-5.416409e+01)))) + a2 * (((std_at_mass+7.956240e+01) / (lambda3-4.768286e-02)) - (5.418802e-03*((wtd_mean_ThermalCond-4.251039e+04) / (wtd_mean_at_rad-1.578826e+00)))) + a3 * (((mean_IP+3.382811e+00) * (lambda+1.301569e+01)) - (1.782610e+00*((wtd_mean_PE-2.329388e+00) / (mean_at_rad-1.121224e+00))))

Train RMSE: 1.05596 K; Test RMSE: 3.04754 K
c0 + a0 * (((range_at_rad-8.234303e+00) / (wtd_mean_IP-7.213221e+00)) - (3.434253e+00*((std_ThermalCond-6.040080e+00) * (density-2.651914e+00)))) + a1 * (((w_log-7.172268e+00) / (density-4.999702e+00)) - (5.749769e+01*((wtd_std_ThermalCond-4.697985e+01) / (wtd_mean_at_mass-2.873782e+01)))) + a2 * (((bulk_mod+2.943275e+03) / (wtd_mean_ThermalCond-1.050807e+02)) - (2.320392e+00*((wtd_range_at_mass-1.471879e+02) / (mean_at_mass-5.416409e+01)))) + a3 * (((w_log+5.320158e+01) / (lambda3-4.798968e-02)) - (1.302349e+01*((wtd_range_PE-8.050391e+01) / (wtd_mean_at_rad-1.580332e+00)))) + a4 * (((mean_IP+3.382811e+00) * (lambda+1.301569e+01)) - (1.782610e+00*((wtd_mean_PE-2.329388e+00) / (mean_at_rad-1.121224e+00))))

