Commit: ac5ce3effde5dec1922a0476f389f7d8b9fd059a
Compiler: IntelLLVM version 2024.0.2
Compiler flags: -O3 -fp-model=precise -fiopenmp
time input_parsing: 0.0531268 s
Time to generate feat space: 3095.05 s
Projection time: 0.155767 s
Time to get best features on rank : 0.00107002 s
|---Complete final combination/selection from all ranks: 0.01756 s
Time for SIS: 0.208124 s
Time for l0-norm: 0.025775 s
Projection time: 0.172681 s
Time to get best features on rank : 0.0014782 s
|---Complete final combination/selection from all ranks: 0.0167999 s
Time for SIS: 0.219077 s
Time for l0-norm: 0.00777197 s
Projection time: 0.171287 s
Time to get best features on rank : 0.00156784 s
|---Complete final combination/selection from all ranks: 0.0164478 s
Time for SIS: 0.21693 s
Time for l0-norm: 0.00775194 s
Projection time: 0.174292 s
Time to get best features on rank : 0.00102496 s
|---Complete final combination/selection from all ranks: 0.018044 s
Time for SIS: 0.221934 s
Time for l0-norm: 0.176511 s
Projection time: 0.176185 s
Time to get best features on rank : 0.00138593 s
|---Complete final combination/selection from all ranks: 0.016988 s
Time for SIS: 0.2231 s
Time for l0-norm: 14.0347 s
Train RMSE: 3.35249 K
c0 + a0 * (((lambda-2.142274e+01) / (mean_IP+2.981637e+00)) - (1.017308e+01*((mean_PE-1.787970e+00) / (wtd_mean_at_mass-1.486209e+01))))

Train RMSE: 2.33698 K
c0 + a0 * (((wtd_range_at_mass-1.586891e+00) / (wtd_mean_at_mass-9.979103e+01)) - (7.144710e-06*((range_ThermalCond-2.400296e+04) / (wtd_mean_at_rad-1.285455e+00)))) + a1 * (((lambda-2.142274e+01) / (mean_IP+2.981637e+00)) - (1.017308e+01*((mean_PE-1.787970e+00) / (wtd_mean_at_mass-1.486209e+01))))

Train RMSE: 1.83802 K
c0 + a0 * (((wtd_mean_at_mass-3.242642e+01) / (wtd_mean_at_rad-1.141418e+00)) - (3.163622e+01*((range_ThermalCond-2.996891e+01) * (wtd_mean_EA-6.525168e-01)))) + a1 * (((wtd_range_at_mass-1.586891e+00) / (wtd_mean_at_mass-9.979103e+01)) - (7.144710e-06*((range_ThermalCond-2.400296e+04) / (wtd_mean_at_rad-1.285455e+00)))) + a2 * ((wtd_mean_IP + 1.351811e+00*lambda) - (7.207619e-07*((mean_IP+2.971275e+04) / (mean_at_rad-1.125569e+00))))

Train RMSE: 1.52338 K
c0 + a0 * (((wtd_mean_at_mass-3.242642e+01) / (wtd_mean_at_rad-1.141418e+00)) - (3.163622e+01*((range_ThermalCond-2.996891e+01) * (wtd_mean_EA-6.525168e-01)))) + a1 * (((wtd_range_at_mass+6.633209e+02) / (wtd_mean_ThermalCond-1.050822e+02)) + 2.581488e+02*((wtd_std_EA-4.851481e-01) / (lambda3-2.488335e+01))) + a2 * (((wtd_range_IP+7.622513e+01) / (lambda3-4.788044e-02)) + 1.085907e+00*((bulk_mod-5.120143e+00) / (wtd_mean_IP-7.214547e+00))) + a3 * ((mean_IP + 6.926281e-01*lambda) - (6.166311e+01*((wtd_mean_PE-1.844015e+00) / (mean_at_mass-1.739303e+01))))

Train RMSE: 1.2219 K
c0 + a0 * (((mean_IP-6.120707e+01) / (wtd_mean_IP-7.163467e+00)) - (1.424078e+01*((wtd_mean_at_mass-3.696285e+01) / (lambda4w_low-1.427541e+01)))) + a1 * ((wtd_std_PE + 5.958464e-01*mean_EA) + 3.912845e-02*((range_EA-8.088995e-01) / (wtd_mean_at_rad-1.144276e+00))) + a2 * (((std_ThermalCond-9.969604e+01) / (wtd_mean_at_mass-9.898554e+01)) + 1.025004e+00*((wtd_mean_EA+3.523301e-01) / (lambda3-4.767239e-02))) + a3 * (((wtd_range_at_mass+6.633209e+02) / (wtd_mean_ThermalCond-1.050822e+02)) + 2.581488e+02*((wtd_std_EA-4.851481e-01) / (lambda3-2.488335e+01))) + a4 * ((mean_IP + 7.780704e-01*lambda) - (9.977051e+01*((wtd_std_EA-1.374830e-01) / (wtd_mean_at_mass-1.521297e+01))))

