Commit: ac5ce3effde5dec1922a0476f389f7d8b9fd059a
Compiler: IntelLLVM version 2024.0.2
Compiler flags: -O3 -fp-model=precise -fiopenmp
time input_parsing: 0.0512378 s
Time to generate feat space: 1.62766 s
Projection time: 0.980562 s
Time to get best features on rank : 0.000232935 s
|---Complete final combination/selection from all ranks: 0.0106871 s
Time for SIS: 0.997018 s
Time for l0-norm: 0.0346088 s
Projection time: 0.00623202 s
Time to get best features on rank : 5.19753e-05 s
|---Complete final combination/selection from all ranks: 0.048913 s
Time for SIS: 0.056565 s
Time for l0-norm: 0.00615692 s
Projection time: 0.00643992 s
Time to get best features on rank : 4.60148e-05 s
|---Complete final combination/selection from all ranks: 0.00787282 s
Time for SIS: 0.015682 s
Time for l0-norm: 0.00676703 s
Projection time: 0.00361514 s
Time to get best features on rank : 5.98431e-05 s
|---Complete final combination/selection from all ranks: 0.00850797 s
Time for SIS: 0.013763 s
Time for l0-norm: 0.16118 s
Projection time: 0.00489497 s
Time to get best features on rank : 6.38962e-05 s
|---Complete final combination/selection from all ranks: 0.00831294 s
Time for SIS: 0.0145111 s
Time for l0-norm: 12.9581 s
Train RMSE: 5.20127 K; Test RMSE: 2.66418 K
c0 + a0 * (lambda * w_log)

Train RMSE: 4.00285 K; Test RMSE: 3.12929 K
c0 + a0 * cbrt(lambda) + a1 * (w_log / wtd_mean_at_mass)

Train RMSE: 3.64721 K; Test RMSE: 3.73445 K
c0 + a0 * (wtd_mean_EA * wtd_range_at_mass) + a1 * cbrt(lambda) + a2 * (w_log / wtd_mean_at_mass)

Train RMSE: 3.36386 K; Test RMSE: 2.6807 K
c0 + a0 * (range_at_rad * wtd_mean_at_mass) + a1 * (|std_EA - wtd_mean_EA|) + a2 * cbrt(lambda) + a3 * (w_log / wtd_mean_at_mass)

Train RMSE: 2.93037 K; Test RMSE: 4.19154 K
c0 + a0 * (wtd_range_PE * wtd_std_EA) + a1 * (wtd_mean_EA * V_molar) + a2 * (wtd_mean_IP + 2.965282e-02*wtd_mean_at_mass) + a3 * cbrt(lambda) + a4 * (w_log / wtd_mean_at_mass)

