Commit: ac5ce3effde5dec1922a0476f389f7d8b9fd059a
Compiler: IntelLLVM version 2024.0.2
Compiler flags: -O3 -fp-model=precise -fiopenmp
time input_parsing: 0.0761218 s
Time to generate feat space: 0.782394 s
Projection time: 0.129157 s
Time to get best features on rank : 5.38826e-05 s
|---Complete final combination/selection from all ranks: 0.0121951 s
Time for SIS: 0.151166 s
Time for l0-norm: 0.025563 s
Projection time: 0.00148606 s
Time to get best features on rank : 5.10216e-05 s
|---Complete final combination/selection from all ranks: 0.0085988 s
Time for SIS: 0.011333 s
Time for l0-norm: 0.00694513 s
Projection time: 0.00148106 s
Time to get best features on rank : 4.19617e-05 s
|---Complete final combination/selection from all ranks: 0.0421431 s
Time for SIS: 0.044673 s
Time for l0-norm: 0.00649118 s
Projection time: 0.00283885 s
Time to get best features on rank : 4.79221e-05 s
|---Complete final combination/selection from all ranks: 0.00805902 s
Time for SIS: 0.0119078 s
Time for l0-norm: 0.161327 s
Projection time: 0.00434995 s
Time to get best features on rank : 5.48363e-05 s
|---Complete final combination/selection from all ranks: 0.00879002 s
Time for SIS: 0.014287 s
Time for l0-norm: 13.7533 s
Train RMSE: 4.72075 K; Test RMSE: 7.69482 K
c0 + a0 * (w_log / wtd_mean_at_mass)

Train RMSE: 3.47233 K; Test RMSE: 6.87207 K
c0 + a0 * cbrt(lambda) + a1 * (w_log / wtd_mean_at_mass)

Train RMSE: 3.18306 K; Test RMSE: 7.35122 K
c0 + a0 * (wtd_range_PE / lambda) + a1 * (mean_IP * lambda) + a2 * (w_log / wtd_mean_at_mass)

Train RMSE: 2.94214 K; Test RMSE: 7.1691 K
c0 + a0 * (wtd_mean_IP * wtd_mean_at_rad) + a1 * (wtd_range_PE / lambda) + a2 * (wtd_std_EA - (3.535896e-01*lambda)) + a3 * (w_log / wtd_mean_at_mass)

Train RMSE: 2.68198 K; Test RMSE: 6.14701 K
c0 + a0 * (std_at_rad * density) + a1 * (range_EA / wtd_mean_at_mass) + a2 * (range_at_rad * density) + a3 * cbrt(lambda) + a4 * (w_log / density)

