Commit: ac5ce3effde5dec1922a0476f389f7d8b9fd059a
Compiler: IntelLLVM version 2024.0.2
Compiler flags: -O3 -fp-model=precise -fiopenmp
time input_parsing: 0.0488532 s
Time to generate feat space: 1.77771 s
Projection time: 0.03567 s
Time to get best features on rank : 7.79629e-05 s
|---Complete final combination/selection from all ranks: 0.016238 s
Time for SIS: 0.058531 s
Time for l0-norm: 0.017272 s
Projection time: 0.0248699 s
Time to get best features on rank : 7.20024e-05 s
|---Complete final combination/selection from all ranks: 0.0153611 s
Time for SIS: 0.0448749 s
Time for l0-norm: 0.0057888 s
Projection time: 0.0269222 s
Time to get best features on rank : 7.58171e-05 s
|---Complete final combination/selection from all ranks: 0.014493 s
Time for SIS: 0.046011 s
Time for l0-norm: 0.00656295 s
Projection time: 0.0263629 s
Time to get best features on rank : 6.8903e-05 s
|---Complete final combination/selection from all ranks: 0.014019 s
Time for SIS: 0.044944 s
Time for l0-norm: 0.168625 s
Projection time: 0.0286891 s
Time to get best features on rank : 0.000164986 s
|---Complete final combination/selection from all ranks: 0.0141602 s
Time for SIS: 0.047575 s
Time for l0-norm: 13.643 s
Train RMSE: 3.87559 K; Test RMSE: 2.73146 K
c0 + a0 * ((w_log^2) * (wtd_range_PE * lambda3))

Train RMSE: 3.30161 K; Test RMSE: 2.56672 K
c0 + a0 * (|(|wtd_range_EA - range_IP|) - (range_PE * wtd_range_IP)|) + a1 * ((lambda4w_low * w_log) * sqrt(w_log))

Train RMSE: 2.72342 K; Test RMSE: 2.62152 K
c0 + a0 * ((wtd_range_at_rad * lambda) * (|mean_EA - std_IP|)) + a1 * (|(|wtd_range_EA - range_IP|) - (range_PE * wtd_range_IP)|) + a2 * ((w_log^2) * (wtd_range_EA * lambda4w_low))

Train RMSE: 2.3694 K; Test RMSE: 2.92756 K
c0 + a0 * ((mean_EA - wtd_range_IP) + (|range_EA - wtd_range_IP|)) + a1 * ((wtd_range_at_rad * lambda) * (|mean_EA - std_IP|)) + a2 * (|(|std_EA - range_IP|) - (range_PE * wtd_range_IP)|) + a3 * ((w_log^2) * (wtd_range_EA * lambda4w_low))

Train RMSE: 1.91068 K; Test RMSE: 2467.67 K
c0 + a0 * (exp(9.176741e-01*((range_ThermalCond+4.756444e+00) * (wtd_range_PE-1.289862e+00)))) + a1 * ((density^2) / (exp(5.654550e-01*wtd_range_ThermalCond))) + a2 * ((wtd_range_at_rad * lambda) * (|mean_EA - std_IP|)) + a3 * ((|range_EA - wtd_std_IP|) / (|mean_EA - wtd_range_IP|)) + a4 * ((w_log^2) * (wtd_range_EA * lambda4w_low))

