Commit: ac5ce3effde5dec1922a0476f389f7d8b9fd059a
Compiler: IntelLLVM version 2024.0.2
Compiler flags: -O3 -fp-model=precise -fiopenmp
time input_parsing: 0.0622931 s
Time to generate feat space: 1.95788 s
Projection time: 0.931218 s
Time to get best features on rank : 0.000435829 s
|---Complete final combination/selection from all ranks: 0.0116248 s
Time for SIS: 0.948623 s
Time for l0-norm: 0.0395539 s
Projection time: 0.00494409 s
Time to get best features on rank : 5.91278e-05 s
|---Complete final combination/selection from all ranks: 0.00871491 s
Time for SIS: 0.0149438 s
Time for l0-norm: 0.0103951 s
Projection time: 0.00613308 s
Time to get best features on rank : 5.81741e-05 s
|---Complete final combination/selection from all ranks: 0.049361 s
Time for SIS: 0.05669 s
Time for l0-norm: 0.00539398 s
Projection time: 0.00806999 s
Time to get best features on rank : 6.48499e-05 s
|---Complete final combination/selection from all ranks: 0.00855088 s
Time for SIS: 0.0178921 s
Time for l0-norm: 0.164859 s
Projection time: 0.00753999 s
Time to get best features on rank : 6.29425e-05 s
|---Complete final combination/selection from all ranks: 0.00816512 s
Time for SIS: 0.01703 s
Time for l0-norm: 13.2325 s
Train RMSE: 5.02804 K
c0 + a0 * (lambda * w_log)

Train RMSE: 3.81496 K
c0 + a0 * ((lambda-1.974315e-01) * (w_log+5.689319e+01)) + a1 * (w_log / mean_at_mass)

Train RMSE: 3.59111 K
c0 + a0 * (|range_EA - mean_EA|) + a1 * (w_log / wtd_mean_at_mass) + a2 * ((lambda-1.974315e-01) * (w_log+5.689319e+01))

Train RMSE: 3.32014 K
c0 + a0 * (wtd_mean_IP * density) + a1 * (|range_EA - mean_EA|) + a2 * ((lambda-1.974315e-01) * (w_log+5.689319e+01)) + a3 * (w_log / density)

Train RMSE: 2.96302 K
c0 + a0 * (mean_EA * V_molar) + a1 * ((range_at_mass-8.811541e+00) * (wtd_mean_IP-8.260615e+00)) + a2 * ((wtd_range_PE-4.330180e-01) * (wtd_std_EA-1.174194e-01)) + a3 * ((lambda-1.974315e-01) * (w_log+5.689319e+01)) + a4 * (w_log^2)

