Commit: ac5ce3effde5dec1922a0476f389f7d8b9fd059a
Compiler: IntelLLVM version 2024.0.2
Compiler flags: -O3 -fp-model=precise -fiopenmp
time input_parsing: 0.077029 s
Time to generate feat space: 1.09544 s
Projection time: 0.93283 s
Time to get best features on rank : 0.000447035 s
|---Complete final combination/selection from all ranks: 0.0527592 s
Time for SIS: 0.986604 s
Time for l0-norm: 0.0358472 s
Projection time: 0.00556302 s
Time to get best features on rank : 6.41346e-05 s
|---Complete final combination/selection from all ranks: 0.00930309 s
Time for SIS: 0.016145 s
Time for l0-norm: 0.007267 s
Projection time: 0.00372386 s
Time to get best features on rank : 0.00029397 s
|---Complete final combination/selection from all ranks: 0.0082252 s
Time for SIS: 0.013391 s
Time for l0-norm: 0.00654101 s
Projection time: 0.00358081 s
Time to get best features on rank : 0.000151873 s
|---Complete final combination/selection from all ranks: 0.00844502 s
Time for SIS: 0.0134518 s
Time for l0-norm: 0.164686 s
Projection time: 0.00316596 s
Time to get best features on rank : 5.19753e-05 s
|---Complete final combination/selection from all ranks: 0.00852323 s
Time for SIS: 0.0128331 s
Time for l0-norm: 13.3058 s
Train RMSE: 4.63881 K; Test RMSE: 8.45681 K
c0 + a0 * (w_log / wtd_mean_at_mass)

Train RMSE: 3.81397 K; Test RMSE: 6.35236 K
c0 + a0 * (exp(-1.0 * lambda)) + a1 * (w_log / mean_at_mass)

Train RMSE: 3.58846 K; Test RMSE: 5.6922 K
c0 + a0 * (wtd_mean_EA * wtd_range_at_mass) + a1 * (exp(-1.0 * lambda)) + a2 * (w_log / wtd_mean_at_mass)

Train RMSE: 3.14275 K; Test RMSE: 7.85065 K
c0 + a0 * (|range_EA - mean_EA|) + a1 * (wtd_mean_IP * density) + a2 * (exp(-1.0 * lambda)) + a3 * (w_log / density)

Train RMSE: 2.97762 K; Test RMSE: 16.4366 K
c0 + a0 * (|wtd_range_IP - range_IP|) + a1 * (|range_EA - mean_EA|) + a2 * (w_log / mean_at_mass) + a3 * (lambda4w_low * w_log) + a4 * (mean_PE / mean_at_mass)

