Commit: ac5ce3effde5dec1922a0476f389f7d8b9fd059a
Compiler: IntelLLVM version 2024.0.2
Compiler flags: -O3 -fp-model=precise -fiopenmp
time input_parsing: 0.064703 s
Time to generate feat space: 3.29687 s
Projection time: 0.938087 s
Time to get best features on rank : 0.000411034 s
|---Complete final combination/selection from all ranks: 0.0109921 s
Time for SIS: 0.955045 s
Time for l0-norm: 0.043906 s
Projection time: 0.00560713 s
Time to get best features on rank : 5.6982e-05 s
|---Complete final combination/selection from all ranks: 0.00894904 s
Time for SIS: 0.0160072 s
Time for l0-norm: 0.00705194 s
Projection time: 0.00701308 s
Time to get best features on rank : 4.69685e-05 s
|---Complete final combination/selection from all ranks: 0.00778103 s
Time for SIS: 0.0161309 s
Time for l0-norm: 0.006639 s
Projection time: 0.00294995 s
Time to get best features on rank : 6.10352e-05 s
|---Complete final combination/selection from all ranks: 0.0494242 s
Time for SIS: 0.0538039 s
Time for l0-norm: 0.168219 s
Projection time: 0.0100491 s
Time to get best features on rank : 5.50747e-05 s
|---Complete final combination/selection from all ranks: 0.00900412 s
Time for SIS: 0.0204871 s
Time for l0-norm: 13.3788 s
Train RMSE: 5.20127 K; Test RMSE: 2.66418 K
c0 + a0 * (lambda * w_log)

Train RMSE: 3.93542 K; Test RMSE: 2.33399 K
c0 + a0 * (w_log / wtd_mean_at_mass) + a1 * ((lambda-1.778162e-01) * (w_log+5.895501e+01))

Train RMSE: 3.60888 K; Test RMSE: 3.59825 K
c0 + a0 * (|range_EA - mean_EA|) + a1 * (w_log / wtd_mean_at_mass) + a2 * ((lambda-1.778162e-01) * (w_log+5.895501e+01))

Train RMSE: 3.30594 K; Test RMSE: 3.78293 K
c0 + a0 * ((mean_IP-7.411487e+00) * (wtd_std_ThermalCond+2.695429e+01)) + a1 * ((V_molar-4.060444e+01) * (wtd_range_at_rad+6.302901e-02)) + a2 * ((lambda-1.778162e-01) * (w_log+5.895501e+01)) + a3 * (w_log^2)

Train RMSE: 2.80669 K; Test RMSE: 4.60952 K
c0 + a0 * (wtd_std_EA * wtd_range_IP) + a1 * ((mean_IP-7.387751e+00) * (std_ThermalCond+2.877597e+01)) + a2 * (wtd_mean_EA + 1.103153e-01*V_molar) + a3 * ((lambda-1.778162e-01) * (w_log+5.895501e+01)) + a4 * (w_log^2)

