Commit: ac5ce3effde5dec1922a0476f389f7d8b9fd059a
Compiler: IntelLLVM version 2024.0.2
Compiler flags: -O3 -fp-model=precise -fiopenmp
time input_parsing: 0.0465131 s
Time to generate feat space: 7834.18 s
Projection time: 0.234732 s
Time to get best features on rank : 0.000115871 s
|---Complete final combination/selection from all ranks: 0.0178151 s
Time for SIS: 0.343445 s
Time for l0-norm: 0.0191109 s
Projection time: 0.258814 s
Time to get best features on rank : 0.000117064 s
|---Complete final combination/selection from all ranks: 0.016784 s
Time for SIS: 0.330161 s
Time for l0-norm: 0.00888014 s
Projection time: 0.274452 s
Time to get best features on rank : 0.000121117 s
|---Complete final combination/selection from all ranks: 0.016072 s
Time for SIS: 0.345455 s
Time for l0-norm: 0.00650477 s
Projection time: 0.268287 s
Time to get best features on rank : 0.000114918 s
|---Complete final combination/selection from all ranks: 0.0165591 s
Time for SIS: 0.340187 s
Time for l0-norm: 0.167437 s
Projection time: 0.270956 s
Time to get best features on rank : 0.000121117 s
|---Complete final combination/selection from all ranks: 0.015589 s
Time for SIS: 0.341841 s
Time for l0-norm: 13.359 s
Train RMSE: 3.48419 K; Test RMSE: 1.51566 K
c0 + a0 * (((std_PE-6.430117e-01) / (mean_at_rad-1.124008e+00)) - (1.488157e+00*((wtd_mean_IP+5.667954e-01) * (lambda+9.413908e+00))))

Train RMSE: 2.32565 K; Test RMSE: 1.56296 K
c0 + a0 * ((((range_at_rad-6.184223e+01) / (lambda3-4.812370e-02))+5.017829e+02) * (((w_log-4.737960e+01) / (mean_IP-7.052171e+00))-1.267419e+01)) + a1 * (((std_PE-6.430117e-01) / (mean_at_rad-1.124008e+00)) - (1.488157e+00*((wtd_mean_IP+5.667954e-01) * (lambda+9.413908e+00))))

Train RMSE: 1.77797 K; Test RMSE: 0.69509 K
c0 + a0 * ((((wtd_mean_EA+2.833636e-01) * (range_at_rad+7.109269e-01))-1.323124e+00) * (((mean_ThermalCond-1.125889e+02) / (L_avg-3.621152e-01))+1.614561e+01)) + a1 * (((std_at_rad-3.058198e-01) / (wtd_mean_at_mass-9.985190e+01)) - (3.871051e-02*((std_at_rad-2.860294e-01) / (V_molar-2.190366e+01)))) + a2 * ((((wtd_mean_IP+6.980361e-01) * (lambda+9.916445e+00))-9.413114e+01) * (((mean_at_mass-4.102091e+01) / (wtd_mean_at_mass-1.521577e+01))+7.700133e-01))

Train RMSE: 1.36557 K; Test RMSE: 2.23308 K
c0 + a0 * ((((L_avg-4.638589e+00) / (wtd_mean_PE-1.727618e+00))+2.751518e+01) * (((V_molar-3.283049e+01) * (wtd_mean_at_mass-9.418721e+01))+8.362098e+02)) + a1 * ((((range_at_rad+7.093822e-01) * (wtd_mean_EA+2.837127e-01))-1.322336e+00) * (((mean_ThermalCond-1.121557e+02) / (L_avg-3.833008e-01))+1.613141e+01)) + a2 * (((std_at_rad-3.058198e-01) / (wtd_mean_at_mass-9.985190e+01)) - (3.871051e-02*((std_at_rad-2.860294e-01) / (V_molar-2.190366e+01)))) + a3 * ((((wtd_mean_IP+6.980361e-01) * (lambda+9.916445e+00))-9.413114e+01) * (((mean_at_mass-4.102091e+01) / (wtd_mean_at_mass-1.521577e+01))+7.700133e-01))

Train RMSE: 1.06671 K; Test RMSE: 10.0698 K
c0 + a0 * ((((V_molar-1.915962e+01) * (mean_at_mass-7.108015e+01))+2.289137e+02) * (((range_PE-1.673621e-04) / (wtd_mean_IP-5.561870e+00))-5.462228e-02)) + a1 * ((wtd_std_at_mass * lambda4w_low) / (range_ThermalCond - (1.236170e-01*lambda4w_low))) + a2 * (((wtd_std_PE - (0.000000e+00*std_at_rad))-3.816629e-01) * (((std_ThermalCond-6.485130e+00) / (wtd_mean_PE-2.399210e+00))+1.576451e+01)) + a3 * (((std_at_rad-3.058198e-01) / (wtd_mean_at_mass-9.985190e+01)) - (3.871051e-02*((std_at_rad-2.860294e-01) / (V_molar-2.190366e+01)))) + a4 * ((((lambda+7.843422e+00) * (mean_IP-2.519565e-01))-6.342481e+01) * (((wtd_range_at_mass-2.012590e+01) / (wtd_mean_at_mass-1.562052e+01))+5.047363e-01))

