Commit: ac5ce3effde5dec1922a0476f389f7d8b9fd059a
Compiler: IntelLLVM version 2024.0.2
Compiler flags: -O3 -fp-model=precise -fiopenmp
time input_parsing: 0.0598121 s
Time to generate feat space: 0.182047 s
Projection time: 0.131466 s
Time to get best features on rank : 4.1008e-05 s
|---Complete final combination/selection from all ranks: 0.0120459 s
Time for SIS: 0.150504 s
Time for l0-norm: 0.0227962 s
Projection time: 0.00104094 s
Time to get best features on rank : 4.79221e-05 s
|---Complete final combination/selection from all ranks: 0.00804996 s
Time for SIS: 0.0100939 s
Time for l0-norm: 0.00655794 s
Projection time: 0.00101995 s
Time to get best features on rank : 4.50611e-05 s
|---Complete final combination/selection from all ranks: 0.00823689 s
Time for SIS: 0.010277 s
Time for l0-norm: 0.00679111 s
Projection time: 0.00550604 s
Time to get best features on rank : 4.79221e-05 s
|---Complete final combination/selection from all ranks: 0.042311 s
Time for SIS: 0.0488331 s
Time for l0-norm: 0.16236 s
Projection time: 0.0042491 s
Time to get best features on rank : 4.1008e-05 s
|---Complete final combination/selection from all ranks: 0.0100682 s
Time for SIS: 0.0153048 s
Time for l0-norm: 13.3152 s
Train RMSE: 5.0951 K; Test RMSE: 4.52309 K
c0 + a0 * (lambda * w_log)

Train RMSE: 3.94976 K; Test RMSE: 3.83266 K
c0 + a0 * ln(lambda) + a1 * (w_log / mean_at_mass)

Train RMSE: 3.6368 K; Test RMSE: 3.97889 K
c0 + a0 * (wtd_mean_EA * wtd_range_at_mass) + a1 * cbrt(lambda) + a2 * (w_log / wtd_mean_at_mass)

Train RMSE: 3.26829 K; Test RMSE: 3.73116 K
c0 + a0 * (range_at_rad * wtd_mean_at_mass) + a1 * (|std_EA - wtd_mean_EA|) + a2 * cbrt(lambda) + a3 * (w_log / wtd_mean_at_mass)

Train RMSE: 2.98047 K; Test RMSE: 3.70763 K
c0 + a0 * (wtd_range_PE * wtd_std_EA) + a1 * (wtd_std_PE * wtd_range_at_mass) + a2 * (wtd_mean_EA * V_molar) + a3 * cbrt(lambda) + a4 * (w_log / wtd_mean_at_mass)

