Commit: ac5ce3effde5dec1922a0476f389f7d8b9fd059a
Compiler: IntelLLVM version 2024.0.2
Compiler flags: -O3 -fp-model=precise -fiopenmp
time input_parsing: 0.06042 s
Time to generate feat space: 2.77295 s
Projection time: 0.952768 s
Time to get best features on rank : 0.000396013 s
|---Complete final combination/selection from all ranks: 0.0123942 s
Time for SIS: 0.971446 s
Time for l0-norm: 0.0272112 s
Projection time: 0.00277996 s
Time to get best features on rank : 5.50747e-05 s
|---Complete final combination/selection from all ranks: 0.00874519 s
Time for SIS: 0.0130441 s
Time for l0-norm: 0.00797415 s
Projection time: 0.00402713 s
Time to get best features on rank : 4.72069e-05 s
|---Complete final combination/selection from all ranks: 0.0486999 s
Time for SIS: 0.0540659 s
Time for l0-norm: 0.00726509 s
Projection time: 0.00559092 s
Time to get best features on rank : 6.91414e-05 s
|---Complete final combination/selection from all ranks: 0.00921798 s
Time for SIS: 0.016341 s
Time for l0-norm: 0.171037 s
Projection time: 0.00481701 s
Time to get best features on rank : 6.38962e-05 s
|---Complete final combination/selection from all ranks: 0.00824594 s
Time for SIS: 0.014498 s
Time for l0-norm: 13.8438 s
Train RMSE: 4.63881 K; Test RMSE: 8.45681 K
c0 + a0 * (w_log / wtd_mean_at_mass)

Train RMSE: 3.80717 K; Test RMSE: 4.301 K
c0 + a0 * (w_log / mean_at_mass) + a1 * ((w_log+2.559610e+01) * (lambda-3.177754e-01))

Train RMSE: 3.55276 K; Test RMSE: 3.29579 K
c0 + a0 * (wtd_mean_IP * V_molar) + a1 * (w_log^2) + a2 * ((w_log+2.559610e+01) * (lambda-3.177754e-01))

Train RMSE: 3.14275 K; Test RMSE: 7.85065 K
c0 + a0 * (|range_EA - mean_EA|) + a1 * (wtd_mean_IP * density) + a2 * (exp(-1.0 * lambda)) + a3 * (w_log / density)

Train RMSE: 2.99215 K; Test RMSE: 7.76142 K
c0 + a0 * (mean_ThermalCond * std_EA) + a1 * (|range_EA - mean_EA|) + a2 * (wtd_mean_IP * density) + a3 * (exp(-1.0 * lambda)) + a4 * (w_log / density)

