Commit: ac5ce3effde5dec1922a0476f389f7d8b9fd059a
Compiler: IntelLLVM version 2024.0.2
Compiler flags: -O3 -fp-model=precise -fiopenmp
time input_parsing: 0.0572641 s
Time to generate feat space: 1.8922 s
Projection time: 0.133112 s
Time to get best features on rank : 6.29425e-05 s
|---Complete final combination/selection from all ranks: 0.0131719 s
Time for SIS: 0.15607 s
Time for l0-norm: 0.0289719 s
Projection time: 0.00269389 s
Time to get best features on rank : 0.00039506 s
|---Complete final combination/selection from all ranks: 0.00886202 s
Time for SIS: 0.0136161 s
Time for l0-norm: 0.00744605 s
Projection time: 0.00287795 s
Time to get best features on rank : 4.98295e-05 s
|---Complete final combination/selection from all ranks: 0.0503619 s
Time for SIS: 0.0545571 s
Time for l0-norm: 0.00627685 s
Projection time: 0.00498199 s
Time to get best features on rank : 6.98566e-05 s
|---Complete final combination/selection from all ranks: 0.00858402 s
Time for SIS: 0.0149791 s
Time for l0-norm: 0.166142 s
Projection time: 0.008991 s
Time to get best features on rank : 5.60284e-05 s
|---Complete final combination/selection from all ranks: 0.00809789 s
Time for SIS: 0.0189359 s
Time for l0-norm: 13.1953 s
Train RMSE: 4.63881 K; Test RMSE: 8.45681 K
c0 + a0 * (w_log / wtd_mean_at_mass)

Train RMSE: 3.80717 K; Test RMSE: 4.301 K
c0 + a0 * (w_log / mean_at_mass) + a1 * ((w_log+2.559610e+01) * (lambda-3.177754e-01))

Train RMSE: 3.55276 K; Test RMSE: 3.29579 K
c0 + a0 * (wtd_mean_IP * V_molar) + a1 * (w_log^2) + a2 * ((w_log+2.559610e+01) * (lambda-3.177754e-01))

Train RMSE: 3.14275 K; Test RMSE: 7.85065 K
c0 + a0 * (|range_EA - mean_EA|) + a1 * (wtd_mean_IP * density) + a2 * (exp(-1.0 * lambda)) + a3 * (w_log / density)

Train RMSE: 2.99215 K; Test RMSE: 7.76142 K
c0 + a0 * (mean_ThermalCond * std_EA) + a1 * (|range_EA - mean_EA|) + a2 * (wtd_mean_IP * density) + a3 * (exp(-1.0 * lambda)) + a4 * (w_log / density)

