Commit: ac5ce3effde5dec1922a0476f389f7d8b9fd059a
Compiler: IntelLLVM version 2024.0.2
Compiler flags: -O3 -fp-model=precise -fiopenmp
time input_parsing: 0.0668569 s

Intel MKL ERROR: Parameter 5 was incorrect on entry to DGELS.

Intel MKL ERROR: Parameter 5 was incorrect on entry to DGELS.

Intel MKL ERROR: Parameter 5 was incorrect on entry to DGELS.

Intel MKL ERROR: Parameter 5 was incorrect on entry to DGELS.
Time to generate feat space: 8260.3 s
Projection time: 0.246666 s
Time to get best features on rank : 0.000833988 s
|---Complete final combination/selection from all ranks: 0.0181818 s
Time for SIS: 0.324852 s
Time for l0-norm: 0.019964 s
Projection time: 0.266195 s
Time to get best features on rank : 0.000414133 s
|---Complete final combination/selection from all ranks: 0.01648 s
Time for SIS: 0.336019 s
Time for l0-norm: 0.00841713 s
Projection time: 0.276911 s
Time to get best features on rank : 0.000939846 s
|---Complete final combination/selection from all ranks: 0.0166991 s
Time for SIS: 0.347391 s
Time for l0-norm: 0.00790787 s
Projection time: 0.275985 s
Time to get best features on rank : 0.000514984 s
|---Complete final combination/selection from all ranks: 0.018342 s
Time for SIS: 0.348807 s
Time for l0-norm: 0.165662 s
Projection time: 0.273445 s
Time to get best features on rank : 0.000801086 s
|---Complete final combination/selection from all ranks: 0.0173812 s
Time for SIS: 0.345154 s
Time for l0-norm: 13.183 s
Train RMSE: 3.36755 K; Test RMSE: 11.0065 K
c0 + a0 * ((((wtd_mean_at_rad+7.270566e-01) / (mean_at_mass-1.747472e+01))+3.220856e-02) * (((wtd_range_at_rad-4.572924e-01) / (L_avg-5.151502e+00))-1.011265e-01))

Train RMSE: 2.21964 K; Test RMSE: 1.65351 K
c0 + a0 * (((bulk_mod-1.069669e+02) / (mean_EA-8.737207e-01)) - (8.673262e+01*((lambda+5.355607e-01) / (mean_IP-7.071444e+00)))) + a1 * ((((lambda-7.201936e+00) / (wtd_mean_IP-3.983981e+00))+1.639838e+00) * (((wtd_std_at_mass-3.385007e+01) / (density-2.692148e+00))+1.102547e+01))

Train RMSE: 1.56974 K; Test RMSE: 4.0609 K
c0 + a0 * (((wtd_range_ThermalCond - (1.048609e+01*L_avg))+1.124203e+02) * (((wtd_std_IP-8.114882e-01) * (wtd_range_PE-7.610752e-01))+7.209589e-01)) + a1 * (((L_avg+9.200611e+00) / (lambda3-4.774920e-02)) - (3.935441e+00*((wtd_range_ThermalCond-9.527968e+01) / (mean_IP-7.064809e+00)))) + a2 * ((((lambda-7.201936e+00) / (wtd_mean_IP-3.983981e+00))+1.639838e+00) * (((wtd_std_at_mass-3.385007e+01) / (density-2.692148e+00))+1.102547e+01))

Train RMSE: 1.15118 K; Test RMSE: 4.29546 K
c0 + a0 * (((std_IP - (1.075223e+00*range_at_rad))-6.072807e-01) * (((wtd_range_at_rad-3.398772e-01) * (mean_EA-6.025433e-01))+3.528900e-02)) + a1 * (((wtd_range_ThermalCond - (1.048609e+01*L_avg))+1.124203e+02) * (((wtd_std_IP-8.114882e-01) * (wtd_range_PE-7.610752e-01))+7.209589e-01)) + a2 * (((L_avg+9.200611e+00) / (lambda3-4.774920e-02)) - (3.935441e+00*((wtd_range_ThermalCond-9.527968e+01) / (mean_IP-7.064809e+00)))) + a3 * ((((lambda-7.201936e+00) / (wtd_mean_IP-3.983981e+00))+1.639838e+00) * (((wtd_std_at_mass-3.385007e+01) / (density-2.692148e+00))+1.102547e+01))

Train RMSE: 0.951969 K; Test RMSE: 4.10256 K
c0 + a0 * ((|wtd_range_at_mass - wtd_mean_at_mass|) / (wtd_range_PE - (6.118066e-01*wtd_mean_at_rad))) + a1 * (((std_IP - (1.075223e+00*range_at_rad))-6.072807e-01) * (((wtd_range_at_rad-3.398772e-01) * (mean_EA-6.025433e-01))+3.528900e-02)) + a2 * (((wtd_range_ThermalCond - (1.048609e+01*L_avg))+1.124203e+02) * (((wtd_std_IP-8.114882e-01) * (wtd_range_PE-7.610752e-01))+7.209589e-01)) + a3 * (((L_avg+9.200611e+00) / (lambda3-4.774920e-02)) - (3.935441e+00*((wtd_range_ThermalCond-9.527968e+01) / (mean_IP-7.064809e+00)))) + a4 * ((((lambda-7.201936e+00) / (wtd_mean_IP-3.983981e+00))+1.639838e+00) * (((wtd_std_at_mass-3.385007e+01) / (density-2.692148e+00))+1.102547e+01))

