Commit: ac5ce3effde5dec1922a0476f389f7d8b9fd059a
Compiler: IntelLLVM version 2024.0.2
Compiler flags: -O3 -fp-model=precise -fiopenmp
time input_parsing: 0.088299 s
Time to generate feat space: 1.01511 s
Projection time: 0.154294 s
Time to get best features on rank : 0.00122905 s
|---Complete final combination/selection from all ranks: 0.0126178 s
Time for SIS: 0.174041 s
Time for l0-norm: 0.0295391 s
Projection time: 0.00143695 s
Time to get best features on rank : 5.29289e-05 s
|---Complete final combination/selection from all ranks: 0.00851703 s
Time for SIS: 0.011122 s
Time for l0-norm: 0.00709891 s
Projection time: 0.00141287 s
Time to get best features on rank : 4.60148e-05 s
|---Complete final combination/selection from all ranks: 0.042572 s
Time for SIS: 0.0450389 s
Time for l0-norm: 0.00604701 s
Projection time: 0.00304198 s
Time to get best features on rank : 5.6982e-05 s
|---Complete final combination/selection from all ranks: 0.00812483 s
Time for SIS: 0.0122001 s
Time for l0-norm: 0.164865 s
Projection time: 0.00636196 s
Time to get best features on rank : 5.38826e-05 s
|---Complete final combination/selection from all ranks: 0.00830293 s
Time for SIS: 0.015821 s
Time for l0-norm: 13.2723 s
Train RMSE: 5.1067 K; Test RMSE: 4.34466 K
c0 + a0 * (lambda * w_log)

Train RMSE: 4.04137 K; Test RMSE: 3.47702 K
c0 + a0 * ln(lambda) + a1 * (w_log / density)

Train RMSE: 3.73366 K; Test RMSE: 5.51355 K
c0 + a0 * (std_EA / wtd_mean_at_mass) + a1 * (mean_EA * lambda) + a2 * (w_log / density)

Train RMSE: 3.38321 K; Test RMSE: 3.86952 K
c0 + a0 * (wtd_mean_EA + 1.187644e-02*wtd_range_at_mass) + a1 * (wtd_range_PE * std_EA) + a2 * cbrt(lambda) + a3 * (w_log / density)

Train RMSE: 3.05255 K; Test RMSE: 5.71859 K
c0 + a0 * (std_at_rad * density) + a1 * (range_EA / wtd_mean_at_mass) + a2 * (range_at_rad * density) + a3 * (mean_EA * lambda) + a4 * (w_log / density)

