Commit: ac5ce3effde5dec1922a0476f389f7d8b9fd059a
Compiler: IntelLLVM version 2024.0.2
Compiler flags: -O3 -fp-model=precise -fiopenmp
time input_parsing: 0.064069 s
Time to generate feat space: 0.767753 s
Projection time: 0.152776 s
Time to get best features on rank : 0.00149202 s
|---Complete final combination/selection from all ranks: 0.0123169 s
Time for SIS: 0.173087 s
Time for l0-norm: 0.0289972 s
Projection time: 0.00149298 s
Time to get best features on rank : 6.98566e-05 s
|---Complete final combination/selection from all ranks: 0.0489371 s
Time for SIS: 0.051867 s
Time for l0-norm: 0.00711608 s
Projection time: 0.004035 s
Time to get best features on rank : 5.31673e-05 s
|---Complete final combination/selection from all ranks: 0.00799799 s
Time for SIS: 0.0130548 s
Time for l0-norm: 0.00651312 s
Projection time: 0.00549388 s
Time to get best features on rank : 4.69685e-05 s
|---Complete final combination/selection from all ranks: 0.00863004 s
Time for SIS: 0.0151272 s
Time for l0-norm: 0.162095 s
Projection time: 0.00142694 s
Time to get best features on rank : 4.69685e-05 s
|---Complete final combination/selection from all ranks: 0.00789809 s
Time for SIS: 0.0104351 s
Time for l0-norm: 14.004 s
Train RMSE: 5.0951 K; Test RMSE: 4.52309 K
c0 + a0 * (lambda * w_log)

Train RMSE: 3.94976 K; Test RMSE: 3.83266 K
c0 + a0 * ln(lambda) + a1 * (w_log / mean_at_mass)

Train RMSE: 3.6368 K; Test RMSE: 3.97889 K
c0 + a0 * (wtd_mean_EA * wtd_range_at_mass) + a1 * cbrt(lambda) + a2 * (w_log / wtd_mean_at_mass)

Train RMSE: 3.26829 K; Test RMSE: 3.73116 K
c0 + a0 * (range_at_rad * wtd_mean_at_mass) + a1 * (|std_EA - wtd_mean_EA|) + a2 * cbrt(lambda) + a3 * (w_log / wtd_mean_at_mass)

Train RMSE: 2.98047 K; Test RMSE: 3.70763 K
c0 + a0 * (wtd_range_PE * wtd_std_EA) + a1 * (wtd_std_PE * wtd_range_at_mass) + a2 * (wtd_mean_EA * V_molar) + a3 * cbrt(lambda) + a4 * (w_log / wtd_mean_at_mass)

