Commit: ac5ce3effde5dec1922a0476f389f7d8b9fd059a
Compiler: IntelLLVM version 2024.0.2
Compiler flags: -O3 -fp-model=precise -fiopenmp
time input_parsing: 0.0613711 s
Time to generate feat space: 3.39448 s
Projection time: 0.138716 s
Time to get best features on rank : 5.50747e-05 s
|---Complete final combination/selection from all ranks: 0.0631611 s
Time for SIS: 0.20345 s
Time for l0-norm: 0.0266929 s
Projection time: 0.00315785 s
Time to get best features on rank : 6.79493e-05 s
|---Complete final combination/selection from all ranks: 0.011538 s
Time for SIS: 0.0165269 s
Time for l0-norm: 0.00652289 s
Projection time: 0.00612807 s
Time to get best features on rank : 5.88894e-05 s
|---Complete final combination/selection from all ranks: 0.009444 s
Time for SIS: 0.0170212 s
Time for l0-norm: 0.0088551 s
Projection time: 0.0087471 s
Time to get best features on rank : 0.000144005 s
|---Complete final combination/selection from all ranks: 0.00819087 s
Time for SIS: 0.01847 s
Time for l0-norm: 0.164971 s
Projection time: 0.00866508 s
Time to get best features on rank : 0.001127 s
|---Complete final combination/selection from all ranks: 0.00849891 s
Time for SIS: 0.019753 s
Time for l0-norm: 13.3165 s
Train RMSE: 5.14845 K; Test RMSE: 3.98093 K
c0 + a0 * (lambda * w_log)

Train RMSE: 3.90547 K; Test RMSE: 2.80506 K
c0 + a0 * (w_log / mean_at_mass) + a1 * ((lambda-2.606461e-01) * (w_log+5.718208e+01))

Train RMSE: 3.68283 K; Test RMSE: 3.04743 K
c0 + a0 * ((wtd_mean_at_mass+2.420534e+01) * (wtd_mean_IP-4.810704e+00)) + a1 * (w_log / mean_at_mass) + a2 * ((lambda-2.606461e-01) * (w_log+5.718208e+01))

Train RMSE: 3.30722 K; Test RMSE: 2.84813 K
c0 + a0 * ((range_at_rad-2.905475e-01) * (range_at_mass-3.950827e+01)) + a1 * (|std_EA - wtd_mean_EA|) + a2 * ln(lambda3) + a3 * (w_log / mean_at_mass)

Train RMSE: 2.95226 K; Test RMSE: 5.60093 K
c0 + a0 * (wtd_mean_PE * V_molar) + a1 * (wtd_range_PE * std_EA) + a2 * (wtd_mean_IP + 3.804754e+00*mean_at_rad) + a3 * (w_log / wtd_mean_at_mass) + a4 * ((w_log-4.274972e+00) * (lambda4w_low-2.705437e+01))

