Commit: ac5ce3effde5dec1922a0476f389f7d8b9fd059a
Compiler: IntelLLVM version 2024.0.2
Compiler flags: -O3 -fp-model=precise -fiopenmp
time input_parsing: 0.0526681 s
Time to generate feat space: 1.23975 s
Projection time: 0.107949 s
Time to get best features on rank : 0.000405073 s
|---Complete final combination/selection from all ranks: 0.0628099 s
Time for SIS: 0.172436 s
Time for l0-norm: 0.0372648 s
Projection time: 0.00379705 s
Time to get best features on rank : 5.79357e-05 s
|---Complete final combination/selection from all ranks: 0.00921988 s
Time for SIS: 0.014328 s
Time for l0-norm: 0.00672913 s
Projection time: 0.00505304 s
Time to get best features on rank : 4.69685e-05 s
|---Complete final combination/selection from all ranks: 0.00837111 s
Time for SIS: 0.0145988 s
Time for l0-norm: 0.00585008 s
Projection time: 0.00359988 s
Time to get best features on rank : 5.38826e-05 s
|---Complete final combination/selection from all ranks: 0.00863004 s
Time for SIS: 0.0134881 s
Time for l0-norm: 0.162906 s
Projection time: 0.00657892 s
Time to get best features on rank : 5.19753e-05 s
|---Complete final combination/selection from all ranks: 0.00813603 s
Time for SIS: 0.015897 s
Time for l0-norm: 13.0644 s
Train RMSE: 3.47424 K; Test RMSE: 14.1381 K
c0 + a0 * (mean_IP + 7.141148e-01*lambda)

Train RMSE: 3.15005 K; Test RMSE: 15.1263 K
c0 + a0 * (|std_EA - mean_EA|) + a1 * (wtd_mean_IP + 7.115646e-01*lambda)

Train RMSE: 2.92047 K; Test RMSE: 14.4505 K
c0 + a0 * (wtd_range_PE * wtd_std_EA) + a1 * (mean_EA + 5.868188e-01*wtd_mean_IP) + a2 * cbrt(lambda4w_low)

Train RMSE: 2.68574 K; Test RMSE: 14.541 K
c0 + a0 * (mean_EA * V_molar) + a1 * (wtd_range_PE * range_EA) + a2 * (range_IP - (6.905803e+00*wtd_mean_IP)) + a3 * (range_at_rad + 7.095920e-01*lambda)

Train RMSE: 2.51203 K; Test RMSE: 14.8962 K
c0 + a0 * (range_at_rad * wtd_std_at_mass) + a1 * (L_avg / V_molar) + a2 * (mean_EA - (1.645075e-02*wtd_std_at_mass)) + a3 * (wtd_range_PE * wtd_std_EA) + a4 * (wtd_mean_IP + 7.115646e-01*lambda)

