Commit: ac5ce3effde5dec1922a0476f389f7d8b9fd059a
Compiler: IntelLLVM version 2024.0.2
Compiler flags: -O3 -fp-model=precise -fiopenmp
time input_parsing: 0.0732532 s
Time to generate feat space: 0.71032 s
Projection time: 0.120524 s
Time to get best features on rank : 6.48499e-05 s
|---Complete final combination/selection from all ranks: 0.0526731 s
Time for SIS: 0.176596 s
Time for l0-norm: 0.024663 s
Projection time: 0.00144219 s
Time to get best features on rank : 6.00815e-05 s
|---Complete final combination/selection from all ranks: 0.0090189 s
Time for SIS: 0.0115879 s
Time for l0-norm: 0.00535202 s
Projection time: 0.00143099 s
Time to get best features on rank : 5.4121e-05 s
|---Complete final combination/selection from all ranks: 0.00950098 s
Time for SIS: 0.0120029 s
Time for l0-norm: 0.00532293 s
Projection time: 0.00164819 s
Time to get best features on rank : 5.60284e-05 s
|---Complete final combination/selection from all ranks: 0.00835705 s
Time for SIS: 0.011095 s
Time for l0-norm: 0.164445 s
Projection time: 0.00143695 s
Time to get best features on rank : 5.00679e-05 s
|---Complete final combination/selection from all ranks: 0.00841188 s
Time for SIS: 0.011035 s
Time for l0-norm: 13.737 s
Train RMSE: 4.98589 K; Test RMSE: 5.419 K
c0 + a0 * (lambda * w_log)

Train RMSE: 3.58678 K; Test RMSE: 6.41164 K
c0 + a0 * ln(lambda) + a1 * (w_log^2)

Train RMSE: 3.3404 K; Test RMSE: 5.82093 K
c0 + a0 * (wtd_mean_EA * wtd_range_at_mass) + a1 * ln(lambda) + a2 * (w_log / wtd_mean_at_mass)

Train RMSE: 2.99053 K; Test RMSE: 6.97788 K
c0 + a0 * (|range_EA - mean_EA|) + a1 * (wtd_range_at_mass / V_molar) + a2 * ln(lambda) + a3 * (w_log / wtd_mean_at_mass)

Train RMSE: 2.70082 K; Test RMSE: 7.48613 K
c0 + a0 * (std_ThermalCond * bulk_mod) + a1 * (|range_EA - mean_EA|) + a2 * (wtd_range_at_mass * bulk_mod) + a3 * ln(lambda) + a4 * (w_log / wtd_mean_at_mass)

