Commit: ac5ce3effde5dec1922a0476f389f7d8b9fd059a
Compiler: IntelLLVM version 2024.0.2
Compiler flags: -O3 -fp-model=precise -fiopenmp
time input_parsing: 0.0951889 s
Time to generate feat space: 964.042 s
Projection time: 0.0800049 s
Time to get best features on rank : 0.000440836 s
|---Complete final combination/selection from all ranks: 0.0197401 s
Time for SIS: 0.113606 s
Time for l0-norm: 0.0185091 s
Projection time: 0.0723422 s
Time to get best features on rank : 0.000735998 s
|---Complete final combination/selection from all ranks: 0.0149109 s
Time for SIS: 0.100463 s
Time for l0-norm: 0.00740385 s
Projection time: 0.077533 s
Time to get best features on rank : 0.000298023 s
|---Complete final combination/selection from all ranks: 0.016351 s
Time for SIS: 0.107009 s
Time for l0-norm: 0.00817513 s
Projection time: 0.0762241 s
Time to get best features on rank : 0.000501871 s
|---Complete final combination/selection from all ranks: 0.0160151 s
Time for SIS: 0.105638 s
Time for l0-norm: 0.166798 s
Projection time: 0.073653 s
Time to get best features on rank : 9.60827e-05 s
|---Complete final combination/selection from all ranks: 0.0164981 s
Time for SIS: 0.103319 s
Time for l0-norm: 13.324 s
Train RMSE: 3.15846 K; Test RMSE: 4.9352 K
c0 + a0 * (((wtd_mean_IP+1.656687e+00) * (lambda+1.273433e+01)) + 1.980328e+03*((mean_at_rad-1.345246e+00) / (wtd_mean_at_mass-1.735032e+01)))

Train RMSE: 2.12594 K; Test RMSE: 5.97386 K
c0 + a0 * (((wtd_range_at_mass+4.823919e+01) / (mean_PE-2.394398e+00)) + 1.135413e+01*((std_ThermalCond+8.517534e+01) / (wtd_mean_at_mass-9.982244e+01))) + a1 * (((lambda3-1.098917e+02) / (mean_at_mass-1.854081e+01)) + 4.372331e+03*((range_at_rad-1.560203e+00) / (lambda4w_low+2.714548e+02)))

Train RMSE: 1.68939 K; Test RMSE: 5.12839 K
c0 + a0 * ((exp(1.047652e+00*L_avg)) + 2.413977e+00*((wtd_std_at_mass-1.502328e+02) / (wtd_mean_PE-2.380753e+00))) + a1 * ((wtd_range_ThermalCond + 1.154654e+02*wtd_range_at_rad) + 5.683515e+02*((wtd_range_EA+3.842801e-01) / (wtd_mean_at_mass-1.000108e+02))) + a2 * (((wtd_mean_IP+1.656687e+00) * (lambda+1.273433e+01)) + 1.980328e+03*((mean_at_rad-1.345246e+00) / (wtd_mean_at_mass-1.735032e+01)))

Train RMSE: 1.21629 K; Test RMSE: 5.94763 K
c0 + a0 * (|range_EA - (1.375832e+00*mean_EA-1.206975e-01)| + 2.295317e-04*((std_EA-4.130540e+04) / (wtd_mean_IP+5.941726e-01))) + a1 * (((lambda3-1.000367e+02) / (wtd_mean_at_mass-5.295780e+01)) + 2.039669e-06*((range_at_mass+3.707098e+07) / (density-1.199308e+01))) + a2 * (((wtd_range_at_mass+4.823919e+01) / (mean_PE-2.394398e+00)) + 1.135413e+01*((std_ThermalCond+8.517534e+01) / (wtd_mean_at_mass-9.982244e+01))) + a3 * (((lambda3-1.098917e+02) / (mean_at_mass-1.854081e+01)) + 4.372331e+03*((range_at_rad-1.560203e+00) / (lambda4w_low+2.714548e+02)))

Train RMSE: 0.969392 K; Test RMSE: 6.38232 K
c0 + a0 * (((std_IP-3.915562e+01) / (lambda3-4.121354e-03)) + 5.160267e+03*((wtd_std_PE-3.032964e-01) / (density-1.123304e+01))) + a1 * (|range_EA - (1.375832e+00*mean_EA-1.206975e-01)| + 2.295317e-04*((std_EA-4.130540e+04) / (wtd_mean_IP+5.941726e-01))) + a2 * (((lambda3-1.000367e+02) / (wtd_mean_at_mass-5.295780e+01)) + 2.039669e-06*((range_at_mass+3.707098e+07) / (density-1.199308e+01))) + a3 * (((wtd_range_at_mass+4.823919e+01) / (mean_PE-2.394398e+00)) + 1.135413e+01*((std_ThermalCond+8.517534e+01) / (wtd_mean_at_mass-9.982244e+01))) + a4 * (((lambda3-1.098917e+02) / (mean_at_mass-1.854081e+01)) + 4.372331e+03*((range_at_rad-1.560203e+00) / (lambda4w_low+2.714548e+02)))

