Commit: ac5ce3effde5dec1922a0476f389f7d8b9fd059a
Compiler: IntelLLVM version 2024.0.2
Compiler flags: -O3 -fp-model=precise -fiopenmp
time input_parsing: 0.0501871 s
Time to generate feat space: 2.46189 s
Projection time: 0.0889211 s
Time to get best features on rank : 0.000853062 s
|---Complete final combination/selection from all ranks: 0.012043 s
Time for SIS: 0.108 s
Time for l0-norm: 0.0314848 s
Projection time: 0.00249791 s
Time to get best features on rank : 0.00176811 s
|---Complete final combination/selection from all ranks: 0.00900602 s
Time for SIS: 0.0146348 s
Time for l0-norm: 0.00529099 s
Projection time: 0.00248504 s
Time to get best features on rank : 5.10216e-05 s
|---Complete final combination/selection from all ranks: 0.0422919 s
Time for SIS: 0.046057 s
Time for l0-norm: 0.00646091 s
Projection time: 0.00249791 s
Time to get best features on rank : 6.79493e-05 s
|---Complete final combination/selection from all ranks: 0.00855303 s
Time for SIS: 0.0123909 s
Time for l0-norm: 0.162016 s
Projection time: 0.00420117 s
Time to get best features on rank : 5.79357e-05 s
|---Complete final combination/selection from all ranks: 0.00816798 s
Time for SIS: 0.0136969 s
Time for l0-norm: 13.4455 s
Train RMSE: 5.12072 K; Test RMSE: 4.35138 K
c0 + a0 * (lambda * w_log)

Train RMSE: 3.88562 K; Test RMSE: 3.27836 K
c0 + a0 * (w_log / wtd_mean_at_mass) + a1 * ((lambda-1.635950e-01) * (w_log+5.810312e+01))

Train RMSE: 3.68427 K; Test RMSE: 3.14098 K
c0 + a0 * (wtd_mean_EA * wtd_range_at_mass) + a1 * (w_log / wtd_mean_at_mass) + a2 * ((lambda-1.635950e-01) * (w_log+5.810312e+01))

Train RMSE: 3.0442 K; Test RMSE: 5.7069 K
c0 + a0 * ((V_molar-3.771826e+01) * (wtd_range_PE-8.698157e-02)) + a1 * ((std_at_mass-7.145944e+00) * (wtd_mean_IP-7.938024e+00)) + a2 * ((lambda-1.635950e-01) * (w_log+5.810312e+01)) + a3 * (w_log / mean_at_mass)

Train RMSE: 2.89081 K; Test RMSE: 6.20236 K
c0 + a0 * ((V_molar-3.771826e+01) * (wtd_range_PE-8.698157e-02)) + a1 * ((wtd_mean_IP-7.938245e+00) * (std_at_mass-7.145555e+00)) + a2 * ((mean_IP-5.339906e+00) * (wtd_mean_at_mass+4.919975e+01)) + a3 * ((lambda-1.635950e-01) * (w_log+5.810312e+01)) + a4 * (w_log / mean_at_mass)

