Commit: ac5ce3effde5dec1922a0476f389f7d8b9fd059a
Compiler: IntelLLVM version 2024.0.2
Compiler flags: -O3 -fp-model=precise -fiopenmp
time input_parsing: 0.057662 s
Time to generate feat space: 0.155425 s
Projection time: 0.143177 s
Time to get best features on rank : 0.000640869 s
|---Complete final combination/selection from all ranks: 0.012589 s
Time for SIS: 0.164408 s
Time for l0-norm: 0.0280769 s
Projection time: 0.0039742 s
Time to get best features on rank : 4.79221e-05 s
|---Complete final combination/selection from all ranks: 0.048841 s
Time for SIS: 0.0541282 s
Time for l0-norm: 0.00840402 s
Projection time: 0.00490713 s
Time to get best features on rank : 4.69685e-05 s
|---Complete final combination/selection from all ranks: 0.00801682 s
Time for SIS: 0.01406 s
Time for l0-norm: 0.00558496 s
Projection time: 0.0050211 s
Time to get best features on rank : 5.10216e-05 s
|---Complete final combination/selection from all ranks: 0.00847793 s
Time for SIS: 0.014919 s
Time for l0-norm: 0.162663 s
Projection time: 0.00445294 s
Time to get best features on rank : 6.41346e-05 s
|---Complete final combination/selection from all ranks: 0.00868678 s
Time for SIS: 0.0143461 s
Time for l0-norm: 13.1763 s
Train RMSE: 5.20127 K; Test RMSE: 2.66418 K
c0 + a0 * (lambda * w_log)

Train RMSE: 4.00285 K; Test RMSE: 3.12929 K
c0 + a0 * cbrt(lambda) + a1 * (w_log / wtd_mean_at_mass)

Train RMSE: 3.64721 K; Test RMSE: 3.73445 K
c0 + a0 * (wtd_mean_EA * wtd_range_at_mass) + a1 * cbrt(lambda) + a2 * (w_log / wtd_mean_at_mass)

Train RMSE: 3.36386 K; Test RMSE: 2.6807 K
c0 + a0 * (range_at_rad * wtd_mean_at_mass) + a1 * (|std_EA - wtd_mean_EA|) + a2 * cbrt(lambda) + a3 * (w_log / wtd_mean_at_mass)

Train RMSE: 2.93037 K; Test RMSE: 4.19154 K
c0 + a0 * (wtd_range_PE * wtd_std_EA) + a1 * (wtd_mean_EA * V_molar) + a2 * (wtd_mean_IP + 2.965282e-02*wtd_mean_at_mass) + a3 * cbrt(lambda) + a4 * (w_log / wtd_mean_at_mass)

