Commit: ac5ce3effde5dec1922a0476f389f7d8b9fd059a
Compiler: IntelLLVM version 2024.0.2
Compiler flags: -O3 -fp-model=precise -fiopenmp
time input_parsing: 0.087261 s
Time to generate feat space: 7740.53 s
Projection time: 0.239634 s
Time to get best features on rank : 0.00365901 s
|---Complete final combination/selection from all ranks: 0.019382 s
Time for SIS: 0.316018 s
Time for l0-norm: 0.0175128 s
Projection time: 0.258594 s
Time to get best features on rank : 0.00327301 s
|---Complete final combination/selection from all ranks: 0.017024 s
Time for SIS: 0.325745 s
Time for l0-norm: 0.00757003 s
Projection time: 0.261736 s
Time to get best features on rank : 0.00330114 s
|---Complete final combination/selection from all ranks: 0.016557 s
Time for SIS: 0.328451 s
Time for l0-norm: 0.00970602 s
Projection time: 0.262531 s
Time to get best features on rank : 0.00408888 s
|---Complete final combination/selection from all ranks: 0.0174601 s
Time for SIS: 0.331106 s
Time for l0-norm: 0.168423 s
Projection time: 0.261075 s
Time to get best features on rank : 0.00323582 s
|---Complete final combination/selection from all ranks: 0.014482 s
Time for SIS: 0.326332 s
Time for l0-norm: 13.2379 s
Train RMSE: 3.30781 K; Test RMSE: 8.76689 K
c0 + a0 * ((((lambda3+5.022621e+01) / (wtd_mean_at_mass-1.508518e+01))-8.401522e+00) * (((mean_IP-1.010692e+01) / (lambda4w_low+3.576989e+02))+2.415996e-03))

Train RMSE: 2.31584 K; Test RMSE: 14.6365 K
c0 + a0 * ((((wtd_std_IP-3.985383e-01) / (wtd_mean_PE-2.052449e+00))-5.573606e+00) * (((density+2.936457e+02) / (lambda4w_low+3.469773e+01))-6.829850e-01)) + a1 * ((((lambda+4.229673e+00) * (range_at_rad+2.684158e+00))-1.493455e+01) * (((wtd_range_at_rad-3.196914e-01) / (mean_at_mass-1.821359e+01))+3.798042e-03))

Train RMSE: 1.6803 K; Test RMSE: 19.5237 K
c0 + a0 * ((range_IP / bulk_mod) / (wtd_mean_at_mass - (3.871892e-02*lambda4w_low))) + a1 * ((((wtd_std_IP-3.985383e-01) / (wtd_mean_PE-2.052449e+00))-5.573606e+00) * (((density+2.936457e+02) / (lambda4w_low+3.469773e+01))-6.829850e-01)) + a2 * ((((wtd_range_at_mass-1.232907e+01) / (wtd_mean_at_rad-1.038486e+00))+5.099903e+01) * (((lambda3+1.187014e-01) * (w_log-7.050916e+00))-7.852228e+01))

Train RMSE: 1.34297 K; Test RMSE: 20.3505 K
c0 + a0 * ((((range_at_rad+1.484729e-01)^6)+2.113661e-02) * (((wtd_std_ThermalCond+1.407510e+01) / (lambda3-1.659536e-01))-8.476603e+01)) + a1 * ((((bulk_mod-5.319721e+01) / (V_molar-2.190964e+01))+1.264602e+01) * (((range_EA+4.178355e+00) * (std_at_rad-1.944606e-01))+1.069073e-02)) + a2 * (((range_ThermalCond+9.245406e+01) * (mean_IP-7.036466e+00)) - (8.933838e+01*((wtd_mean_at_rad-1.465258e+00) / (mean_IP-7.064470e+00)))) + a3 * ((((wtd_range_at_mass-1.232907e+01) / (wtd_mean_at_rad-1.038486e+00))+5.099903e+01) * (((lambda3+1.187014e-01) * (w_log-7.050916e+00))-7.852228e+01))

Train RMSE: 1.03126 K; Test RMSE: 20.1994 K
c0 + a0 * ((((range_at_mass-1.302612e+02) / (density+4.027002e+00))+9.727303e+00) * (((wtd_range_at_rad+6.837811e-01) * (wtd_range_ThermalCond+3.614995e+01))-4.776089e+01)) + a1 * ((((bulk_mod+7.312836e+02) * (wtd_range_IP+9.651371e+01))-8.758155e+04) * ((sin(-3.544454e+01*lambda+6.251709e-01))+1.009169e+00)) + a2 * ((((range_at_mass+7.951466e+00) / (lambda3-4.881931e-02))-1.167933e+02) * (((wtd_std_PE-2.682386e-01) / (wtd_mean_at_rad-1.174276e+00))-1.900602e+00)) + a3 * (((range_ThermalCond+9.245406e+01) * (mean_IP-7.036466e+00)) - (8.933838e+01*((wtd_mean_at_rad-1.465258e+00) / (mean_IP-7.064470e+00)))) + a4 * ((((wtd_range_at_mass-1.232907e+01) / (wtd_mean_at_rad-1.038486e+00))+5.099903e+01) * (((lambda3+1.187014e-01) * (w_log-7.050916e+00))-7.852228e+01))

